BL51 BANKED LINKER/LOCATER V6.22                                                        04/23/2015  18:58:46  PAGE 1


BL51 BANKED LINKER/LOCATER V6.22, INVOKED BY:
C:\KEIL\C51\BIN\BL51.EXE .\output\main.obj, .\output\24c02.obj, .\output\oled.obj, .\output\Uart.obj, .\output\_595.obj,
>>  .\output\cd4052.obj, .\output\isr.obj, .\output\Key.obj TO .\output\BurnCob PRINT (.\list\BurnCob.m51) RAMSIZE (256)
>> 


MEMORY MODEL: LARGE


INPUT MODULES INCLUDED:
  .\output\main.obj (MAIN)
  .\output\24c02.obj (24C02)
  .\output\oled.obj (OLED)
  .\output\Uart.obj (UART)
  .\output\_595.obj (_595)
  .\output\cd4052.obj (CD4052)
  .\output\isr.obj (ISR)
  .\output\Key.obj (KEY)
  C:\KEIL\C51\LIB\C51L.LIB (?C_STARTUP)
  C:\KEIL\C51\LIB\C51L.LIB (?C?COPY)
  C:\KEIL\C51\LIB\C51L.LIB (?C?CLDPTR)
  C:\KEIL\C51\LIB\C51L.LIB (?C?CLDOPTR)
  C:\KEIL\C51\LIB\C51L.LIB (?C?CSTPTR)
  C:\KEIL\C51\LIB\C51L.LIB (?C?IMUL)
  C:\KEIL\C51\LIB\C51L.LIB (?C?IILDX)
  C:\KEIL\C51\LIB\C51L.LIB (?C?ILDIX)
  C:\KEIL\C51\LIB\C51L.LIB (?C?LMUL)
  C:\KEIL\C51\LIB\C51L.LIB (?C?ULDIV)
  C:\KEIL\C51\LIB\C51L.LIB (?C?ULCMP)
  C:\KEIL\C51\LIB\C51L.LIB (?C?ULSHR)
  C:\KEIL\C51\LIB\C51L.LIB (?C?LSHL)
  C:\KEIL\C51\LIB\C51L.LIB (?C?LSTXDATA)
  C:\KEIL\C51\LIB\C51L.LIB (?C?LSTKXDATA)
  C:\KEIL\C51\LIB\C51L.LIB (?C?PLDOPTR)
  C:\KEIL\C51\LIB\C51L.LIB (?C?LIMUL)
  C:\KEIL\C51\LIB\C51L.LIB (?C_INIT)
  C:\KEIL\C51\LIB\C51L.LIB (?C?PLDIDATA)
  C:\KEIL\C51\LIB\C51L.LIB (?C?PLDXDATA)
  C:\KEIL\C51\LIB\C51L.LIB (?C?PLDPDATA)
  C:\KEIL\C51\LIB\C51L.LIB (?C?PLDCODE)


LINK MAP OF MODULE:  .\output\BurnCob (MAIN)


            TYPE    BASE      LENGTH    RELOCATION   SEGMENT NAME
            -----------------------------------------------------

            * * * * * * *   D A T A   M E M O R Y   * * * * * * *
            REG     0000H     0008H     ABSOLUTE     "REG BANK 0"
                    0008H     0018H                  *** GAP ***
            BIT     0020H.0   0000H.1   UNIT         ?BI?24C02
            BIT     0020H.1   0000H.1   UNIT         _BIT_GROUP_
                    0020H.2   0000H.6                *** GAP ***
            IDATA   0021H     0001H     UNIT         ?STACK

            * * * * * * *  X D A T A   M E M O R Y  * * * * * * *
            XDATA   0000H     0400H     UNIT         ?XD?OLED
BL51 BANKED LINKER/LOCATER V6.22                                                      04/23/2015  18:58:46  PAGE 2


            XDATA   0400H     0034H     UNIT         ?XD?CD4052
            XDATA   0434H     0029H     UNIT         _XDATA_GROUP_
            XDATA   045DH     001EH     UNIT         ?XD?MAIN
            XDATA   047BH     0018H     UNIT         ?XD?ISR
            XDATA   0493H     000BH     UNIT         ?XD?_OLED_SHOWNUM?OLED
            XDATA   049EH     0009H     UNIT         ?XD?_OLED_DRAW_LINES?OLED
            XDATA   04A7H     0006H     UNIT         ?XD?_MYPOW?OLED
            XDATA   04ADH     0006H     UNIT         ?XD?_OLED_SHOWFONT16?OLED
            XDATA   04B3H     0005H     UNIT         ?XD?_OLED_DRAWCIRCLE?OLED
            XDATA   04B8H     0005H     UNIT         ?XD?_OLED_FILL?OLED
            XDATA   04BDH     0004H     UNIT         ?XD?INITADDNO?MAIN
            XDATA   04C1H     0004H     UNIT         ?XD?_OLED_DRAW_SQUARE?OLED
            XDATA   04C5H     0004H     UNIT         ?XD?_OLED_DRAW_SQUAREFILL?OLED
            XDATA   04C9H     0004H     UNIT         ?XD?KEY

            * * * * * * *   C O D E   M E M O R Y   * * * * * * *
            CODE    0000H     0003H     ABSOLUTE     
            CODE    0003H     0003H     ABSOLUTE     
            CODE    0006H     0001H     UNIT         ?PR?LOOKINFO?MAIN
                    0007H     0004H                  *** GAP ***
            CODE    000BH     0003H     ABSOLUTE     
            CODE    000EH     000DH     UNIT         ?PR?DELAY_5US?24C02
            CODE    001BH     0003H     ABSOLUTE     
                    001EH     0005H                  *** GAP ***
            CODE    0023H     0003H     ABSOLUTE     
            CODE    0026H     12F3H     UNIT         ?CO?OLED
            CODE    1319H     0BD4H     UNIT         ?PR?_OLED_SHOWADD?OLED
            CODE    1EEDH     0486H     UNIT         ?PR?COMPAREADD?CD4052
            CODE    2373H     0432H     UNIT         ?PR?_OLED_DRAW_WINDOWSDRAW?OLED
            CODE    27A5H     03A1H     UNIT         ?C?LIB_CODE
            CODE    2B46H     0380H     UNIT         ?PR?SHOWINFO?CD4052
            CODE    2EC6H     0319H     UNIT         ?PR?BURNCHECK?CD4052
            CODE    31DFH     01F7H     UNIT         ?CO?MAIN
            CODE    33D6H     01C7H     UNIT         ?PR?CUT_MODE?MAIN
            CODE    359DH     01AAH     UNIT         ?PR?GETPADRES?CD4052
            CODE    3747H     018BH     UNIT         ?PR?_CUTRUN?CD4052
            CODE    38D2H     018BH     UNIT         ?PR?INT0_ISR?ISR
            CODE    3A5DH     0166H     UNIT         ?PR?_OLED_DRAWLINE?OLED
            CODE    3BC3H     0143H     UNIT         ?PR?_PNMASK?CD4052
            CODE    3D06H     0143H     UNIT         ?PR?DECODE?CD4052
            CODE    3E49H     0123H     UNIT         ?PR?_OLED_SHOWSTRING?OLED
            CODE    3F6CH     0111H     UNIT         ?PR?_DISP_MENU_1?OLED
            CODE    407DH     00F9H     UNIT         ?PR?_OLED_DRAWICON?OLED
            CODE    4176H     00F5H     UNIT         ?PR?_OLED_SHOWCHAR?OLED
            CODE    426BH     00EEH     UNIT         ?PR?T1_ISR?ISR
            CODE    4359H     00EAH     UNIT         ?PR?_OLED_DRAW_LINES?OLED
            CODE    4443H     00D4H     UNIT         ?PR?_DISP_MENU_MAIN?OLED
            CODE    4517H     00D0H     UNIT         ?PR?RST_MODE?MAIN
            CODE    45E7H     00CDH     UNIT         ?PR?SET_MODE?MAIN
            CODE    46B4H     00C7H     UNIT         ?PR?_OLED_SHOWNUM?OLED
            CODE    477BH     00C5H     UNIT         ?PR?_OLED_DRAWBMP?OLED
            CODE    4840H     00B4H     UNIT         ?PR?OLED_INIT?OLED
            CODE    48F4H     00A9H     UNIT         ?PR?_OLED_DRAWCIRCLE?OLED
            CODE    499DH     00A7H     UNIT         ?PR?_OLED_DRAWPOINT?OLED
            CODE    4A44H     00A1H     UNIT         ?PR?_OLED_DRAW_RECTANGLEFILL?OLED
            CODE    4AE5H     0096H     UNIT         ?PR?KEYSCAN?KEY
            CODE    4B7BH     008EH     UNIT         ?PR?_OLED_SHOWFONT16?OLED
BL51 BANKED LINKER/LOCATER V6.22                                                      04/23/2015  18:58:46  PAGE 3


            CODE    4C09H     008CH     UNIT         ?C_C51STARTUP
            CODE    4C95H     007DH     UNIT         ?PR?_GET_PKG_CNT?24C02
            CODE    4D12H     006AH     UNIT         ?PR?_OLED_DRAWBAR?OLED
            CODE    4D7CH     0063H     UNIT         ?PR?PRINTINFO?MAIN
            CODE    4DDFH     0062H     UNIT         ?PR?_UART_BAUDSET?UART
            CODE    4E41H     005EH     UNIT         ?PR?INITADDNO?MAIN
            CODE    4E9FH     005EH     UNIT         ?PR?_OLED_DRAWRECTANGLE?OLED
            CODE    4EFDH     0055H     UNIT         ?CO?CD4052
            CODE    4F52H     0053H     UNIT         ?PR?_INIT_WINDOWS?MAIN
            CODE    4FA5H     0050H     UNIT         ?PR?_OLED_DRAW_SQUARE?OLED
            CODE    4FF5H     0050H     UNIT         ?PR?_OLED_DRAW_SQUAREFILL?OLED
            CODE    5045H     0049H     UNIT         ?PR?_MYPOW?OLED
            CODE    508EH     0045H     UNIT         ?PR?_GET_PKG_ADD?24C02
            CODE    50D3H     0042H     UNIT         ?PR?OLED_REFRESH_GRAM?OLED
            CODE    5115H     0040H     UNIT         ?PR?SYSINIT?MAIN
            CODE    5155H     003FH     UNIT         ?PR?_AT24C02_RDDAT?24C02
            CODE    5194H     003CH     UNIT         ?PR?_I2C_SENTBYTE?24C02
            CODE    51D0H     0038H     UNIT         ?PR?MAIN?MAIN
            CODE    5208H     0034H     UNIT         ?PR?IOINIT?MAIN
            CODE    523CH     0034H     UNIT         ?PR?_OLED_DRAW_HLINE?OLED
            CODE    5270H     0033H     UNIT         ?PR?_SEND_STRING?UART
            CODE    52A3H     0031H     UNIT         ?PR?OLED_CLEAR?OLED
            CODE    52D4H     0031H     UNIT         ?PR?_ADC2RES?CD4052
            CODE    5305H     0030H     UNIT         ?C_INITSEG
            CODE    5335H     0030H     UNIT         ?PR?_OLED_FILL?OLED
            CODE    5365H     002EH     UNIT         ?PR?_I2C_RCVBYTE?24C02
            CODE    5393H     002CH     UNIT         ?PR?_BYTEMIRRO?OLED
            CODE    53BFH     002BH     UNIT         ?PR?_STARTCUT?CD4052
            CODE    53EAH     002AH     UNIT         ?PR?_AT24C02_WRDAT?24C02
            CODE    5414H     0029H     UNIT         ?PR?_OLED_WR_BYTE?OLED
            CODE    543DH     0029H     UNIT         ?PR?_HEX2DAT?CD4052
            CODE    5466H     0029H     UNIT         ?PR?_CHECKKEY?KEY
            CODE    548FH     0024H     UNIT         ?PR?OLEDINIT?MAIN
            CODE    54B3H     0024H     UNIT         ?PR?_OLED_DRAW_RLINE?OLED
            CODE    54D7H     0023H     UNIT         ?PR?_GETADCRESULT?CD4052
            CODE    54FAH     0020H     UNIT         ?PR?_OLED_SET_POS?OLED
            CODE    551AH     001FH     UNIT         ?PR?I2C_START?24C02
            CODE    5539H     001CH     UNIT         ?PR?_COBCUTING?CD4052
            CODE    5555H     001BH     UNIT         ?PR?_PRINTF_U8?UART
            CODE    5570H     001BH     UNIT         ?PR?_STORGE595?_595
            CODE    558BH     001BH     UNIT         ?PR?T0_ISR?ISR
            CODE    55A6H     001AH     UNIT         ?PR?_DELAY_MS?OLED
            CODE    55C0H     001AH     UNIT         ?PR?ENDECODE?ISR
            CODE    55DAH     0018H     UNIT         ?PR?_AT24C02_RD?24C02
            CODE    55F2H     0018H     UNIT         ?PR?UART1_INTERRUPT?UART
            CODE    560AH     0018H     UNIT         ?PR?DSDECODE?ISR
            CODE    5622H     0017H     UNIT         ?PR?_AT24C02_WR?24C02
            CODE    5639H     0017H     UNIT         ?PR?_PUT_CHAR?UART
            CODE    5650H     0014H     UNIT         ?PR?_GET_HEX_DATA?UART
            CODE    5664H     0014H     UNIT         ?PR?_WRITE595?_595
            CODE    5678H     0013H     UNIT         ?PR?TIMER1INIT?ISR
            CODE    568BH     0011H     UNIT         ?PR?TIMER0INIT?ISR
            CODE    569CH     0010H     UNIT         ?PR?I2C_STOP?24C02
            CODE    56ACH     000FH     UNIT         ?PR?FLUSH_24C02?24C02
            CODE    56BBH     000EH     UNIT         ?PR?TIMERINIT?ISR
            CODE    56C9H     000CH     UNIT         ?PR?INITADC?CD4052
            CODE    56D5H     000BH     UNIT         ?PR?DELAY_10MS?24C02
BL51 BANKED LINKER/LOCATER V6.22                                                      04/23/2015  18:58:46  PAGE 4


            CODE    56E0H     000BH     UNIT         ?PR?UARTINIT?UART
            CODE    56EBH     000BH     UNIT         ?PR?INT0INIT?ISR
            CODE    56F6H     0009H     UNIT         ?PR?INIT595?_595
            CODE    56FFH     0008H     UNIT         ?PR?DELAY_10US?24C02
            CODE    5707H     0008H     UNIT         ?PR?_PUT_BYTE?UART



OVERLAY MAP OF MODULE:   .\output\BurnCob (MAIN)


SEGMENT                                      BIT_GROUP          XDATA_GROUP
  +--> CALLED SEGMENT                     START    LENGTH     START    LENGTH
-----------------------------------------------------------------------------
?PR?UART1_INTERRUPT?UART                  -----    -----      0434H    0001H

*** NEW ROOT ***************************************************

?PR?T1_ISR?ISR                            -----    -----      -----    -----
  +--> ?PR?KEYSCAN?KEY
  +--> ?PR?OLED_REFRESH_GRAM?OLED
  +--> ?PR?DSDECODE?ISR

?PR?KEYSCAN?KEY                           -----    -----      0435H    0001H
  +--> ?PR?_CHECKKEY?KEY

?PR?OLED_REFRESH_GRAM?OLED                -----    -----      -----    -----
  +--> ?PR?_OLED_WR_BYTE?OLED

*** NEW ROOT ***************************************************

?C_C51STARTUP                             -----    -----      -----    -----
  +--> ?PR?MAIN?MAIN
  +--> ?C_INITSEG

?PR?MAIN?MAIN                             -----    -----      -----    -----
  +--> ?PR?SYSINIT?MAIN
  +--> ?PR?PRINTINFO?MAIN
  +--> ?PR?OLED_CLEAR?OLED
  +--> ?PR?SET_MODE?MAIN
  +--> ?PR?CUT_MODE?MAIN
  +--> ?PR?RST_MODE?MAIN

?PR?SYSINIT?MAIN                          -----    -----      -----    -----
  +--> ?PR?IOINIT?MAIN
  +--> ?PR?INITADC?CD4052
  +--> ?PR?UARTINIT?UART
  +--> ?PR?OLEDINIT?MAIN
  +--> ?PR?TIMERINIT?ISR

?PR?UARTINIT?UART                         -----    -----      -----    -----
  +--> ?PR?_UART_BAUDSET?UART

?PR?_UART_BAUDSET?UART                    -----    -----      0436H    0004H

?PR?OLEDINIT?MAIN                         -----    -----      -----    -----
  +--> ?PR?OLED_INIT?OLED
BL51 BANKED LINKER/LOCATER V6.22                                                      04/23/2015  18:58:46  PAGE 5


  +--> ?PR?OLED_CLEAR?OLED
  +--> ?PR?_OLED_DRAWBMP?OLED
  +--> ?PR?_OLED_DRAWBAR?OLED
  +--> ?PR?OLED_REFRESH_GRAM?OLED

?PR?OLED_INIT?OLED                        -----    -----      -----    -----
  +--> ?PR?_DELAY_MS?OLED
  +--> ?PR?_OLED_WR_BYTE?OLED
  +--> ?PR?OLED_CLEAR?OLED
  +--> ?PR?_OLED_SET_POS?OLED

?PR?_OLED_SET_POS?OLED                    -----    -----      -----    -----
  +--> ?PR?_OLED_WR_BYTE?OLED

?PR?_OLED_DRAWBMP?OLED                    -----    -----      0436H    0009H
  +--> ?CO?OLED
  +--> ?PR?_OLED_DRAWPOINT?OLED

?PR?_OLED_DRAWPOINT?OLED                  -----    -----      045BH    0002H

?PR?_OLED_DRAWBAR?OLED                    -----    -----      0436H    0006H
  +--> ?PR?_OLED_DRAWRECTANGLE?OLED
  +--> ?PR?_OLED_DRAW_RECTANGLEFILL?OLED
  +--> ?PR?OLED_REFRESH_GRAM?OLED
  +--> ?PR?DELAY_10MS?24C02

?PR?_OLED_DRAWRECTANGLE?OLED              -----    -----      044CH    0005H
  +--> ?PR?_OLED_DRAW_HLINE?OLED
  +--> ?PR?_OLED_DRAW_RLINE?OLED

?PR?_OLED_DRAW_HLINE?OLED                 -----    -----      0452H    0004H
  +--> ?PR?_OLED_DRAWPOINT?OLED

?PR?_OLED_DRAW_RLINE?OLED                 -----    -----      0451H    0004H
  +--> ?PR?_OLED_DRAWPOINT?OLED

?PR?_OLED_DRAW_RECTANGLEFILL?OLED         -----    -----      044CH    0006H
  +--> ?PR?_OLED_DRAW_HLINE?OLED

?PR?TIMERINIT?ISR                         -----    -----      -----    -----
  +--> ?PR?TIMER0INIT?ISR
  +--> ?PR?TIMER1INIT?ISR
  +--> ?PR?INT0INIT?ISR
  +--> ?PR?ENDECODE?ISR

?PR?PRINTINFO?MAIN                        -----    -----      -----    -----
  +--> ?CO?MAIN
  +--> ?PR?_SEND_STRING?UART

?PR?_SEND_STRING?UART                     -----    -----      0436H    0003H
  +--> ?PR?_PUT_CHAR?UART

?PR?_PUT_CHAR?UART                        -----    -----      -----    -----
  +--> ?PR?_PUT_BYTE?UART

?PR?SET_MODE?MAIN                         -----    -----      0436H    0002H
  +--> ?PR?_DISP_MENU_MAIN?OLED
BL51 BANKED LINKER/LOCATER V6.22                                                      04/23/2015  18:58:46  PAGE 6


  +--> ?CO?MAIN
  +--> ?PR?_INIT_WINDOWS?MAIN
  +--> ?PR?_OLED_DRAW_WINDOWSDRAW?OLED
  +--> ?PR?OLED_REFRESH_GRAM?OLED

?PR?_DISP_MENU_MAIN?OLED                  -----    -----      0439H    0001H
  +--> ?PR?_OLED_SHOWCHAR?OLED
  +--> ?CO?OLED
  +--> ?PR?_OLED_DRAWICON?OLED

?PR?_OLED_SHOWCHAR?OLED                   -----    -----      0454H    0007H
  +--> ?CO?OLED
  +--> ?PR?_BYTEMIRRO?OLED
  +--> ?PR?_OLED_DRAWPOINT?OLED

?PR?_OLED_DRAWICON?OLED                   -----    -----      043AH    000EH
  +--> ?CO?OLED
  +--> ?PR?_OLED_DRAWPOINT?OLED

?PR?_INIT_WINDOWS?MAIN                    -----    -----      0443H    000DH

?PR?_OLED_DRAW_WINDOWSDRAW?OLED           -----    -----      0443H    0009H
  +--> ?PR?_OLED_DRAW_RECTANGLEFILL?OLED
  +--> ?PR?_OLED_DRAWRECTANGLE?OLED
  +--> ?PR?_OLED_DRAW_HLINE?OLED
  +--> ?PR?_OLED_DRAW_RLINE?OLED
  +--> ?PR?_OLED_DRAWLINE?OLED
  +--> ?PR?_OLED_SHOWCHAR?OLED

?PR?_OLED_DRAWLINE?OLED                   -----    -----      044DH    000BH
  +--> ?PR?_OLED_DRAWPOINT?OLED

?PR?CUT_MODE?MAIN                         -----    -----      0436H    0003H
  +--> ?PR?_DISP_MENU_MAIN?OLED
  +--> ?PR?_DISP_MENU_1?OLED
  +--> ?PR?OLED_REFRESH_GRAM?OLED
  +--> ?PR?OLED_CLEAR?OLED
  +--> ?CO?MAIN
  +--> ?PR?_INIT_WINDOWS?MAIN
  +--> ?PR?_OLED_DRAW_WINDOWSDRAW?OLED
  +--> ?PR?_CUTRUN?CD4052

?PR?_DISP_MENU_1?OLED                     -----    -----      0439H    0001H
  +--> ?CO?OLED
  +--> ?PR?_OLED_SHOWSTRING?OLED

?PR?_OLED_SHOWSTRING?OLED                 -----    -----      044DH    0007H
  +--> ?CO?OLED
  +--> ?PR?OLED_CLEAR?OLED
  +--> ?PR?_OLED_SHOWCHAR?OLED

?PR?_CUTRUN?CD4052                        -----    -----      0439H    0002H
  +--> ?PR?_GET_PKG_ADD?24C02
  +--> ?CO?CD4052
  +--> ?PR?_OLED_SHOWSTRING?OLED
  +--> ?PR?_HEX2DAT?CD4052
  +--> ?PR?_OLED_SHOWCHAR?OLED
BL51 BANKED LINKER/LOCATER V6.22                                                      04/23/2015  18:58:46  PAGE 7


  +--> ?PR?OLED_REFRESH_GRAM?OLED
  +--> ?PR?_STARTCUT?CD4052
  +--> ?PR?SHOWINFO?CD4052

?PR?_GET_PKG_ADD?24C02                    -----    -----      043FH    0005H
  +--> ?PR?_AT24C02_RDDAT?24C02

?PR?_AT24C02_RDDAT?24C02                  -----    -----      0444H    0005H
  +--> ?PR?_I2C_SENTBYTE?24C02
  +--> ?PR?I2C_START?24C02
  +--> ?PR?_I2C_RCVBYTE?24C02
  +--> ?PR?I2C_STOP?24C02

?PR?_I2C_SENTBYTE?24C02                   -----    -----      -----    -----
  +--> ?PR?I2C_START?24C02
  +--> ?PR?DELAY_5US?24C02

?PR?I2C_START?24C02                       -----    -----      -----    -----
  +--> ?PR?DELAY_10US?24C02

?PR?_I2C_RCVBYTE?24C02                    -----    -----      -----    -----
  +--> ?PR?DELAY_5US?24C02

?PR?I2C_STOP?24C02                        -----    -----      -----    -----
  +--> ?PR?DELAY_10US?24C02

?PR?_STARTCUT?CD4052                      -----    -----      -----    -----
  +--> ?PR?_PNMASK?CD4052
  +--> ?PR?_COBCUTING?CD4052
  +--> ?PR?GETPADRES?CD4052
  +--> ?PR?OLED_CLEAR?OLED
  +--> ?PR?COMPAREADD?CD4052

?PR?_COBCUTING?CD4052                     -----    -----      043BH    0004H
  +--> ?PR?_STORGE595?_595

?PR?_STORGE595?_595                       -----    -----      -----    -----
  +--> ?PR?_WRITE595?_595

?PR?GETPADRES?CD4052                      -----    -----      043BH    0001H
  +--> ?PR?DELAY_10MS?24C02
  +--> ?PR?_ADC2RES?CD4052
  +--> ?PR?_GETADCRESULT?CD4052
  +--> ?PR?_PRINTF_U8?UART

?PR?_ADC2RES?CD4052                       -----    -----      -----    -----
  +--> ?PR?_GETADCRESULT?CD4052

?PR?_PRINTF_U8?UART                       -----    -----      -----    -----
  +--> ?PR?_PUT_CHAR?UART
  +--> ?PR?_GET_HEX_DATA?UART

?PR?_GET_HEX_DATA?UART                    -----    -----      -----    -----
  +--> ?PR?_PUT_CHAR?UART

?PR?COMPAREADD?CD4052                     -----    -----      043BH    0008H
  +--> ?PR?BURNCHECK?CD4052
BL51 BANKED LINKER/LOCATER V6.22                                                      04/23/2015  18:58:46  PAGE 8


  +--> ?PR?_HEX2DAT?CD4052
  +--> ?PR?_OLED_SHOWCHAR?OLED
  +--> ?CO?CD4052
  +--> ?PR?_OLED_SHOWSTRING?OLED
  +--> ?PR?OLED_REFRESH_GRAM?OLED
  +--> ?PR?_AT24C02_RDDAT?24C02
  +--> ?PR?_AT24C02_WRDAT?24C02
  +--> ?PR?DECODE?CD4052

?PR?BURNCHECK?CD4052                      0020H.1  0000H.1    -----    -----
  +--> ?PR?_OLED_SHOWADD?OLED
  +--> ?PR?OLED_REFRESH_GRAM?OLED

?PR?_OLED_SHOWADD?OLED                    -----    -----      0443H    000AH
  +--> ?CO?OLED
  +--> ?PR?_OLED_SHOWSTRING?OLED
  +--> ?PR?_OLED_DRAWLINE?OLED
  +--> ?PR?_OLED_SHOWCHAR?OLED

?PR?_AT24C02_WRDAT?24C02                  -----    -----      0443H    0005H
  +--> ?PR?_I2C_SENTBYTE?24C02
  +--> ?PR?I2C_STOP?24C02
  +--> ?PR?DELAY_10MS?24C02

?PR?DECODE?CD4052                         -----    -----      -----    -----
  +--> ?PR?ENDECODE?ISR
  +--> ?PR?DELAY_10MS?24C02
  +--> ?CO?CD4052
  +--> ?PR?_INIT_WINDOWS?MAIN
  +--> ?PR?_OLED_DRAW_WINDOWSDRAW?OLED
  +--> ?PR?_HEX2DAT?CD4052
  +--> ?PR?_OLED_SHOWCHAR?OLED
  +--> ?PR?OLED_REFRESH_GRAM?OLED

?PR?SHOWINFO?CD4052                       -----    -----      043BH    0004H
  +--> ?CO?CD4052
  +--> ?PR?_INIT_WINDOWS?MAIN
  +--> ?PR?_OLED_DRAW_WINDOWSDRAW?OLED
  +--> ?PR?_GET_PKG_CNT?24C02
  +--> ?PR?_OLED_SHOWSTRING?OLED
  +--> ?PR?_HEX2DAT?CD4052
  +--> ?PR?_OLED_SHOWCHAR?OLED
  +--> ?PR?_GET_PKG_ADD?24C02
  +--> ?PR?OLED_REFRESH_GRAM?OLED

?PR?_GET_PKG_CNT?24C02                    -----    -----      043FH    0005H
  +--> ?PR?_AT24C02_RDDAT?24C02

?PR?RST_MODE?MAIN                         -----    -----      0436H    0002H
  +--> ?PR?_DISP_MENU_MAIN?OLED
  +--> ?PR?FLUSH_24C02?24C02
  +--> ?CO?MAIN
  +--> ?PR?_INIT_WINDOWS?MAIN
  +--> ?PR?_OLED_DRAW_WINDOWSDRAW?OLED
  +--> ?PR?OLED_REFRESH_GRAM?OLED

?PR?FLUSH_24C02?24C02                     -----    -----      -----    -----
BL51 BANKED LINKER/LOCATER V6.22                                                      04/23/2015  18:58:46  PAGE 9


  +--> ?PR?_AT24C02_WR?24C02

?PR?_AT24C02_WR?24C02                     -----    -----      -----    -----
  +--> ?PR?I2C_START?24C02
  +--> ?PR?_I2C_SENTBYTE?24C02
  +--> ?PR?I2C_STOP?24C02
  +--> ?PR?DELAY_10MS?24C02



SYMBOL TABLE OF MODULE:  .\output\BurnCob (MAIN)

  VALUE           TYPE          NAME
  ----------------------------------

  -------         MODULE        MAIN
  C:0000H         SYMBOL        _ICE_DUMMY_
  D:0093H         PUBLIC        P0M1
  D:0092H         PUBLIC        P1M0
  C:4E41H         PUBLIC        initAddNo
  D:0096H         PUBLIC        P2M0
  D:0091H         PUBLIC        P1M1
  D:0080H         PUBLIC        P0
  X:045DH         PUBLIC        NG_COUNT
  D:00B2H         PUBLIC        P3M0
  D:0095H         PUBLIC        P2M1
  D:0090H         PUBLIC        P1
  D:00B4H         PUBLIC        P4M0
  D:00B1H         PUBLIC        P3M1
  D:00A0H         PUBLIC        P2
  D:00CAH         PUBLIC        P5M0
  D:00B3H         PUBLIC        P4M1
  D:00B0H         PUBLIC        P3
  D:00C9H         PUBLIC        P5M1
  D:00C0H         PUBLIC        P4
  D:00C8H         PUBLIC        P5
  X:0461H         PUBLIC        OK_COUNT
  B:00A8H.7       PUBLIC        EA
  D:00A8H         PUBLIC        IE
  D:00B8H         PUBLIC        IP
  D:00D8H         PUBLIC        CCON
  X:0465H         PUBLIC        MODE
  C:51D0H         PUBLIC        main
  C:4F52H         PUBLIC        _init_windows
  D:0098H         PUBLIC        SCON
  B:00C0H.1       PUBLIC        P41
  D:0088H         PUBLIC        TCON
  B:0080H.7       PUBLIC        P07
  B:00C8H.5       PUBLIC        P55
  B:00C0H.6       PUBLIC        P46
  B:00C0H.7       PUBLIC        P47
  C:548FH         PUBLIC        oledInit
  C:4D7CH         PUBLIC        printInfo
  D:00F0H         PUBLIC        B
  D:00E0H         PUBLIC        ACC
  X:0466H         PUBLIC        AddNo
  X:046AH         PUBLIC        Cutflag
BL51 BANKED LINKER/LOCATER V6.22                                                      04/23/2015  18:58:46  PAGE 10


  C:33D6H         PUBLIC        cut_mode
  C:45E7H         PUBLIC        set_mode
  C:4517H         PUBLIC        rst_mode
  X:046BH         PUBLIC        PKG
  C:0006H         PUBLIC        lookinfo
  C:5208H         PUBLIC        ioInit
  X:046CH         PUBLIC        POP
  C:5115H         PUBLIC        sysInit
  X:046DH         PUBLIC        windemo
  X:047AH         PUBLIC        BeepFlag
  D:00D0H         PUBLIC        PSW
  D:0094H         PUBLIC        P0M0
  -------         PROC          _INIT_WINDOWS
  D:0007H         SYMBOL        x
  D:0005H         SYMBOL        y
  D:0003H         SYMBOL        with
  X:0446H         SYMBOL        height
  X:0447H         SYMBOL        title
  X:044AH         SYMBOL        text
  X:044DH         SYMBOL        state
  C:4F52H         LINE#         22
  C:4F52H         LINE#         23
  C:4F52H         LINE#         24
  C:4F57H         LINE#         25
  C:4F5AH         LINE#         26
  C:4F5DH         LINE#         27
  C:4F65H         LINE#         28
  C:4F7AH         LINE#         29
  C:4F8FH         LINE#         30
  C:4FA4H         LINE#         31
  -------         ENDPROC       _INIT_WINDOWS
  -------         PROC          PRINTINFO
  C:4D7CH         LINE#         33
  C:4D7CH         LINE#         34
  C:4D7CH         LINE#         35
  C:4D85H         LINE#         36
  C:4D8EH         LINE#         37
  C:4D97H         LINE#         38
  C:4DA0H         LINE#         39
  C:4DA9H         LINE#         40
  C:4DB2H         LINE#         41
  C:4DBBH         LINE#         42
  C:4DC4H         LINE#         43
  C:4DCDH         LINE#         44
  C:4DD6H         LINE#         45
  -------         ENDPROC       PRINTINFO
  -------         PROC          INITADDNO
  -------         DO            
  X:04BDH         SYMBOL        tmp
  -------         ENDDO         
  C:4E41H         LINE#         49
  C:4E41H         LINE#         50
  C:4E41H         LINE#         52
  C:4E52H         LINE#         53
  C:4E83H         LINE#         54
  C:4E83H         LINE#         55
  C:4E8DH         LINE#         56
BL51 BANKED LINKER/LOCATER V6.22                                                      04/23/2015  18:58:46  PAGE 11


  C:4E9EH         LINE#         57
  C:4E9EH         LINE#         58
  -------         ENDPROC       INITADDNO
  -------         PROC          OLEDINIT
  C:548FH         LINE#         59
  C:548FH         LINE#         60
  C:548FH         LINE#         61
  C:5492H         LINE#         62
  C:5495H         LINE#         74
  C:549DH         LINE#         75
  C:54B0H         LINE#         77
  -------         ENDPROC       OLEDINIT
  -------         PROC          IOINIT
  C:5208H         LINE#         80
  C:5208H         LINE#         81
  C:5208H         LINE#         82
  C:520BH         LINE#         83
  C:520DH         LINE#         84
  C:520FH         LINE#         85
  C:5211H         LINE#         86
  C:5213H         LINE#         87
  C:5215H         LINE#         88
  C:5217H         LINE#         89
  C:5219H         LINE#         90
  C:521BH         LINE#         91
  C:521DH         LINE#         92
  C:521FH         LINE#         93
  C:5221H         LINE#         95
  C:5224H         LINE#         97
  C:5227H         LINE#         98
  C:5229H         LINE#         100
  C:522CH         LINE#         101
  C:522FH         LINE#         103
  C:5232H         LINE#         104
  C:5235H         LINE#         106
  C:5238H         LINE#         107
  C:523BH         LINE#         108
  -------         ENDPROC       IOINIT
  -------         PROC          SYSINIT
  C:5115H         LINE#         110
  C:5115H         LINE#         111
  C:5115H         LINE#         112
  C:5118H         LINE#         113
  C:511BH         LINE#         114
  C:511EH         LINE#         115
  C:5121H         LINE#         116
  C:5124H         LINE#         117
  C:5129H         LINE#         118
  C:5133H         LINE#         119
  C:513DH         LINE#         120
  C:513FH         LINE#         121
  C:5141H         LINE#         122
  C:5146H         LINE#         123
  C:514BH         LINE#         124
  C:5150H         LINE#         125
  C:5152H         LINE#         126
  C:5154H         LINE#         127
BL51 BANKED LINKER/LOCATER V6.22                                                      04/23/2015  18:58:46  PAGE 12


  -------         ENDPROC       SYSINIT
  -------         PROC          SET_MODE
  -------         DO            
  X:0436H         SYMBOL        Done
  X:0437H         SYMBOL        InMode
  -------         ENDDO         
  C:45E7H         LINE#         128
  C:45E7H         LINE#         129
  C:45E7H         LINE#         132
  C:45ECH         LINE#         133
  C:45F0H         LINE#         134
  C:45F4H         LINE#         135
  C:45F7H         LINE#         136
  C:4600H         LINE#         137
  C:4600H         LINE#         138
  C:4606H         LINE#         139
  C:4606H         LINE#         140
  C:4615H         LINE#         141
  C:4615H         LINE#         142
  C:4615H         LINE#         143
  C:461AH         LINE#         144
  C:461FH         LINE#         145
  C:4625H         LINE#         146
  C:4625H         LINE#         148
  C:4625H         LINE#         150
  C:4625H         LINE#         151
  C:462BH         LINE#         152
  C:4630H         LINE#         153
  C:4630H         LINE#         154
  C:4632H         LINE#         155
  C:4632H         LINE#         156
  C:4637H         LINE#         157
  C:463CH         LINE#         158
  C:4642H         LINE#         159
  C:4642H         LINE#         161
  C:4642H         LINE#         163
  C:4642H         LINE#         164
  C:4648H         LINE#         165
  C:464CH         LINE#         166
  C:464CH         LINE#         167
  C:464EH         LINE#         168
  C:464EH         LINE#         169
  C:4653H         LINE#         170
  C:4658H         LINE#         171
  C:465EH         LINE#         172
  C:465EH         LINE#         174
  C:465EH         LINE#         176
  C:465EH         LINE#         177
  C:4671H         LINE#         178
  C:469EH         LINE#         179
  C:46A7H         LINE#         180
  C:46ADH         LINE#         181
  C:46B0H         LINE#         183
  C:46B0H         LINE#         184
  C:46B3H         LINE#         185
  C:46B3H         LINE#         187
  C:46B3H         LINE#         188
BL51 BANKED LINKER/LOCATER V6.22                                                      04/23/2015  18:58:46  PAGE 13


  C:46B3H         LINE#         190
  -------         ENDPROC       SET_MODE
  -------         PROC          CUT_MODE
  -------         DO            
  X:0436H         SYMBOL        Done
  X:0437H         SYMBOL        InMode
  X:0438H         SYMBOL        menucnt
  -------         ENDDO         
  C:33D6H         LINE#         191
  C:33D6H         LINE#         192
  C:33D6H         LINE#         196
  C:33DBH         LINE#         197
  C:33DFH         LINE#         198
  C:33E3H         LINE#         199
  C:33E8H         LINE#         200
  C:33EAH         LINE#         201
  C:33F3H         LINE#         202
  C:33F3H         LINE#         203
  C:33F9H         LINE#         204
  C:33F9H         LINE#         205
  C:3408H         LINE#         206
  C:3408H         LINE#         207
  C:3408H         LINE#         208
  C:340DH         LINE#         209
  C:3412H         LINE#         210
  C:3418H         LINE#         211
  C:3418H         LINE#         212
  C:3423H         LINE#         213
  C:3426H         LINE#         214
  C:342EH         LINE#         215
  C:342EH         LINE#         216
  C:3430H         LINE#         218
  C:3430H         LINE#         219
  C:3435H         LINE#         220
  C:343AH         LINE#         221
  C:343AH         LINE#         222
  C:343CH         LINE#         223
  C:343CH         LINE#         224
  C:3441H         LINE#         225
  C:3446H         LINE#         226
  C:344CH         LINE#         227
  C:344CH         LINE#         228
  C:3457H         LINE#         229
  C:3459H         LINE#         230
  C:3461H         LINE#         231
  C:3464H         LINE#         232
  C:3466H         LINE#         234
  C:3466H         LINE#         235
  C:346CH         LINE#         236
  C:3471H         LINE#         237
  C:3471H         LINE#         238
  C:3474H         LINE#         239
  C:3474H         LINE#         240
  C:3479H         LINE#         241
  C:347EH         LINE#         242
  C:3487H         LINE#         243
  C:3487H         LINE#         244
BL51 BANKED LINKER/LOCATER V6.22                                                      04/23/2015  18:58:46  PAGE 14


  C:348CH         LINE#         245
  C:348CH         LINE#         246
  C:348FH         LINE#         247
  C:3496H         LINE#         249
  C:3496H         LINE#         251
  C:3496H         LINE#         252
  C:349CH         LINE#         253
  C:349CH         LINE#         254
  C:34AEH         LINE#         255
  C:34CBH         LINE#         256
  C:34CBH         LINE#         257
  C:34CBH         LINE#         258
  C:34CBH         LINE#         259
  C:34CDH         LINE#         260
  C:34D5H         LINE#         261
  C:34D5H         LINE#         262
  C:34E7H         LINE#         263
  C:3504H         LINE#         264
  C:3504H         LINE#         265
  C:3504H         LINE#         266
  C:3504H         LINE#         267
  C:3506H         LINE#         268
  C:350EH         LINE#         269
  C:350EH         LINE#         270
  C:3520H         LINE#         271
  C:354DH         LINE#         272
  C:3556H         LINE#         273
  C:355CH         LINE#         274
  C:355FH         LINE#         275
  C:355FH         LINE#         276
  C:3562H         LINE#         277
  C:356CH         LINE#         278
  C:3576H         LINE#         279
  C:3580H         LINE#         280
  C:3585H         LINE#         281
  C:3585H         LINE#         282
  C:3588H         LINE#         284
  C:3588H         LINE#         285
  C:358BH         LINE#         286
  C:3590H         LINE#         287
  C:3593H         LINE#         288
  C:3599H         LINE#         289
  C:3599H         LINE#         290
  C:359CH         LINE#         291
  C:359CH         LINE#         293
  C:359CH         LINE#         294
  C:359CH         LINE#         295
  -------         ENDPROC       CUT_MODE
  -------         PROC          RST_MODE
  -------         DO            
  X:0436H         SYMBOL        Done
  X:0437H         SYMBOL        InMode
  -------         ENDDO         
  C:4517H         LINE#         296
  C:4517H         LINE#         297
  C:4517H         LINE#         300
  C:451CH         LINE#         301
BL51 BANKED LINKER/LOCATER V6.22                                                      04/23/2015  18:58:46  PAGE 15


  C:4520H         LINE#         302
  C:4525H         LINE#         303
  C:4528H         LINE#         304
  C:4531H         LINE#         305
  C:4531H         LINE#         306
  C:4537H         LINE#         307
  C:4537H         LINE#         308
  C:4546H         LINE#         309
  C:4546H         LINE#         310
  C:4546H         LINE#         311
  C:454BH         LINE#         312
  C:4550H         LINE#         313
  C:4556H         LINE#         314
  C:4556H         LINE#         316
  C:4556H         LINE#         318
  C:4556H         LINE#         319
  C:455CH         LINE#         320
  C:4560H         LINE#         321
  C:4560H         LINE#         322
  C:4562H         LINE#         323
  C:4562H         LINE#         324
  C:4567H         LINE#         325
  C:456CH         LINE#         326
  C:4572H         LINE#         327
  C:4572H         LINE#         329
  C:4572H         LINE#         331
  C:4572H         LINE#         332
  C:4577H         LINE#         333
  C:457CH         LINE#         334
  C:457CH         LINE#         335
  C:457EH         LINE#         336
  C:457EH         LINE#         337
  C:4583H         LINE#         338
  C:4588H         LINE#         339
  C:458EH         LINE#         340
  C:458EH         LINE#         342
  C:458EH         LINE#         344
  C:458EH         LINE#         345
  C:4591H         LINE#         346
  C:45A4H         LINE#         347
  C:45D1H         LINE#         348
  C:45DAH         LINE#         349
  C:45E0H         LINE#         350
  C:45E3H         LINE#         352
  C:45E3H         LINE#         353
  C:45E6H         LINE#         354
  C:45E6H         LINE#         356
  C:45E6H         LINE#         357
  C:45E6H         LINE#         358
  -------         ENDPROC       RST_MODE
  -------         PROC          LOOKINFO
  C:0006H         LINE#         360
  C:0006H         LINE#         361
  C:0006H         LINE#         363
  -------         ENDPROC       LOOKINFO
  -------         PROC          MAIN
  C:51D0H         LINE#         365
BL51 BANKED LINKER/LOCATER V6.22                                                      04/23/2015  18:58:46  PAGE 16


  C:51D0H         LINE#         366
  C:51D0H         LINE#         367
  C:51D2H         LINE#         368
  C:51D5H         LINE#         369
  C:51D7H         LINE#         371
  C:51DAH         LINE#         373
  C:51DCH         LINE#         374
  C:51DEH         LINE#         375
  C:51E8H         LINE#         376
  C:51EBH         LINE#         377
  C:51EBH         LINE#         378
  C:51EBH         LINE#         379
  C:51F9H         LINE#         380
  C:51F9H         LINE#         381
  C:51F9H         LINE#         382
  C:51FCH         LINE#         383
  C:51FEH         LINE#         384
  C:51FEH         LINE#         385
  C:5201H         LINE#         386
  C:5203H         LINE#         387
  C:5203H         LINE#         388
  C:5206H         LINE#         389
  -------         ENDPROC       MAIN
  -------         ENDMOD        MAIN

  -------         MODULE        24C02
  C:0000H         SYMBOL        _ICE_DUMMY_
  D:0080H         PUBLIC        P0
  D:0090H         PUBLIC        P1
  D:00A0H         PUBLIC        P2
  D:00B0H         PUBLIC        P3
  D:00C0H         PUBLIC        P4
  D:00C8H         PUBLIC        P5
  C:53EAH         PUBLIC        _at24c02_wrdat
  D:00A8H         PUBLIC        IE
  C:508EH         PUBLIC        _Get_Pkg_Add
  C:551AH         PUBLIC        i2c_start
  C:0013H         PUBLIC        delay_5us
  C:56ACH         PUBLIC        Flush_24c02
  D:00B8H         PUBLIC        IP
  D:00D8H         PUBLIC        CCON
  C:569CH         PUBLIC        i2c_stop
  B:00A0H.1       PUBLIC        P21
  B:00A0H.2       PUBLIC        P22
  D:0098H         PUBLIC        SCON
  C:56D5H         PUBLIC        delay_10ms
  D:0088H         PUBLIC        TCON
  C:55DAH         PUBLIC        _at24c02_rd
  C:56FFH         PUBLIC        delay_10us
  D:00F0H         PUBLIC        B
  D:00E0H         PUBLIC        ACC
  C:5622H         PUBLIC        _at24c02_wr
  B:0020H.0       PUBLIC        ACK
  C:51A0H         PUBLIC        _i2c_sentbyte
  C:5365H         PUBLIC        _i2c_rcvbyte
  C:4C95H         PUBLIC        _Get_Pkg_CNT
  C:5155H         PUBLIC        _at24c02_rddat
BL51 BANKED LINKER/LOCATER V6.22                                                      04/23/2015  18:58:46  PAGE 17


  D:00D0H         PUBLIC        PSW
  -------         PROC          DELAY_10US
  -------         DO            
  D:0007H         SYMBOL        i
  -------         ENDDO         
  C:56FFH         LINE#         8
  C:56FFH         LINE#         9
  C:56FFH         LINE#         11
  C:5700H         LINE#         12
  C:5701H         LINE#         13
  C:5702H         LINE#         14
  C:5704H         LINE#         15
  C:5706H         LINE#         16
  -------         ENDPROC       DELAY_10US
  C:000EH         SYMBOL        L?0070
  -------         PROC          L?0069
  -------         ENDPROC       L?0069
  C:000EH         SYMBOL        L?0070
  -------         PROC          DELAY_5US
  -------         DO            
  D:0007H         SYMBOL        i
  -------         ENDDO         
  C:0013H         LINE#         20
  C:0013H         LINE#         21
  C:0013H         LINE#         23
  C:0014H         LINE#         24
  C:0015H         LINE#         25
  C:0016H         LINE#         26
  C:0018H         LINE#         27
  C:001AH         LINE#         28
  -------         ENDPROC       DELAY_5US
  -------         PROC          DELAY_10MS
  -------         DO            
  D:0007H         SYMBOL        i
  D:0006H         SYMBOL        j
  -------         ENDDO         
  C:56D5H         LINE#         32
  C:56D5H         LINE#         33
  C:56D5H         LINE#         36
  C:56D6H         LINE#         37
  C:56D7H         LINE#         38
  C:56D9H         LINE#         39
  C:56DBH         LINE#         41
  C:56DBH         LINE#         42
  C:56DDH         LINE#         43
  C:56DDH         LINE#         44
  C:56DFH         LINE#         45
  -------         ENDPROC       DELAY_10MS
  -------         PROC          I2C_START
  C:551AH         LINE#         56
  C:551AH         LINE#         57
  C:551AH         LINE#         58
  C:551DH         LINE#         59
  C:551FH         LINE#         60
  C:5522H         LINE#         61
  C:5524H         LINE#         62
  C:5527H         LINE#         63
BL51 BANKED LINKER/LOCATER V6.22                                                      04/23/2015  18:58:46  PAGE 18


  C:552DH         LINE#         64
  C:552DH         LINE#         65
  C:552FH         LINE#         66
  C:5532H         LINE#         67
  C:5534H         LINE#         68
  C:5537H         LINE#         69
  C:5537H         LINE#         70
  C:5537H         LINE#         72
  C:5537H         LINE#         73
  C:5538H         LINE#         74
  C:5538H         LINE#         75
  -------         ENDPROC       I2C_START
  -------         PROC          I2C_STOP
  C:569CH         LINE#         87
  C:569CH         LINE#         88
  C:569CH         LINE#         89
  C:569FH         LINE#         90
  C:56A1H         LINE#         91
  C:56A4H         LINE#         92
  C:56A6H         LINE#         93
  C:56A9H         LINE#         94
  C:56ABH         LINE#         95
  -------         ENDPROC       I2C_STOP
  C:5196H         SYMBOL        L?0067
  C:519BH         SYMBOL        L?0068
  -------         PROC          L?0066
  -------         ENDPROC       L?0066
  C:5196H         SYMBOL        L?0067
  C:519BH         SYMBOL        L?0068
  -------         PROC          _I2C_SENTBYTE
  D:0006H         SYMBOL        byt
  -------         DO            
  D:0005H         SYMBOL        i
  -------         ENDDO         
  C:51A0H         LINE#         103
  C:51A2H         LINE#         104
  C:51A2H         LINE#         107
  C:51A4H         LINE#         108
  C:51A4H         LINE#         109
  C:51A7H         LINE#         110
  C:51ABH         LINE#         111
  C:51ABH         LINE#         112
  C:51ADH         LINE#         113
  C:51AFH         LINE#         115
  C:51AFH         LINE#         116
  C:51B1H         LINE#         117
  C:51B1H         LINE#         119
  C:51B1H         LINE#         120
  C:51B1H         LINE#         121
  C:51B4H         LINE#         122
  C:51B6H         LINE#         124
  C:51BAH         LINE#         125
  C:51BFH         LINE#         126
  C:51C2H         LINE#         127
  C:51C4H         LINE#         128
  C:51C4H         LINE#         129
  C:51C4H         LINE#         130
BL51 BANKED LINKER/LOCATER V6.22                                                      04/23/2015  18:58:46  PAGE 19


  C:51C7H         LINE#         131
  C:51CBH         LINE#         132
  C:51CDH         LINE#         134
  C:51CFH         LINE#         135
  -------         ENDPROC       _I2C_SENTBYTE
  -------         PROC          _I2C_RCVBYTE
  D:0006H         SYMBOL        ack_chack
  -------         DO            
  D:0004H         SYMBOL        i
  D:0005H         SYMBOL        temp
  -------         ENDDO         
  C:5365H         LINE#         142
  C:5367H         LINE#         143
  C:5367H         LINE#         144
  C:5369H         LINE#         146
  C:536CH         LINE#         147
  C:536EH         LINE#         149
  C:536FH         LINE#         150
  C:536FH         LINE#         151
  C:5373H         LINE#         152
  C:5373H         LINE#         153
  C:5373H         LINE#         154
  C:5376H         LINE#         155
  C:5379H         LINE#         156
  C:537AH         LINE#         157
  C:537CH         LINE#         158
  C:5381H         LINE#         160
  C:5384H         LINE#         161
  C:5386H         LINE#         162
  C:5389H         LINE#         163
  C:5389H         LINE#         164
  C:538BH         LINE#         165
  C:538BH         LINE#         167
  C:538BH         LINE#         168
  C:538BH         LINE#         169
  C:538EH         LINE#         170
  C:5390H         LINE#         172
  C:5392H         LINE#         173
  -------         ENDPROC       _I2C_RCVBYTE
  -------         PROC          _AT24C02_WR
  D:0003H         SYMBOL        address
  D:0004H         SYMBOL        dat
  C:5622H         LINE#         180
  C:5626H         LINE#         181
  C:5626H         LINE#         182
  C:5629H         LINE#         183
  C:562EH         LINE#         184
  C:5630H         LINE#         185
  C:5633H         LINE#         186
  C:5636H         LINE#         187
  -------         ENDPROC       _AT24C02_WR
  -------         PROC          _AT24C02_WRDAT
  D:0004H         SYMBOL        address
  D:0001H         SYMBOL        dat
  X:0447H         SYMBOL        bytenum
  C:53EAH         LINE#         190
  C:53EAH         LINE#         191
BL51 BANKED LINKER/LOCATER V6.22                                                      04/23/2015  18:58:46  PAGE 20


  C:53EAH         LINE#         192
  C:53EAH         LINE#         193
  C:53EAH         LINE#         194
  C:53EDH         LINE#         195
  C:53F7H         LINE#         196
  C:53F7H         LINE#         197
  C:53FEH         LINE#         198
  C:5405H         LINE#         199
  C:5406H         LINE#         200
  C:540DH         LINE#         203
  C:5410H         LINE#         204
  C:5413H         LINE#         205
  -------         ENDPROC       _AT24C02_WRDAT
  -------         PROC          _AT24C02_RD
  D:0004H         SYMBOL        address
  -------         DO            
  D:0006H         SYMBOL        temp
  -------         ENDDO         
  C:55DAH         LINE#         212
  C:55DAH         LINE#         213
  C:55DAH         LINE#         215
  C:55DAH         LINE#         216
  C:55DAH         LINE#         217
  C:55DDH         LINE#         218
  C:55E0H         LINE#         219
  C:55E5H         LINE#         220
  C:55ECH         LINE#         221
  C:55EFH         LINE#         222
  C:55F1H         LINE#         223
  -------         ENDPROC       _AT24C02_RD
  -------         PROC          _AT24C02_RDDAT
  D:0004H         SYMBOL        address
  D:0001H         SYMBOL        dat
  X:0448H         SYMBOL        bytenum
  C:5155H         LINE#         224
  C:5157H         LINE#         225
  C:5157H         LINE#         226
  C:515DH         LINE#         227
  C:515DH         LINE#         228
  C:515DH         LINE#         229
  C:515DH         LINE#         230
  C:5160H         LINE#         231
  C:5163H         LINE#         232
  C:5168H         LINE#         233
  C:516BH         LINE#         234
  C:5175H         LINE#         235
  C:5175H         LINE#         236
  C:517EH         LINE#         237
  C:5185H         LINE#         238
  C:5187H         LINE#         239
  C:5190H         LINE#         240
  C:5193H         LINE#         241
  C:5193H         LINE#         242
  -------         ENDPROC       _AT24C02_RDDAT
  -------         PROC          FLUSH_24C02
  -------         DO            
  D:0002H         SYMBOL        i
BL51 BANKED LINKER/LOCATER V6.22                                                      04/23/2015  18:58:46  PAGE 21


  -------         ENDDO         
  C:56ACH         LINE#         244
  C:56ACH         LINE#         245
  C:56ACH         LINE#         247
  C:56AEH         LINE#         248
  C:56AEH         LINE#         249
  C:56B5H         LINE#         250
  C:56BAH         LINE#         251
  -------         ENDPROC       FLUSH_24C02
  -------         PROC          _GET_PKG_ADD
  X:043FH         SYMBOL        package
  -------         DO            
  X:0440H         SYMBOL        ret
  -------         ENDDO         
  C:508EH         LINE#         255
  C:5093H         LINE#         256
  C:5093H         LINE#         258
  C:5095H         LINE#         259
  C:5095H         LINE#         260
  C:50A3H         LINE#         261
  C:50A5H         LINE#         262
  C:50B5H         LINE#         263
  C:50B5H         LINE#         264
  C:50BAH         LINE#         265
  C:50BCH         LINE#         267
  C:50BCH         LINE#         268
  C:50C4H         LINE#         269
  C:50C4H         LINE#         270
  C:50D2H         LINE#         271
  -------         ENDPROC       _GET_PKG_ADD
  -------         PROC          _GET_PKG_CNT
  X:043FH         SYMBOL        package
  D:0005H         SYMBOL        mode
  -------         DO            
  X:0440H         SYMBOL        ret
  -------         ENDDO         
  C:4C95H         LINE#         276
  C:4C9AH         LINE#         277
  C:4C9AH         LINE#         279
  C:4C9DH         LINE#         280
  C:4C9DH         LINE#         281
  C:4CA0H         LINE#         282
  C:4CA0H         LINE#         283
  C:4CAEH         LINE#         284
  C:4CB0H         LINE#         285
  C:4CC0H         LINE#         286
  C:4CC0H         LINE#         287
  C:4CC5H         LINE#         288
  C:4CC7H         LINE#         290
  C:4CC7H         LINE#         291
  C:4CCCH         LINE#         292
  C:4CCCH         LINE#         293
  C:4CCEH         LINE#         295
  C:4CCEH         LINE#         296
  C:4CD4H         LINE#         297
  C:4CD4H         LINE#         298
  C:4CE2H         LINE#         299
BL51 BANKED LINKER/LOCATER V6.22                                                      04/23/2015  18:58:46  PAGE 22


  C:4CE4H         LINE#         300
  C:4CF4H         LINE#         301
  C:4CF4H         LINE#         302
  C:4CF9H         LINE#         303
  C:4CFBH         LINE#         305
  C:4CFBH         LINE#         306
  C:4D03H         LINE#         307
  C:4D03H         LINE#         308
  C:4D03H         LINE#         309
  C:4D11H         LINE#         310
  -------         ENDPROC       _GET_PKG_CNT
  -------         ENDMOD        24C02

  -------         MODULE        OLED
  C:0000H         SYMBOL        _ICE_DUMMY_
  D:0080H         PUBLIC        P0
  X:0000H         PUBLIC        OLED_GRAM_TMP
  D:0090H         PUBLIC        P1
  D:00A0H         PUBLIC        P2
  D:00B0H         PUBLIC        P3
  D:00C0H         PUBLIC        P4
  D:00C8H         PUBLIC        P5
  D:00A8H         PUBLIC        IE
  C:5335H         PUBLIC        _OLED_Fill
  C:0295H         PUBLIC        asc2_1206
  D:00B8H         PUBLIC        IP
  C:0709H         PUBLIC        asc2_1608
  C:3F6CH         PUBLIC        _Disp_Menu_1
  C:4A44H         PUBLIC        _OLED_Draw_RectangleFill
  C:4840H         PUBLIC        OLED_Init
  C:3A69H         PUBLIC        _OLED_DrawLine
  C:5393H         PUBLIC        _ByteMirro
  C:49A8H         PUBLIC        _OLED_DrawPoint
  D:00D8H         PUBLIC        CCON
  C:3E5DH         PUBLIC        _OLED_ShowString
  C:5414H         PUBLIC        _OLED_WR_Byte
  C:4188H         PUBLIC        _OLED_ShowChar
  C:005BH         PUBLIC        F7x5
  C:4B7BH         PUBLIC        _OLED_ShowFont16
  C:4D12H         PUBLIC        _OLED_DrawBar
  C:0CF9H         PUBLIC        Hzk
  X:0200H         PUBLIC        OLED_GRAM
  C:4E9FH         PUBLIC        _OLED_DrawRectangle
  C:1119H         PUBLIC        logo
  C:1319H         PUBLIC        _OLED_ShowAdd
  D:0098H         PUBLIC        SCON
  B:00A0H.3       PUBLIC        P23
  D:0088H         PUBLIC        TCON
  B:00A0H.4       PUBLIC        P24
  B:00A0H.5       PUBLIC        P25
  B:00A0H.6       PUBLIC        P26
  B:00A0H.7       PUBLIC        P27
  C:5045H         PUBLIC        _mypow
  C:4091H         PUBLIC        _OLED_DrawICON
  D:00F0H         PUBLIC        B
  C:50D3H         PUBLIC        OLED_Refresh_Gram
  C:54FAH         PUBLIC        _OLED_Set_Pos
BL51 BANKED LINKER/LOCATER V6.22                                                      04/23/2015  18:58:46  PAGE 23


  D:00E0H         PUBLIC        ACC
  C:524CH         PUBLIC        _OLED_Draw_HLine
  C:54B3H         PUBLIC        _OLED_Draw_RLine
  C:55A6H         PUBLIC        _delay_ms
  C:4359H         PUBLIC        _OLED_Draw_LineS
  C:46B4H         PUBLIC        _OLED_ShowNum
  C:1019H         PUBLIC        cut_ico
  C:0F99H         PUBLIC        set_ico
  C:4FA5H         PUBLIC        _OLED_Draw_Square
  C:48F4H         PUBLIC        _OLED_DrawCircle
  C:52AAH         PUBLIC        OLED_Clear
  C:4443H         PUBLIC        _Disp_Menu_Main
  C:4FF5H         PUBLIC        _OLED_Draw_SquareFill
  C:477BH         PUBLIC        _OLED_DrawBMP
  C:1099H         PUBLIC        rst_ico
  C:2373H         PUBLIC        _OLED_Draw_WindowsDraw
  D:00D0H         PUBLIC        PSW
  -------         PROC          _BYTEMIRRO
  D:0007H         SYMBOL        dat
  C:5393H         LINE#         35
  C:5393H         LINE#         36
  C:5393H         LINE#         37
  C:53A2H         LINE#         38
  C:53B2H         LINE#         39
  C:53BEH         LINE#         40
  C:53BEH         LINE#         41
  -------         ENDPROC       _BYTEMIRRO
  -------         PROC          _DELAY_MS
  D:0006H         SYMBOL        ms
  -------         DO            
  D:0004H         SYMBOL        a
  -------         ENDDO         
  C:55A6H         LINE#         43
  C:55A6H         LINE#         44
  C:55A6H         LINE#         46
  C:55AAH         LINE#         47
  C:55AAH         LINE#         48
  C:55AEH         LINE#         49
  C:55B8H         LINE#         50
  C:55BDH         LINE#         51
  C:55BFH         LINE#         53
  -------         ENDPROC       _DELAY_MS
  -------         PROC          _OLED_WR_BYTE
  D:0007H         SYMBOL        dat
  D:0005H         SYMBOL        cmd
  -------         DO            
  D:0006H         SYMBOL        i
  -------         ENDDO         
  C:5414H         LINE#         75
  C:5414H         LINE#         76
  C:5414H         LINE#         78
  C:5417H         LINE#         79
  C:541BH         LINE#         81
  C:541DH         LINE#         82
  C:541FH         LINE#         83
  C:5421H         LINE#         84
  C:5421H         LINE#         85
BL51 BANKED LINKER/LOCATER V6.22                                                      04/23/2015  18:58:46  PAGE 24


  C:5423H         LINE#         86
  C:5427H         LINE#         87
  C:5427H         LINE#         88
  C:5429H         LINE#         89
  C:542BH         LINE#         91
  C:542DH         LINE#         92
  C:542FH         LINE#         93
  C:5433H         LINE#         94
  C:5438H         LINE#         95
  C:543AH         LINE#         96
  C:543CH         LINE#         97
  -------         ENDPROC       _OLED_WR_BYTE
  -------         PROC          _OLED_SET_POS
  D:0004H         SYMBOL        x
  D:0005H         SYMBOL        y
  C:54FAH         LINE#         100
  C:54FCH         LINE#         101
  C:54FCH         LINE#         102
  C:5505H         LINE#         103
  C:5511H         LINE#         104
  -------         ENDPROC       _OLED_SET_POS
  -------         PROC          OLED_REFRESH_GRAM
  -------         DO            
  D:0004H         SYMBOL        i
  D:0003H         SYMBOL        n
  -------         ENDDO         
  C:50D3H         LINE#         122
  C:50D3H         LINE#         123
  C:50D3H         LINE#         125
  C:50D5H         LINE#         126
  C:50D5H         LINE#         127
  C:50DEH         LINE#         128
  C:50E3H         LINE#         129
  C:50E8H         LINE#         130
  C:510FH         LINE#         131
  C:5114H         LINE#         132
  -------         ENDPROC       OLED_REFRESH_GRAM
  C:52A3H         SYMBOL        L?0237
  -------         PROC          L?0236
  -------         ENDPROC       L?0236
  C:52A3H         SYMBOL        L?0237
  -------         PROC          OLED_CLEAR
  -------         DO            
  D:0007H         SYMBOL        i
  D:0006H         SYMBOL        n
  -------         ENDDO         
  C:52AAH         LINE#         135
  C:52AAH         LINE#         136
  C:52AAH         LINE#         138
  C:52D3H         LINE#         140
  -------         ENDPROC       OLED_CLEAR
  C:49A2H         SYMBOL        L?0232
  -------         PROC          L?0231
  -------         ENDPROC       L?0231
  C:49A2H         SYMBOL        L?0232
  -------         PROC          _OLED_DRAWPOINT
  D:0007H         SYMBOL        x
BL51 BANKED LINKER/LOCATER V6.22                                                      04/23/2015  18:58:46  PAGE 25


  D:0005H         SYMBOL        y
  D:0003H         SYMBOL        t
  -------         DO            
  X:045BH         SYMBOL        pos
  D:0006H         SYMBOL        bx
  X:045CH         SYMBOL        temp
  -------         ENDDO         
  C:49A8H         LINE#         145
  C:49A8H         LINE#         146
  C:49A8H         LINE#         147
  C:49ADH         LINE#         148
  C:49BEH         LINE#         149
  C:49CDH         LINE#         150
  C:49D1H         LINE#         151
  C:49E5H         LINE#         152
  C:4A15H         LINE#         153
  C:4A43H         LINE#         154
  -------         ENDPROC       _OLED_DRAWPOINT
  -------         PROC          L?0238
  -------         ENDPROC       L?0238
  -------         PROC          _OLED_DRAWLINE
  X:044DH         SYMBOL        x1
  D:0001H         SYMBOL        y1
  X:044FH         SYMBOL        x2
  X:0450H         SYMBOL        y2
  X:0451H         SYMBOL        t
  -------         DO            
  X:0452H         SYMBOL        dy
  X:0454H         SYMBOL        dx
  X:0456H         SYMBOL        dirx
  X:0457H         SYMBOL        diry
  D:0004H         SYMBOL        move
  -------         ENDDO         
  C:3A69H         LINE#         161
  C:3A75H         LINE#         162
  C:3A75H         LINE#         166
  C:3A86H         LINE#         167
  C:3A99H         LINE#         168
  C:3AA9H         LINE#         169
  C:3AA9H         LINE#         170
  C:3AB6H         LINE#         171
  C:3ABCH         LINE#         172
  C:3ABEH         LINE#         174
  C:3ABEH         LINE#         175
  C:3AC4H         LINE#         176
  C:3AC4H         LINE#         177
  C:3AD4H         LINE#         178
  C:3AD4H         LINE#         179
  C:3AE1H         LINE#         180
  C:3AE5H         LINE#         181
  C:3AE7H         LINE#         183
  C:3AE7H         LINE#         184
  C:3AEDH         LINE#         185
  C:3AEDH         LINE#         188
  C:3AFCH         LINE#         189
  C:3B16H         LINE#         190
  C:3B16H         LINE#         191
BL51 BANKED LINKER/LOCATER V6.22                                                      04/23/2015  18:58:46  PAGE 26


  C:3B25H         LINE#         192
  C:3B34H         LINE#         193
  C:3B34H         LINE#         194
  C:3B3CH         LINE#         195
  C:3B3CH         LINE#         196
  C:3B42H         LINE#         197
  C:3B4CH         LINE#         198
  C:3B4CH         LINE#         199
  C:3B57H         LINE#         200
  C:3B5EH         LINE#         201
  C:3B6DH         LINE#         202
  C:3B6FH         LINE#         203
  C:3B6FH         LINE#         205
  C:3B6FH         LINE#         206
  C:3B80H         LINE#         207
  C:3B87H         LINE#         208
  C:3B87H         LINE#         209
  C:3B8FH         LINE#         210
  C:3B8FH         LINE#         211
  C:3B9AH         LINE#         212
  C:3BA4H         LINE#         213
  C:3BA4H         LINE#         214
  C:3BAAH         LINE#         215
  C:3BB1H         LINE#         216
  C:3BC0H         LINE#         217
  C:3BC2H         LINE#         218
  C:3BC2H         LINE#         219
  -------         ENDPROC       _OLED_DRAWLINE
  -------         PROC          L?0235
  -------         ENDPROC       L?0235
  -------         PROC          _OLED_DRAW_HLINE
  D:0004H         SYMBOL        x0
  D:0001H         SYMBOL        y0
  D:0002H         SYMBOL        x1
  X:0455H         SYMBOL        t
  -------         DO            
  D:0007H         SYMBOL        temp
  -------         ENDDO         
  C:524CH         LINE#         231
  C:5252H         LINE#         232
  C:5252H         LINE#         234
  C:5257H         LINE#         235
  C:5257H         LINE#         236
  C:5259H         LINE#         237
  C:525BH         LINE#         238
  C:525DH         LINE#         239
  C:525DH         LINE#         241
  C:525DH         LINE#         242
  C:5269H         LINE#         243
  C:526AH         LINE#         244
  C:526AH         LINE#         245
  C:526FH         LINE#         246
  -------         ENDPROC       _OLED_DRAW_HLINE
  -------         PROC          _OLED_DRAW_RLINE
  D:0001H         SYMBOL        x0
  D:0004H         SYMBOL        y0
  D:0002H         SYMBOL        y1
BL51 BANKED LINKER/LOCATER V6.22                                                      04/23/2015  18:58:46  PAGE 27


  X:0454H         SYMBOL        t
  -------         DO            
  D:0007H         SYMBOL        temp
  -------         ENDDO         
  C:54B3H         LINE#         257
  C:54B9H         LINE#         258
  C:54B9H         LINE#         260
  C:54BEH         LINE#         261
  C:54BEH         LINE#         262
  C:54C0H         LINE#         263
  C:54C2H         LINE#         264
  C:54C4H         LINE#         265
  C:54C4H         LINE#         267
  C:54C4H         LINE#         268
  C:54D0H         LINE#         269
  C:54D1H         LINE#         270
  C:54D1H         LINE#         271
  C:54D6H         LINE#         272
  -------         ENDPROC       _OLED_DRAW_RLINE
  -------         PROC          _OLED_DRAWRECTANGLE
  X:044CH         SYMBOL        x1
  X:044DH         SYMBOL        y1
  X:044EH         SYMBOL        x2
  X:044FH         SYMBOL        y2
  X:0450H         SYMBOL        t
  C:4E9FH         LINE#         283
  C:4EAAH         LINE#         284
  C:4EB5H         LINE#         285
  C:4ECFH         LINE#         286
  C:4EE5H         LINE#         287
  -------         ENDPROC       _OLED_DRAWRECTANGLE
  -------         PROC          _OLED_DRAW_RECTANGLEFILL
  X:044CH         SYMBOL        x0
  X:044DH         SYMBOL        y0
  X:044EH         SYMBOL        x1
  X:044FH         SYMBOL        y1
  X:0450H         SYMBOL        t
  -------         DO            
  X:0451H         SYMBOL        i
  -------         ENDDO         
  C:4A44H         LINE#         299
  C:4A53H         LINE#         300
  C:4A53H         LINE#         303
  C:4A58H         LINE#         304
  C:4A61H         LINE#         305
  C:4A69H         LINE#         306
  C:4A6EH         LINE#         307
  C:4A6EH         LINE#         308
  C:4A7CH         LINE#         309
  C:4A81H         LINE#         310
  C:4A86H         LINE#         311
  C:4A8BH         LINE#         312
  C:4A8BH         LINE#         315
  C:4A98H         LINE#         316
  C:4AADH         LINE#         318
  C:4AADH         LINE#         319
  C:4AB9H         LINE#         320
BL51 BANKED LINKER/LOCATER V6.22                                                      04/23/2015  18:58:46  PAGE 28


  C:4AB9H         LINE#         322
  C:4AB9H         LINE#         324
  C:4AC7H         LINE#         325
  C:4ADCH         LINE#         326
  C:4AE2H         LINE#         327
  C:4AE4H         LINE#         328
  -------         ENDPROC       _OLED_DRAW_RECTANGLEFILL
  -------         PROC          _OLED_DRAW_SQUARE
  X:04C1H         SYMBOL        x0
  D:0001H         SYMBOL        y0
  D:0006H         SYMBOL        with
  X:04C4H         SYMBOL        t
  C:4FA5H         LINE#         338
  C:4FAEH         LINE#         339
  C:4FAEH         LINE#         340
  C:4FB1H         LINE#         341
  C:4FC7H         LINE#         342
  C:4FDAH         LINE#         343
  C:4FF4H         LINE#         344
  -------         ENDPROC       _OLED_DRAW_SQUARE
  -------         PROC          _OLED_DRAW_SQUAREFILL
  X:04C5H         SYMBOL        x0
  D:0001H         SYMBOL        y0
  D:0006H         SYMBOL        with
  X:04C8H         SYMBOL        t
  C:4FF5H         LINE#         354
  C:4FFEH         LINE#         355
  C:4FFEH         LINE#         356
  C:5001H         LINE#         357
  C:5017H         LINE#         358
  C:502AH         LINE#         359
  C:5044H         LINE#         360
  -------         ENDPROC       _OLED_DRAW_SQUAREFILL
  -------         PROC          _OLED_DRAW_LINES
  X:049EH         SYMBOL        points
  X:04A1H         SYMBOL        no
  X:04A2H         SYMBOL        t
  -------         DO            
  X:04A3H         SYMBOL        x0
  D:0004H         SYMBOL        y0
  X:04A4H         SYMBOL        x1
  X:04A5H         SYMBOL        y1
  X:04A6H         SYMBOL        i
  -------         ENDDO         
  C:4359H         LINE#         369
  C:4367H         LINE#         370
  C:4367H         LINE#         375
  C:436CH         LINE#         376
  C:4373H         LINE#         377
  C:438AH         LINE#         378
  C:4399H         LINE#         379
  C:43A8H         LINE#         380
  C:43A8H         LINE#         383
  C:43BFH         LINE#         384
  C:43D3H         LINE#         385
  C:43E6H         LINE#         386
  C:43FDH         LINE#         387
BL51 BANKED LINKER/LOCATER V6.22                                                      04/23/2015  18:58:46  PAGE 29


  C:4414H         LINE#         388
  C:442FH         LINE#         389
  C:4437H         LINE#         390
  C:443CH         LINE#         391
  C:4442H         LINE#         392
  -------         ENDPROC       _OLED_DRAW_LINES
  -------         PROC          _OLED_DRAWCIRCLE
  X:04B3H         SYMBOL        x
  X:04B4H         SYMBOL        y
  D:0002H         SYMBOL        r
  X:04B7H         SYMBOL        t
  -------         DO            
  D:0004H         SYMBOL        xc
  D:0001H         SYMBOL        yc
  D:0002H         SYMBOL        p
  -------         ENDDO         
  C:48F4H         LINE#         398
  C:48FCH         LINE#         399
  C:48FCH         LINE#         400
  C:48FEH         LINE#         403
  C:4902H         LINE#         404
  C:490BH         LINE#         405
  C:4913H         LINE#         406
  C:4913H         LINE#         407
  C:491FH         LINE#         408
  C:4927H         LINE#         409
  C:4934H         LINE#         410
  C:493DH         LINE#         411
  C:4949H         LINE#         412
  C:4956H         LINE#         413
  C:4963H         LINE#         414
  C:4971H         LINE#         415
  C:4979H         LINE#         416
  C:4988H         LINE#         418
  C:4999H         LINE#         419
  C:499CH         LINE#         420
  -------         ENDPROC       _OLED_DRAWCIRCLE
  -------         PROC          _OLED_DRAW_WINDOWSDRAW
  X:0443H         SYMBOL        win
  -------         DO            
  X:0446H         SYMBOL        str
  X:0449H         SYMBOL        bak
  X:044AH         SYMBOL        bak1
  X:044BH         SYMBOL        bak2
  -------         ENDDO         
  C:2373H         LINE#         427
  C:237EH         LINE#         428
  C:237EH         LINE#         432
  C:23A3H         LINE#         433
  C:23BBH         LINE#         434
  C:23E6H         LINE#         437
  C:242CH         LINE#         438
  C:2473H         LINE#         439
  C:248DH         LINE#         443
  C:24B9H         LINE#         444
  C:24DFH         LINE#         445
  C:2505H         LINE#         449
BL51 BANKED LINKER/LOCATER V6.22                                                      04/23/2015  18:58:46  PAGE 30


  C:251DH         LINE#         450
  C:2539H         LINE#         451
  C:254EH         LINE#         452
  C:2559H         LINE#         453
  C:2565H         LINE#         455
  C:2565H         LINE#         456
  C:258BH         LINE#         457
  C:259BH         LINE#         459
  C:25C4H         LINE#         460
  C:25CBH         LINE#         461
  C:25CDH         LINE#         462
  C:25CDH         LINE#         465
  C:25E5H         LINE#         466
  C:2601H         LINE#         467
  C:2616H         LINE#         468
  C:2622H         LINE#         469
  C:262EH         LINE#         471
  C:262EH         LINE#         472
  C:2654H         LINE#         473
  C:2664H         LINE#         475
  C:268DH         LINE#         476
  C:2694H         LINE#         477
  C:2696H         LINE#         478
  C:2696H         LINE#         481
  C:26AEH         LINE#         482
  C:26C7H         LINE#         484
  C:26E9H         LINE#         486
  C:2705H         LINE#         487
  C:271AH         LINE#         488
  C:272EH         LINE#         489
  C:273AH         LINE#         491
  C:273AH         LINE#         492
  C:2760H         LINE#         493
  C:2770H         LINE#         495
  C:2799H         LINE#         496
  C:27A0H         LINE#         497
  C:27A2H         LINE#         498
  C:27A2H         LINE#         500
  C:27A4H         LINE#         502
  -------         ENDPROC       _OLED_DRAW_WINDOWSDRAW
  -------         PROC          _OLED_FILL
  D:0007H         SYMBOL        x1
  X:04B9H         SYMBOL        y1
  D:0001H         SYMBOL        x2
  X:04BBH         SYMBOL        y2
  X:04BCH         SYMBOL        dot
  -------         DO            
  D:0004H         SYMBOL        x
  D:0002H         SYMBOL        y
  -------         ENDDO         
  C:5335H         LINE#         507
  C:533CH         LINE#         508
  C:533CH         LINE#         510
  C:5343H         LINE#         511
  C:5343H         LINE#         512
  C:535FH         LINE#         513
  C:5362H         LINE#         514
BL51 BANKED LINKER/LOCATER V6.22                                                      04/23/2015  18:58:46  PAGE 31


  -------         ENDPROC       _OLED_FILL
  C:417BH         SYMBOL        L?0230
  -------         PROC          L?0229
  -------         ENDPROC       L?0229
  C:417BH         SYMBOL        L?0230
  -------         PROC          _OLED_SHOWCHAR
  X:0454H         SYMBOL        x
  D:0001H         SYMBOL        y
  X:0456H         SYMBOL        chr
  X:0457H         SYMBOL        size
  X:0458H         SYMBOL        mode
  -------         DO            
  X:0459H         SYMBOL        temp
  D:0004H         SYMBOL        t
  D:0002H         SYMBOL        t1
  X:045AH         SYMBOL        y0
  -------         ENDDO         
  C:4188H         LINE#         527
  C:4194H         LINE#         528
  C:4194H         LINE#         530
  C:4199H         LINE#         531
  C:41A0H         LINE#         532
  C:41AFH         LINE#         533
  C:41AFH         LINE#         534
  C:41DCH         LINE#         535
  C:41F5H         LINE#         536
  C:4214H         LINE#         537
  C:4216H         LINE#         538
  C:4216H         LINE#         539
  C:422BH         LINE#         540
  C:4241H         LINE#         541
  C:4248H         LINE#         542
  C:4249H         LINE#         543
  C:4257H         LINE#         544
  C:4257H         LINE#         545
  C:4259H         LINE#         546
  C:425FH         LINE#         547
  C:4261H         LINE#         548
  C:4261H         LINE#         549
  C:4266H         LINE#         550
  C:426AH         LINE#         551
  -------         ENDPROC       _OLED_SHOWCHAR
  -------         PROC          _MYPOW
  X:04A7H         SYMBOL        m
  X:04A8H         SYMBOL        n
  -------         DO            
  X:04A9H         SYMBOL        result
  -------         ENDDO         
  C:5045H         LINE#         553
  C:504DH         LINE#         554
  C:504DH         LINE#         555
  C:5055H         LINE#         556
  C:507FH         LINE#         557
  C:508DH         LINE#         558
  -------         ENDPROC       _MYPOW
  -------         PROC          _OLED_SHOWNUM
  X:0493H         SYMBOL        x
BL51 BANKED LINKER/LOCATER V6.22                                                      04/23/2015  18:58:46  PAGE 32


  X:0494H         SYMBOL        y
  X:0495H         SYMBOL        num
  X:0499H         SYMBOL        len
  X:049AH         SYMBOL        size
  -------         DO            
  X:049BH         SYMBOL        t
  X:049CH         SYMBOL        temp
  X:049DH         SYMBOL        enshow
  -------         ENDDO         
  C:46B4H         LINE#         569
  C:46BCH         LINE#         570
  C:46BCH         LINE#         572
  C:46C1H         LINE#         573
  C:46D6H         LINE#         574
  C:46D6H         LINE#         575
  C:4707H         LINE#         576
  C:471AH         LINE#         577
  C:471AH         LINE#         578
  C:471EH         LINE#         579
  C:471EH         LINE#         580
  C:473DH         LINE#         581
  C:473FH         LINE#         582
  C:4745H         LINE#         584
  C:4745H         LINE#         585
  C:4771H         LINE#         586
  C:477AH         LINE#         587
  -------         ENDPROC       _OLED_SHOWNUM
  -------         PROC          L?0234
  -------         ENDPROC       L?0234
  -------         PROC          _OLED_SHOWSTRING
  X:044DH         SYMBOL        x
  X:044EH         SYMBOL        y
  X:044FH         SYMBOL        p
  X:0452H         SYMBOL        size
  X:0453H         SYMBOL        mode
  C:3E5DH         LINE#         595
  C:3E6EH         LINE#         596
  C:3E6EH         LINE#         598
  C:3E81H         LINE#         599
  C:3E81H         LINE#         600
  C:3E89H         LINE#         601
  C:3E89H         LINE#         602
  C:3E99H         LINE#         603
  C:3EA5H         LINE#         604
  C:3ECBH         LINE#         605
  C:3ED2H         LINE#         606
  C:3ED5H         LINE#         607
  C:3EDDH         LINE#         608
  C:3EDDH         LINE#         609
  C:3EEDH         LINE#         610
  C:3EF9H         LINE#         611
  C:3F13H         LINE#         612
  C:3F13H         LINE#         613
  C:3F15H         LINE#         615
  C:3F15H         LINE#         616
  C:3F25H         LINE#         617
  C:3F31H         LINE#         618
BL51 BANKED LINKER/LOCATER V6.22                                                      04/23/2015  18:58:46  PAGE 33


  C:3F57H         LINE#         619
  C:3F5EH         LINE#         620
  C:3F5EH         LINE#         621
  C:3F68H         LINE#         622
  C:3F6BH         LINE#         623
  -------         ENDPROC       _OLED_SHOWSTRING
  -------         PROC          _OLED_SHOWFONT16
  X:04ADH         SYMBOL        x
  D:0001H         SYMBOL        y
  X:04AFH         SYMBOL        fno
  X:04B0H         SYMBOL        mode
  -------         DO            
  X:04B1H         SYMBOL        temp
  D:0004H         SYMBOL        t
  D:0002H         SYMBOL        t1
  X:04B2H         SYMBOL        y0
  -------         ENDDO         
  C:4B7BH         LINE#         636
  C:4B87H         LINE#         637
  C:4B87H         LINE#         639
  C:4B8CH         LINE#         640
  C:4B8EH         LINE#         641
  C:4B8EH         LINE#         642
  C:4B92H         LINE#         643
  C:4BB4H         LINE#         644
  C:4BB6H         LINE#         645
  C:4BB6H         LINE#         646
  C:4BCBH         LINE#         647
  C:4BE1H         LINE#         648
  C:4BE8H         LINE#         649
  C:4BE9H         LINE#         650
  C:4BF3H         LINE#         651
  C:4BF3H         LINE#         652
  C:4BF5H         LINE#         653
  C:4BFBH         LINE#         654
  C:4BFDH         LINE#         655
  C:4BFDH         LINE#         656
  C:4C02H         LINE#         657
  C:4C08H         LINE#         658
  -------         ENDPROC       _OLED_SHOWFONT16
  -------         PROC          _OLED_DRAWBAR
  X:0436H         SYMBOL        x1
  X:0437H         SYMBOL        y1
  X:0438H         SYMBOL        x2
  X:0439H         SYMBOL        y2
  X:043AH         SYMBOL        t
  -------         DO            
  X:043BH         SYMBOL        i
  -------         ENDDO         
  C:4D12H         LINE#         663
  C:4D1DH         LINE#         664
  C:4D1DH         LINE#         666
  C:4D2EH         LINE#         667
  C:4D48H         LINE#         668
  C:4D48H         LINE#         669
  C:4D6AH         LINE#         670
  C:4D6DH         LINE#         671
BL51 BANKED LINKER/LOCATER V6.22                                                      04/23/2015  18:58:46  PAGE 34


  C:4D70H         LINE#         672
  C:4D73H         LINE#         673
  C:4D7BH         LINE#         674
  -------         ENDPROC       _OLED_DRAWBAR
  -------         PROC          _OLED_DRAWBMP
  D:0001H         SYMBOL        x
  D:0004H         SYMBOL        y
  X:0436H         SYMBOL        mode
  -------         DO            
  X:0437H         SYMBOL        temp
  X:0439H         SYMBOL        t
  X:043BH         SYMBOL        t1
  X:043DH         SYMBOL        y0
  -------         ENDDO         
  C:477BH         LINE#         679
  C:4784H         LINE#         680
  C:4784H         LINE#         682
  C:478EH         LINE#         683
  C:47A6H         LINE#         684
  C:47A6H         LINE#         685
  C:47BBH         LINE#         686
  C:47C2H         LINE#         687
  C:47C2H         LINE#         688
  C:47D4H         LINE#         689
  C:47E7H         LINE#         690
  C:47F4H         LINE#         691
  C:47F5H         LINE#         692
  C:480CH         LINE#         693
  C:480CH         LINE#         694
  C:480EH         LINE#         695
  C:480FH         LINE#         696
  C:4811H         LINE#         697
  C:4811H         LINE#         698
  C:482EH         LINE#         699
  C:483FH         LINE#         700
  -------         ENDPROC       _OLED_DRAWBMP
  -------         PROC          L?0233
  -------         ENDPROC       L?0233
  -------         PROC          _OLED_DRAWICON
  X:043AH         SYMBOL        x
  X:043BH         SYMBOL        y
  X:043CH         SYMBOL        mode
  X:043DH         SYMBOL        icon
  -------         DO            
  X:0440H         SYMBOL        temp
  X:0442H         SYMBOL        t
  X:0444H         SYMBOL        t1
  X:0446H         SYMBOL        y0
  -------         ENDDO         
  C:4091H         LINE#         706
  C:40A0H         LINE#         707
  C:40A0H         LINE#         709
  C:40A9H         LINE#         710
  C:40B0H         LINE#         711
  C:40B0H         LINE#         712
  C:40C7H         LINE#         713
  C:40D1H         LINE#         714
BL51 BANKED LINKER/LOCATER V6.22                                                      04/23/2015  18:58:46  PAGE 35


  C:40D8H         LINE#         715
  C:40D8H         LINE#         716
  C:40ECH         LINE#         717
  C:4101H         LINE#         718
  C:410EH         LINE#         719
  C:4114H         LINE#         720
  C:412BH         LINE#         721
  C:412BH         LINE#         722
  C:4130H         LINE#         723
  C:4136H         LINE#         724
  C:4138H         LINE#         725
  C:4138H         LINE#         726
  C:4155H         LINE#         727
  C:4175H         LINE#         728
  -------         ENDPROC       _OLED_DRAWICON
  -------         PROC          _DISP_MENU_MAIN
  X:0439H         SYMBOL        num
  C:4443H         LINE#         730
  C:4448H         LINE#         731
  C:4448H         LINE#         732
  C:445BH         LINE#         733
  C:446EH         LINE#         734
  C:4474H         LINE#         735
  C:4474H         LINE#         736
  C:448AH         LINE#         737
  C:448DH         LINE#         738
  C:449EH         LINE#         739
  C:44A1H         LINE#         740
  C:44ACH         LINE#         741
  C:44ACH         LINE#         742
  C:44C0H         LINE#         743
  C:44D6H         LINE#         744
  C:44E7H         LINE#         745
  C:44E9H         LINE#         747
  C:44E9H         LINE#         748
  C:44FDH         LINE#         749
  C:4500H         LINE#         750
  C:4516H         LINE#         751
  C:4516H         LINE#         753
  -------         ENDPROC       _DISP_MENU_MAIN
  -------         PROC          _DISP_MENU_1
  X:0439H         SYMBOL        num
  C:3F6CH         LINE#         754
[...]
  C:2B8CH         LINE#         867
  C:2B9CH         LINE#         868
  C:2BAAH         LINE#         869
  C:2BB9H         LINE#         870
  C:2BCEH         LINE#         871
  C:2BE5H         LINE#         872
  C:2C10H         LINE#         873
  C:2C28H         LINE#         875
  C:2C53H         LINE#         876
  C:2C79H         LINE#         878
  C:2C8FH         LINE#         879
  C:2CB5H         LINE#         881
  C:2CC5H         LINE#         882
  C:2CDCH         LINE#         883
  C:2D07H         LINE#         884
  C:2D2DH         LINE#         886
  C:2D58H         LINE#         887
  C:2D7EH         LINE#         889
  C:2D94H         LINE#         890
  C:2DBAH         LINE#         892
  C:2DC8H         LINE#         893
  C:2DDFH         LINE#         894
  C:2E0AH         LINE#         895
  C:2E30H         LINE#         897
  C:2E5BH         LINE#         898
  C:2E81H         LINE#         900
  C:2E97H         LINE#         901
  C:2EBDH         LINE#         903
  C:2EC3H         LINE#         904
  -------         ENDPROC       SHOWINFO
  -------         PROC          _CUTRUN
  X:0439H         SYMBOL        package
  -------         DO            
  X:043AH         SYMBOL        Done
  -------         ENDDO         
  C:3747H         LINE#         906
  C:374CH         LINE#         907
  C:374CH         LINE#         909
  C:374FH         LINE#         912
  C:3758H         LINE#         914
  C:376FH         LINE#         915
BL51 BANKED LINKER/LOCATER V6.22                                                      04/23/2015  18:58:46  PAGE 52


  C:37A1H         LINE#         916
  C:37CEH         LINE#         918
  C:3800H         LINE#         919
  C:382DH         LINE#         921
  C:385AH         LINE#         922
  C:3880H         LINE#         923
  C:3883H         LINE#         924
  C:3896H         LINE#         925
  C:389CH         LINE#         926
  C:389CH         LINE#         927
  C:38A9H         LINE#         928
  C:38A9H         LINE#         929
  C:38ABH         LINE#         930
  C:38B0H         LINE#         931
  C:38B8H         LINE#         932
  C:38B8H         LINE#         933
  C:38C5H         LINE#         934
  C:38C5H         LINE#         935
  C:38C7H         LINE#         936
  C:38CCH         LINE#         937
  C:38CFH         LINE#         938
  C:38CFH         LINE#         939
  C:38D1H         LINE#         940
  -------         ENDPROC       _CUTRUN
  -------         ENDMOD        CD4052

  -------         MODULE        ISR
  C:0000H         SYMBOL        _ICE_DUMMY_
  C:560AH         PUBLIC        DsDecode
  D:0080H         PUBLIC        P0
  D:00B2H         PUBLIC        P3M0
  D:0090H         PUBLIC        P1
  D:00B1H         PUBLIC        P3M1
  D:00A0H         PUBLIC        P2
  D:00B0H         PUBLIC        P3
  D:00C0H         PUBLIC        P4
  D:00C8H         PUBLIC        P5
  D:00A8H         PUBLIC        IE
  X:048DH         PUBLIC        Decodecnt
  D:00B8H         PUBLIC        IP
  B:00B0H.2       PUBLIC        INT0
  D:00D8H         PUBLIC        CCON
  C:558BH         PUBLIC        T0_isr
  D:0098H         PUBLIC        SCON
  C:426BH         PUBLIC        T1_isr
  B:00C0H.1       PUBLIC        P41
  D:0089H         PUBLIC        TMOD
  D:0088H         PUBLIC        TCON
  B:0080H.7       PUBLIC        P07
  B:00C0H.5       PUBLIC        P45
  B:00C8H.5       PUBLIC        P55
  B:00C0H.6       PUBLIC        P46
  C:56BBH         PUBLIC        timerInit
  B:00C0H.7       PUBLIC        P47
  D:00F0H         PUBLIC        B
  D:008EH         PUBLIC        AUXR
  D:00E0H         PUBLIC        ACC
BL51 BANKED LINKER/LOCATER V6.22                                                      04/23/2015  18:58:46  PAGE 53


  B:00A8H.1       PUBLIC        ET0
  B:00A8H.3       PUBLIC        ET1
  B:0088H.5       PUBLIC        TF0
  C:568BH         PUBLIC        Timer0Init
  B:0088H.7       PUBLIC        TF1
  C:38D2H         PUBLIC        INT0_isr
  C:5678H         PUBLIC        Timer1Init
  D:008CH         PUBLIC        TH0
  B:00A8H.0       PUBLIC        EX0
  B:0088H.0       PUBLIC        IT0
  D:008DH         PUBLIC        TH1
  D:008AH         PUBLIC        TL0
  D:008BH         PUBLIC        TL1
  B:0088H.4       PUBLIC        TR0
  B:0088H.6       PUBLIC        TR1
  X:048FH         PUBLIC        ReIRcode
  C:56EBH         PUBLIC        Int0Init
  D:00D0H         PUBLIC        PSW
  C:55C0H         PUBLIC        EnDecode
  -------         PROC          ENDECODE
  C:55C0H         LINE#         34
  C:55C0H         LINE#         35
  C:55C0H         LINE#         36
  C:55C2H         LINE#         37
  C:55C9H         LINE#         38
  C:55D1H         LINE#         39
  C:55D3H         LINE#         40
  C:55D5H         LINE#         41
  C:55D7H         LINE#         42
  C:55D9H         LINE#         44
  -------         ENDPROC       ENDECODE
  -------         PROC          DSDECODE
  C:560AH         LINE#         45
  C:560AH         LINE#         46
  C:560AH         LINE#         47
  C:560CH         LINE#         48
  C:560EH         LINE#         49
  C:5615H         LINE#         50
  C:561DH         LINE#         51
  C:561FH         LINE#         52
  C:5621H         LINE#         54
  -------         ENDPROC       DSDECODE
  -------         PROC          TIMER0INIT
  C:568BH         LINE#         55
  C:568BH         LINE#         56
  C:568BH         LINE#         57
  C:568DH         LINE#         58
  C:5690H         LINE#         59
  C:5693H         LINE#         60
  C:5696H         LINE#         61
  C:5699H         LINE#         62
  C:569BH         LINE#         63
  -------         ENDPROC       TIMER0INIT
  -------         PROC          TIMER1INIT
  C:5678H         LINE#         65
  C:5678H         LINE#         66
  C:5678H         LINE#         67
BL51 BANKED LINKER/LOCATER V6.22                                                      04/23/2015  18:58:46  PAGE 54


  C:567AH         LINE#         68
  C:567DH         LINE#         69
  C:5680H         LINE#         70
  C:5683H         LINE#         71
  C:5686H         LINE#         72
  C:5688H         LINE#         73
  C:568AH         LINE#         74
  -------         ENDPROC       TIMER1INIT
  -------         PROC          INT0INIT
  C:56EBH         LINE#         75
  C:56EBH         LINE#         76
  C:56EBH         LINE#         78
  C:56EEH         LINE#         79
  C:56F1H         LINE#         80
  C:56F3H         LINE#         81
  C:56F5H         LINE#         82
  -------         ENDPROC       INT0INIT
  -------         PROC          TIMERINIT
  C:56BBH         LINE#         84
  C:56BBH         LINE#         85
  C:56BBH         LINE#         86
  C:56BEH         LINE#         87
  C:56C1H         LINE#         88
  C:56C3H         LINE#         89
  C:56C6H         LINE#         90
  -------         ENDPROC       TIMERINIT
  -------         PROC          INT0_ISR
  -------         DO            
  X:047BH         SYMBOL        CountL
  X:047DH         SYMBOL        CountH
  X:047FH         SYMBOL        IR_BitCnt
  X:0480H         SYMBOL        sync
  X:0481H         SYMBOL        step
  X:0482H         SYMBOL        IR_tmp
  -------         ENDDO         
  C:38D2H         LINE#         92
  C:38EDH         LINE#         99
  C:38F6H         LINE#         100
  C:38F6H         LINE#         101
  C:38F9H         LINE#         102
  C:38F9H         LINE#         103
  C:38FEH         LINE#         104
  C:38FEH         LINE#         105
  C:3904H         LINE#         106
  C:3909H         LINE#         107
  C:390BH         LINE#         108
  C:3910H         LINE#         109
  C:3910H         LINE#         110
  C:3920H         LINE#         111
  C:3927H         LINE#         112
  C:392BH         LINE#         113
  C:3938H         LINE#         114
  C:3938H         LINE#         115
  C:3951H         LINE#         116
  C:3951H         LINE#         117
  C:3957H         LINE#         118
  C:395DH         LINE#         122
BL51 BANKED LINKER/LOCATER V6.22                                                      04/23/2015  18:58:46  PAGE 55


  C:395DH         LINE#         123
  C:395DH         LINE#         124
  C:395DH         LINE#         126
  C:395DH         LINE#         127
  C:3963H         LINE#         128
  C:3963H         LINE#         129
  C:396DH         LINE#         130
  C:396DH         LINE#         132
  C:3979H         LINE#         133
  C:3980H         LINE#         134
  C:3986H         LINE#         135
  C:3989H         LINE#         137
  C:3989H         LINE#         138
  C:398DH         LINE#         139
  C:3991H         LINE#         140
  C:3991H         LINE#         141
  C:3991H         LINE#         142
  C:3994H         LINE#         144
  C:3994H         LINE#         146
  C:3997H         LINE#         147
  C:3997H         LINE#         148
  C:39A7H         LINE#         149
  C:39AEH         LINE#         150
  C:39BAH         LINE#         151
  C:39BAH         LINE#         152
  C:39BDH         LINE#         153
  C:39C3H         LINE#         154
  C:39C3H         LINE#         155
  C:39D5H         LINE#         156
  C:39DCH         LINE#         157
  C:39F5H         LINE#         158
  C:3A02H         LINE#         159
  C:3A02H         LINE#         160
  C:3A19H         LINE#         161
  C:3A19H         LINE#         162
  C:3A21H         LINE#         163
  C:3A21H         LINE#         164
  C:3A35H         LINE#         165
  C:3A3FH         LINE#         166
  C:3A44H         LINE#         167
  C:3A44H         LINE#         168
  C:3A44H         LINE#         169
  C:3A44H         LINE#         171
  -------         ENDPROC       INT0_ISR
  -------         PROC          T0_ISR
  C:558BH         LINE#         174
  C:5591H         LINE#         176
  C:559FH         LINE#         177
  -------         ENDPROC       T0_ISR
  -------         PROC          T1_ISR
  -------         DO            
  X:0486H         SYMBOL        cnt
  X:0487H         SYMBOL        keycnt
  X:0488H         SYMBOL        beepcnt
  X:0489H         SYMBOL        popcnt
  X:048BH         SYMBOL        cutcnt
  -------         ENDDO         
BL51 BANKED LINKER/LOCATER V6.22                                                      04/23/2015  18:58:46  PAGE 56


  C:426BH         LINE#         180
  C:4288H         LINE#         185
  C:428EH         LINE#         186
  C:4294H         LINE#         187
  C:429AH         LINE#         188
  C:429AH         LINE#         189
  C:429CH         LINE#         190
  C:429EH         LINE#         191
  C:429EH         LINE#         192
  C:42A7H         LINE#         193
  C:42A7H         LINE#         194
  C:42AAH         LINE#         195
  C:42AFH         LINE#         196
  C:42AFH         LINE#         197
  C:42B6H         LINE#         198
  C:42B6H         LINE#         199
  C:42B8H         LINE#         200
  C:42C5H         LINE#         201
  C:42C5H         LINE#         202
  C:42C7H         LINE#         203
  C:42C9H         LINE#         204
  C:42CDH         LINE#         205
  C:42CDH         LINE#         206
  C:42CDH         LINE#         207
  C:42D4H         LINE#         208
  C:42D4H         LINE#         209
  C:42E9H         LINE#         210
  C:42E9H         LINE#         211
  C:42EBH         LINE#         212
  C:42EDH         LINE#         213
  C:42F2H         LINE#         214
  C:42F8H         LINE#         215
  C:42F8H         LINE#         216
  C:42F8H         LINE#         217
  C:42FFH         LINE#         218
  C:42FFH         LINE#         219
  C:431BH         LINE#         220
  C:431BH         LINE#         221
  C:4322H         LINE#         222
  C:4326H         LINE#         223
  C:4338H         LINE#         224
  C:433BH         LINE#         225
  C:433EH         LINE#         226
  C:433EH         LINE#         227
  C:433EH         LINE#         228
  -------         ENDPROC       T1_ISR
  -------         ENDMOD        ISR

  -------         MODULE        KEY
  C:0000H         SYMBOL        _ICE_DUMMY_
  D:0080H         PUBLIC        P0
  D:0090H         PUBLIC        P1
  D:00A0H         PUBLIC        P2
  D:00B0H         PUBLIC        P3
  D:00C0H         PUBLIC        P4
  D:00C8H         PUBLIC        P5
  C:5466H         PUBLIC        _CheckKey
BL51 BANKED LINKER/LOCATER V6.22                                                      04/23/2015  18:58:46  PAGE 57


  D:00A8H         PUBLIC        IE
  D:00B8H         PUBLIC        IP
  X:04CAH         PUBLIC        Key_back
  D:00D8H         PUBLIC        CCON
  X:04CBH         PUBLIC        keyCounter
  C:4AE5H         PUBLIC        KeyScan
  B:00A0H.0       PUBLIC        P20
  D:0098H         PUBLIC        SCON
  D:0088H         PUBLIC        TCON
  B:00C0H.2       PUBLIC        P42
  B:00C0H.3       PUBLIC        P43
  B:00C0H.4       PUBLIC        P44
  B:00B0H.7       PUBLIC        P37
  D:00F0H         PUBLIC        B
  D:00E0H         PUBLIC        ACC
  X:04CCH         PUBLIC        Key_change
  D:00D0H         PUBLIC        PSW
  -------         PROC          _CHECKKEY
  D:0001H         SYMBOL        flag
  C:5466H         LINE#         10
  C:5466H         LINE#         11
  C:5466H         LINE#         13
  C:5469H         LINE#         14
  C:5469H         LINE#         15
  C:546BH         LINE#         16
  C:546DH         LINE#         17
  C:5470H         LINE#         18
  C:5470H         LINE#         19
  C:5472H         LINE#         20
  C:5474H         LINE#         21
  C:5477H         LINE#         22
  C:5477H         LINE#         23
  C:5479H         LINE#         24
  C:547BH         LINE#         25
  C:547EH         LINE#         26
  C:547EH         LINE#         27
  C:5480H         LINE#         28
  C:5482H         LINE#         29
  C:5485H         LINE#         30
  C:5485H         LINE#         31
  C:5487H         LINE#         32
  C:5489H         LINE#         34
  C:548EH         LINE#         35
  -------         ENDPROC       _CHECKKEY
  -------         PROC          KEYSCAN
  -------         DO            
  X:04C9H         SYMBOL        keyValue
  X:0435H         SYMBOL        keyTmp
  D:0007H         SYMBOL        key_return
  -------         ENDDO         
  C:4AE5H         LINE#         42
  C:4AE5H         LINE#         43
  C:4AE5H         LINE#         45
  C:4AEBH         LINE#         46
  C:4AECH         LINE#         47
  C:4AF5H         LINE#         48
  C:4AFDH         LINE#         49
BL51 BANKED LINKER/LOCATER V6.22                                                      04/23/2015  18:58:46  PAGE 58


  C:4AFDH         LINE#         50
  C:4B07H         LINE#         51
  C:4B07H         LINE#         52
  C:4B0EH         LINE#         53
  C:4B10H         LINE#         54
  C:4B16H         LINE#         55
  C:4B16H         LINE#         56
  C:4B1DH         LINE#         57
  C:4B1DH         LINE#         59
  C:4B22H         LINE#         60
  C:4B27H         LINE#         61
  C:4B29H         LINE#         62
  C:4B36H         LINE#         63
  C:4B36H         LINE#         64
  C:4B3BH         LINE#         65
  C:4B40H         LINE#         66
  C:4B43H         LINE#         67
  C:4B45H         LINE#         69
  C:4B45H         LINE#         70
  C:4B4BH         LINE#         71
  C:4B50H         LINE#         72
  C:4B50H         LINE#         73
  C:4B52H         LINE#         74
  C:4B54H         LINE#         75
  C:4B58H         LINE#         76
  C:4B58H         LINE#         77
  C:4B5FH         LINE#         78
  C:4B61H         LINE#         79
  C:4B68H         LINE#         80
  C:4B68H         LINE#         81
  C:4B6FH         LINE#         82
  C:4B75H         LINE#         83
  C:4B75H         LINE#         85
  C:4B75H         LINE#         89
  C:4B7AH         LINE#         92
  -------         ENDPROC       KEYSCAN
  -------         ENDMOD        KEY

  -------         MODULE        ?C?COPY
  C:2875H         PUBLIC        ?C?COPY
  -------         ENDMOD        ?C?COPY

  -------         MODULE        ?C?CLDPTR
  C:289BH         PUBLIC        ?C?CLDPTR
  -------         ENDMOD        ?C?CLDPTR

  -------         MODULE        ?C?CLDOPTR
  C:28B4H         PUBLIC        ?C?CLDOPTR
  -------         ENDMOD        ?C?CLDOPTR

  -------         MODULE        ?C?CSTPTR
  C:28E1H         PUBLIC        ?C?CSTPTR
  -------         ENDMOD        ?C?CSTPTR

  -------         MODULE        ?C?IMUL
  C:28F3H         PUBLIC        ?C?IMUL
  -------         ENDMOD        ?C?IMUL
BL51 BANKED LINKER/LOCATER V6.22                                                      04/23/2015  18:58:46  PAGE 59



  -------         MODULE        ?C?IILDX
  C:2905H         PUBLIC        ?C?IILDX
  -------         ENDMOD        ?C?IILDX

  -------         MODULE        ?C?ILDIX
  C:291BH         PUBLIC        ?C?ILDIX
  -------         ENDMOD        ?C?ILDIX

  -------         MODULE        ?C?LMUL
  C:2931H         PUBLIC        ?C?LMUL
  -------         ENDMOD        ?C?LMUL

  -------         MODULE        ?C?ULDIV
  C:29BCH         PUBLIC        ?C?ULDIV
  -------         ENDMOD        ?C?ULDIV

  -------         MODULE        ?C?ULCMP
  C:2A4EH         PUBLIC        ?C?ULCMP
  -------         ENDMOD        ?C?ULCMP

  -------         MODULE        ?C?ULSHR
  C:2A5FH         PUBLIC        ?C?ULSHR
  -------         ENDMOD        ?C?ULSHR

  -------         MODULE        ?C?LSHL
  C:2A72H         PUBLIC        ?C?LSHL
  -------         ENDMOD        ?C?LSHL

  -------         MODULE        ?C?LSTXDATA
  C:2A85H         PUBLIC        ?C?LSTXDATA
  -------         ENDMOD        ?C?LSTXDATA

  -------         MODULE        ?C?LSTKXDATA
  C:2A91H         PUBLIC        ?C?LSTKXDATA
  -------         ENDMOD        ?C?LSTKXDATA

  -------         MODULE        ?C?PLDOPTR
  C:2AC2H         PUBLIC        ?C?PLDOPTR
  -------         ENDMOD        ?C?PLDOPTR

  -------         MODULE        ?C?LIMUL
  C:2AF2H         PUBLIC        ?C?LIMUL
  -------         ENDMOD        ?C?LIMUL

  -------         MODULE        ?C?PLDIDATA
  C:2B1FH         PUBLIC        ?C?PLDIDATA
  -------         ENDMOD        ?C?PLDIDATA

  -------         MODULE        ?C?PLDXDATA
  C:2B28H         PUBLIC        ?C?PLDXDATA
  -------         ENDMOD        ?C?PLDXDATA

  -------         MODULE        ?C?PLDPDATA
  C:2B31H         PUBLIC        ?C?PLDPDATA
  -------         ENDMOD        ?C?PLDPDATA

BL51 BANKED LINKER/LOCATER V6.22                                                      04/23/2015  18:58:46  PAGE 60


  -------         MODULE        ?C?PLDCODE
  C:2B3AH         PUBLIC        ?C?PLDCODE
  -------         ENDMOD        ?C?PLDCODE

*** WARNING L16: UNCALLED SEGMENT, IGNORED FOR OVERLAY PROCESS
    SEGMENT: ?PR?INITADDNO?MAIN

*** WARNING L16: UNCALLED SEGMENT, IGNORED FOR OVERLAY PROCESS
    SEGMENT: ?PR?LOOKINFO?MAIN

*** WARNING L16: UNCALLED SEGMENT, IGNORED FOR OVERLAY PROCESS
    SEGMENT: ?PR?_AT24C02_RD?24C02

*** WARNING L16: UNCALLED SEGMENT, IGNORED FOR OVERLAY PROCESS
    SEGMENT: ?PR?_OLED_DRAW_SQUARE?OLED

*** WARNING L16: UNCALLED SEGMENT, IGNORED FOR OVERLAY PROCESS
    SEGMENT: ?PR?_OLED_DRAW_SQUAREFILL?OLED

*** WARNING L16: UNCALLED SEGMENT, IGNORED FOR OVERLAY PROCESS
    SEGMENT: ?PR?_OLED_DRAW_LINES?OLED

*** WARNING L16: UNCALLED SEGMENT, IGNORED FOR OVERLAY PROCESS
    SEGMENT: ?PR?_OLED_DRAWCIRCLE?OLED

*** WARNING L16: UNCALLED SEGMENT, IGNORED FOR OVERLAY PROCESS
    SEGMENT: ?PR?_OLED_FILL?OLED

*** WARNING L16: UNCALLED SEGMENT, IGNORED FOR OVERLAY PROCESS
    SEGMENT: ?PR?_OLED_SHOWNUM?OLED

*** WARNING L16: UNCALLED SEGMENT, IGNORED FOR OVERLAY PROCESS
    SEGMENT: ?PR?_OLED_SHOWFONT16?OLED

*** WARNING L16: UNCALLED SEGMENT, IGNORED FOR OVERLAY PROCESS
    SEGMENT: ?PR?INIT595?_595

Program Size: data=9.2 xdata=1229 code=22278
LINK/LOCATE RUN COMPLETE.  11 WARNING(S),  0 ERROR(S)
