BL51 BANKED LINKER/LOCATER V6.22                                                        04/22/2015  18:31:49  PAGE 1


BL51 BANKED LINKER/LOCATER V6.22, INVOKED BY:
C:\KEIL\C51\BIN\BL51.EXE .\output\main.obj, .\output\24c02.obj, .\output\oled.obj, .\output\Uart.obj, .\output\_595.obj,
>>  .\output\cd4052.obj, .\output\isr.obj, .\output\Key.obj TO .\output\BurnCob PRINT (.\list\BurnCob.m51) RAMSIZE (256)
>> 


MEMORY MODEL: LARGE


INPUT MODULES INCLUDED:
  .\output\main.obj (MAIN)
  .\output\24c02.obj (24C02)
  .\output\oled.obj (OLED)
  .\output\Uart.obj (UART)
  .\output\_595.obj (_595)
  .\output\cd4052.obj (CD4052)
  .\output\isr.obj (ISR)
  .\output\Key.obj (KEY)
  C:\KEIL\C51\LIB\C51L.LIB (?C_STARTUP)
  C:\KEIL\C51\LIB\C51L.LIB (?C?COPY)
  C:\KEIL\C51\LIB\C51L.LIB (?C?CLDPTR)
  C:\KEIL\C51\LIB\C51L.LIB (?C?CLDOPTR)
  C:\KEIL\C51\LIB\C51L.LIB (?C?CSTPTR)
  C:\KEIL\C51\LIB\C51L.LIB (?C?IMUL)
  C:\KEIL\C51\LIB\C51L.LIB (?C?UIDIV)
  C:\KEIL\C51\LIB\C51L.LIB (?C?IILDX)
  C:\KEIL\C51\LIB\C51L.LIB (?C?ILDIX)
  C:\KEIL\C51\LIB\C51L.LIB (?C?LMUL)
  C:\KEIL\C51\LIB\C51L.LIB (?C?ULDIV)
  C:\KEIL\C51\LIB\C51L.LIB (?C?ULCMP)
  C:\KEIL\C51\LIB\C51L.LIB (?C?ULSHR)
  C:\KEIL\C51\LIB\C51L.LIB (?C?LSTXDATA)
  C:\KEIL\C51\LIB\C51L.LIB (?C?LSTKXDATA)
  C:\KEIL\C51\LIB\C51L.LIB (?C?PLDOPTR)
  C:\KEIL\C51\LIB\C51L.LIB (?C?LIMUL)
  C:\KEIL\C51\LIB\C51L.LIB (?C_INIT)
  C:\KEIL\C51\LIB\C51L.LIB (?C?PLDIDATA)
  C:\KEIL\C51\LIB\C51L.LIB (?C?PLDXDATA)
  C:\KEIL\C51\LIB\C51L.LIB (?C?PLDPDATA)
  C:\KEIL\C51\LIB\C51L.LIB (?C?PLDCODE)


LINK MAP OF MODULE:  .\output\BurnCob (MAIN)


            TYPE    BASE      LENGTH    RELOCATION   SEGMENT NAME
            -----------------------------------------------------

            * * * * * * *   D A T A   M E M O R Y   * * * * * * *
            REG     0000H     0008H     ABSOLUTE     "REG BANK 0"
                    0008H     0018H                  *** GAP ***
            BIT     0020H.0   0000H.1   UNIT         ?BI?24C02
            BIT     0020H.1   0000H.1   UNIT         _BIT_GROUP_
                    0020H.2   0000H.6                *** GAP ***
            IDATA   0021H     0001H     UNIT         ?STACK

            * * * * * * *  X D A T A   M E M O R Y  * * * * * * *
            XDATA   0000H     0400H     UNIT         ?XD?OLED
BL51 BANKED LINKER/LOCATER V6.22                                                      04/22/2015  18:31:49  PAGE 2


            XDATA   0400H     0034H     UNIT         ?XD?CD4052
            XDATA   0434H     0029H     UNIT         _XDATA_GROUP_
            XDATA   045DH     001EH     UNIT         ?XD?MAIN
            XDATA   047BH     0015H     UNIT         ?XD?ISR
            XDATA   0490H     000BH     UNIT         ?XD?_OLED_SHOWNUM?OLED
            XDATA   049BH     0009H     UNIT         ?XD?_OLED_DRAW_LINES?OLED
            XDATA   04A4H     0006H     UNIT         ?XD?_MYPOW?OLED
            XDATA   04AAH     0006H     UNIT         ?XD?_OLED_SHOWFONT16?OLED
            XDATA   04B0H     0005H     UNIT         ?XD?_OLED_DRAWCIRCLE?OLED
            XDATA   04B5H     0005H     UNIT         ?XD?_OLED_FILL?OLED
            XDATA   04BAH     0004H     UNIT         ?XD?INITADDNO?MAIN
            XDATA   04BEH     0004H     UNIT         ?XD?_OLED_DRAW_SQUARE?OLED
            XDATA   04C2H     0004H     UNIT         ?XD?_OLED_DRAW_SQUAREFILL?OLED
            XDATA   04C6H     0004H     UNIT         ?XD?KEY

            * * * * * * *   C O D E   M E M O R Y   * * * * * * *
            CODE    0000H     0003H     ABSOLUTE     
            CODE    0003H     0003H     ABSOLUTE     
            CODE    0006H     0001H     UNIT         ?PR?LOOKINFO?MAIN
                    0007H     0004H                  *** GAP ***
            CODE    000BH     0003H     ABSOLUTE     
            CODE    000EH     000DH     UNIT         ?PR?DELAY_5US?24C02
            CODE    001BH     0003H     ABSOLUTE     
                    001EH     0005H                  *** GAP ***
            CODE    0023H     0003H     ABSOLUTE     
            CODE    0026H     12F3H     UNIT         ?CO?OLED
            CODE    1319H     0BD4H     UNIT         ?PR?_OLED_SHOWADD?OLED
            CODE    1EEDH     0484H     UNIT         ?PR?COMPAREADD?CD4052
            CODE    2371H     0432H     UNIT         ?PR?_OLED_DRAW_WINDOWSDRAW?OLED
            CODE    27A3H     03E3H     UNIT         ?C?LIB_CODE
            CODE    2B86H     034EH     UNIT         ?PR?SHOWINFO?CD4052
            CODE    2ED4H     0319H     UNIT         ?PR?BURNCHECK?CD4052
            CODE    31EDH     01F7H     UNIT         ?CO?MAIN
            CODE    33E4H     01C7H     UNIT         ?PR?CUT_MODE?MAIN
            CODE    35ABH     01B5H     UNIT         ?PR?GETPADRES?CD4052
            CODE    3760H     0195H     UNIT         ?PR?INT0_ISR?ISR
            CODE    38F5H     018BH     UNIT         ?PR?_CUTRUN?CD4052
            CODE    3A80H     0166H     UNIT         ?PR?_OLED_DRAWLINE?OLED
            CODE    3BE6H     0143H     UNIT         ?PR?_PNMASK?CD4052
            CODE    3D29H     0123H     UNIT         ?PR?_OLED_SHOWSTRING?OLED
            CODE    3E4CH     0111H     UNIT         ?PR?_DISP_MENU_1?OLED
            CODE    3F5DH     00F9H     UNIT         ?PR?_OLED_DRAWICON?OLED
            CODE    4056H     00F5H     UNIT         ?PR?_OLED_SHOWCHAR?OLED
            CODE    414BH     00EAH     UNIT         ?PR?_OLED_DRAW_LINES?OLED
            CODE    4235H     00E1H     UNIT         ?PR?T1_ISR?ISR
            CODE    4316H     00D4H     UNIT         ?PR?_DISP_MENU_MAIN?OLED
            CODE    43EAH     00D0H     UNIT         ?PR?RST_MODE?MAIN
            CODE    44BAH     00CDH     UNIT         ?PR?SET_MODE?MAIN
            CODE    4587H     00C7H     UNIT         ?PR?_OLED_SHOWNUM?OLED
            CODE    464EH     00C5H     UNIT         ?PR?_OLED_DRAWBMP?OLED
            CODE    4713H     00B4H     UNIT         ?PR?OLED_INIT?OLED
            CODE    47C7H     00A9H     UNIT         ?PR?_OLED_DRAWCIRCLE?OLED
            CODE    4870H     00A7H     UNIT         ?PR?_OLED_DRAWPOINT?OLED
            CODE    4917H     00A1H     UNIT         ?PR?_OLED_DRAW_RECTANGLEFILL?OLED
            CODE    49B8H     0096H     UNIT         ?PR?KEYSCAN?KEY
            CODE    4A4EH     008EH     UNIT         ?PR?_OLED_SHOWFONT16?OLED
            CODE    4ADCH     008CH     UNIT         ?C_C51STARTUP
BL51 BANKED LINKER/LOCATER V6.22                                                      04/22/2015  18:31:49  PAGE 3


            CODE    4B68H     007DH     UNIT         ?PR?_GET_PKG_CNT?24C02
            CODE    4BE5H     0063H     UNIT         ?PR?PRINTINFO?MAIN
            CODE    4C48H     0062H     UNIT         ?PR?_UART_BAUDSET?UART
            CODE    4CAAH     005EH     UNIT         ?PR?INITADDNO?MAIN
            CODE    4D08H     005EH     UNIT         ?PR?_OLED_DRAWRECTANGLE?OLED
            CODE    4D66H     0053H     UNIT         ?PR?_INIT_WINDOWS?MAIN
            CODE    4DB9H     0050H     UNIT         ?PR?_OLED_DRAW_SQUARE?OLED
            CODE    4E09H     0050H     UNIT         ?PR?_OLED_DRAW_SQUAREFILL?OLED
            CODE    4E59H     0049H     UNIT         ?PR?_MYPOW?OLED
            CODE    4EA2H     0045H     UNIT         ?PR?_GET_PKG_ADD?24C02
            CODE    4EE7H     0042H     UNIT         ?PR?OLED_REFRESH_GRAM?OLED
            CODE    4F29H     003FH     UNIT         ?PR?_AT24C02_RDDAT?24C02
            CODE    4F68H     003CH     UNIT         ?PR?SYSINIT?MAIN
            CODE    4FA4H     003CH     UNIT         ?PR?_I2C_SENTBYTE?24C02
            CODE    4FE0H     0036H     UNIT         ?PR?MAIN?MAIN
            CODE    5016H     0034H     UNIT         ?PR?_OLED_DRAW_HLINE?OLED
            CODE    504AH     0033H     UNIT         ?PR?_SEND_STRING?UART
            CODE    507DH     0031H     UNIT         ?PR?OLED_CLEAR?OLED
            CODE    50AEH     0031H     UNIT         ?PR?_ADC2RES?CD4052
            CODE    50DFH     0031H     UNIT         ?CO?CD4052
            CODE    5110H     0030H     UNIT         ?PR?_OLED_FILL?OLED
            CODE    5140H     002EH     UNIT         ?PR?_I2C_RCVBYTE?24C02
            CODE    516EH     002CH     UNIT         ?PR?_BYTEMIRRO?OLED
            CODE    519AH     002AH     UNIT         ?PR?_AT24C02_WRDAT?24C02
            CODE    51C4H     0029H     UNIT         ?PR?_OLED_WR_BYTE?OLED
            CODE    51EDH     0029H     UNIT         ?PR?_HEX2DAT?CD4052
            CODE    5216H     0029H     UNIT         ?PR?_CHECKKEY?KEY
            CODE    523FH     0028H     UNIT         ?PR?IOINIT?MAIN
            CODE    5267H     0028H     UNIT         ?C_INITSEG
            CODE    528FH     0026H     UNIT         ?PR?_STARTCUT?CD4052
            CODE    52B5H     0024H     UNIT         ?PR?_OLED_DRAW_RLINE?OLED
            CODE    52D9H     0023H     UNIT         ?PR?_GETADCRESULT?CD4052
            CODE    52FCH     0020H     UNIT         ?PR?_OLED_SET_POS?OLED
            CODE    531CH     001FH     UNIT         ?PR?I2C_START?24C02
            CODE    533BH     001CH     UNIT         ?PR?_COBCUTING?CD4052
            CODE    5357H     001BH     UNIT         ?PR?_PRINTF_U8?UART
            CODE    5372H     001BH     UNIT         ?PR?_STORGE595?_595
            CODE    538DH     001BH     UNIT         ?PR?T0_ISR?ISR
            CODE    53A8H     001AH     UNIT         ?PR?_DELAY_MS?OLED
            CODE    53C2H     0018H     UNIT         ?PR?_AT24C02_RD?24C02
            CODE    53DAH     0018H     UNIT         ?PR?UART1_INTERRUPT?UART
            CODE    53F2H     0018H     UNIT         ?PR?ENDECODE?ISR
            CODE    540AH     0017H     UNIT         ?PR?_AT24C02_WR?24C02
            CODE    5421H     0017H     UNIT         ?PR?_PUT_CHAR?UART
            CODE    5438H     0016H     UNIT         ?PR?DSDECODE?ISR
            CODE    544EH     0014H     UNIT         ?PR?_GET_HEX_DATA?UART
            CODE    5462H     0014H     UNIT         ?PR?_WRITE595?_595
            CODE    5476H     0013H     UNIT         ?PR?TIMER1INIT?ISR
            CODE    5489H     0011H     UNIT         ?PR?OLEDINIT?MAIN
            CODE    549AH     0011H     UNIT         ?PR?TIMER0INIT?ISR
            CODE    54ABH     0010H     UNIT         ?PR?I2C_STOP?24C02
            CODE    54BBH     000FH     UNIT         ?PR?FLUSH_24C02?24C02
            CODE    54CAH     000CH     UNIT         ?PR?INITADC?CD4052
            CODE    54D6H     000BH     UNIT         ?PR?DELAY_10MS?24C02
            CODE    54E1H     000BH     UNIT         ?PR?UARTINIT?UART
            CODE    54ECH     000BH     UNIT         ?PR?INT0INIT?ISR
            CODE    54F7H     0009H     UNIT         ?PR?INIT595?_595
BL51 BANKED LINKER/LOCATER V6.22                                                      04/22/2015  18:31:49  PAGE 4


            CODE    5500H     0009H     UNIT         ?PR?TIMERINIT?ISR
            CODE    5509H     0008H     UNIT         ?PR?DELAY_10US?24C02
            CODE    5511H     0008H     UNIT         ?PR?_PUT_BYTE?UART



OVERLAY MAP OF MODULE:   .\output\BurnCob (MAIN)


SEGMENT                                      BIT_GROUP          XDATA_GROUP
  +--> CALLED SEGMENT                     START    LENGTH     START    LENGTH
-----------------------------------------------------------------------------
?PR?UART1_INTERRUPT?UART                  -----    -----      0434H    0001H

*** NEW ROOT ***************************************************

?PR?T1_ISR?ISR                            -----    -----      -----    -----
  +--> ?PR?KEYSCAN?KEY
  +--> ?PR?OLED_REFRESH_GRAM?OLED

?PR?KEYSCAN?KEY                           -----    -----      0435H    0001H
  +--> ?PR?_CHECKKEY?KEY

?PR?OLED_REFRESH_GRAM?OLED                -----    -----      -----    -----
  +--> ?PR?_OLED_WR_BYTE?OLED

*** NEW ROOT ***************************************************

?C_C51STARTUP                             -----    -----      -----    -----
  +--> ?PR?MAIN?MAIN
  +--> ?C_INITSEG

?PR?MAIN?MAIN                             -----    -----      -----    -----
  +--> ?PR?SYSINIT?MAIN
  +--> ?PR?PRINTINFO?MAIN
  +--> ?PR?OLED_CLEAR?OLED
  +--> ?PR?SET_MODE?MAIN
  +--> ?PR?CUT_MODE?MAIN
  +--> ?PR?RST_MODE?MAIN

?PR?SYSINIT?MAIN                          -----    -----      -----    -----
  +--> ?PR?IOINIT?MAIN
  +--> ?PR?INITADC?CD4052
  +--> ?PR?UARTINIT?UART
  +--> ?PR?OLEDINIT?MAIN
  +--> ?PR?TIMERINIT?ISR

?PR?UARTINIT?UART                         -----    -----      -----    -----
  +--> ?PR?_UART_BAUDSET?UART

?PR?_UART_BAUDSET?UART                    -----    -----      0436H    0004H

?PR?OLEDINIT?MAIN                         -----    -----      -----    -----
  +--> ?PR?OLED_INIT?OLED
  +--> ?PR?OLED_CLEAR?OLED
  +--> ?PR?_OLED_DRAWBMP?OLED
  +--> ?PR?OLED_REFRESH_GRAM?OLED
BL51 BANKED LINKER/LOCATER V6.22                                                      04/22/2015  18:31:49  PAGE 5



?PR?OLED_INIT?OLED                        -----    -----      -----    -----
  +--> ?PR?_DELAY_MS?OLED
  +--> ?PR?_OLED_WR_BYTE?OLED
  +--> ?PR?OLED_CLEAR?OLED
  +--> ?PR?_OLED_SET_POS?OLED

?PR?_OLED_SET_POS?OLED                    -----    -----      -----    -----
  +--> ?PR?_OLED_WR_BYTE?OLED

?PR?_OLED_DRAWBMP?OLED                    -----    -----      0436H    0009H
  +--> ?CO?OLED
  +--> ?PR?_OLED_DRAWPOINT?OLED

?PR?_OLED_DRAWPOINT?OLED                  -----    -----      045BH    0002H

?PR?TIMERINIT?ISR                         -----    -----      -----    -----
  +--> ?PR?TIMER0INIT?ISR
  +--> ?PR?TIMER1INIT?ISR

?PR?PRINTINFO?MAIN                        -----    -----      -----    -----
  +--> ?CO?MAIN
  +--> ?PR?_SEND_STRING?UART

?PR?_SEND_STRING?UART                     -----    -----      0436H    0003H
  +--> ?PR?_PUT_CHAR?UART

?PR?_PUT_CHAR?UART                        -----    -----      -----    -----
  +--> ?PR?_PUT_BYTE?UART

?PR?SET_MODE?MAIN                         -----    -----      0436H    0002H
  +--> ?PR?_DISP_MENU_MAIN?OLED
  +--> ?CO?MAIN
  +--> ?PR?_INIT_WINDOWS?MAIN
  +--> ?PR?_OLED_DRAW_WINDOWSDRAW?OLED
  +--> ?PR?OLED_REFRESH_GRAM?OLED

?PR?_DISP_MENU_MAIN?OLED                  -----    -----      0439H    0001H
  +--> ?PR?_OLED_SHOWCHAR?OLED
  +--> ?CO?OLED
  +--> ?PR?_OLED_DRAWICON?OLED

?PR?_OLED_SHOWCHAR?OLED                   -----    -----      0454H    0007H
  +--> ?CO?OLED
  +--> ?PR?_BYTEMIRRO?OLED
  +--> ?PR?_OLED_DRAWPOINT?OLED

?PR?_OLED_DRAWICON?OLED                   -----    -----      043AH    000EH
  +--> ?CO?OLED
  +--> ?PR?_OLED_DRAWPOINT?OLED

?PR?_INIT_WINDOWS?MAIN                    -----    -----      043FH    000DH

?PR?_OLED_DRAW_WINDOWSDRAW?OLED           -----    -----      043FH    0009H
  +--> ?PR?_OLED_DRAW_RECTANGLEFILL?OLED
  +--> ?PR?_OLED_DRAWRECTANGLE?OLED
  +--> ?PR?_OLED_DRAW_HLINE?OLED
BL51 BANKED LINKER/LOCATER V6.22                                                      04/22/2015  18:31:49  PAGE 6


  +--> ?PR?_OLED_DRAW_RLINE?OLED
  +--> ?PR?_OLED_DRAWLINE?OLED
  +--> ?PR?_OLED_SHOWCHAR?OLED

?PR?_OLED_DRAW_RECTANGLEFILL?OLED         -----    -----      0448H    0006H
  +--> ?PR?_OLED_DRAW_HLINE?OLED

?PR?_OLED_DRAW_HLINE?OLED                 -----    -----      044EH    0004H
  +--> ?PR?_OLED_DRAWPOINT?OLED

?PR?_OLED_DRAWRECTANGLE?OLED              -----    -----      0448H    0005H
  +--> ?PR?_OLED_DRAW_HLINE?OLED
  +--> ?PR?_OLED_DRAW_RLINE?OLED

?PR?_OLED_DRAW_RLINE?OLED                 -----    -----      044DH    0004H
  +--> ?PR?_OLED_DRAWPOINT?OLED

?PR?_OLED_DRAWLINE?OLED                   -----    -----      044DH    000BH
  +--> ?PR?_OLED_DRAWPOINT?OLED

?PR?CUT_MODE?MAIN                         -----    -----      0436H    0003H
  +--> ?PR?_DISP_MENU_MAIN?OLED
  +--> ?PR?_DISP_MENU_1?OLED
  +--> ?PR?OLED_REFRESH_GRAM?OLED
  +--> ?PR?OLED_CLEAR?OLED
  +--> ?CO?MAIN
  +--> ?PR?_INIT_WINDOWS?MAIN
  +--> ?PR?_OLED_DRAW_WINDOWSDRAW?OLED
  +--> ?PR?_CUTRUN?CD4052

?PR?_DISP_MENU_1?OLED                     -----    -----      0439H    0001H
  +--> ?CO?OLED
  +--> ?PR?_OLED_SHOWSTRING?OLED

?PR?_OLED_SHOWSTRING?OLED                 -----    -----      044DH    0007H
  +--> ?CO?OLED
  +--> ?PR?OLED_CLEAR?OLED
  +--> ?PR?_OLED_SHOWCHAR?OLED

?PR?_CUTRUN?CD4052                        -----    -----      0439H    0002H
  +--> ?PR?_GET_PKG_ADD?24C02
  +--> ?CO?CD4052
  +--> ?PR?_OLED_SHOWSTRING?OLED
  +--> ?PR?_HEX2DAT?CD4052
  +--> ?PR?_OLED_SHOWCHAR?OLED
  +--> ?PR?OLED_REFRESH_GRAM?OLED
  +--> ?PR?_STARTCUT?CD4052
  +--> ?PR?SHOWINFO?CD4052

?PR?_GET_PKG_ADD?24C02                    -----    -----      043FH    0005H
  +--> ?PR?_AT24C02_RDDAT?24C02

?PR?_AT24C02_RDDAT?24C02                  -----    -----      0444H    0005H
  +--> ?PR?_I2C_SENTBYTE?24C02
  +--> ?PR?I2C_START?24C02
  +--> ?PR?_I2C_RCVBYTE?24C02
  +--> ?PR?I2C_STOP?24C02
BL51 BANKED LINKER/LOCATER V6.22                                                      04/22/2015  18:31:49  PAGE 7



?PR?_I2C_SENTBYTE?24C02                   -----    -----      -----    -----
  +--> ?PR?I2C_START?24C02
  +--> ?PR?DELAY_5US?24C02

?PR?I2C_START?24C02                       -----    -----      -----    -----
  +--> ?PR?DELAY_10US?24C02

?PR?_I2C_RCVBYTE?24C02                    -----    -----      -----    -----
  +--> ?PR?DELAY_5US?24C02

?PR?I2C_STOP?24C02                        -----    -----      -----    -----
  +--> ?PR?DELAY_10US?24C02

?PR?_STARTCUT?CD4052                      -----    -----      -----    -----
  +--> ?PR?_PNMASK?CD4052
  +--> ?PR?_COBCUTING?CD4052
  +--> ?PR?GETPADRES?CD4052
  +--> ?PR?OLED_CLEAR?OLED
  +--> ?PR?COMPAREADD?CD4052

?PR?_COBCUTING?CD4052                     -----    -----      043BH    0004H
  +--> ?PR?_STORGE595?_595

?PR?_STORGE595?_595                       -----    -----      -----    -----
  +--> ?PR?_WRITE595?_595

?PR?GETPADRES?CD4052                      -----    -----      -----    -----
  +--> ?PR?_ADC2RES?CD4052
  +--> ?PR?_GETADCRESULT?CD4052

?PR?_ADC2RES?CD4052                       -----    -----      -----    -----
  +--> ?PR?_GETADCRESULT?CD4052

?PR?COMPAREADD?CD4052                     -----    -----      043BH    0008H
  +--> ?PR?BURNCHECK?CD4052
  +--> ?PR?_HEX2DAT?CD4052
  +--> ?PR?_OLED_SHOWCHAR?OLED
  +--> ?CO?CD4052
  +--> ?PR?_OLED_SHOWSTRING?OLED
  +--> ?PR?OLED_REFRESH_GRAM?OLED
  +--> ?PR?_AT24C02_RDDAT?24C02
  +--> ?PR?_AT24C02_WRDAT?24C02

?PR?BURNCHECK?CD4052                      0020H.1  0000H.1    -----    -----
  +--> ?PR?_OLED_SHOWADD?OLED
  +--> ?PR?OLED_REFRESH_GRAM?OLED

?PR?_OLED_SHOWADD?OLED                    -----    -----      0443H    000AH
  +--> ?CO?OLED
  +--> ?PR?_OLED_SHOWSTRING?OLED
  +--> ?PR?_OLED_DRAWLINE?OLED
  +--> ?PR?_OLED_SHOWCHAR?OLED

?PR?_AT24C02_WRDAT?24C02                  -----    -----      0443H    0005H
  +--> ?PR?_I2C_SENTBYTE?24C02
  +--> ?PR?I2C_STOP?24C02
BL51 BANKED LINKER/LOCATER V6.22                                                      04/22/2015  18:31:49  PAGE 8


  +--> ?PR?DELAY_10MS?24C02

?PR?SHOWINFO?CD4052                       -----    -----      043BH    0004H
  +--> ?CO?CD4052
  +--> ?PR?_INIT_WINDOWS?MAIN
  +--> ?PR?_OLED_DRAW_WINDOWSDRAW?OLED
  +--> ?PR?_GET_PKG_CNT?24C02
  +--> ?PR?_OLED_SHOWSTRING?OLED
  +--> ?PR?_HEX2DAT?CD4052
  +--> ?PR?_OLED_SHOWCHAR?OLED
  +--> ?PR?_GET_PKG_ADD?24C02
  +--> ?PR?OLED_REFRESH_GRAM?OLED

?PR?_GET_PKG_CNT?24C02                    -----    -----      043FH    0005H
  +--> ?PR?_AT24C02_RDDAT?24C02

?PR?RST_MODE?MAIN                         -----    -----      0436H    0002H
  +--> ?PR?_DISP_MENU_MAIN?OLED
  +--> ?PR?FLUSH_24C02?24C02
  +--> ?CO?MAIN
  +--> ?PR?_INIT_WINDOWS?MAIN
  +--> ?PR?_OLED_DRAW_WINDOWSDRAW?OLED
  +--> ?PR?OLED_REFRESH_GRAM?OLED

?PR?FLUSH_24C02?24C02                     -----    -----      -----    -----
  +--> ?PR?_AT24C02_WR?24C02

?PR?_AT24C02_WR?24C02                     -----    -----      -----    -----
  +--> ?PR?I2C_START?24C02
  +--> ?PR?_I2C_SENTBYTE?24C02
  +--> ?PR?I2C_STOP?24C02
  +--> ?PR?DELAY_10MS?24C02



SYMBOL TABLE OF MODULE:  .\output\BurnCob (MAIN)

  VALUE           TYPE          NAME
  ----------------------------------

  -------         MODULE        MAIN
  C:0000H         SYMBOL        _ICE_DUMMY_
  D:0093H         PUBLIC        P0M1
  D:0092H         PUBLIC        P1M0
  C:4CAAH         PUBLIC        initAddNo
  D:0096H         PUBLIC        P2M0
  D:0091H         PUBLIC        P1M1
  D:0080H         PUBLIC        P0
  X:045DH         PUBLIC        NG_COUNT
  D:00B2H         PUBLIC        P3M0
  D:0095H         PUBLIC        P2M1
  D:0090H         PUBLIC        P1
  D:00B4H         PUBLIC        P4M0
  D:00B1H         PUBLIC        P3M1
  D:00A0H         PUBLIC        P2
  D:00CAH         PUBLIC        P5M0
  D:00B3H         PUBLIC        P4M1
BL51 BANKED LINKER/LOCATER V6.22                                                      04/22/2015  18:31:49  PAGE 9


  D:00B0H         PUBLIC        P3
  D:00C9H         PUBLIC        P5M1
  D:00C0H         PUBLIC        P4
  D:00C8H         PUBLIC        P5
  X:0461H         PUBLIC        OK_COUNT
  B:00A8H.7       PUBLIC        EA
  D:00A8H         PUBLIC        IE
  D:00B8H         PUBLIC        IP
  D:00D8H         PUBLIC        CCON
  X:0465H         PUBLIC        MODE
  C:4FE0H         PUBLIC        main
  C:4D66H         PUBLIC        _init_windows
  D:0098H         PUBLIC        SCON
  B:00C0H.1       PUBLIC        P41
  D:0088H         PUBLIC        TCON
  B:0080H.7       PUBLIC        P07
  B:00C0H.6       PUBLIC        P46
  C:5489H         PUBLIC        oledInit
  C:4BE5H         PUBLIC        printInfo
  D:00F0H         PUBLIC        B
  D:00E0H         PUBLIC        ACC
  X:0466H         PUBLIC        AddNo
  X:046AH         PUBLIC        Cutflag
  C:33E4H         PUBLIC        cut_mode
  C:44BAH         PUBLIC        set_mode
  C:43EAH         PUBLIC        rst_mode
  X:046BH         PUBLIC        PKG
  C:0006H         PUBLIC        lookinfo
  C:523FH         PUBLIC        ioInit
  X:046CH         PUBLIC        POP
  C:4F68H         PUBLIC        sysInit
  X:046DH         PUBLIC        windemo
  X:047AH         PUBLIC        BeepFlag
  D:00D0H         PUBLIC        PSW
  D:0094H         PUBLIC        P0M0
  -------         PROC          _INIT_WINDOWS
  D:0007H         SYMBOL        x
  D:0005H         SYMBOL        y
  D:0003H         SYMBOL        with
  X:0442H         SYMBOL        height
  X:0443H         SYMBOL        title
  X:0446H         SYMBOL        text
  X:0449H         SYMBOL        state
  C:4D66H         LINE#         22
  C:4D66H         LINE#         23
  C:4D66H         LINE#         24
  C:4D6BH         LINE#         25
  C:4D6EH         LINE#         26
  C:4D71H         LINE#         27
  C:4D79H         LINE#         28
  C:4D8EH         LINE#         29
  C:4DA3H         LINE#         30
  C:4DB8H         LINE#         31
  -------         ENDPROC       _INIT_WINDOWS
  -------         PROC          PRINTINFO
  C:4BE5H         LINE#         33
  C:4BE5H         LINE#         34
BL51 BANKED LINKER/LOCATER V6.22                                                      04/22/2015  18:31:49  PAGE 10


  C:4BE5H         LINE#         35
  C:4BEEH         LINE#         36
  C:4BF7H         LINE#         37
  C:4C00H         LINE#         38
  C:4C09H         LINE#         39
  C:4C12H         LINE#         40
  C:4C1BH         LINE#         41
  C:4C24H         LINE#         42
  C:4C2DH         LINE#         43
  C:4C36H         LINE#         44
  C:4C3FH         LINE#         45
  -------         ENDPROC       PRINTINFO
  -------         PROC          INITADDNO
  -------         DO            
  X:04BAH         SYMBOL        tmp
  -------         ENDDO         
  C:4CAAH         LINE#         49
  C:4CAAH         LINE#         50
  C:4CAAH         LINE#         52
  C:4CBBH         LINE#         53
  C:4CECH         LINE#         54
  C:4CECH         LINE#         55
  C:4CF6H         LINE#         56
  C:4D07H         LINE#         57
  C:4D07H         LINE#         58
  -------         ENDPROC       INITADDNO
  -------         PROC          OLEDINIT
  C:5489H         LINE#         59
  C:5489H         LINE#         60
  C:5489H         LINE#         61
  C:548CH         LINE#         62
  C:548FH         LINE#         74
  C:5497H         LINE#         76
  -------         ENDPROC       OLEDINIT
  -------         PROC          IOINIT
  C:523FH         LINE#         79
  C:523FH         LINE#         80
  C:523FH         LINE#         81
  C:5242H         LINE#         82
  C:5244H         LINE#         83
  C:5246H         LINE#         84
  C:5248H         LINE#         85
  C:524AH         LINE#         86
  C:524CH         LINE#         87
  C:524EH         LINE#         88
  C:5250H         LINE#         89
  C:5252H         LINE#         90
  C:5254H         LINE#         91
  C:5256H         LINE#         92
  C:5258H         LINE#         94
  C:525BH         LINE#         96
  C:525EH         LINE#         97
  C:5260H         LINE#         99
  C:5263H         LINE#         100
  C:5266H         LINE#         102
  -------         ENDPROC       IOINIT
  -------         PROC          SYSINIT
BL51 BANKED LINKER/LOCATER V6.22                                                      04/22/2015  18:31:49  PAGE 11


  C:4F68H         LINE#         104
  C:4F68H         LINE#         105
  C:4F68H         LINE#         106
  C:4F6BH         LINE#         107
  C:4F6EH         LINE#         108
  C:4F71H         LINE#         109
  C:4F74H         LINE#         110
  C:4F77H         LINE#         111
  C:4F7CH         LINE#         112
  C:4F86H         LINE#         113
  C:4F90H         LINE#         114
  C:4F92H         LINE#         115
  C:4F94H         LINE#         116
  C:4F99H         LINE#         117
  C:4F9EH         LINE#         118
  C:4FA3H         LINE#         119
  -------         ENDPROC       SYSINIT
  -------         PROC          SET_MODE
  -------         DO            
  X:0436H         SYMBOL        Done
  X:0437H         SYMBOL        InMode
  -------         ENDDO         
  C:44BAH         LINE#         120
  C:44BAH         LINE#         121
  C:44BAH         LINE#         124
  C:44BFH         LINE#         125
  C:44C3H         LINE#         126
  C:44C7H         LINE#         127
  C:44CAH         LINE#         128
  C:44D3H         LINE#         129
  C:44D3H         LINE#         130
  C:44D9H         LINE#         131
  C:44D9H         LINE#         132
  C:44E8H         LINE#         133
  C:44E8H         LINE#         134
  C:44E8H         LINE#         135
  C:44EDH         LINE#         136
  C:44F2H         LINE#         137
  C:44F8H         LINE#         138
  C:44F8H         LINE#         140
  C:44F8H         LINE#         142
  C:44F8H         LINE#         143
  C:44FEH         LINE#         144
  C:4503H         LINE#         145
  C:4503H         LINE#         146
  C:4505H         LINE#         147
  C:4505H         LINE#         148
  C:450AH         LINE#         149
  C:450FH         LINE#         150
  C:4515H         LINE#         151
  C:4515H         LINE#         153
  C:4515H         LINE#         155
  C:4515H         LINE#         156
  C:451BH         LINE#         157
  C:451FH         LINE#         158
  C:451FH         LINE#         159
  C:4521H         LINE#         160
BL51 BANKED LINKER/LOCATER V6.22                                                      04/22/2015  18:31:49  PAGE 12


  C:4521H         LINE#         161
  C:4526H         LINE#         162
  C:452BH         LINE#         163
  C:4531H         LINE#         164
  C:4531H         LINE#         166
  C:4531H         LINE#         168
  C:4531H         LINE#         169
  C:4544H         LINE#         170
  C:4571H         LINE#         171
  C:457AH         LINE#         172
  C:4580H         LINE#         173
  C:4583H         LINE#         175
  C:4583H         LINE#         176
  C:4586H         LINE#         177
  C:4586H         LINE#         179
  C:4586H         LINE#         180
  C:4586H         LINE#         182
  -------         ENDPROC       SET_MODE
  -------         PROC          CUT_MODE
  -------         DO            
  X:0436H         SYMBOL        Done
  X:0437H         SYMBOL        InMode
  X:0438H         SYMBOL        menucnt
  -------         ENDDO         
  C:33E4H         LINE#         183
  C:33E4H         LINE#         184
  C:33E4H         LINE#         188
  C:33E9H         LINE#         189
  C:33EDH         LINE#         190
  C:33F1H         LINE#         191
  C:33F6H         LINE#         192
  C:33F8H         LINE#         193
  C:3401H         LINE#         194
  C:3401H         LINE#         195
  C:3407H         LINE#         196
  C:3407H         LINE#         197
  C:3416H         LINE#         198
  C:3416H         LINE#         199
  C:3416H         LINE#         200
  C:341BH         LINE#         201
  C:3420H         LINE#         202
  C:3426H         LINE#         203
  C:3426H         LINE#         204
  C:3431H         LINE#         205
  C:3434H         LINE#         206
  C:343CH         LINE#         207
  C:343CH         LINE#         208
  C:343EH         LINE#         210
  C:343EH         LINE#         211
  C:3443H         LINE#         212
  C:3448H         LINE#         213
  C:3448H         LINE#         214
  C:344AH         LINE#         215
  C:344AH         LINE#         216
  C:344FH         LINE#         217
  C:3454H         LINE#         218
  C:345AH         LINE#         219
BL51 BANKED LINKER/LOCATER V6.22                                                      04/22/2015  18:31:49  PAGE 13


  C:345AH         LINE#         220
  C:3465H         LINE#         221
  C:3467H         LINE#         222
  C:346FH         LINE#         223
  C:3472H         LINE#         224
  C:3474H         LINE#         226
  C:3474H         LINE#         227
  C:347AH         LINE#         228
  C:347FH         LINE#         229
  C:347FH         LINE#         230
  C:3482H         LINE#         231
  C:3482H         LINE#         232
  C:3487H         LINE#         233
  C:348CH         LINE#         234
  C:3495H         LINE#         235
  C:3495H         LINE#         236
  C:349AH         LINE#         237
  C:349AH         LINE#         238
  C:349DH         LINE#         239
  C:34A4H         LINE#         241
  C:34A4H         LINE#         243
  C:34A4H         LINE#         244
  C:34AAH         LINE#         245
  C:34AAH         LINE#         246
  C:34BCH         LINE#         247
  C:34D9H         LINE#         248
  C:34D9H         LINE#         249
  C:34D9H         LINE#         250
  C:34D9H         LINE#         251
  C:34DBH         LINE#         252
  C:34E3H         LINE#         253
  C:34E3H         LINE#         254
  C:34F5H         LINE#         255
  C:3512H         LINE#         256
  C:3512H         LINE#         257
  C:3512H         LINE#         258
  C:3512H         LINE#         259
  C:3514H         LINE#         260
  C:351CH         LINE#         261
  C:351CH         LINE#         262
  C:352EH         LINE#         263
  C:355BH         LINE#         264
  C:3564H         LINE#         265
  C:356AH         LINE#         266
  C:356DH         LINE#         267
  C:356DH         LINE#         268
  C:3570H         LINE#         269
  C:357AH         LINE#         270
  C:3584H         LINE#         271
  C:358EH         LINE#         272
  C:3593H         LINE#         273
  C:3593H         LINE#         274
  C:3596H         LINE#         276
  C:3596H         LINE#         277
  C:3599H         LINE#         278
  C:359EH         LINE#         279
  C:35A1H         LINE#         280
BL51 BANKED LINKER/LOCATER V6.22                                                      04/22/2015  18:31:49  PAGE 14


  C:35A7H         LINE#         281
  C:35A7H         LINE#         282
  C:35AAH         LINE#         283
  C:35AAH         LINE#         285
  C:35AAH         LINE#         286
  C:35AAH         LINE#         287
  -------         ENDPROC       CUT_MODE
  -------         PROC          RST_MODE
  -------         DO            
  X:0436H         SYMBOL        Done
  X:0437H         SYMBOL        InMode
  -------         ENDDO         
  C:43EAH         LINE#         288
  C:43EAH         LINE#         289
  C:43EAH         LINE#         292
  C:43EFH         LINE#         293
  C:43F3H         LINE#         294
  C:43F8H         LINE#         295
  C:43FBH         LINE#         296
  C:4404H         LINE#         297
  C:4404H         LINE#         298
  C:440AH         LINE#         299
  C:440AH         LINE#         300
  C:4419H         LINE#         301
  C:4419H         LINE#         302
  C:4419H         LINE#         303
  C:441EH         LINE#         304
  C:4423H         LINE#         305
  C:4429H         LINE#         306
  C:4429H         LINE#         308
  C:4429H         LINE#         310
  C:4429H         LINE#         311
  C:442FH         LINE#         312
  C:4433H         LINE#         313
  C:4433H         LINE#         314
  C:4435H         LINE#         315
  C:4435H         LINE#         316
  C:443AH         LINE#         317
  C:443FH         LINE#         318
  C:4445H         LINE#         319
  C:4445H         LINE#         321
  C:4445H         LINE#         323
  C:4445H         LINE#         324
  C:444AH         LINE#         325
  C:444FH         LINE#         326
  C:444FH         LINE#         327
  C:4451H         LINE#         328
  C:4451H         LINE#         329
  C:4456H         LINE#         330
  C:445BH         LINE#         331
  C:4461H         LINE#         332
  C:4461H         LINE#         334
  C:4461H         LINE#         336
  C:4461H         LINE#         337
  C:4464H         LINE#         338
  C:4477H         LINE#         339
  C:44A4H         LINE#         340
BL51 BANKED LINKER/LOCATER V6.22                                                      04/22/2015  18:31:49  PAGE 15


  C:44ADH         LINE#         341
  C:44B3H         LINE#         342
  C:44B6H         LINE#         344
  C:44B6H         LINE#         345
  C:44B9H         LINE#         346
  C:44B9H         LINE#         348
  C:44B9H         LINE#         349
  C:44B9H         LINE#         350
  -------         ENDPROC       RST_MODE
  -------         PROC          LOOKINFO
  C:0006H         LINE#         352
  C:0006H         LINE#         353
  C:0006H         LINE#         355
  -------         ENDPROC       LOOKINFO
  -------         PROC          MAIN
  C:4FE0H         LINE#         357
  C:4FE0H         LINE#         358
  C:4FE0H         LINE#         359
  C:4FE3H         LINE#         360
  C:4FE5H         LINE#         362
  C:4FE8H         LINE#         364
  C:4FEAH         LINE#         365
  C:4FECH         LINE#         366
  C:4FF6H         LINE#         367
  C:4FF9H         LINE#         368
  C:4FF9H         LINE#         369
  C:4FF9H         LINE#         370
  C:5007H         LINE#         371
  C:5007H         LINE#         372
  C:5007H         LINE#         373
  C:500AH         LINE#         374
  C:500CH         LINE#         375
  C:500CH         LINE#         376
  C:500FH         LINE#         377
  C:5011H         LINE#         378
  C:5011H         LINE#         379
  C:5014H         LINE#         380
  -------         ENDPROC       MAIN
  -------         ENDMOD        MAIN

  -------         MODULE        24C02
  C:0000H         SYMBOL        _ICE_DUMMY_
  D:0080H         PUBLIC        P0
  D:0090H         PUBLIC        P1
  D:00A0H         PUBLIC        P2
  D:00B0H         PUBLIC        P3
  D:00C0H         PUBLIC        P4
  D:00C8H         PUBLIC        P5
  C:519AH         PUBLIC        _at24c02_wrdat
  D:00A8H         PUBLIC        IE
  C:4EA2H         PUBLIC        _Get_Pkg_Add
  C:531CH         PUBLIC        i2c_start
  C:0013H         PUBLIC        delay_5us
  C:54BBH         PUBLIC        Flush_24c02
  D:00B8H         PUBLIC        IP
  D:00D8H         PUBLIC        CCON
  C:54ABH         PUBLIC        i2c_stop
BL51 BANKED LINKER/LOCATER V6.22                                                      04/22/2015  18:31:49  PAGE 16


  B:00A0H.1       PUBLIC        P21
  B:00A0H.2       PUBLIC        P22
  D:0098H         PUBLIC        SCON
  C:54D6H         PUBLIC        delay_10ms
  D:0088H         PUBLIC        TCON
  C:53C2H         PUBLIC        _at24c02_rd
  C:5509H         PUBLIC        delay_10us
  D:00F0H         PUBLIC        B
  D:00E0H         PUBLIC        ACC
  C:540AH         PUBLIC        _at24c02_wr
  B:0020H.0       PUBLIC        ACK
  C:4FB0H         PUBLIC        _i2c_sentbyte
  C:5140H         PUBLIC        _i2c_rcvbyte
  C:4B68H         PUBLIC        _Get_Pkg_CNT
  C:4F29H         PUBLIC        _at24c02_rddat
  D:00D0H         PUBLIC        PSW
  -------         PROC          DELAY_10US
  -------         DO            
  D:0007H         SYMBOL        i
  -------         ENDDO         
  C:5509H         LINE#         8
  C:5509H         LINE#         9
  C:5509H         LINE#         11
  C:550AH         LINE#         12
  C:550BH         LINE#         13
  C:550CH         LINE#         14
  C:550EH         LINE#         15
  C:5510H         LINE#         16
  -------         ENDPROC       DELAY_10US
  C:000EH         SYMBOL        L?0070
  -------         PROC          L?0069
  -------         ENDPROC       L?0069
  C:000EH         SYMBOL        L?0070
  -------         PROC          DELAY_5US
  -------         DO            
  D:0007H         SYMBOL        i
  -------         ENDDO         
  C:0013H         LINE#         20
  C:0013H         LINE#         21
  C:0013H         LINE#         23
  C:0014H         LINE#         24
  C:0015H         LINE#         25
  C:0016H         LINE#         26
  C:0018H         LINE#         27
  C:001AH         LINE#         28
  -------         ENDPROC       DELAY_5US
  -------         PROC          DELAY_10MS
  -------         DO            
  D:0007H         SYMBOL        i
  D:0006H         SYMBOL        j
  -------         ENDDO         
  C:54D6H         LINE#         32
  C:54D6H         LINE#         33
  C:54D6H         LINE#         36
  C:54D7H         LINE#         37
  C:54D8H         LINE#         38
  C:54DAH         LINE#         39
BL51 BANKED LINKER/LOCATER V6.22                                                      04/22/2015  18:31:49  PAGE 17


  C:54DCH         LINE#         41
  C:54DCH         LINE#         42
  C:54DEH         LINE#         43
  C:54DEH         LINE#         44
  C:54E0H         LINE#         45
  -------         ENDPROC       DELAY_10MS
  -------         PROC          I2C_START
  C:531CH         LINE#         56
  C:531CH         LINE#         57
  C:531CH         LINE#         58
  C:531FH         LINE#         59
  C:5321H         LINE#         60
  C:5324H         LINE#         61
  C:5326H         LINE#         62
  C:5329H         LINE#         63
  C:532FH         LINE#         64
  C:532FH         LINE#         65
  C:5331H         LINE#         66
  C:5334H         LINE#         67
  C:5336H         LINE#         68
  C:5339H         LINE#         69
  C:5339H         LINE#         70
  C:5339H         LINE#         72
  C:5339H         LINE#         73
  C:533AH         LINE#         74
  C:533AH         LINE#         75
  -------         ENDPROC       I2C_START
  -------         PROC          I2C_STOP
  C:54ABH         LINE#         87
  C:54ABH         LINE#         88
  C:54ABH         LINE#         89
  C:54AEH         LINE#         90
  C:54B0H         LINE#         91
  C:54B3H         LINE#         92
  C:54B5H         LINE#         93
  C:54B8H         LINE#         94
  C:54BAH         LINE#         95
  -------         ENDPROC       I2C_STOP
  C:4FA6H         SYMBOL        L?0067
  C:4FABH         SYMBOL        L?0068
  -------         PROC          L?0066
  -------         ENDPROC       L?0066
  C:4FA6H         SYMBOL        L?0067
  C:4FABH         SYMBOL        L?0068
  -------         PROC          _I2C_SENTBYTE
  D:0006H         SYMBOL        byt
  -------         DO            
  D:0005H         SYMBOL        i
  -------         ENDDO         
  C:4FB0H         LINE#         103
  C:4FB2H         LINE#         104
  C:4FB2H         LINE#         107
  C:4FB4H         LINE#         108
  C:4FB4H         LINE#         109
  C:4FB7H         LINE#         110
  C:4FBBH         LINE#         111
  C:4FBBH         LINE#         112
BL51 BANKED LINKER/LOCATER V6.22                                                      04/22/2015  18:31:49  PAGE 18


  C:4FBDH         LINE#         113
  C:4FBFH         LINE#         115
  C:4FBFH         LINE#         116
  C:4FC1H         LINE#         117
  C:4FC1H         LINE#         119
  C:4FC1H         LINE#         120
  C:4FC1H         LINE#         121
  C:4FC4H         LINE#         122
  C:4FC6H         LINE#         124
  C:4FCAH         LINE#         125
  C:4FCFH         LINE#         126
  C:4FD2H         LINE#         127
  C:4FD4H         LINE#         128
  C:4FD4H         LINE#         129
  C:4FD4H         LINE#         130
  C:4FD7H         LINE#         131
  C:4FDBH         LINE#         132
  C:4FDDH         LINE#         134
  C:4FDFH         LINE#         135
  -------         ENDPROC       _I2C_SENTBYTE
  -------         PROC          _I2C_RCVBYTE
  D:0006H         SYMBOL        ack_chack
  -------         DO            
  D:0004H         SYMBOL        i
  D:0005H         SYMBOL        temp
  -------         ENDDO         
  C:5140H         LINE#         142
  C:5142H         LINE#         143
  C:5142H         LINE#         144
  C:5144H         LINE#         146
  C:5147H         LINE#         147
  C:5149H         LINE#         149
  C:514AH         LINE#         150
  C:514AH         LINE#         151
  C:514EH         LINE#         152
  C:514EH         LINE#         153
  C:514EH         LINE#         154
  C:5151H         LINE#         155
  C:5154H         LINE#         156
  C:5155H         LINE#         157
  C:5157H         LINE#         158
  C:515CH         LINE#         160
  C:515FH         LINE#         161
  C:5161H         LINE#         162
  C:5164H         LINE#         163
  C:5164H         LINE#         164
  C:5166H         LINE#         165
  C:5166H         LINE#         167
  C:5166H         LINE#         168
  C:5166H         LINE#         169
  C:5169H         LINE#         170
  C:516BH         LINE#         172
  C:516DH         LINE#         173
  -------         ENDPROC       _I2C_RCVBYTE
  -------         PROC          _AT24C02_WR
  D:0003H         SYMBOL        address
  D:0004H         SYMBOL        dat
BL51 BANKED LINKER/LOCATER V6.22                                                      04/22/2015  18:31:49  PAGE 19


  C:540AH         LINE#         180
  C:540EH         LINE#         181
  C:540EH         LINE#         182
  C:5411H         LINE#         183
  C:5416H         LINE#         184
  C:5418H         LINE#         185
  C:541BH         LINE#         186
  C:541EH         LINE#         187
  -------         ENDPROC       _AT24C02_WR
  -------         PROC          _AT24C02_WRDAT
  D:0004H         SYMBOL        address
  D:0001H         SYMBOL        dat
  X:0447H         SYMBOL        bytenum
  C:519AH         LINE#         190
  C:519AH         LINE#         191
  C:519AH         LINE#         192
  C:519AH         LINE#         193
  C:519AH         LINE#         194
  C:519DH         LINE#         195
  C:51A7H         LINE#         196
  C:51A7H         LINE#         197
  C:51AEH         LINE#         198
  C:51B5H         LINE#         199
  C:51B6H         LINE#         200
  C:51BDH         LINE#         203
  C:51C0H         LINE#         204
  C:51C3H         LINE#         205
  -------         ENDPROC       _AT24C02_WRDAT
  -------         PROC          _AT24C02_RD
  D:0004H         SYMBOL        address
  -------         DO            
  D:0006H         SYMBOL        temp
  -------         ENDDO         
  C:53C2H         LINE#         212
  C:53C2H         LINE#         213
  C:53C2H         LINE#         215
  C:53C2H         LINE#         216
  C:53C2H         LINE#         217
  C:53C5H         LINE#         218
  C:53C8H         LINE#         219
  C:53CDH         LINE#         220
  C:53D4H         LINE#         221
  C:53D7H         LINE#         222
  C:53D9H         LINE#         223
  -------         ENDPROC       _AT24C02_RD
  -------         PROC          _AT24C02_RDDAT
  D:0004H         SYMBOL        address
  D:0001H         SYMBOL        dat
  X:0448H         SYMBOL        bytenum
  C:4F29H         LINE#         224
  C:4F2BH         LINE#         225
  C:4F2BH         LINE#         226
  C:4F31H         LINE#         227
  C:4F31H         LINE#         228
  C:4F31H         LINE#         229
  C:4F31H         LINE#         230
  C:4F34H         LINE#         231
BL51 BANKED LINKER/LOCATER V6.22                                                      04/22/2015  18:31:49  PAGE 20


  C:4F37H         LINE#         232
  C:4F3CH         LINE#         233
  C:4F3FH         LINE#         234
  C:4F49H         LINE#         235
  C:4F49H         LINE#         236
  C:4F52H         LINE#         237
  C:4F59H         LINE#         238
  C:4F5BH         LINE#         239
  C:4F64H         LINE#         240
  C:4F67H         LINE#         241
  C:4F67H         LINE#         242
  -------         ENDPROC       _AT24C02_RDDAT
  -------         PROC          FLUSH_24C02
  -------         DO            
  D:0002H         SYMBOL        i
  -------         ENDDO         
  C:54BBH         LINE#         244
  C:54BBH         LINE#         245
  C:54BBH         LINE#         247
  C:54BDH         LINE#         248
  C:54BDH         LINE#         249
  C:54C4H         LINE#         250
  C:54C9H         LINE#         251
  -------         ENDPROC       FLUSH_24C02
  -------         PROC          _GET_PKG_ADD
  X:043FH         SYMBOL        package
  -------         DO            
  X:0440H         SYMBOL        ret
  -------         ENDDO         
  C:4EA2H         LINE#         255
  C:4EA7H         LINE#         256
  C:4EA7H         LINE#         258
  C:4EA9H         LINE#         259
  C:4EA9H         LINE#         260
  C:4EB7H         LINE#         261
  C:4EB9H         LINE#         262
  C:4EC9H         LINE#         263
  C:4EC9H         LINE#         264
  C:4ECEH         LINE#         265
  C:4ED0H         LINE#         267
  C:4ED0H         LINE#         268
  C:4ED8H         LINE#         269
  C:4ED8H         LINE#         270
  C:4EE6H         LINE#         271
  -------         ENDPROC       _GET_PKG_ADD
  -------         PROC          _GET_PKG_CNT
  X:043FH         SYMBOL        package
  D:0005H         SYMBOL        mode
  -------         DO            
  X:0440H         SYMBOL        ret
  -------         ENDDO         
  C:4B68H         LINE#         276
  C:4B6DH         LINE#         277
  C:4B6DH         LINE#         279
  C:4B70H         LINE#         280
  C:4B70H         LINE#         281
  C:4B73H         LINE#         282
BL51 BANKED LINKER/LOCATER V6.22                                                      04/22/2015  18:31:49  PAGE 21


  C:4B73H         LINE#         283
  C:4B81H         LINE#         284
  C:4B83H         LINE#         285
  C:4B93H         LINE#         286
  C:4B93H         LINE#         287
  C:4B98H         LINE#         288
  C:4B9AH         LINE#         290
  C:4B9AH         LINE#         291
  C:4B9FH         LINE#         292
  C:4B9FH         LINE#         293
  C:4BA1H         LINE#         295
  C:4BA1H         LINE#         296
  C:4BA7H         LINE#         297
  C:4BA7H         LINE#         298
  C:4BB5H         LINE#         299
  C:4BB7H         LINE#         300
  C:4BC7H         LINE#         301
  C:4BC7H         LINE#         302
  C:4BCCH         LINE#         303
  C:4BCEH         LINE#         305
  C:4BCEH         LINE#         306
  C:4BD6H         LINE#         307
  C:4BD6H         LINE#         308
  C:4BD6H         LINE#         309
  C:4BE4H         LINE#         310
  -------         ENDPROC       _GET_PKG_CNT
  -------         ENDMOD        24C02

  -------         MODULE        OLED
  C:0000H         SYMBOL        _ICE_DUMMY_
  D:0080H         PUBLIC        P0
  X:0000H         PUBLIC        OLED_GRAM_TMP
  D:0090H         PUBLIC        P1
  D:00A0H         PUBLIC        P2
  D:00B0H         PUBLIC        P3
  D:00C0H         PUBLIC        P4
  D:00C8H         PUBLIC        P5
  D:00A8H         PUBLIC        IE
  C:5110H         PUBLIC        _OLED_Fill
  C:0295H         PUBLIC        asc2_1206
  D:00B8H         PUBLIC        IP
  C:0709H         PUBLIC        asc2_1608
  C:3E4CH         PUBLIC        _Disp_Menu_1
  C:4917H         PUBLIC        _OLED_Draw_RectangleFill
  C:4713H         PUBLIC        OLED_Init
  C:3A8CH         PUBLIC        _OLED_DrawLine
  C:516EH         PUBLIC        _ByteMirro
  C:487BH         PUBLIC        _OLED_DrawPoint
  D:00D8H         PUBLIC        CCON
  C:3D3DH         PUBLIC        _OLED_ShowString
  C:51C4H         PUBLIC        _OLED_WR_Byte
  C:4068H         PUBLIC        _OLED_ShowChar
  C:005BH         PUBLIC        F7x5
  C:4A4EH         PUBLIC        _OLED_ShowFont16
  C:0CF9H         PUBLIC        Hzk
  X:0200H         PUBLIC        OLED_GRAM
  C:4D08H         PUBLIC        _OLED_DrawRectangle
BL51 BANKED LINKER/LOCATER V6.22                                                      04/22/2015  18:31:49  PAGE 22


  C:1119H         PUBLIC        logo
  C:1319H         PUBLIC        _OLED_ShowAdd
  D:0098H         PUBLIC        SCON
  B:00A0H.3       PUBLIC        P23
  D:0088H         PUBLIC        TCON
  B:00A0H.4       PUBLIC        P24
  B:00A0H.5       PUBLIC        P25
  B:00A0H.6       PUBLIC        P26
  B:00A0H.7       PUBLIC        P27
  C:4E59H         PUBLIC        _mypow
  C:3F71H         PUBLIC        _OLED_DrawICON
  D:00F0H         PUBLIC        B
  C:4EE7H         PUBLIC        OLED_Refresh_Gram
  C:52FCH         PUBLIC        _OLED_Set_Pos
  D:00E0H         PUBLIC        ACC
  C:5026H         PUBLIC        _OLED_Draw_HLine
  C:52B5H         PUBLIC        _OLED_Draw_RLine
  C:53A8H         PUBLIC        _delay_ms
  C:414BH         PUBLIC        _OLED_Draw_LineS
  C:4587H         PUBLIC        _OLED_ShowNum
  C:1019H         PUBLIC        cut_ico
  C:0F99H         PUBLIC        set_ico
  C:4DB9H         PUBLIC        _OLED_Draw_Square
  C:47C7H         PUBLIC        _OLED_DrawCircle
  C:5084H         PUBLIC        OLED_Clear
  C:4316H         PUBLIC        _Disp_Menu_Main
  C:4E09H         PUBLIC        _OLED_Draw_SquareFill
  C:464EH         PUBLIC        _OLED_DrawBMP
  C:1099H         PUBLIC        rst_ico
  C:2371H         PUBLIC        _OLED_Draw_WindowsDraw
  D:00D0H         PUBLIC        PSW
  -------         PROC          _BYTEMIRRO
  D:0007H         SYMBOL        dat
  C:516EH         LINE#         34
  C:516EH         LINE#         35
  C:516EH         LINE#         36
  C:517DH         LINE#         37
  C:518DH         LINE#         38
  C:5199H         LINE#         39
  C:5199H         LINE#         40
  -------         ENDPROC       _BYTEMIRRO
  -------         PROC          _DELAY_MS
  D:0006H         SYMBOL        ms
  -------         DO            
  D:0004H         SYMBOL        a
  -------         ENDDO         
  C:53A8H         LINE#         42
  C:53A8H         LINE#         43
  C:53A8H         LINE#         45
  C:53ACH         LINE#         46
  C:53ACH         LINE#         47
  C:53B0H         LINE#         48
  C:53BAH         LINE#         49
  C:53BFH         LINE#         50
  C:53C1H         LINE#         52
  -------         ENDPROC       _DELAY_MS
  -------         PROC          _OLED_WR_BYTE
BL51 BANKED LINKER/LOCATER V6.22                                                      04/22/2015  18:31:49  PAGE 23


  D:0007H         SYMBOL        dat
  D:0005H         SYMBOL        cmd
  -------         DO            
  D:0006H         SYMBOL        i
  -------         ENDDO         
  C:51C4H         LINE#         74
  C:51C4H         LINE#         75
  C:51C4H         LINE#         77
  C:51C7H         LINE#         78
  C:51CBH         LINE#         80
  C:51CDH         LINE#         81
  C:51CFH         LINE#         82
  C:51D1H         LINE#         83
  C:51D1H         LINE#         84
  C:51D3H         LINE#         85
  C:51D7H         LINE#         86
  C:51D7H         LINE#         87
  C:51D9H         LINE#         88
  C:51DBH         LINE#         90
  C:51DDH         LINE#         91
  C:51DFH         LINE#         92
  C:51E3H         LINE#         93
  C:51E8H         LINE#         94
  C:51EAH         LINE#         95
  C:51ECH         LINE#         96
  -------         ENDPROC       _OLED_WR_BYTE
  -------         PROC          _OLED_SET_POS
  D:0004H         SYMBOL        x
  D:0005H         SYMBOL        y
  C:52FCH         LINE#         99
  C:52FEH         LINE#         100
  C:52FEH         LINE#         101
  C:5307H         LINE#         102
  C:5313H         LINE#         103
  -------         ENDPROC       _OLED_SET_POS
  -------         PROC          OLED_REFRESH_GRAM
  -------         DO            
  D:0004H         SYMBOL        i
  D:0003H         SYMBOL        n
  -------         ENDDO         
  C:4EE7H         LINE#         121
  C:4EE7H         LINE#         122
  C:4EE7H         LINE#         124
  C:4EE9H         LINE#         125
  C:4EE9H         LINE#         126
  C:4EF2H         LINE#         127
  C:4EF7H         LINE#         128
  C:4EFCH         LINE#         129
  C:4F23H         LINE#         130
  C:4F28H         LINE#         131
  -------         ENDPROC       OLED_REFRESH_GRAM
  C:507DH         SYMBOL        L?0233
  -------         PROC          L?0232
  -------         ENDPROC       L?0232
  C:507DH         SYMBOL        L?0233
  -------         PROC          OLED_CLEAR
  -------         DO            
BL51 BANKED LINKER/LOCATER V6.22                                                      04/22/2015  18:31:49  PAGE 24


  D:0007H         SYMBOL        i
  D:0006H         SYMBOL        n
  -------         ENDDO         
  C:5084H         LINE#         134
  C:5084H         LINE#         135
  C:5084H         LINE#         137
  C:50ADH         LINE#         139
  -------         ENDPROC       OLED_CLEAR
  C:4875H         SYMBOL        L?0228
  -------         PROC          L?0227
  -------         ENDPROC       L?0227
  C:4875H         SYMBOL        L?0228
  -------         PROC          _OLED_DRAWPOINT
  D:0007H         SYMBOL        x
  D:0005H         SYMBOL        y
  D:0003H         SYMBOL        t
  -------         DO            
  X:045BH         SYMBOL        pos
  D:0006H         SYMBOL        bx
  X:045CH         SYMBOL        temp
  -------         ENDDO         
  C:487BH         LINE#         144
  C:487BH         LINE#         145
  C:487BH         LINE#         146
  C:4880H         LINE#         147
  C:4891H         LINE#         148
  C:48A0H         LINE#         149
  C:48A4H         LINE#         150
  C:48B8H         LINE#         151
  C:48E8H         LINE#         152
  C:4916H         LINE#         153
  -------         ENDPROC       _OLED_DRAWPOINT
  -------         PROC          L?0234
  -------         ENDPROC       L?0234
  -------         PROC          _OLED_DRAWLINE
  X:044DH         SYMBOL        x1
  D:0001H         SYMBOL        y1
  X:044FH         SYMBOL        x2
  X:0450H         SYMBOL        y2
  X:0451H         SYMBOL        t
  -------         DO            
  X:0452H         SYMBOL        dy
  X:0454H         SYMBOL        dx
  X:0456H         SYMBOL        dirx
  X:0457H         SYMBOL        diry
  D:0004H         SYMBOL        move
  -------         ENDDO         
  C:3A8CH         LINE#         160
  C:3A98H         LINE#         161
  C:3A98H         LINE#         165
  C:3AA9H         LINE#         166
  C:3ABCH         LINE#         167
  C:3ACCH         LINE#         168
  C:3ACCH         LINE#         169
  C:3AD9H         LINE#         170
  C:3ADFH         LINE#         171
  C:3AE1H         LINE#         173
BL51 BANKED LINKER/LOCATER V6.22                                                      04/22/2015  18:31:49  PAGE 25


  C:3AE1H         LINE#         174
  C:3AE7H         LINE#         175
  C:3AE7H         LINE#         176
  C:3AF7H         LINE#         177
  C:3AF7H         LINE#         178
  C:3B04H         LINE#         179
  C:3B08H         LINE#         180
  C:3B0AH         LINE#         182
  C:3B0AH         LINE#         183
  C:3B10H         LINE#         184
  C:3B10H         LINE#         187
  C:3B1FH         LINE#         188
  C:3B39H         LINE#         189
  C:3B39H         LINE#         190
  C:3B48H         LINE#         191
  C:3B57H         LINE#         192
  C:3B57H         LINE#         193
  C:3B5FH         LINE#         194
  C:3B5FH         LINE#         195
  C:3B65H         LINE#         196
  C:3B6FH         LINE#         197
  C:3B6FH         LINE#         198
  C:3B7AH         LINE#         199
  C:3B81H         LINE#         200
  C:3B90H         LINE#         201
  C:3B92H         LINE#         202
  C:3B92H         LINE#         204
  C:3B92H         LINE#         205
  C:3BA3H         LINE#         206
  C:3BAAH         LINE#         207
  C:3BAAH         LINE#         208
  C:3BB2H         LINE#         209
  C:3BB2H         LINE#         210
  C:3BBDH         LINE#         211
  C:3BC7H         LINE#         212
  C:3BC7H         LINE#         213
  C:3BCDH         LINE#         214
  C:3BD4H         LINE#         215
  C:3BE3H         LINE#         216
  C:3BE5H         LINE#         217
  C:3BE5H         LINE#         218
  -------         ENDPROC       _OLED_DRAWLINE
  -------         PROC          L?0231
  -------         ENDPROC       L?0231
  -------         PROC          _OLED_DRAW_HLINE
  D:0004H         SYMBOL        x0
  D:0001H         SYMBOL        y0
  D:0002H         SYMBOL        x1
  X:0451H         SYMBOL        t
  -------         DO            
  D:0007H         SYMBOL        temp
  -------         ENDDO         
  C:5026H         LINE#         230
  C:502CH         LINE#         231
  C:502CH         LINE#         233
  C:5031H         LINE#         234
  C:5031H         LINE#         235
BL51 BANKED LINKER/LOCATER V6.22                                                      04/22/2015  18:31:49  PAGE 26


  C:5033H         LINE#         236
  C:5035H         LINE#         237
  C:5037H         LINE#         238
  C:5037H         LINE#         240
  C:5037H         LINE#         241
  C:5043H         LINE#         242
  C:5044H         LINE#         243
  C:5044H         LINE#         244
  C:5049H         LINE#         245
  -------         ENDPROC       _OLED_DRAW_HLINE
  -------         PROC          _OLED_DRAW_RLINE
  D:0001H         SYMBOL        x0
  D:0004H         SYMBOL        y0
  D:0002H         SYMBOL        y1
  X:0450H         SYMBOL        t
  -------         DO            
  D:0007H         SYMBOL        temp
  -------         ENDDO         
  C:52B5H         LINE#         256
  C:52BBH         LINE#         257
  C:52BBH         LINE#         259
  C:52C0H         LINE#         260
  C:52C0H         LINE#         261
  C:52C2H         LINE#         262
  C:52C4H         LINE#         263
  C:52C6H         LINE#         264
  C:52C6H         LINE#         266
  C:52C6H         LINE#         267
  C:52D2H         LINE#         268
  C:52D3H         LINE#         269
  C:52D3H         LINE#         270
  C:52D8H         LINE#         271
  -------         ENDPROC       _OLED_DRAW_RLINE
  -------         PROC          _OLED_DRAWRECTANGLE
  X:0448H         SYMBOL        x1
  X:0449H         SYMBOL        y1
  X:044AH         SYMBOL        x2
  X:044BH         SYMBOL        y2
  X:044CH         SYMBOL        t
  C:4D08H         LINE#         282
  C:4D13H         LINE#         283
  C:4D1EH         LINE#         284
  C:4D38H         LINE#         285
  C:4D4EH         LINE#         286
  -------         ENDPROC       _OLED_DRAWRECTANGLE
  -------         PROC          _OLED_DRAW_RECTANGLEFILL
  X:0448H         SYMBOL        x0
  X:0449H         SYMBOL        y0
  X:044AH         SYMBOL        x1
  X:044BH         SYMBOL        y1
  X:044CH         SYMBOL        t
  -------         DO            
  X:044DH         SYMBOL        i
  -------         ENDDO         
  C:4917H         LINE#         298
  C:4926H         LINE#         299
  C:4926H         LINE#         302
BL51 BANKED LINKER/LOCATER V6.22                                                      04/22/2015  18:31:49  PAGE 27


  C:492BH         LINE#         303
  C:4934H         LINE#         304
  C:493CH         LINE#         305
  C:4941H         LINE#         306
  C:4941H         LINE#         307
  C:494FH         LINE#         308
  C:4954H         LINE#         309
  C:4959H         LINE#         310
  C:495EH         LINE#         311
  C:495EH         LINE#         314
  C:496BH         LINE#         315
  C:4980H         LINE#         317
  C:4980H         LINE#         318
  C:498CH         LINE#         319
  C:498CH         LINE#         321
  C:498CH         LINE#         323
  C:499AH         LINE#         324
  C:49AFH         LINE#         325
  C:49B5H         LINE#         326
  C:49B7H         LINE#         327
  -------         ENDPROC       _OLED_DRAW_RECTANGLEFILL
  -------         PROC          _OLED_DRAW_SQUARE
  X:04BEH         SYMBOL        x0
  D:0001H         SYMBOL        y0
  D:0006H         SYMBOL        with
  X:04C1H         SYMBOL        t
  C:4DB9H         LINE#         337
  C:4DC2H         LINE#         338
  C:4DC2H         LINE#         339
  C:4DC5H         LINE#         340
  C:4DDBH         LINE#         341
  C:4DEEH         LINE#         342
  C:4E08H         LINE#         343
  -------         ENDPROC       _OLED_DRAW_SQUARE
  -------         PROC          _OLED_DRAW_SQUAREFILL
  X:04C2H         SYMBOL        x0
  D:0001H         SYMBOL        y0
  D:0006H         SYMBOL        with
  X:04C5H         SYMBOL        t
  C:4E09H         LINE#         353
  C:4E12H         LINE#         354
  C:4E12H         LINE#         355
  C:4E15H         LINE#         356
  C:4E2BH         LINE#         357
  C:4E3EH         LINE#         358
  C:4E58H         LINE#         359
  -------         ENDPROC       _OLED_DRAW_SQUAREFILL
  -------         PROC          _OLED_DRAW_LINES
  X:049BH         SYMBOL        points
  X:049EH         SYMBOL        no
  X:049FH         SYMBOL        t
  -------         DO            
  X:04A0H         SYMBOL        x0
  D:0004H         SYMBOL        y0
  X:04A1H         SYMBOL        x1
  X:04A2H         SYMBOL        y1
  X:04A3H         SYMBOL        i
BL51 BANKED LINKER/LOCATER V6.22                                                      04/22/2015  18:31:49  PAGE 28


  -------         ENDDO         
  C:414BH         LINE#         368
  C:4159H         LINE#         369
  C:4159H         LINE#         374
  C:415EH         LINE#         375
  C:4165H         LINE#         376
  C:417CH         LINE#         377
  C:418BH         LINE#         378
  C:419AH         LINE#         379
  C:419AH         LINE#         382
  C:41B1H         LINE#         383
  C:41C5H         LINE#         384
  C:41D8H         LINE#         385
  C:41EFH         LINE#         386
  C:4206H         LINE#         387
  C:4221H         LINE#         388
  C:4229H         LINE#         389
  C:422EH         LINE#         390
  C:4234H         LINE#         391
  -------         ENDPROC       _OLED_DRAW_LINES
  -------         PROC          _OLED_DRAWCIRCLE
  X:04B0H         SYMBOL        x
  X:04B1H         SYMBOL        y
  D:0002H         SYMBOL        r
  X:04B4H         SYMBOL        t
  -------         DO            
  D:0004H         SYMBOL        xc
  D:0001H         SYMBOL        yc
  D:0002H         SYMBOL        p
  -------         ENDDO         
  C:47C7H         LINE#         397
  C:47CFH         LINE#         398
  C:47CFH         LINE#         399
  C:47D1H         LINE#         402
  C:47D5H         LINE#         403
  C:47DEH         LINE#         404
  C:47E6H         LINE#         405
  C:47E6H         LINE#         406
  C:47F2H         LINE#         407
  C:47FAH         LINE#         408
  C:4807H         LINE#         409
  C:4810H         LINE#         410
  C:481CH         LINE#         411
  C:4829H         LINE#         412
  C:4836H         LINE#         413
  C:4844H         LINE#         414
  C:484CH         LINE#         415
  C:485BH         LINE#         417
  C:486CH         LINE#         418
  C:486FH         LINE#         419
  -------         ENDPROC       _OLED_DRAWCIRCLE
  -------         PROC          _OLED_DRAW_WINDOWSDRAW
  X:043FH         SYMBOL        win
  -------         DO            
  X:0442H         SYMBOL        str
  X:0445H         SYMBOL        bak
  X:0446H         SYMBOL        bak1
BL51 BANKED LINKER/LOCATER V6.22                                                      04/22/2015  18:31:49  PAGE 29


  X:0447H         SYMBOL        bak2
  -------         ENDDO         
  C:2371H         LINE#         426
  C:237CH         LINE#         427
  C:237CH         LINE#         431
  C:23A1H         LINE#         432
  C:23B9H         LINE#         433
  C:23E4H         LINE#         436
  C:242AH         LINE#         437
  C:2471H         LINE#         438
  C:248BH         LINE#         442
  C:24B7H         LINE#         443
  C:24DDH         LINE#         444
  C:2503H         LINE#         448
  C:251BH         LINE#         449
  C:2537H         LINE#         450
  C:254CH         LINE#         451
  C:2557H         LINE#         452
  C:2563H         LINE#         454
  C:2563H         LINE#         455
  C:2589H         LINE#         456
  C:2599H         LINE#         458
  C:25C2H         LINE#         459
  C:25C9H         LINE#         460
  C:25CBH         LINE#         461
  C:25CBH         LINE#         464
  C:25E3H         LINE#         465
  C:25FFH         LINE#         466
  C:2614H         LINE#         467
  C:2620H         LINE#         468
  C:262CH         LINE#         470
  C:262CH         LINE#         471
  C:2652H         LINE#         472
  C:2662H         LINE#         474
  C:268BH         LINE#         475
  C:2692H         LINE#         476
  C:2694H         LINE#         477
  C:2694H         LINE#         480
  C:26ACH         LINE#         481
  C:26C5H         LINE#         483
  C:26E7H         LINE#         485
  C:2703H         LINE#         486
  C:2718H         LINE#         487
  C:272CH         LINE#         488
  C:2738H         LINE#         490
  C:2738H         LINE#         491
  C:275EH         LINE#         492
  C:276EH         LINE#         494
  C:2797H         LINE#         495
  C:279EH         LINE#         496
  C:27A0H         LINE#         497
  C:27A0H         LINE#         499
  C:27A2H         LINE#         501
  -------         ENDPROC       _OLED_DRAW_WINDOWSDRAW
  -------         PROC          _OLED_FILL
  D:0007H         SYMBOL        x1
  X:04B6H         SYMBOL        y1
BL51 BANKED LINKER/LOCATER V6.22                                                      04/22/2015  18:31:49  PAGE 30


  D:0001H         SYMBOL        x2
  X:04B8H         SYMBOL        y2
  X:04B9H         SYMBOL        dot
  -------         DO            
  D:0004H         SYMBOL        x
  D:0002H         SYMBOL        y
  -------         ENDDO         
  C:5110H         LINE#         506
  C:5117H         LINE#         507
  C:5117H         LINE#         509
  C:511EH         LINE#         510
  C:511EH         LINE#         511
  C:513AH         LINE#         512
  C:513DH         LINE#         513
  -------         ENDPROC       _OLED_FILL
  C:405BH         SYMBOL        L?0226
  -------         PROC          L?0225
  -------         ENDPROC       L?0225
  C:405BH         SYMBOL        L?0226
  -------         PROC          _OLED_SHOWCHAR
  X:0454H         SYMBOL        x
  D:0001H         SYMBOL        y
  X:0456H         SYMBOL        chr
  X:0457H         SYMBOL        size
  X:0458H         SYMBOL        mode
  -------         DO            
  X:0459H         SYMBOL        temp
  D:0004H         SYMBOL        t
  D:0002H         SYMBOL        t1
  X:045AH         SYMBOL        y0
  -------         ENDDO         
  C:4068H         LINE#         526
  C:4074H         LINE#         527
  C:4074H         LINE#         529
  C:4079H         LINE#         530
  C:4080H         LINE#         531
  C:408FH         LINE#         532
  C:408FH         LINE#         533
  C:40BCH         LINE#         534
  C:40D5H         LINE#         535
  C:40F4H         LINE#         536
  C:40F6H         LINE#         537
  C:40F6H         LINE#         538
  C:410BH         LINE#         539
  C:4121H         LINE#         540
  C:4128H         LINE#         541
  C:4129H         LINE#         542
  C:4137H         LINE#         543
  C:4137H         LINE#         544
  C:4139H         LINE#         545
  C:413FH         LINE#         546
  C:4141H         LINE#         547
  C:4141H         LINE#         548
  C:4146H         LINE#         549
  C:414AH         LINE#         550
  -------         ENDPROC       _OLED_SHOWCHAR
  -------         PROC          _MYPOW
BL51 BANKED LINKER/LOCATER V6.22                                                      04/22/2015  18:31:49  PAGE 31


  X:04A4H         SYMBOL        m
  X:04A5H         SYMBOL        n
  -------         DO            
  X:04A6H         SYMBOL        result
  -------         ENDDO         
  C:4E59H         LINE#         552
  C:4E61H         LINE#         553
  C:4E61H         LINE#         554
  C:4E69H         LINE#         555
  C:4E93H         LINE#         556
  C:4EA1H         LINE#         557
  -------         ENDPROC       _MYPOW
  -------         PROC          _OLED_SHOWNUM
  X:0490H         SYMBOL        x
  X:0491H         SYMBOL        y
  X:0492H         SYMBOL        num
  X:0496H         SYMBOL        len
  X:0497H         SYMBOL        size
  -------         DO            
  X:0498H         SYMBOL        t
  X:0499H         SYMBOL        temp
  X:049AH         SYMBOL        enshow
  -------         ENDDO         
  C:4587H         LINE#         568
  C:458FH         LINE#         569
  C:458FH         LINE#         571
  C:4594H         LINE#         572
  C:45A9H         LINE#         573
  C:45A9H         LINE#         574
  C:45DAH         LINE#         575
  C:45EDH         LINE#         576
  C:45EDH         LINE#         577
  C:45F1H         LINE#         578
  C:45F1H         LINE#         579
  C:4610H         LINE#         580
  C:4612H         LINE#         581
  C:4618H         LINE#         583
  C:4618H         LINE#         584
  C:4644H         LINE#         585
  C:464DH         LINE#         586
  -------         ENDPROC       _OLED_SHOWNUM
  -------         PROC          L?0230
  -------         ENDPROC       L?0230
  -------         PROC          _OLED_SHOWSTRING
  X:044DH         SYMBOL        x
  X:044EH         SYMBOL        y
  X:044FH         SYMBOL        p
  X:0452H         SYMBOL        size
  X:0453H         SYMBOL        mode
  C:3D3DH         LINE#         594
  C:3D4EH         LINE#         595
  C:3D4EH         LINE#         597
  C:3D61H         LINE#         598
  C:3D61H         LINE#         599
  C:3D69H         LINE#         600
  C:3D69H         LINE#         601
  C:3D79H         LINE#         602
BL51 BANKED LINKER/LOCATER V6.22                                                      04/22/2015  18:31:49  PAGE 32


  C:3D85H         LINE#         603
  C:3DABH         LINE#         604
  C:3DB2H         LINE#         605
  C:3DB5H         LINE#         606
  C:3DBDH         LINE#         607
  C:3DBDH         LINE#         608
  C:3DCDH         LINE#         609
  C:3DD9H         LINE#         610
  C:3DF3H         LINE#         611
  C:3DF3H         LINE#         612
  C:3DF5H         LINE#         614
  C:3DF5H         LINE#         615
  C:3E05H         LINE#         616
  C:3E11H         LINE#         617
  C:3E37H         LINE#         618
  C:3E3EH         LINE#         619
  C:3E3EH         LINE#         620
  C:3E48H         LINE#         621
  C:3E4BH         LINE#         622
  -------         ENDPROC       _OLED_SHOWSTRING
  -------         PROC          _OLED_SHOWFONT16
  X:04AAH         SYMBOL        x
  D:0001H         SYMBOL        y
  X:04ACH         SYMBOL        fno
  X:04ADH         SYMBOL        mode
  -------         DO            
  X:04AEH         SYMBOL        temp
  D:0004H         SYMBOL        t
  D:0002H         SYMBOL        t1
  X:04AFH         SYMBOL        y0
  -------         ENDDO         
  C:4A4EH         LINE#         635
  C:4A5AH         LINE#         636
  C:4A5AH         LINE#         638
  C:4A5FH         LINE#         639
  C:4A61H         LINE#         640
  C:4A61H         LINE#         641
  C:4A65H         LINE#         642
  C:4A87H         LINE#         643
  C:4A89H         LINE#         644
  C:4A89H         LINE#         645
  C:4A9EH         LINE#         646
  C:4AB4H         LINE#         647
  C:4ABBH         LINE#         648
  C:4ABCH         LINE#         649
  C:4AC6H         LINE#         650
  C:4AC6H         LINE#         651
  C:4AC8H         LINE#         652
  C:4ACEH         LINE#         653
  C:4AD0H         LINE#         654
  C:4AD0H         LINE#         655
  C:4AD5H         LINE#         656
  C:4ADBH         LINE#         657
  -------         ENDPROC       _OLED_SHOWFONT16
  -------         PROC          _OLED_DRAWBMP
  D:0001H         SYMBOL        x
  D:0004H         SYMBOL        y
BL51 BANKED LINKER/LOCATER V6.22                                                      04/22/2015  18:31:49  PAGE 33


  X:0436H         SYMBOL        mode
  -------         DO            
  X:0437H         SYMBOL        temp
  X:0439H         SYMBOL        t
  X:043BH         SYMBOL        t1
  X:043DH         SYMBOL        y0
  -------         ENDDO         
  C:464EH         LINE#         662
  C:4657H         LINE#         663
  C:4657H         LINE#         665
  C:4661H         LINE#         666
  C:4679H         LINE#         667
  C:4679H         LINE#         668
  C:468EH         LINE#         669
  C:4695H         LINE#         670
  C:4695H         LINE#         671
  C:46A7H         LINE#         672
  C:46BAH         LINE#         673
  C:46C7H         LINE#         674
  C:46C8H         LINE#         675
  C:46DFH         LINE#         676
  C:46DFH         LINE#         677
  C:46E1H         LINE#         678
  C:46E2H         LINE#         679
  C:46E4H         LINE#         680
  C:46E4H         LINE#         681
  C:4701H         LINE#         682
  C:4712H         LINE#         683
  -------         ENDPROC       _OLED_DRAWBMP
  -------         PROC          L?0229
  -------         ENDPROC       L?0229
  -------         PROC          _OLED_DRAWICON
  X:043AH         SYMBOL        x
  X:043BH         SYMBOL        y
  X:043CH         SYMBOL        mode
  X:043DH         SYMBOL        icon
  -------         DO            
  X:0440H         SYMBOL        temp
  X:0442H         SYMBOL        t
  X:0444H         SYMBOL        t1
  X:0446H         SYMBOL        y0
  -------         ENDDO         
  C:3F71H         LINE#         689
  C:3F80H         LINE#         690
  C:3F80H         LINE#         692
  C:3F89H         LINE#         693
  C:3F90H         LINE#         694
  C:3F90H         LINE#         695
  C:3FA7H         LINE#         696
  C:3FB1H         LINE#         697
  C:3FB8H         LINE#         698
  C:3FB8H         LINE#         699
  C:3FCCH         LINE#         700
  C:3FE1H         LINE#         701
  C:3FEEH         LINE#         702
  C:3FF4H         LINE#         703
  C:400BH         LINE#         704
BL51 BANKED LINKER/LOCATER V6.22                                                      04/22/2015  18:31:49  PAGE 34


  C:400BH         LINE#         705
  C:4010H         LINE#         706
  C:4016H         LINE#         707
  C:4018H         LINE#         708
  C:4018H         LINE#         709
  C:4035H         LINE#         710
  C:4055H         LINE#         711
  -------         ENDPROC       _OLED_DRAWICON
  -------         PROC          _DISP_MENU_MAIN
  X:0439H         SYMBOL        num
  C:4316H         LINE#         713
  C:431BH         LINE#         714
  C:431BH         LINE#         715
  C:432EH         LINE#         716
  C:4341H         LINE#         717
  C:4347H         LINE#         718
  C:4347H         LINE#         719
  C:435DH         LINE#         720
  C:4360H         LINE#         721
  C:4371H         LINE#         722
  C:4374H         LINE#         723
  C:437FH         LINE#         724
  C:437FH         LINE#         725
  C:4393H         LINE#         726
  C:43A9H         LINE#         727
  C:43BAH         LINE#         728
  C:43BCH         LINE#         730
  C:43BCH         LINE#         731
  C:43D0H         LINE#         732
  C:43D3H         LINE#         733
  C:43E9H         LINE#         734
  C:43E9H         LINE#         736
  -------         ENDPROC       _DISP_MENU_MAIN
  -------         PROC          _DISP_MENU_1
  X:0439H         SYMBOL        num
  C:3E4CH         LINE#         737
  C:3E51H         LINE#         738
  C:3E51H         LINE#         741
  C:3E53H         LINE#         742
  C:3E53H         LINE#         743
  C:3E67H         LINE#         744
  C:3E7AH         LINE#         745
  C:3E7AH         LINE#         746
  C:3E7AH         LINE#         747
  C:3E7CH         LINE#         748
  C:3E84H         LINE#         749
  C:3E84H         LINE#         750
  C:3E9AH         LINE#         751
  C:3EAFH         LINE#         752
  C:3EB2H         LINE#         753
  C:3EC1H         LINE#         754
  C:3EC4H         LINE#         755
  C:3ED5H         LINE#         756
  C:3ED5H         LINE#         757
  C:3EE2H         LINE#         758
  C:3EF9H         LINE#         759
  C:3F0EH         LINE#         760
BL51 BANKED LINKER/LOCATER V6.22                                                      04/22/2015  18:31:49  PAGE 35


  C:3F1DH         LINE#         761
  C:3F1FH         LINE#         763
  C:3F1FH         LINE#         764
  C:3F2CH         LINE#         765
  C:3F43H         LINE#         766
  C:3F46H         LINE#         767
  C:3F5CH         LINE#         768
  C:3F5CH         LINE#         769
  -------         ENDPROC       _DISP_MENU_1
  -------         PROC          _OLED_SHOWADD
  X:0443H         SYMBOL        x
  X:0444H         SYMBOL        y
  X:0445H         SYMBOL        Add1
  X:0449H         SYMBOL        Add2
  C:1319H         LINE#         774
  C:1321H         LINE#         775
  C:1321H         LINE#         776
  C:1338H         LINE#         777
  C:1357H         LINE#         778
  C:136AH         LINE#         779
  C:137BH         LINE#         780
  C:138EH         LINE#         781
  C:13A1H         LINE#         782
  C:13A8H         LINE#         783
  C:13DDH         LINE#         784
  C:1415H         LINE#         785
  C:144DH         LINE#         786
  C:1485H         LINE#         787
  C:1491H         LINE#         788
  C:14C9H         LINE#         789
  C:1501H         LINE#         790
  C:1539H         LINE#         791
  C:1571H         LINE#         792
  C:157DH         LINE#         793
  C:15B5H         LINE#         794
  C:15EDH         LINE#         795
  C:1625H         LINE#         796
  C:165DH         LINE#         798
  C:1697H         LINE#         799
  C:16D1H         LINE#         800
  C:170BH         LINE#         801
[...]
  C:2BDCH         LINE#         588
  C:2BF3H         LINE#         589
  C:2C1EH         LINE#         590
  C:2C36H         LINE#         592
  C:2C61H         LINE#         593
  C:2C87H         LINE#         595
  C:2C9DH         LINE#         596
  C:2CC3H         LINE#         598
  C:2CD3H         LINE#         599
  C:2CEAH         LINE#         600
  C:2D15H         LINE#         601
  C:2D3BH         LINE#         603
  C:2D66H         LINE#         604
  C:2D8CH         LINE#         606
  C:2DA2H         LINE#         607
  C:2DC8H         LINE#         609
  C:2DD6H         LINE#         610
  C:2DEDH         LINE#         611
  C:2E18H         LINE#         612
BL51 BANKED LINKER/LOCATER V6.22                                                      04/22/2015  18:31:49  PAGE 50


  C:2E3EH         LINE#         614
  C:2E69H         LINE#         615
  C:2E8FH         LINE#         617
  C:2EA5H         LINE#         618
  C:2ECBH         LINE#         620
  C:2ED1H         LINE#         621
  -------         ENDPROC       SHOWINFO
  -------         PROC          _CUTRUN
  X:0439H         SYMBOL        package
  -------         DO            
  X:043AH         SYMBOL        Done
  -------         ENDDO         
  C:38F5H         LINE#         623
  C:38FAH         LINE#         624
  C:38FAH         LINE#         626
  C:38FDH         LINE#         629
  C:3906H         LINE#         631
  C:391DH         LINE#         632
  C:394FH         LINE#         633
  C:397CH         LINE#         635
  C:39AEH         LINE#         636
  C:39DBH         LINE#         638
  C:3A08H         LINE#         639
  C:3A2EH         LINE#         640
  C:3A31H         LINE#         641
  C:3A44H         LINE#         642
  C:3A4AH         LINE#         643
  C:3A4AH         LINE#         644
  C:3A57H         LINE#         645
  C:3A57H         LINE#         646
  C:3A59H         LINE#         647
  C:3A5EH         LINE#         648
  C:3A66H         LINE#         649
  C:3A66H         LINE#         650
  C:3A73H         LINE#         651
  C:3A73H         LINE#         652
  C:3A75H         LINE#         653
  C:3A7AH         LINE#         654
  C:3A7DH         LINE#         655
  C:3A7DH         LINE#         656
  C:3A7FH         LINE#         657
  -------         ENDPROC       _CUTRUN
  -------         ENDMOD        CD4052

  -------         MODULE        ISR
  C:0000H         SYMBOL        _ICE_DUMMY_
  C:5438H         PUBLIC        DsDecode
  D:0080H         PUBLIC        P0
  D:00B2H         PUBLIC        P3M0
  D:0090H         PUBLIC        P1
  D:00B1H         PUBLIC        P3M1
  D:00A0H         PUBLIC        P2
  D:00B0H         PUBLIC        P3
  D:00C0H         PUBLIC        P4
  D:00C8H         PUBLIC        P5
  D:00A8H         PUBLIC        IE
  X:0488H         PUBLIC        Decodecnt
BL51 BANKED LINKER/LOCATER V6.22                                                      04/22/2015  18:31:49  PAGE 51


  D:00B8H         PUBLIC        IP
  B:00B0H.2       PUBLIC        INT0
  D:00D8H         PUBLIC        CCON
  C:538DH         PUBLIC        T0_isr
  D:0098H         PUBLIC        SCON
  C:4235H         PUBLIC        T1_isr
  B:00C0H.1       PUBLIC        P41
  D:0089H         PUBLIC        TMOD
  D:0088H         PUBLIC        TCON
  X:048AH         PUBLIC        OscFreq
  B:0080H.7       PUBLIC        P07
  B:00C0H.5       PUBLIC        P45
  B:00C0H.6       PUBLIC        P46
  C:5500H         PUBLIC        timerInit
  D:00F0H         PUBLIC        B
  D:008EH         PUBLIC        AUXR
  D:00E0H         PUBLIC        ACC
  B:00A8H.3       PUBLIC        ET1
  B:0088H.5       PUBLIC        TF0
  C:549AH         PUBLIC        Timer0Init
  B:0088H.7       PUBLIC        TF1
  C:3760H         PUBLIC        INT0_isr
  C:5476H         PUBLIC        Timer1Init
  D:008CH         PUBLIC        TH0
  B:00A8H.0       PUBLIC        EX0
  B:0088H.0       PUBLIC        IT0
  D:008DH         PUBLIC        TH1
  D:008AH         PUBLIC        TL0
  D:008BH         PUBLIC        TL1
  B:0088H.4       PUBLIC        TR0
  B:0088H.6       PUBLIC        TR1
  X:048CH         PUBLIC        ReIRcode
  C:54ECH         PUBLIC        Int0Init
  D:00D0H         PUBLIC        PSW
  C:53F2H         PUBLIC        EnDecode
  -------         PROC          TIMER0INIT
  C:549AH         LINE#         21
  C:549AH         LINE#         22
  C:549AH         LINE#         23
  C:549CH         LINE#         24
  C:549FH         LINE#         25
  C:54A2H         LINE#         26
  C:54A5H         LINE#         27
  C:54A8H         LINE#         28
  C:54AAH         LINE#         29
  -------         ENDPROC       TIMER0INIT
  -------         PROC          TIMER1INIT
  C:5476H         LINE#         31
  C:5476H         LINE#         32
  C:5476H         LINE#         33
  C:5478H         LINE#         34
  C:547BH         LINE#         35
  C:547EH         LINE#         36
  C:5481H         LINE#         37
  C:5484H         LINE#         38
  C:5486H         LINE#         39
  C:5488H         LINE#         40
BL51 BANKED LINKER/LOCATER V6.22                                                      04/22/2015  18:31:49  PAGE 52


  -------         ENDPROC       TIMER1INIT
  -------         PROC          INT0INIT
  C:54ECH         LINE#         41
  C:54ECH         LINE#         42
  C:54ECH         LINE#         44
  C:54EFH         LINE#         45
  C:54F2H         LINE#         46
  C:54F4H         LINE#         47
  C:54F6H         LINE#         48
  -------         ENDPROC       INT0INIT
  -------         PROC          TIMERINIT
  C:5500H         LINE#         50
  C:5500H         LINE#         51
  C:5500H         LINE#         52
  C:5503H         LINE#         53
  C:5506H         LINE#         54
  C:5508H         LINE#         55
  -------         ENDPROC       TIMERINIT
  -------         PROC          ENDECODE
  C:53F2H         LINE#         69
  C:53F2H         LINE#         70
  C:53F2H         LINE#         71
  C:53F4H         LINE#         72
  C:53FBH         LINE#         73
  C:5405H         LINE#         74
  C:5407H         LINE#         75
  C:5409H         LINE#         78
  -------         ENDPROC       ENDECODE
  -------         PROC          DSDECODE
  C:5438H         LINE#         79
  C:5438H         LINE#         80
  C:5438H         LINE#         81
  C:543AH         LINE#         82
  C:543CH         LINE#         83
  C:5443H         LINE#         84
  C:544DH         LINE#         86
  -------         ENDPROC       DSDECODE
  -------         PROC          INT0_ISR
  -------         DO            
  X:047BH         SYMBOL        CountL
  X:047DH         SYMBOL        CountH
  X:047FH         SYMBOL        IR_BitCnt
  X:0480H         SYMBOL        sync
  X:0481H         SYMBOL        step
  -------         ENDDO         
  C:3760H         LINE#         88
  C:377BH         LINE#         94
  C:3784H         LINE#         95
  C:3784H         LINE#         96
  C:378AH         LINE#         97
  C:378AH         LINE#         98
  C:378FH         LINE#         99
  C:378FH         LINE#         100
  C:3795H         LINE#         101
  C:379AH         LINE#         102
  C:379CH         LINE#         103
  C:37A1H         LINE#         104
BL51 BANKED LINKER/LOCATER V6.22                                                      04/22/2015  18:31:49  PAGE 53


  C:37A1H         LINE#         105
  C:37B1H         LINE#         106
  C:37B8H         LINE#         107
  C:37BCH         LINE#         108
  C:37C9H         LINE#         109
  C:37C9H         LINE#         110
  C:37E2H         LINE#         111
  C:37E2H         LINE#         112
  C:37E8H         LINE#         113
  C:37EEH         LINE#         115
  C:3816H         LINE#         117
  C:3816H         LINE#         118
  C:3816H         LINE#         119
  C:3816H         LINE#         121
  C:3816H         LINE#         122
  C:381CH         LINE#         123
  C:381CH         LINE#         124
  C:3826H         LINE#         125
  C:3826H         LINE#         126
  C:3832H         LINE#         127
  C:3839H         LINE#         128
  C:383FH         LINE#         129
  C:3842H         LINE#         131
  C:3842H         LINE#         132
  C:3846H         LINE#         133
  C:384AH         LINE#         134
  C:384AH         LINE#         135
  C:384AH         LINE#         136
  C:384DH         LINE#         138
  C:384DH         LINE#         140
  C:3850H         LINE#         141
  C:3850H         LINE#         142
  C:3860H         LINE#         143
  C:3867H         LINE#         144
  C:3870H         LINE#         145
  C:3875H         LINE#         146
  C:3877H         LINE#         147
  C:387AH         LINE#         148
  C:387AH         LINE#         149
  C:388CH         LINE#         150
  C:3893H         LINE#         151
  C:38ACH         LINE#         152
  C:38B9H         LINE#         153
  C:38B9H         LINE#         154
  C:38D2H         LINE#         155
  C:38D2H         LINE#         156
  C:38DAH         LINE#         157
  C:38DAH         LINE#         158
  C:38DCH         LINE#         159
  C:38DCH         LINE#         160
  C:38DCH         LINE#         161
  C:38DCH         LINE#         163
  -------         ENDPROC       INT0_ISR
  -------         PROC          T0_ISR
  C:538DH         LINE#         166
  C:5393H         LINE#         168
  C:53A1H         LINE#         169
BL51 BANKED LINKER/LOCATER V6.22                                                      04/22/2015  18:31:49  PAGE 54


  -------         ENDPROC       T0_ISR
  -------         PROC          T1_ISR
  -------         DO            
  X:0482H         SYMBOL        cnt
  X:0483H         SYMBOL        keycnt
  X:0484H         SYMBOL        beepcnt
  X:0485H         SYMBOL        cutcnt
  X:0486H         SYMBOL        popcnt
  -------         ENDDO         
  C:4235H         LINE#         172
  C:4252H         LINE#         177
  C:4258H         LINE#         178
  C:425EH         LINE#         179
  C:4264H         LINE#         180
  C:4264H         LINE#         181
  C:4266H         LINE#         182
  C:4268H         LINE#         183
  C:4268H         LINE#         184
  C:4271H         LINE#         185
  C:4271H         LINE#         186
  C:4274H         LINE#         187
  C:4279H         LINE#         188
  C:4279H         LINE#         189
  C:4280H         LINE#         190
  C:4280H         LINE#         191
  C:4282H         LINE#         192
  C:428FH         LINE#         193
  C:428FH         LINE#         194
  C:4291H         LINE#         195
  C:4293H         LINE#         196
  C:4297H         LINE#         197
  C:4297H         LINE#         198
  C:4297H         LINE#         199
  C:429EH         LINE#         200
  C:429EH         LINE#         201
  C:42ABH         LINE#         202
  C:42ABH         LINE#         203
  C:42ADH         LINE#         204
  C:42AFH         LINE#         205
  C:42B4H         LINE#         206
  C:42B8H         LINE#         207
  C:42B8H         LINE#         208
  C:42B8H         LINE#         209
  C:42BFH         LINE#         210
  C:42BFH         LINE#         211
  C:42DBH         LINE#         212
  C:42DBH         LINE#         213
  C:42E2H         LINE#         214
  C:42E6H         LINE#         215
  C:42F8H         LINE#         216
  C:42FBH         LINE#         217
  C:42FBH         LINE#         218
  C:42FBH         LINE#         219
  -------         ENDPROC       T1_ISR
  -------         ENDMOD        ISR

  -------         MODULE        KEY
BL51 BANKED LINKER/LOCATER V6.22                                                      04/22/2015  18:31:49  PAGE 55


  C:0000H         SYMBOL        _ICE_DUMMY_
  D:0080H         PUBLIC        P0
  D:0090H         PUBLIC        P1
  D:00A0H         PUBLIC        P2
  D:00B0H         PUBLIC        P3
  D:00C0H         PUBLIC        P4
  D:00C8H         PUBLIC        P5
  C:5216H         PUBLIC        _CheckKey
  D:00A8H         PUBLIC        IE
  D:00B8H         PUBLIC        IP
  X:04C7H         PUBLIC        Key_back
  D:00D8H         PUBLIC        CCON
  X:04C8H         PUBLIC        keyCounter
  C:49B8H         PUBLIC        KeyScan
  B:00A0H.0       PUBLIC        P20
  D:0098H         PUBLIC        SCON
  D:0088H         PUBLIC        TCON
  B:00C0H.2       PUBLIC        P42
  B:00C0H.3       PUBLIC        P43
  B:00C0H.4       PUBLIC        P44
  B:00B0H.7       PUBLIC        P37
  D:00F0H         PUBLIC        B
  D:00E0H         PUBLIC        ACC
  X:04C9H         PUBLIC        Key_change
  D:00D0H         PUBLIC        PSW
  -------         PROC          _CHECKKEY
  D:0001H         SYMBOL        flag
  C:5216H         LINE#         10
  C:5216H         LINE#         11
  C:5216H         LINE#         13
  C:5219H         LINE#         14
  C:5219H         LINE#         15
  C:521BH         LINE#         16
  C:521DH         LINE#         17
  C:5220H         LINE#         18
  C:5220H         LINE#         19
  C:5222H         LINE#         20
  C:5224H         LINE#         21
  C:5227H         LINE#         22
  C:5227H         LINE#         23
  C:5229H         LINE#         24
  C:522BH         LINE#         25
  C:522EH         LINE#         26
  C:522EH         LINE#         27
  C:5230H         LINE#         28
  C:5232H         LINE#         29
  C:5235H         LINE#         30
  C:5235H         LINE#         31
  C:5237H         LINE#         32
  C:5239H         LINE#         34
  C:523EH         LINE#         35
  -------         ENDPROC       _CHECKKEY
  -------         PROC          KEYSCAN
  -------         DO            
  X:04C6H         SYMBOL        keyValue
  X:0435H         SYMBOL        keyTmp
  D:0007H         SYMBOL        key_return
BL51 BANKED LINKER/LOCATER V6.22                                                      04/22/2015  18:31:49  PAGE 56


  -------         ENDDO         
  C:49B8H         LINE#         42
  C:49B8H         LINE#         43
  C:49B8H         LINE#         45
  C:49BEH         LINE#         46
  C:49BFH         LINE#         47
  C:49C8H         LINE#         48
  C:49D0H         LINE#         49
  C:49D0H         LINE#         50
  C:49DAH         LINE#         51
  C:49DAH         LINE#         52
  C:49E1H         LINE#         53
  C:49E3H         LINE#         54
  C:49E9H         LINE#         55
  C:49E9H         LINE#         56
  C:49F0H         LINE#         57
  C:49F0H         LINE#         59
  C:49F5H         LINE#         60
  C:49FAH         LINE#         61
  C:49FCH         LINE#         62
  C:4A09H         LINE#         63
  C:4A09H         LINE#         64
  C:4A0EH         LINE#         65
  C:4A13H         LINE#         66
  C:4A16H         LINE#         67
  C:4A18H         LINE#         69
  C:4A18H         LINE#         70
  C:4A1EH         LINE#         71
  C:4A23H         LINE#         72
  C:4A23H         LINE#         73
  C:4A25H         LINE#         74
  C:4A27H         LINE#         75
  C:4A2BH         LINE#         76
  C:4A2BH         LINE#         77
  C:4A32H         LINE#         78
  C:4A34H         LINE#         79
  C:4A3BH         LINE#         80
  C:4A3BH         LINE#         81
  C:4A42H         LINE#         82
  C:4A48H         LINE#         83
  C:4A48H         LINE#         85
  C:4A48H         LINE#         89
  C:4A4DH         LINE#         92
  -------         ENDPROC       KEYSCAN
  -------         ENDMOD        KEY

  -------         MODULE        ?C?COPY
  C:2873H         PUBLIC        ?C?COPY
  -------         ENDMOD        ?C?COPY

  -------         MODULE        ?C?CLDPTR
  C:2899H         PUBLIC        ?C?CLDPTR
  -------         ENDMOD        ?C?CLDPTR

  -------         MODULE        ?C?CLDOPTR
  C:28B2H         PUBLIC        ?C?CLDOPTR
  -------         ENDMOD        ?C?CLDOPTR
BL51 BANKED LINKER/LOCATER V6.22                                                      04/22/2015  18:31:49  PAGE 57



  -------         MODULE        ?C?CSTPTR
  C:28DFH         PUBLIC        ?C?CSTPTR
  -------         ENDMOD        ?C?CSTPTR

  -------         MODULE        ?C?IMUL
  C:28F1H         PUBLIC        ?C?IMUL
  -------         ENDMOD        ?C?IMUL

  -------         MODULE        ?C?UIDIV
  C:2903H         PUBLIC        ?C?UIDIV
  -------         ENDMOD        ?C?UIDIV

  -------         MODULE        ?C?IILDX
  C:2958H         PUBLIC        ?C?IILDX
  -------         ENDMOD        ?C?IILDX

  -------         MODULE        ?C?ILDIX
  C:296EH         PUBLIC        ?C?ILDIX
  -------         ENDMOD        ?C?ILDIX

  -------         MODULE        ?C?LMUL
  C:2984H         PUBLIC        ?C?LMUL
  -------         ENDMOD        ?C?LMUL

  -------         MODULE        ?C?ULDIV
  C:2A0FH         PUBLIC        ?C?ULDIV
  -------         ENDMOD        ?C?ULDIV

  -------         MODULE        ?C?ULCMP
  C:2AA1H         PUBLIC        ?C?ULCMP
  -------         ENDMOD        ?C?ULCMP

  -------         MODULE        ?C?ULSHR
  C:2AB2H         PUBLIC        ?C?ULSHR
  -------         ENDMOD        ?C?ULSHR

  -------         MODULE        ?C?LSTXDATA
  C:2AC5H         PUBLIC        ?C?LSTXDATA
  -------         ENDMOD        ?C?LSTXDATA

  -------         MODULE        ?C?LSTKXDATA
  C:2AD1H         PUBLIC        ?C?LSTKXDATA
  -------         ENDMOD        ?C?LSTKXDATA

  -------         MODULE        ?C?PLDOPTR
  C:2B02H         PUBLIC        ?C?PLDOPTR
  -------         ENDMOD        ?C?PLDOPTR

  -------         MODULE        ?C?LIMUL
  C:2B32H         PUBLIC        ?C?LIMUL
  -------         ENDMOD        ?C?LIMUL

  -------         MODULE        ?C?PLDIDATA
  C:2B5FH         PUBLIC        ?C?PLDIDATA
  -------         ENDMOD        ?C?PLDIDATA

BL51 BANKED LINKER/LOCATER V6.22                                                      04/22/2015  18:31:49  PAGE 58


  -------         MODULE        ?C?PLDXDATA
  C:2B68H         PUBLIC        ?C?PLDXDATA
  -------         ENDMOD        ?C?PLDXDATA

  -------         MODULE        ?C?PLDPDATA
  C:2B71H         PUBLIC        ?C?PLDPDATA
  -------         ENDMOD        ?C?PLDPDATA

  -------         MODULE        ?C?PLDCODE
  C:2B7AH         PUBLIC        ?C?PLDCODE
  -------         ENDMOD        ?C?PLDCODE

*** WARNING L16: UNCALLED SEGMENT, IGNORED FOR OVERLAY PROCESS
    SEGMENT: ?PR?INITADDNO?MAIN

*** WARNING L16: UNCALLED SEGMENT, IGNORED FOR OVERLAY PROCESS
    SEGMENT: ?PR?LOOKINFO?MAIN

*** WARNING L16: UNCALLED SEGMENT, IGNORED FOR OVERLAY PROCESS
    SEGMENT: ?PR?_AT24C02_RD?24C02

*** WARNING L16: UNCALLED SEGMENT, IGNORED FOR OVERLAY PROCESS
    SEGMENT: ?PR?_OLED_DRAW_SQUARE?OLED

*** WARNING L16: UNCALLED SEGMENT, IGNORED FOR OVERLAY PROCESS
    SEGMENT: ?PR?_OLED_DRAW_SQUAREFILL?OLED

*** WARNING L16: UNCALLED SEGMENT, IGNORED FOR OVERLAY PROCESS
    SEGMENT: ?PR?_OLED_DRAW_LINES?OLED

*** WARNING L16: UNCALLED SEGMENT, IGNORED FOR OVERLAY PROCESS
    SEGMENT: ?PR?_OLED_DRAWCIRCLE?OLED

*** WARNING L16: UNCALLED SEGMENT, IGNORED FOR OVERLAY PROCESS
    SEGMENT: ?PR?_OLED_FILL?OLED

*** WARNING L16: UNCALLED SEGMENT, IGNORED FOR OVERLAY PROCESS
    SEGMENT: ?PR?_OLED_SHOWNUM?OLED

*** WARNING L16: UNCALLED SEGMENT, IGNORED FOR OVERLAY PROCESS
    SEGMENT: ?PR?_OLED_SHOWFONT16?OLED

*** WARNING L16: UNCALLED SEGMENT, IGNORED FOR OVERLAY PROCESS
    SEGMENT: ?PR?_PRINTF_U8?UART

*** WARNING L16: UNCALLED SEGMENT, IGNORED FOR OVERLAY PROCESS
    SEGMENT: ?PR?INIT595?_595

*** WARNING L16: UNCALLED SEGMENT, IGNORED FOR OVERLAY PROCESS
    SEGMENT: ?PR?INT0INIT?ISR

*** WARNING L16: UNCALLED SEGMENT, IGNORED FOR OVERLAY PROCESS
    SEGMENT: ?PR?ENDECODE?ISR

*** WARNING L16: UNCALLED SEGMENT, IGNORED FOR OVERLAY PROCESS
    SEGMENT: ?PR?DSDECODE?ISR

BL51 BANKED LINKER/LOCATER V6.22                                                      04/22/2015  18:31:49  PAGE 59


Program Size: data=9.2 xdata=1226 code=21776
LINK/LOCATE RUN COMPLETE.  15 WARNING(S),  0 ERROR(S)
