BL51 BANKED LINKER/LOCATER V6.22                                                        05/05/2015  10:51:30  PAGE 1


BL51 BANKED LINKER/LOCATER V6.22, INVOKED BY:
C:\KEIL\C51\BIN\BL51.EXE .\output\main.obj, .\output\24c02.obj, .\output\oled.obj, .\output\Uart.obj, .\output\_595.obj,
>>  .\output\cd4052.obj, .\output\isr.obj, .\output\Key.obj TO .\output\BurnCob PRINT (.\list\BurnCob.m51) RAMSIZE (256)
>> 


MEMORY MODEL: LARGE


INPUT MODULES INCLUDED:
  .\output\main.obj (MAIN)
  .\output\24c02.obj (24C02)
  .\output\oled.obj (OLED)
  .\output\Uart.obj (UART)
  .\output\_595.obj (_595)
  .\output\cd4052.obj (CD4052)
  .\output\isr.obj (ISR)
  .\output\Key.obj (KEY)
  C:\KEIL\C51\LIB\C51L.LIB (?C_STARTUP)
  C:\KEIL\C51\LIB\C51L.LIB (?C?COPY)
  C:\KEIL\C51\LIB\C51L.LIB (?C?CLDPTR)
  C:\KEIL\C51\LIB\C51L.LIB (?C?CLDOPTR)
  C:\KEIL\C51\LIB\C51L.LIB (?C?CSTPTR)
  C:\KEIL\C51\LIB\C51L.LIB (?C?IMUL)
  C:\KEIL\C51\LIB\C51L.LIB (?C?UIDIV)
  C:\KEIL\C51\LIB\C51L.LIB (?C?IILDX)
  C:\KEIL\C51\LIB\C51L.LIB (?C?ILDIX)
  C:\KEIL\C51\LIB\C51L.LIB (?C?LMUL)
  C:\KEIL\C51\LIB\C51L.LIB (?C?ULDIV)
  C:\KEIL\C51\LIB\C51L.LIB (?C?ULCMP)
  C:\KEIL\C51\LIB\C51L.LIB (?C?ULSHR)
  C:\KEIL\C51\LIB\C51L.LIB (?C?LSHL)
  C:\KEIL\C51\LIB\C51L.LIB (?C?LSTXDATA)
  C:\KEIL\C51\LIB\C51L.LIB (?C?LSTKXDATA)
  C:\KEIL\C51\LIB\C51L.LIB (?C?PLDOPTR)
  C:\KEIL\C51\LIB\C51L.LIB (?C?LIMUL)
  C:\KEIL\C51\LIB\C51L.LIB (?C_INIT)
  C:\KEIL\C51\LIB\C51L.LIB (?C?PLDIDATA)
  C:\KEIL\C51\LIB\C51L.LIB (?C?PLDXDATA)
  C:\KEIL\C51\LIB\C51L.LIB (?C?PLDPDATA)
  C:\KEIL\C51\LIB\C51L.LIB (?C?PLDCODE)


LINK MAP OF MODULE:  .\output\BurnCob (MAIN)


            TYPE    BASE      LENGTH    RELOCATION   SEGMENT NAME
            -----------------------------------------------------

            * * * * * * *   D A T A   M E M O R Y   * * * * * * *
            REG     0000H     0008H     ABSOLUTE     "REG BANK 0"
                    0008H     0018H                  *** GAP ***
            BIT     0020H.0   0000H.1   UNIT         ?BI?24C02
            BIT     0020H.1   0000H.1   UNIT         _BIT_GROUP_
                    0020H.2   0000H.6                *** GAP ***
            IDATA   0021H     0001H     UNIT         ?STACK

            * * * * * * *  X D A T A   M E M O R Y  * * * * * * *
BL51 BANKED LINKER/LOCATER V6.22                                                      05/05/2015  10:51:30  PAGE 2


            XDATA   0000H     0400H     UNIT         ?XD?OLED
            XDATA   0400H     0039H     UNIT         _XDATA_GROUP_
            XDATA   0439H     0034H     UNIT         ?XD?CD4052
            XDATA   046DH     0023H     UNIT         ?XD?MAIN
            XDATA   0490H     0018H     UNIT         ?XD?ISR
            XDATA   04A8H     000BH     UNIT         ?XD?_OLED_SHOWNUM?OLED
            XDATA   04B3H     0009H     UNIT         ?XD?_OLED_DRAW_LINES?OLED
            XDATA   04BCH     0006H     UNIT         ?XD?_MYPOW?OLED
            XDATA   04C2H     0006H     UNIT         ?XD?_OLED_SHOWFONT16?OLED
            XDATA   04C8H     0005H     UNIT         ?XD?_OLED_DRAWCIRCLE?OLED
            XDATA   04CDH     0005H     UNIT         ?XD?_OLED_FILL?OLED
            XDATA   04D2H     0004H     UNIT         ?XD?INITADDNO?MAIN
            XDATA   04D6H     0004H     UNIT         ?XD?_OLED_DRAW_SQUARE?OLED
            XDATA   04DAH     0004H     UNIT         ?XD?_OLED_DRAW_SQUAREFILL?OLED
            XDATA   04DEH     0004H     UNIT         ?XD?KEY

            * * * * * * *   C O D E   M E M O R Y   * * * * * * *
            CODE    0000H     0003H     ABSOLUTE     
            CODE    0003H     0003H     ABSOLUTE     
                    0006H     0005H                  *** GAP ***
            CODE    000BH     0003H     ABSOLUTE     
            CODE    000EH     000DH     UNIT         ?PR?DELAY_5US?24C02
            CODE    001BH     0003H     ABSOLUTE     
                    001EH     0005H                  *** GAP ***
            CODE    0023H     0003H     ABSOLUTE     
            CODE    0026H     1311H     UNIT         ?CO?OLED
            CODE    1337H     0C46H     UNIT         ?PR?_OLED_SHOWADD?OLED
            CODE    1F7DH     049CH     UNIT         ?PR?COMPAREADD?CD4052
            CODE    2419H     048EH     UNIT         ?CO?MAIN
            CODE    28A7H     03F6H     UNIT         ?C?LIB_CODE
            CODE    2C9DH     03C0H     UNIT         ?PR?_OLED_DRAW_WINDOWSDRAW?OLED
            CODE    305DH     0380H     UNIT         ?PR?SHOWINFO?CD4052
            CODE    33DDH     0319H     UNIT         ?PR?BURNCHECK?CD4052
            CODE    36F6H     02C2H     UNIT         ?PR?MAIN?MAIN
            CODE    39B8H     0294H     UNIT         ?PR?_CUTRUN?CD4052
            CODE    3C4CH     0245H     UNIT         ?PR?SET_MODE?MAIN
            CODE    3E91H     0242H     UNIT         ?PR?_DECODE?CD4052
            CODE    40D3H     023DH     UNIT         ?PR?TEST_MODE?MAIN
            CODE    4310H     01CAH     UNIT         ?PR?SETLINE?MAIN
            CODE    44DAH     01B1H     UNIT         ?PR?GETPADRES?CD4052
            CODE    468BH     018EH     UNIT         ?PR?INT0_ISR?ISR
            CODE    4819H     0185H     UNIT         ?PR?CHEK4052?MAIN
            CODE    499EH     0166H     UNIT         ?PR?_OLED_DRAWLINE?OLED
            CODE    4B04H     0143H     UNIT         ?PR?_PNMASK?CD4052
            CODE    4C47H     0123H     UNIT         ?PR?_OLED_SHOWSTRING?OLED
            CODE    4D6AH     011DH     UNIT         ?PR?CUT_MODE?MAIN
            CODE    4E87H     011BH     UNIT         ?PR?_DISP_MENU_0?OLED
            CODE    4FA2H     0111H     UNIT         ?PR?_OLED_DRAWSETBAR?OLED
            CODE    50B3H     0111H     UNIT         ?PR?_DISP_MENU_1?OLED
            CODE    51C4H     0109H     UNIT         ?PR?_OLED_SHOWCHAR?OLED
            CODE    52CDH     00F9H     UNIT         ?PR?_OLED_DRAWICON?OLED
            CODE    53C6H     00EEH     UNIT         ?PR?T1_ISR?ISR
            CODE    54B4H     00EAH     UNIT         ?PR?_OLED_DRAW_LINES?OLED
            CODE    559EH     00D4H     UNIT         ?PR?_DISP_MENU_MAIN?OLED
            CODE    5672H     00C7H     UNIT         ?PR?_OLED_SHOWNUM?OLED
            CODE    5739H     00C5H     UNIT         ?PR?_OLED_DRAWBMP?OLED
            CODE    57FEH     00B4H     UNIT         ?PR?OLED_INIT?OLED
BL51 BANKED LINKER/LOCATER V6.22                                                      05/05/2015  10:51:30  PAGE 3


            CODE    58B2H     00A9H     UNIT         ?PR?_OLED_DRAWCIRCLE?OLED
            CODE    595BH     00A9H     UNIT         ?PR?PN_MIRRO?CD4052
            CODE    5A04H     00A7H     UNIT         ?PR?_OLED_DRAWPOINT?OLED
            CODE    5AABH     00A6H     UNIT         ?PR?_OLED_DRAW_RECTANGLEFILL?OLED
            CODE    5B51H     0096H     UNIT         ?PR?KEYSCAN?KEY
            CODE    5BE7H     008EH     UNIT         ?PR?_OLED_SHOWFONT16?OLED
            CODE    5C75H     008CH     UNIT         ?C_C51STARTUP
            CODE    5D01H     007DH     UNIT         ?PR?_GET_PKG_CNT?24C02
            CODE    5D7EH     0077H     UNIT         ?PR?SYSINIT?MAIN
            CODE    5DF5H     0076H     UNIT         ?PR?_OLED_DRAWTRIANGLE?OLED
            CODE    5E6BH     006FH     UNIT         ?CO?CD4052
            CODE    5EDAH     0063H     UNIT         ?PR?PRINTINFO?MAIN
            CODE    5F3DH     0063H     UNIT         ?PR?_OLED_DRAWRECTANGLE?OLED
            CODE    5FA0H     0062H     UNIT         ?PR?_UART_BAUDSET?UART
            CODE    6002H     0060H     UNIT         ?PR?_OLED_DRAWBAR?OLED
            CODE    6062H     005EH     UNIT         ?PR?INITADDNO?MAIN
            CODE    60C0H     0053H     UNIT         ?PR?_INIT_WINDOWS?MAIN
            CODE    6113H     0051H     UNIT         ?PR?_EXP2?MAIN
            CODE    6164H     004BH     UNIT         ?PR?_OLED_DRAW_SQUARE?OLED
            CODE    61AFH     004BH     UNIT         ?PR?_OLED_DRAW_SQUAREFILL?OLED
            CODE    61FAH     0049H     UNIT         ?PR?_MYPOW?OLED
            CODE    6243H     0048H     UNIT         ?PR?FLUSH_24C02?24C02
            CODE    628BH     0045H     UNIT         ?PR?_GET_PKG_ADD?24C02
            CODE    62D0H     0042H     UNIT         ?PR?OLED_REFRESH_GRAM?OLED
            CODE    6312H     003FH     UNIT         ?PR?_AT24C02_RDDAT?24C02
            CODE    6351H     003CH     UNIT         ?PR?_I2C_SENTBYTE?24C02
            CODE    638DH     0034H     UNIT         ?PR?IOINIT?MAIN
            CODE    63C1H     0034H     UNIT         ?PR?_OLED_DRAW_HLINE?OLED
            CODE    63F5H     0033H     UNIT         ?PR?_SEND_STRING?UART
            CODE    6428H     0031H     UNIT         ?PR?OLED_CLEAR?OLED
            CODE    6459H     0031H     UNIT         ?PR?_ADC2RES?CD4052
            CODE    648AH     0030H     UNIT         ?C_INITSEG
            CODE    64BAH     0030H     UNIT         ?PR?_OLED_FILL?OLED
            CODE    64EAH     002EH     UNIT         ?PR?_I2C_RCVBYTE?24C02
            CODE    6518H     002CH     UNIT         ?PR?_BYTEMIRRO?OLED
            CODE    6544H     002AH     UNIT         ?PR?_AT24C02_WRDAT?24C02
            CODE    656EH     0029H     UNIT         ?PR?_OLED_WR_BYTE?OLED
            CODE    6597H     0029H     UNIT         ?PR?_HEX2DAT?CD4052
            CODE    65C0H     0029H     UNIT         ?PR?_CHECKKEY?KEY
            CODE    65E9H     0028H     UNIT         ?PR?_STARTCUT?CD4052
            CODE    6611H     0024H     UNIT         ?PR?OLEDINIT?MAIN
            CODE    6635H     0024H     UNIT         ?PR?_OLED_DRAW_RLINE?OLED
            CODE    6659H     0023H     UNIT         ?PR?_GETADCRESULT?CD4052
            CODE    667CH     0020H     UNIT         ?PR?_OLED_SET_POS?OLED
            CODE    669CH     001FH     UNIT         ?PR?I2C_START?24C02
            CODE    66BBH     001EH     UNIT         ?PR?DSDECODE?ISR
            CODE    66D9H     001CH     UNIT         ?PR?_COBCUTING?CD4052
            CODE    66F5H     001BH     UNIT         ?PR?_PRINTF_U8?UART
            CODE    6710H     001BH     UNIT         ?PR?_STORGE595?_595
            CODE    672BH     001BH     UNIT         ?PR?T0_ISR?ISR
            CODE    6746H     001AH     UNIT         ?PR?_DELAY_MS?OLED
            CODE    6760H     0018H     UNIT         ?PR?_AT24C02_RD?24C02
            CODE    6778H     0018H     UNIT         ?PR?UART1_INTERRUPT?UART
            CODE    6790H     0018H     UNIT         ?PR?ENDECODE?ISR
            CODE    67A8H     0017H     UNIT         ?PR?_PUT_CHAR?UART
            CODE    67BFH     0014H     UNIT         ?PR?_AT24C02_WR?24C02
            CODE    67D3H     0014H     UNIT         ?PR?_GET_HEX_DATA?UART
BL51 BANKED LINKER/LOCATER V6.22                                                      05/05/2015  10:51:30  PAGE 4


            CODE    67E7H     0014H     UNIT         ?PR?_WRITE595?_595
            CODE    67FBH     0013H     UNIT         ?PR?TIMER1INIT?ISR
            CODE    680EH     0011H     UNIT         ?PR?TIMER0INIT?ISR
            CODE    681FH     0010H     UNIT         ?PR?I2C_STOP?24C02
            CODE    682FH     000EH     UNIT         ?PR?TIMERINIT?ISR
            CODE    683DH     000DH     UNIT         ?PR?INITSIGN?CD4052
            CODE    684AH     000CH     UNIT         ?PR?INITADC?CD4052
            CODE    6856H     000BH     UNIT         ?PR?DELAY_10MS?24C02
            CODE    6861H     000BH     UNIT         ?PR?UARTINIT?UART
            CODE    686CH     000BH     UNIT         ?PR?INT0INIT?ISR
            CODE    6877H     0009H     UNIT         ?PR?INIT595?_595
            CODE    6880H     0008H     UNIT         ?PR?DELAY_10US?24C02
            CODE    6888H     0008H     UNIT         ?PR?_PUT_BYTE?UART
            CODE    6890H     0008H     UNIT         ?PR?_SIGNOUT?CD4052



OVERLAY MAP OF MODULE:   .\output\BurnCob (MAIN)


SEGMENT                                      BIT_GROUP          XDATA_GROUP
  +--> CALLED SEGMENT                     START    LENGTH     START    LENGTH
-----------------------------------------------------------------------------
?PR?UART1_INTERRUPT?UART                  -----    -----      0400H    0001H

*** NEW ROOT ***************************************************

?PR?T1_ISR?ISR                            -----    -----      -----    -----
  +--> ?PR?KEYSCAN?KEY
  +--> ?PR?OLED_REFRESH_GRAM?OLED
  +--> ?PR?DSDECODE?ISR

?PR?KEYSCAN?KEY                           -----    -----      0401H    0001H
  +--> ?PR?_CHECKKEY?KEY

?PR?OLED_REFRESH_GRAM?OLED                -----    -----      -----    -----
  +--> ?PR?_OLED_WR_BYTE?OLED

*** NEW ROOT ***************************************************

?C_C51STARTUP                             -----    -----      -----    -----
  +--> ?PR?MAIN?MAIN
  +--> ?C_INITSEG

?PR?MAIN?MAIN                             -----    -----      -----    -----
  +--> ?PR?SYSINIT?MAIN
  +--> ?PR?PRINTINFO?MAIN
  +--> ?CO?MAIN
  +--> ?PR?_SEND_STRING?UART
  +--> ?PR?_PUT_CHAR?UART
  +--> ?PR?_PRINTF_U8?UART
  +--> ?PR?GETPADRES?CD4052
  +--> ?PR?OLED_CLEAR?OLED
  +--> ?PR?CHEK4052?MAIN
  +--> ?PR?SET_MODE?MAIN
  +--> ?PR?CUT_MODE?MAIN
  +--> ?PR?TEST_MODE?MAIN
BL51 BANKED LINKER/LOCATER V6.22                                                      05/05/2015  10:51:30  PAGE 5



?PR?SYSINIT?MAIN                          -----    -----      -----    -----
  +--> ?PR?IOINIT?MAIN
  +--> ?PR?INITADC?CD4052
  +--> ?PR?INITSIGN?CD4052
  +--> ?PR?UARTINIT?UART
  +--> ?PR?OLEDINIT?MAIN
  +--> ?PR?TIMERINIT?ISR
  +--> ?PR?_AT24C02_RD?24C02
  +--> ?PR?_AT24C02_WR?24C02
  +--> ?PR?_EXP2?MAIN

?PR?UARTINIT?UART                         -----    -----      -----    -----
  +--> ?PR?_UART_BAUDSET?UART

?PR?_UART_BAUDSET?UART                    -----    -----      0402H    0004H

?PR?OLEDINIT?MAIN                         -----    -----      -----    -----
  +--> ?PR?OLED_INIT?OLED
  +--> ?PR?OLED_CLEAR?OLED
  +--> ?PR?_OLED_DRAWBMP?OLED
  +--> ?PR?_OLED_DRAWBAR?OLED
  +--> ?PR?OLED_REFRESH_GRAM?OLED

?PR?OLED_INIT?OLED                        -----    -----      -----    -----
  +--> ?PR?_DELAY_MS?OLED
  +--> ?PR?_OLED_WR_BYTE?OLED
  +--> ?PR?OLED_CLEAR?OLED
  +--> ?PR?_OLED_SET_POS?OLED

?PR?_OLED_SET_POS?OLED                    -----    -----      -----    -----
  +--> ?PR?_OLED_WR_BYTE?OLED

?PR?_OLED_DRAWBMP?OLED                    -----    -----      0402H    0009H
  +--> ?CO?OLED
  +--> ?PR?_OLED_DRAWPOINT?OLED

?PR?_OLED_DRAWPOINT?OLED                  -----    -----      0437H    0002H

?PR?_OLED_DRAWBAR?OLED                    -----    -----      0402H    0006H
  +--> ?PR?_OLED_DRAWRECTANGLE?OLED
  +--> ?PR?_OLED_DRAW_RECTANGLEFILL?OLED
  +--> ?PR?OLED_REFRESH_GRAM?OLED
  +--> ?PR?DELAY_10MS?24C02

?PR?_OLED_DRAWRECTANGLE?OLED              -----    -----      042CH    0005H
  +--> ?PR?_OLED_DRAW_HLINE?OLED
  +--> ?PR?_OLED_DRAW_RLINE?OLED

?PR?_OLED_DRAW_HLINE?OLED                 -----    -----      0432H    0004H
  +--> ?PR?_OLED_DRAWPOINT?OLED

?PR?_OLED_DRAW_RLINE?OLED                 -----    -----      0431H    0004H
  +--> ?PR?_OLED_DRAWPOINT?OLED

?PR?_OLED_DRAW_RECTANGLEFILL?OLED         -----    -----      042CH    0006H
  +--> ?PR?_OLED_DRAW_HLINE?OLED
BL51 BANKED LINKER/LOCATER V6.22                                                      05/05/2015  10:51:30  PAGE 6



?PR?TIMERINIT?ISR                         -----    -----      -----    -----
  +--> ?PR?TIMER0INIT?ISR
  +--> ?PR?TIMER1INIT?ISR
  +--> ?PR?INT0INIT?ISR
  +--> ?PR?ENDECODE?ISR

?PR?_AT24C02_RD?24C02                     -----    -----      -----    -----
  +--> ?PR?_I2C_SENTBYTE?24C02
  +--> ?PR?I2C_START?24C02
  +--> ?PR?_I2C_RCVBYTE?24C02
  +--> ?PR?I2C_STOP?24C02

?PR?_I2C_SENTBYTE?24C02                   -----    -----      -----    -----
  +--> ?PR?I2C_START?24C02
  +--> ?PR?DELAY_5US?24C02

?PR?I2C_START?24C02                       -----    -----      -----    -----
  +--> ?PR?DELAY_10US?24C02

?PR?_I2C_RCVBYTE?24C02                    -----    -----      -----    -----
  +--> ?PR?DELAY_5US?24C02

?PR?I2C_STOP?24C02                        -----    -----      -----    -----
  +--> ?PR?DELAY_10US?24C02

?PR?_AT24C02_WR?24C02                     -----    -----      -----    -----
  +--> ?PR?I2C_START?24C02
  +--> ?PR?_I2C_SENTBYTE?24C02
  +--> ?PR?I2C_STOP?24C02

?PR?_EXP2?MAIN                            -----    -----      0409H    0006H

?PR?PRINTINFO?MAIN                        -----    -----      -----    -----
  +--> ?CO?MAIN
  +--> ?PR?_SEND_STRING?UART

?PR?_SEND_STRING?UART                     -----    -----      0409H    0003H
  +--> ?PR?_PUT_CHAR?UART

?PR?_PUT_CHAR?UART                        -----    -----      -----    -----
  +--> ?PR?_PUT_BYTE?UART

?PR?_PRINTF_U8?UART                       -----    -----      -----    -----
  +--> ?PR?_PUT_CHAR?UART
  +--> ?PR?_GET_HEX_DATA?UART

?PR?_GET_HEX_DATA?UART                    -----    -----      -----    -----
  +--> ?PR?_PUT_CHAR?UART

?PR?GETPADRES?CD4052                      -----    -----      0407H    0001H
  +--> ?PR?DELAY_10MS?24C02
  +--> ?PR?_ADC2RES?CD4052
  +--> ?PR?_GETADCRESULT?CD4052

?PR?_ADC2RES?CD4052                       -----    -----      -----    -----
  +--> ?PR?_GETADCRESULT?CD4052
BL51 BANKED LINKER/LOCATER V6.22                                                      05/05/2015  10:51:30  PAGE 7



?PR?CHEK4052?MAIN                         -----    -----      0402H    0001H
  +--> ?PR?OLED_CLEAR?OLED
  +--> ?CO?MAIN
  +--> ?PR?_SEND_STRING?UART
  +--> ?PR?_OLED_SHOWSTRING?OLED
  +--> ?PR?OLED_REFRESH_GRAM?OLED

?PR?_OLED_SHOWSTRING?OLED                 -----    -----      041AH    0007H
  +--> ?CO?OLED
  +--> ?PR?OLED_CLEAR?OLED
  +--> ?PR?_OLED_SHOWCHAR?OLED

?PR?_OLED_SHOWCHAR?OLED                   -----    -----      042CH    0007H
  +--> ?CO?OLED
  +--> ?PR?_BYTEMIRRO?OLED
  +--> ?PR?_OLED_DRAWPOINT?OLED

?PR?SET_MODE?MAIN                         -----    -----      0402H    0005H
  +--> ?PR?_DISP_MENU_MAIN?OLED
  +--> ?PR?OLED_REFRESH_GRAM?OLED
  +--> ?CO?MAIN
  +--> ?PR?_SEND_STRING?UART
  +--> ?PR?_OLED_SHOWSTRING?OLED
  +--> ?PR?OLED_CLEAR?OLED
  +--> ?PR?FLUSH_24C02?24C02
  +--> ?PR?_DISP_MENU_0?OLED
  +--> ?PR?SETLINE?MAIN

?PR?_DISP_MENU_MAIN?OLED                  -----    -----      0408H    0001H
  +--> ?PR?_OLED_SHOWCHAR?OLED
  +--> ?CO?OLED
  +--> ?PR?_OLED_DRAWICON?OLED

?PR?_OLED_DRAWICON?OLED                   -----    -----      0409H    000EH
  +--> ?CO?OLED
  +--> ?PR?_OLED_DRAWPOINT?OLED

?PR?FLUSH_24C02?24C02                     -----    -----      0407H    0001H
  +--> ?PR?_OLED_DRAWRECTANGLE?OLED
  +--> ?PR?_AT24C02_WR?24C02
  +--> ?PR?_OLED_DRAW_RECTANGLEFILL?OLED
  +--> ?PR?OLED_REFRESH_GRAM?OLED

?PR?_DISP_MENU_0?OLED                     -----    -----      0407H    0001H
  +--> ?CO?OLED
  +--> ?PR?_OLED_SHOWSTRING?OLED

?PR?SETLINE?MAIN                          -----    -----      0407H    0002H
  +--> ?CO?MAIN
  +--> ?PR?_SEND_STRING?UART
  +--> ?PR?_AT24C02_RD?24C02
  +--> ?PR?_AT24C02_WR?24C02
  +--> ?PR?_EXP2?MAIN
  +--> ?PR?OLED_CLEAR?OLED
  +--> ?PR?_OLED_SHOWCHAR?OLED
  +--> ?PR?_OLED_SHOWSTRING?OLED
BL51 BANKED LINKER/LOCATER V6.22                                                      05/05/2015  10:51:30  PAGE 8


  +--> ?PR?_OLED_DRAWSETBAR?OLED
  +--> ?PR?OLED_REFRESH_GRAM?OLED
  +--> ?PR?_INIT_WINDOWS?MAIN
  +--> ?PR?_OLED_DRAW_WINDOWSDRAW?OLED
  +--> ?PR?DELAY_10MS?24C02
  +--> ?PR?_PUT_CHAR?UART

?PR?_OLED_DRAWSETBAR?OLED                 -----    -----      0409H    0009H
  +--> ?PR?_OLED_DRAW_RECTANGLEFILL?OLED
  +--> ?PR?_OLED_DRAWRECTANGLE?OLED
  +--> ?PR?_OLED_DRAWTRIANGLE?OLED
  +--> ?PR?_HEX2DAT?CD4052
  +--> ?PR?_OLED_SHOWCHAR?OLED
  +--> ?PR?OLED_REFRESH_GRAM?OLED

?PR?_OLED_DRAWTRIANGLE?OLED               -----    -----      0412H    0004H
  +--> ?PR?_OLED_DRAWLINE?OLED

?PR?_OLED_DRAWLINE?OLED                   -----    -----      042CH    000BH
  +--> ?PR?_OLED_DRAWPOINT?OLED

?PR?_INIT_WINDOWS?MAIN                    -----    -----      0423H    000DH

?PR?_OLED_DRAW_WINDOWSDRAW?OLED           -----    -----      0423H    0009H
  +--> ?PR?_OLED_DRAW_RECTANGLEFILL?OLED
  +--> ?PR?_OLED_DRAWRECTANGLE?OLED
  +--> ?PR?_OLED_DRAW_HLINE?OLED
  +--> ?PR?_OLED_DRAW_RLINE?OLED
  +--> ?PR?_OLED_DRAWLINE?OLED
  +--> ?PR?_OLED_SHOWCHAR?OLED

?PR?CUT_MODE?MAIN                         -----    -----      0402H    0003H
  +--> ?PR?_DISP_MENU_MAIN?OLED
  +--> ?PR?OLED_REFRESH_GRAM?OLED
  +--> ?CO?MAIN
  +--> ?PR?_SEND_STRING?UART
  +--> ?PR?OLED_CLEAR?OLED
  +--> ?PR?_CUTRUN?CD4052
  +--> ?PR?_DISP_MENU_1?OLED

?PR?_CUTRUN?CD4052                        -----    -----      0405H    0002H
  +--> ?PR?_GET_PKG_ADD?24C02
  +--> ?CO?CD4052
  +--> ?PR?_OLED_SHOWSTRING?OLED
  +--> ?PR?_HEX2DAT?CD4052
  +--> ?PR?_OLED_SHOWCHAR?OLED
  +--> ?PR?OLED_REFRESH_GRAM?OLED
  +--> ?PR?INITSIGN?CD4052
  +--> ?PR?_SEND_STRING?UART
  +--> ?PR?_STARTCUT?CD4052
  +--> ?PR?SHOWINFO?CD4052
  +--> ?PR?OLED_CLEAR?OLED
  +--> ?PR?_OLED_SHOWADD?OLED

?PR?_GET_PKG_ADD?24C02                    -----    -----      040BH    0005H
  +--> ?PR?_AT24C02_RDDAT?24C02

BL51 BANKED LINKER/LOCATER V6.22                                                      05/05/2015  10:51:30  PAGE 9


?PR?_AT24C02_RDDAT?24C02                  -----    -----      0410H    0005H
  +--> ?PR?_I2C_SENTBYTE?24C02
  +--> ?PR?I2C_START?24C02
  +--> ?PR?_I2C_RCVBYTE?24C02
  +--> ?PR?I2C_STOP?24C02

?PR?_STARTCUT?CD4052                      -----    -----      -----    -----
  +--> ?PR?_PNMASK?CD4052
  +--> ?PR?_COBCUTING?CD4052
  +--> ?PR?GETPADRES?CD4052
  +--> ?PR?OLED_CLEAR?OLED
  +--> ?PR?COMPAREADD?CD4052

?PR?_COBCUTING?CD4052                     -----    -----      0407H    0004H
  +--> ?PR?_STORGE595?_595

?PR?_STORGE595?_595                       -----    -----      -----    -----
  +--> ?PR?_WRITE595?_595

?PR?COMPAREADD?CD4052                     -----    -----      0407H    0009H
  +--> ?PR?BURNCHECK?CD4052
  +--> ?PR?_HEX2DAT?CD4052
  +--> ?PR?_OLED_SHOWCHAR?OLED
  +--> ?CO?CD4052
  +--> ?PR?_OLED_SHOWSTRING?OLED
  +--> ?PR?OLED_REFRESH_GRAM?OLED
  +--> ?PR?_AT24C02_RDDAT?24C02
  +--> ?PR?_AT24C02_WRDAT?24C02
  +--> ?PR?_DECODE?CD4052

?PR?BURNCHECK?CD4052                      0020H.1  0000H.1    -----    -----
  +--> ?PR?_OLED_SHOWADD?OLED
  +--> ?PR?OLED_REFRESH_GRAM?OLED

?PR?_OLED_SHOWADD?OLED                    -----    -----      0410H    000AH
  +--> ?CO?OLED
  +--> ?PR?_OLED_SHOWSTRING?OLED
  +--> ?PR?_OLED_DRAWLINE?OLED
  +--> ?PR?_OLED_SHOWCHAR?OLED

?PR?_AT24C02_WRDAT?24C02                  -----    -----      0410H    0005H
  +--> ?PR?_I2C_SENTBYTE?24C02
  +--> ?PR?I2C_STOP?24C02
  +--> ?PR?DELAY_10MS?24C02

?PR?_DECODE?CD4052                        -----    -----      0410H    0013H
  +--> ?PR?ENDECODE?ISR
  +--> ?PR?DELAY_10MS?24C02
  +--> ?CO?CD4052
  +--> ?PR?_INIT_WINDOWS?MAIN
  +--> ?PR?_OLED_DRAW_WINDOWSDRAW?OLED
  +--> ?PR?_HEX2DAT?CD4052
  +--> ?PR?_OLED_SHOWCHAR?OLED
  +--> ?PR?OLED_REFRESH_GRAM?OLED
  +--> ?PR?PN_MIRRO?CD4052
  +--> ?PR?_SIGNOUT?CD4052

BL51 BANKED LINKER/LOCATER V6.22                                                      05/05/2015  10:51:30  PAGE 10


?PR?PN_MIRRO?CD4052                       -----    -----      0423H    0009H

?PR?_SIGNOUT?CD4052                       -----    -----      0423H    0005H

?PR?SHOWINFO?CD4052                       -----    -----      0407H    0004H
  +--> ?CO?CD4052
  +--> ?PR?_INIT_WINDOWS?MAIN
  +--> ?PR?_OLED_DRAW_WINDOWSDRAW?OLED
  +--> ?PR?_GET_PKG_CNT?24C02
  +--> ?PR?_OLED_SHOWSTRING?OLED
  +--> ?PR?_HEX2DAT?CD4052
  +--> ?PR?_OLED_SHOWCHAR?OLED
  +--> ?PR?_GET_PKG_ADD?24C02
  +--> ?PR?OLED_REFRESH_GRAM?OLED

?PR?_GET_PKG_CNT?24C02                    -----    -----      040BH    0005H
  +--> ?PR?_AT24C02_RDDAT?24C02

?PR?_DISP_MENU_1?OLED                     -----    -----      0405H    0001H
  +--> ?CO?OLED
  +--> ?PR?_OLED_SHOWSTRING?OLED

?PR?TEST_MODE?MAIN                        -----    -----      0402H    0006H
  +--> ?PR?DSDECODE?ISR
  +--> ?PR?_DISP_MENU_MAIN?OLED
  +--> ?PR?OLED_REFRESH_GRAM?OLED
  +--> ?CO?MAIN
  +--> ?PR?_SEND_STRING?UART
  +--> ?PR?_HEX2DAT?CD4052
  +--> ?PR?_OLED_SHOWCHAR?OLED
  +--> ?PR?ENDECODE?ISR
  +--> ?PR?OLED_CLEAR?OLED
  +--> ?PR?_OLED_SHOWSTRING?OLED



SYMBOL TABLE OF MODULE:  .\output\BurnCob (MAIN)

  VALUE           TYPE          NAME
  ----------------------------------

  -------         MODULE        MAIN
  C:0000H         SYMBOL        _ICE_DUMMY_
  D:0093H         PUBLIC        P0M1
  D:0092H         PUBLIC        P1M0
  C:6062H         PUBLIC        initAddNo
  D:0096H         PUBLIC        P2M0
  D:0091H         PUBLIC        P1M1
  D:0080H         PUBLIC        P0
  X:046DH         PUBLIC        NG_COUNT
  D:00B2H         PUBLIC        P3M0
  D:0095H         PUBLIC        P2M1
  D:0090H         PUBLIC        P1
  D:00B4H         PUBLIC        P4M0
  D:00B1H         PUBLIC        P3M1
  D:00A0H         PUBLIC        P2
  D:00CAH         PUBLIC        P5M0
BL51 BANKED LINKER/LOCATER V6.22                                                      05/05/2015  10:51:30  PAGE 11


  D:00B3H         PUBLIC        P4M1
  D:00B0H         PUBLIC        P3
  D:00C9H         PUBLIC        P5M1
  D:00C0H         PUBLIC        P4
  D:00C8H         PUBLIC        P5
  X:0471H         PUBLIC        OK_COUNT
  B:00A8H.7       PUBLIC        EA
  D:00A8H         PUBLIC        IE
  D:00B8H         PUBLIC        IP
  C:6113H         PUBLIC        _EXP2
  D:00D8H         PUBLIC        CCON
  X:0475H         PUBLIC        MODE
  C:36F6H         PUBLIC        main
  C:60C0H         PUBLIC        _init_windows
  D:0098H         PUBLIC        SCON
  B:00C0H.1       PUBLIC        P41
  D:0088H         PUBLIC        TCON
  B:0080H.7       PUBLIC        P07
  C:4310H         PUBLIC        SetLine
  B:00C8H.5       PUBLIC        P55
  B:00C0H.6       PUBLIC        P46
  B:00C0H.7       PUBLIC        P47
  C:6611H         PUBLIC        oledInit
  C:5EDAH         PUBLIC        printInfo
  D:00F0H         PUBLIC        B
  D:00E0H         PUBLIC        ACC
  X:0476H         PUBLIC        AddNo
  C:40D3H         PUBLIC        test_mode
  X:047AH         PUBLIC        Cutflag
  X:047BH         PUBLIC        Maxline
  C:4D6AH         PUBLIC        cut_mode
  C:3C4CH         PUBLIC        set_mode
  X:047CH         PUBLIC        PKG
  C:4819H         PUBLIC        chek4052
  C:638DH         PUBLIC        ioInit
  X:047DH         PUBLIC        POP
  C:5D7EH         PUBLIC        sysInit
  X:047EH         PUBLIC        windemo
  X:048BH         PUBLIC        MaxlineHex
  X:048FH         PUBLIC        BeepFlag
  D:00D0H         PUBLIC        PSW
  D:0094H         PUBLIC        P0M0
  -------         PROC          _INIT_WINDOWS
  D:0007H         SYMBOL        x
  D:0005H         SYMBOL        y
  D:0003H         SYMBOL        with
  X:0426H         SYMBOL        height
  X:0427H         SYMBOL        title
  X:042AH         SYMBOL        text
  X:042DH         SYMBOL        state
  C:60C0H         LINE#         25
  C:60C0H         LINE#         26
  C:60C0H         LINE#         27
  C:60C5H         LINE#         28
  C:60C8H         LINE#         29
  C:60CBH         LINE#         30
  C:60D3H         LINE#         31
BL51 BANKED LINKER/LOCATER V6.22                                                      05/05/2015  10:51:30  PAGE 12


  C:60E8H         LINE#         32
  C:60FDH         LINE#         33
  C:6112H         LINE#         34
  -------         ENDPROC       _INIT_WINDOWS
  -------         PROC          PRINTINFO
  C:5EDAH         LINE#         36
  C:5EDAH         LINE#         37
  C:5EDAH         LINE#         38
  C:5EE3H         LINE#         39
  C:5EECH         LINE#         40
  C:5EF5H         LINE#         41
  C:5EFEH         LINE#         42
  C:5F07H         LINE#         43
  C:5F10H         LINE#         44
  C:5F19H         LINE#         45
  C:5F22H         LINE#         46
  C:5F2BH         LINE#         47
  C:5F34H         LINE#         48
  -------         ENDPROC       PRINTINFO
  -------         PROC          INITADDNO
  -------         DO            
  X:04D2H         SYMBOL        tmp
  -------         ENDDO         
  C:6062H         LINE#         52
  C:6062H         LINE#         53
  C:6062H         LINE#         55
  C:6073H         LINE#         56
  C:60A4H         LINE#         57
  C:60A4H         LINE#         58
  C:60AEH         LINE#         59
  C:60BFH         LINE#         60
  C:60BFH         LINE#         61
  -------         ENDPROC       INITADDNO
  -------         PROC          OLEDINIT
  C:6611H         LINE#         62
  C:6611H         LINE#         63
  C:6611H         LINE#         64
  C:6614H         LINE#         65
  C:6617H         LINE#         77
  C:661FH         LINE#         78
  C:6632H         LINE#         80
  -------         ENDPROC       OLEDINIT
  -------         PROC          IOINIT
  C:638DH         LINE#         83
  C:638DH         LINE#         84
  C:638DH         LINE#         85
  C:6390H         LINE#         86
  C:6392H         LINE#         87
  C:6394H         LINE#         88
  C:6396H         LINE#         89
  C:6398H         LINE#         90
  C:639AH         LINE#         91
  C:639CH         LINE#         92
  C:639EH         LINE#         93
  C:63A0H         LINE#         94
  C:63A2H         LINE#         95
  C:63A4H         LINE#         96
BL51 BANKED LINKER/LOCATER V6.22                                                      05/05/2015  10:51:30  PAGE 13


  C:63A6H         LINE#         98
  C:63A9H         LINE#         100
  C:63ACH         LINE#         101
  C:63AEH         LINE#         103
  C:63B1H         LINE#         104
  C:63B4H         LINE#         106
  C:63B7H         LINE#         107
  C:63BAH         LINE#         109
  C:63BDH         LINE#         110
  C:63C0H         LINE#         111
  -------         ENDPROC       IOINIT
  -------         PROC          _EXP2
  X:0409H         SYMBOL        num
  -------         DO            
  X:040AH         SYMBOL        i
  X:040BH         SYMBOL        tmp
  -------         ENDDO         
  C:6113H         LINE#         112
  C:6118H         LINE#         113
  C:6118H         LINE#         116
  C:6122H         LINE#         117
  C:6132H         LINE#         118
  C:6155H         LINE#         119
  C:6163H         LINE#         120
  -------         ENDPROC       _EXP2
  -------         PROC          SYSINIT
  C:5D7EH         LINE#         121
  C:5D7EH         LINE#         122
  C:5D7EH         LINE#         123
  C:5D81H         LINE#         124
  C:5D84H         LINE#         125
  C:5D87H         LINE#         126
  C:5D8AH         LINE#         127
  C:5D8DH         LINE#         128
  C:5D90H         LINE#         129
  C:5D95H         LINE#         130
  C:5D9FH         LINE#         131
  C:5DA9H         LINE#         132
  C:5DABH         LINE#         133
  C:5DADH         LINE#         134
  C:5DB2H         LINE#         135
  C:5DB7H         LINE#         136
  C:5DBCH         LINE#         137
  C:5DBEH         LINE#         138
  C:5DC6H         LINE#         139
  C:5DD0H         LINE#         140
  C:5DDBH         LINE#         141
  C:5DDBH         LINE#         142
  C:5DE1H         LINE#         143
  C:5DE7H         LINE#         144
  C:5DE7H         LINE#         145
  -------         ENDPROC       SYSINIT
  -------         PROC          SETLINE
  -------         DO            
  X:0407H         SYMBOL        Done
  X:0408H         SYMBOL        Linetmp
  -------         ENDDO         
BL51 BANKED LINKER/LOCATER V6.22                                                      05/05/2015  10:51:30  PAGE 14


  C:4310H         LINE#         147
  C:4310H         LINE#         148
  C:4310H         LINE#         151
  C:4315H         LINE#         153
  C:431EH         LINE#         155
  C:4328H         LINE#         156
  C:432CH         LINE#         157
  C:4337H         LINE#         158
  C:4337H         LINE#         159
  C:433DH         LINE#         160
  C:4343H         LINE#         161
  C:4343H         LINE#         162
  C:434CH         LINE#         163
  C:4355H         LINE#         164
  C:4358H         LINE#         165
  C:436BH         LINE#         166
  C:437EH         LINE#         167
  C:4391H         LINE#         168
  C:43A8H         LINE#         169
  C:43B1H         LINE#         170
  C:43B1H         LINE#         171
  C:43CFH         LINE#         173
  C:43D2H         LINE#         174
  C:43D8H         LINE#         175
  C:43D8H         LINE#         176
  C:43EDH         LINE#         177
  C:43EDH         LINE#         178
  C:43EDH         LINE#         179
  C:43F2H         LINE#         180
  C:43F7H         LINE#         181
  C:4404H         LINE#         182
  C:4407H         LINE#         183
  C:4409H         LINE#         184
  C:4409H         LINE#         185
  C:440EH         LINE#         186
  C:4413H         LINE#         187
  C:4420H         LINE#         188
  C:4420H         LINE#         189
  C:4423H         LINE#         190
  C:4423H         LINE#         191
  C:4428H         LINE#         192
  C:442DH         LINE#         193
  C:445AH         LINE#         194
  C:4463H         LINE#         195
  C:4466H         LINE#         196
  C:446FH         LINE#         197
  C:4478H         LINE#         198
  C:4482H         LINE#         199
  C:4485H         LINE#         200
  C:4488H         LINE#         201
  C:448BH         LINE#         202
  C:448EH         LINE#         204
  C:4497H         LINE#         205
  C:44A5H         LINE#         206
  C:44B5H         LINE#         207
  C:44BEH         LINE#         209
  C:44C1H         LINE#         210
BL51 BANKED LINKER/LOCATER V6.22                                                      05/05/2015  10:51:30  PAGE 15


  C:44C3H         LINE#         211
  C:44C3H         LINE#         212
  C:44C8H         LINE#         213
  C:44CDH         LINE#         214
  C:44D0H         LINE#         215
  C:44D6H         LINE#         216
  C:44D9H         LINE#         217
  C:44D9H         LINE#         218
  C:44D9H         LINE#         219
  C:44D9H         LINE#         220
  -------         ENDPROC       SETLINE
  -------         PROC          SET_MODE
  -------         DO            
  X:0402H         SYMBOL        Done
  X:0403H         SYMBOL        InMode
  X:0404H         SYMBOL        menucnt
  X:0405H         SYMBOL        Eraseflag
  X:0406H         SYMBOL        YesNo
  -------         ENDDO         
  C:3C4CH         LINE#         222
  C:3C4CH         LINE#         223
  C:3C4CH         LINE#         229
  C:3C51H         LINE#         230
  C:3C55H         LINE#         231
  C:3C59H         LINE#         232
  C:3C5DH         LINE#         233
  C:3C61H         LINE#         234
  C:3C65H         LINE#         235
  C:3C68H         LINE#         237
  C:3C71H         LINE#         239
  C:3C7AH         LINE#         240
  C:3C7AH         LINE#         241
  C:3C80H         LINE#         242
  C:3C80H         LINE#         243
  C:3C98H         LINE#         244
  C:3C98H         LINE#         245
  C:3C98H         LINE#         246
  C:3C9DH         LINE#         247
  C:3CA2H         LINE#         248
  C:3CA8H         LINE#         249
  C:3CA8H         LINE#         250
  C:3CB0H         LINE#         251
  C:3CB0H         LINE#         252
  C:3CBBH         LINE#         253
  C:3CBDH         LINE#         254
  C:3CD5H         LINE#         255
  C:3CD5H         LINE#         256
  C:3CD5H         LINE#         257
  C:3CD7H         LINE#         259
  C:3CD7H         LINE#         260
  C:3CE4H         LINE#         261
  C:3CE7H         LINE#         262
  C:3CE7H         LINE#         263
  C:3CE7H         LINE#         264
  C:3CE7H         LINE#         265
  C:3CEAH         LINE#         267
  C:3CEAH         LINE#         268
BL51 BANKED LINKER/LOCATER V6.22                                                      05/05/2015  10:51:30  PAGE 16


  C:3CF0H         LINE#         269
  C:3CF5H         LINE#         270
  C:3CF5H         LINE#         271
  C:3CF8H         LINE#         272
  C:3CF8H         LINE#         273
  C:3CFDH         LINE#         274
  C:3D02H         LINE#         275
  C:3D08H         LINE#         276
  C:3D08H         LINE#         277
  C:3D10H         LINE#         278
  C:3D10H         LINE#         279
  C:3D1BH         LINE#         280
  C:3D1EH         LINE#         281
  C:3D42H         LINE#         282
  C:3D55H         LINE#         283
  C:3D55H         LINE#         284
  C:3D58H         LINE#         286
  C:3D58H         LINE#         287
  C:3D65H         LINE#         288
  C:3D67H         LINE#         289
  C:3D67H         LINE#         290
  C:3D67H         LINE#         291
  C:3D67H         LINE#         292
  C:3D6AH         LINE#         294
  C:3D6AH         LINE#         295
  C:3D70H         LINE#         296
  C:3D74H         LINE#         297
  C:3D74H         LINE#         298
  C:3D77H         LINE#         299
  C:3D77H         LINE#         300
  C:3D7CH         LINE#         301
  C:3D81H         LINE#         302
  C:3D8AH         LINE#         303
  C:3D8AH         LINE#         304
  C:3D93H         LINE#         305
  C:3D93H         LINE#         306
  C:3D99H         LINE#         307
  C:3D99H         LINE#         309
  C:3D9DH         LINE#         310
  C:3D9DH         LINE#         311
  C:3DA0H         LINE#         312
  C:3DB7H         LINE#         313
  C:3DBAH         LINE#         314
  C:3DBDH         LINE#         315
  C:3DC0H         LINE#         316
  C:3DD7H         LINE#         317
  C:3DDAH         LINE#         319
  C:3DE3H         LINE#         321
  C:3DE3H         LINE#         323
  C:3DE6H         LINE#         324
  C:3DEEH         LINE#         325
  C:3DF1H         LINE#         326
  C:3DF6H         LINE#         327
  C:3DF8H         LINE#         328
  C:3DFBH         LINE#         330
  C:3DFBH         LINE#         331
  C:3E01H         LINE#         332
BL51 BANKED LINKER/LOCATER V6.22                                                      05/05/2015  10:51:30  PAGE 17


  C:3E04H         LINE#         333
  C:3E1BH         LINE#         334
  C:3E32H         LINE#         335
  C:3E48H         LINE#         336
  C:3E48H         LINE#         337
  C:3E48H         LINE#         339
  C:3E4AH         LINE#         340
  C:3E53H         LINE#         341
  C:3E53H         LINE#         342
  C:3E56H         LINE#         343
  C:3E59H         LINE#         344
  C:3E61H         LINE#         345
  C:3E64H         LINE#         346
  C:3E64H         LINE#         356
  C:3E67H         LINE#         358
  C:3E67H         LINE#         359
  C:3E6AH         LINE#         360
  C:3E72H         LINE#         361
  C:3E75H         LINE#         362
  C:3E78H         LINE#         363
  C:3E78H         LINE#         364
  C:3E7AH         LINE#         365
  C:3E7AH         LINE#         366
  C:3E7FH         LINE#         367
  C:3E84H         LINE#         368
  C:3E87H         LINE#         369
  C:3E8DH         LINE#         370
  C:3E90H         LINE#         371
  C:3E90H         LINE#         373
  C:3E90H         LINE#         374
  C:3E90H         LINE#         376
  -------         ENDPROC       SET_MODE
  -------         PROC          CUT_MODE
  -------         DO            
  X:0402H         SYMBOL        Done
  X:0403H         SYMBOL        InMode
  X:0404H         SYMBOL        menucnt
  -------         ENDDO         
  C:4D6AH         LINE#         377
  C:4D6AH         LINE#         378
  C:4D6AH         LINE#         382
  C:4D70H         LINE#         383
  C:4D75H         LINE#         384
  C:4D79H         LINE#         385
  C:4D7EH         LINE#         386
  C:4D81H         LINE#         388
  C:4D8AH         LINE#         390
  C:4D93H         LINE#         391
  C:4D93H         LINE#         392
  C:4D99H         LINE#         393
  C:4D99H         LINE#         394
  C:4DAEH         LINE#         395
  C:4DAEH         LINE#         396
  C:4DAEH         LINE#         397
  C:4DB3H         LINE#         398
  C:4DB8H         LINE#         399
  C:4DBEH         LINE#         400
BL51 BANKED LINKER/LOCATER V6.22                                                      05/05/2015  10:51:30  PAGE 18


  C:4DBEH         LINE#         401
  C:4DC9H         LINE#         402
  C:4DCCH         LINE#         403
  C:4DCCH         LINE#         404
  C:4DCCH         LINE#         405
  C:4DCFH         LINE#         407
  C:4DCFH         LINE#         408
  C:4DD4H         LINE#         409
  C:4DD9H         LINE#         410
  C:4DD9H         LINE#         411
  C:4DDBH         LINE#         412
  C:4DDBH         LINE#         413
  C:4DE0H         LINE#         414
  C:4DE5H         LINE#         415
  C:4DEBH         LINE#         416
  C:4DEBH         LINE#         417
  C:4DF6H         LINE#         418
  C:4DF8H         LINE#         419
  C:4DF8H         LINE#         420
  C:4DF8H         LINE#         421
  C:4DFAH         LINE#         423
  C:4DFAH         LINE#         424
  C:4E00H         LINE#         425
  C:4E05H         LINE#         426
  C:4E05H         LINE#         427
  C:4E07H         LINE#         428
  C:4E07H         LINE#         429
  C:4E0CH         LINE#         430
  C:4E11H         LINE#         431
  C:4E17H         LINE#         432
  C:4E17H         LINE#         433
  C:4E1CH         LINE#         434
  C:4E1CH         LINE#         435
  C:4E1FH         LINE#         436
  C:4E26H         LINE#         438
  C:4E26H         LINE#         440
  C:4E26H         LINE#         467
  C:4E29H         LINE#         468
  C:4E33H         LINE#         469
  C:4E3DH         LINE#         470
  C:4E47H         LINE#         471
  C:4E4CH         LINE#         472
  C:4E4FH         LINE#         473
  C:4E57H         LINE#         474
  C:4E5AH         LINE#         475
  C:4E5AH         LINE#         476
  C:4E5DH         LINE#         478
  C:4E5DH         LINE#         479
  C:4E60H         LINE#         480
  C:4E68H         LINE#         481
  C:4E6BH         LINE#         482
  C:4E6EH         LINE#         483
  C:4E6EH         LINE#         484
  C:4E70H         LINE#         485
  C:4E70H         LINE#         486
  C:4E75H         LINE#         487
  C:4E7AH         LINE#         488
BL51 BANKED LINKER/LOCATER V6.22                                                      05/05/2015  10:51:30  PAGE 19


  C:4E7DH         LINE#         489
  C:4E83H         LINE#         490
  C:4E86H         LINE#         491
  C:4E86H         LINE#         493
  C:4E86H         LINE#         494
  C:4E86H         LINE#         495
  -------         ENDPROC       CUT_MODE
  -------         PROC          TEST_MODE
  -------         DO            
  X:0402H         SYMBOL        Done
  X:0403H         SYMBOL        InMode
  X:0404H         SYMBOL        IRtmp
  -------         ENDDO         
  C:40D3H         LINE#         496
  C:40D3H         LINE#         497
  C:40D3H         LINE#         501
  C:40DDH         LINE#         502
  C:40E2H         LINE#         503
  C:40E6H         LINE#         504
  C:40E9H         LINE#         505
  C:40EEH         LINE#         506
  C:40F1H         LINE#         508
  C:40FAH         LINE#         510
  C:4103H         LINE#         511
  C:4103H         LINE#         512
  C:410AH         LINE#         513
  C:410AH         LINE#         515
  C:4122H         LINE#         516
  C:4122H         LINE#         517
  C:4136H         LINE#         518
  C:4136H         LINE#         519
  C:414DH         LINE#         520
  C:414DH         LINE#         521
  C:4179H         LINE#         522
  C:41A7H         LINE#         524
  C:41DAH         LINE#         525
  C:4208H         LINE#         527
  C:4236H         LINE#         528
  C:425DH         LINE#         529
  C:4260H         LINE#         530
  C:4260H         LINE#         531
  C:4260H         LINE#         533
  C:4269H         LINE#         534
  C:4269H         LINE#         535
  C:4281H         LINE#         536
  C:4281H         LINE#         537
  C:4281H         LINE#         538
  C:4286H         LINE#         539
  C:428BH         LINE#         540
  C:4294H         LINE#         541
  C:4294H         LINE#         543
  C:4294H         LINE#         545
  C:4294H         LINE#         546
  C:429AH         LINE#         547
  C:429EH         LINE#         548
  C:429EH         LINE#         549
  C:42A1H         LINE#         550
BL51 BANKED LINKER/LOCATER V6.22                                                      05/05/2015  10:51:30  PAGE 20


  C:42A1H         LINE#         551
  C:42A6H         LINE#         552
  C:42ABH         LINE#         553
  C:42B4H         LINE#         554
  C:42B4H         LINE#         556
  C:42B4H         LINE#         558
  C:42B4H         LINE#         559
  C:42B9H         LINE#         560
  C:42BEH         LINE#         561
  C:42BEH         LINE#         562
  C:42C1H         LINE#         563
  C:42C1H         LINE#         564
  C:42C6H         LINE#         565
  C:42CBH         LINE#         566
  C:42D4H         LINE#         567
  C:42D4H         LINE#         569
  C:42D4H         LINE#         571
  C:42D4H         LINE#         580
  C:42D7H         LINE#         581
  C:42DAH         LINE#         582
  C:42F1H         LINE#         583
  C:42F4H         LINE#         584
  C:42F7H         LINE#         585
  C:42F7H         LINE#         586
  C:42F9H         LINE#         587
  C:42F9H         LINE#         588
  C:42FEH         LINE#         589
  C:4303H         LINE#         590
  C:4306H         LINE#         591
  C:430CH         LINE#         592
  C:430FH         LINE#         593
  C:430FH         LINE#         595
  C:430FH         LINE#         596
  C:430FH         LINE#         597
  -------         ENDPROC       TEST_MODE
  -------         PROC          CHEK4052
  -------         DO            
  X:0402H         SYMBOL        ret
  -------         ENDDO         
  C:4819H         LINE#         604
  C:4819H         LINE#         605
  C:4819H         LINE#         607
  C:481EH         LINE#         608
  C:4821H         LINE#         609
  C:4899H         LINE#         611
  C:4899H         LINE#         612
  C:489FH         LINE#         613
  C:48A8H         LINE#         614
  C:48BFH         LINE#         615
  C:48BFH         LINE#         616
  C:4937H         LINE#         618
  C:4937H         LINE#         619
  C:493DH         LINE#         620
  C:4946H         LINE#         621
  C:495DH         LINE#         622
  C:495DH         LINE#         623
  C:4963H         LINE#         624
BL51 BANKED LINKER/LOCATER V6.22                                                      05/05/2015  10:51:30  PAGE 21


  C:4963H         LINE#         625
  C:4979H         LINE#         626
  C:497CH         LINE#         627
  C:497CH         LINE#         628
  C:4989H         LINE#         629
  C:4989H         LINE#         630
  C:498BH         LINE#         631
  C:4990H         LINE#         632
  C:4993H         LINE#         633
  C:4998H         LINE#         634
  C:4998H         LINE#         635
  C:499DH         LINE#         636
  -------         ENDPROC       CHEK4052
  -------         PROC          MAIN
  C:36F6H         LINE#         638
  C:36F6H         LINE#         639
  C:36F6H         LINE#         640
  C:36F8H         LINE#         641
  C:36FBH         LINE#         642
  C:36FDH         LINE#         644
  C:3700H         LINE#         647
  C:3709H         LINE#         648
  C:3717H         LINE#         649
  C:3727H         LINE#         650
  C:3730H         LINE#         651
  C:3746H         LINE#         652
  C:375CH         LINE#         653
  C:3767H         LINE#         655
  C:376AH         LINE#         658
  C:3773H         LINE#         659
  C:377CH         LINE#         660
  C:3784H         LINE#         661
  C:378DH         LINE#         662
  C:3796H         LINE#         663
  C:379EH         LINE#         664
  C:37A7H         LINE#         665
  C:37B0H         LINE#         666
  C:37B8H         LINE#         667
  C:37C1H         LINE#         668
  C:37CAH         LINE#         669
  C:37D2H         LINE#         670
  C:37DBH         LINE#         671
  C:37E4H         LINE#         672
  C:37ECH         LINE#         673
  C:37F5H         LINE#         675
  C:37FEH         LINE#         676
  C:3806H         LINE#         677
  C:380FH         LINE#         678
  C:3818H         LINE#         679
  C:3820H         LINE#         680
  C:3829H         LINE#         681
  C:3832H         LINE#         682
  C:383AH         LINE#         683
  C:3843H         LINE#         684
  C:384CH         LINE#         685
  C:3854H         LINE#         686
  C:385DH         LINE#         687
BL51 BANKED LINKER/LOCATER V6.22                                                      05/05/2015  10:51:30  PAGE 22


  C:3866H         LINE#         688
  C:386EH         LINE#         689
  C:3877H         LINE#         690
  C:3880H         LINE#         691
  C:3888H         LINE#         692
  C:3891H         LINE#         694
  C:389AH         LINE#         695
  C:38A2H         LINE#         696
  C:38ABH         LINE#         697
  C:38B4H         LINE#         698
  C:38BCH         LINE#         699
  C:38C5H         LINE#         700
  C:38CEH         LINE#         701
  C:38D6H         LINE#         702
  C:38DFH         LINE#         703
  C:38E8H         LINE#         704
  C:38F0H         LINE#         705
  C:38F9H         LINE#         707
  C:3902H         LINE#         708
  C:390AH         LINE#         709
  C:3913H         LINE#         710
  C:391CH         LINE#         711
  C:3924H         LINE#         712
  C:392DH         LINE#         713
  C:3936H         LINE#         714
  C:393EH         LINE#         715
  C:3947H         LINE#         716
  C:3950H         LINE#         717
  C:3958H         LINE#         718
  C:3961H         LINE#         719
  C:396AH         LINE#         720
  C:3972H         LINE#         721
  C:397BH         LINE#         722
  C:3984H         LINE#         724
  C:3986H         LINE#         725
  C:3988H         LINE#         726
  C:3992H         LINE#         727
  C:3995H         LINE#         729
  C:3995H         LINE#         730
  C:3995H         LINE#         731
  C:399BH         LINE#         732
  C:39A9H         LINE#         733
  C:39A9H         LINE#         734
  C:39A9H         LINE#         735
  C:39ACH         LINE#         736
  C:39AEH         LINE#         737
  C:39AEH         LINE#         738
  C:39B1H         LINE#         739
  C:39B3H         LINE#         740
  C:39B3H         LINE#         741
  C:39B6H         LINE#         742
  -------         ENDPROC       MAIN
  -------         ENDMOD        MAIN

  -------         MODULE        24C02
  C:0000H         SYMBOL        _ICE_DUMMY_
  D:0080H         PUBLIC        P0
BL51 BANKED LINKER/LOCATER V6.22                                                      05/05/2015  10:51:30  PAGE 23


  D:0090H         PUBLIC        P1
  D:00A0H         PUBLIC        P2
  D:00B0H         PUBLIC        P3
  D:00C0H         PUBLIC        P4
  D:00C8H         PUBLIC        P5
  C:6544H         PUBLIC        _at24c02_wrdat
  D:00A8H         PUBLIC        IE
  C:628BH         PUBLIC        _Get_Pkg_Add
  C:669CH         PUBLIC        i2c_start
  C:0013H         PUBLIC        delay_5us
  C:6243H         PUBLIC        Flush_24c02
  D:00B8H         PUBLIC        IP
  D:00D8H         PUBLIC        CCON
  C:681FH         PUBLIC        i2c_stop
  B:00A0H.1       PUBLIC        P21
  B:00A0H.2       PUBLIC        P22
  D:0098H         PUBLIC        SCON
  C:6856H         PUBLIC        delay_10ms
  D:0088H         PUBLIC        TCON
  C:6760H         PUBLIC        _at24c02_rd
  C:6880H         PUBLIC        delay_10us
  D:00F0H         PUBLIC        B
  D:00E0H         PUBLIC        ACC
  C:67BFH         PUBLIC        _at24c02_wr
  B:0020H.0       PUBLIC        ACK
  C:635DH         PUBLIC        _i2c_sentbyte
  C:64EAH         PUBLIC        _i2c_rcvbyte
  C:5D01H         PUBLIC        _Get_Pkg_CNT
  C:6312H         PUBLIC        _at24c02_rddat
  D:00D0H         PUBLIC        PSW
  -------         PROC          DELAY_10US
  -------         DO            
  D:0007H         SYMBOL        i
  -------         ENDDO         
  C:6880H         LINE#         8
  C:6880H         LINE#         9
  C:6880H         LINE#         11
  C:6881H         LINE#         12
  C:6882H         LINE#         13
  C:6883H         LINE#         14
  C:6885H         LINE#         15
  C:6887H         LINE#         16
  -------         ENDPROC       DELAY_10US
  C:000EH         SYMBOL        L?0070
  -------         PROC          L?0069
  -------         ENDPROC       L?0069
  C:000EH         SYMBOL        L?0070
  -------         PROC          DELAY_5US
  -------         DO            
  D:0007H         SYMBOL        i
  -------         ENDDO         
  C:0013H         LINE#         20
  C:0013H         LINE#         21
  C:0013H         LINE#         23
  C:0014H         LINE#         24
  C:0015H         LINE#         25
  C:0016H         LINE#         26
BL51 BANKED LINKER/LOCATER V6.22                                                      05/05/2015  10:51:30  PAGE 24


  C:0018H         LINE#         27
  C:001AH         LINE#         28
  -------         ENDPROC       DELAY_5US
  -------         PROC          DELAY_10MS
  -------         DO            
  D:0007H         SYMBOL        i
  D:0006H         SYMBOL        j
  -------         ENDDO         
  C:6856H         LINE#         32
  C:6856H         LINE#         33
  C:6856H         LINE#         36
  C:6857H         LINE#         37
  C:6858H         LINE#         38
  C:685AH         LINE#         39
  C:685CH         LINE#         41
  C:685CH         LINE#         42
  C:685EH         LINE#         43
  C:685EH         LINE#         44
  C:6860H         LINE#         45
  -------         ENDPROC       DELAY_10MS
  -------         PROC          I2C_START
  C:669CH         LINE#         56
  C:669CH         LINE#         57
  C:669CH         LINE#         58
  C:669FH         LINE#         59
  C:66A1H         LINE#         60
  C:66A4H         LINE#         61
  C:66A6H         LINE#         62
  C:66A9H         LINE#         63
  C:66AFH         LINE#         64
  C:66AFH         LINE#         65
  C:66B1H         LINE#         66
  C:66B4H         LINE#         67
  C:66B6H         LINE#         68
  C:66B9H         LINE#         69
  C:66B9H         LINE#         70
  C:66B9H         LINE#         72
  C:66B9H         LINE#         73
  C:66BAH         LINE#         74
  C:66BAH         LINE#         75
  -------         ENDPROC       I2C_START
  -------         PROC          I2C_STOP
  C:681FH         LINE#         87
  C:681FH         LINE#         88
  C:681FH         LINE#         89
  C:6822H         LINE#         90
  C:6824H         LINE#         91
  C:6827H         LINE#         92
  C:6829H         LINE#         93
  C:682CH         LINE#         94
  C:682EH         LINE#         95
  -------         ENDPROC       I2C_STOP
  C:6353H         SYMBOL        L?0067
  C:6358H         SYMBOL        L?0068
  -------         PROC          L?0066
  -------         ENDPROC       L?0066
  C:6353H         SYMBOL        L?0067
BL51 BANKED LINKER/LOCATER V6.22                                                      05/05/2015  10:51:30  PAGE 25


  C:6358H         SYMBOL        L?0068
  -------         PROC          _I2C_SENTBYTE
  D:0006H         SYMBOL        byt
  -------         DO            
  D:0005H         SYMBOL        i
  -------         ENDDO         
  C:635DH         LINE#         103
  C:635FH         LINE#         104
  C:635FH         LINE#         107
  C:6361H         LINE#         108
  C:6361H         LINE#         109
  C:6364H         LINE#         110
  C:6368H         LINE#         111
  C:6368H         LINE#         112
  C:636AH         LINE#         113
  C:636CH         LINE#         115
  C:636CH         LINE#         116
  C:636EH         LINE#         117
  C:636EH         LINE#         119
  C:636EH         LINE#         120
  C:636EH         LINE#         121
  C:6371H         LINE#         122
  C:6373H         LINE#         124
  C:6377H         LINE#         125
  C:637CH         LINE#         126
  C:637FH         LINE#         127
  C:6381H         LINE#         128
  C:6381H         LINE#         129
  C:6381H         LINE#         130
  C:6384H         LINE#         131
  C:6388H         LINE#         132
  C:638AH         LINE#         134
  C:638CH         LINE#         135
  -------         ENDPROC       _I2C_SENTBYTE
  -------         PROC          _I2C_RCVBYTE
  D:0006H         SYMBOL        ack_chack
  -------         DO            
  D:0004H         SYMBOL        i
  D:0005H         SYMBOL        temp
  -------         ENDDO         
  C:64EAH         LINE#         142
  C:64ECH         LINE#         143
  C:64ECH         LINE#         144
  C:64EEH         LINE#         146
  C:64F1H         LINE#         147
  C:64F3H         LINE#         149
  C:64F4H         LINE#         150
  C:64F4H         LINE#         151
  C:64F8H         LINE#         152
  C:64F8H         LINE#         153
  C:64F8H         LINE#         154
  C:64FBH         LINE#         155
  C:64FEH         LINE#         156
  C:64FFH         LINE#         157
  C:6501H         LINE#         158
  C:6506H         LINE#         160
  C:6509H         LINE#         161
BL51 BANKED LINKER/LOCATER V6.22                                                      05/05/2015  10:51:30  PAGE 26


  C:650BH         LINE#         162
  C:650EH         LINE#         163
  C:650EH         LINE#         164
  C:6510H         LINE#         165
  C:6510H         LINE#         167
  C:6510H         LINE#         168
  C:6510H         LINE#         169
  C:6513H         LINE#         170
  C:6515H         LINE#         172
  C:6517H         LINE#         173
  -------         ENDPROC       _I2C_RCVBYTE
  -------         PROC          _AT24C02_WR
  D:0003H         SYMBOL        address
  D:0004H         SYMBOL        dat
  C:67BFH         LINE#         180
  C:67C3H         LINE#         181
  C:67C3H         LINE#         182
  C:67C6H         LINE#         183
  C:67CBH         LINE#         184
  C:67CDH         LINE#         185
  C:67D0H         LINE#         186
  -------         ENDPROC       _AT24C02_WR
  -------         PROC          _AT24C02_WRDAT
  D:0004H         SYMBOL        address
  D:0001H         SYMBOL        dat
  X:0414H         SYMBOL        bytenum
  C:6544H         LINE#         190
  C:6544H         LINE#         191
  C:6544H         LINE#         192
  C:6544H         LINE#         193
  C:6544H         LINE#         194
  C:6547H         LINE#         195
  C:6551H         LINE#         196
  C:6551H         LINE#         197
  C:6558H         LINE#         198
  C:655FH         LINE#         199
  C:6560H         LINE#         200
  C:6567H         LINE#         203
  C:656AH         LINE#         204
  C:656DH         LINE#         205
  -------         ENDPROC       _AT24C02_WRDAT
  -------         PROC          _AT24C02_RD
  D:0004H         SYMBOL        address
  -------         DO            
  D:0006H         SYMBOL        temp
  -------         ENDDO         
  C:6760H         LINE#         212
  C:6760H         LINE#         213
  C:6760H         LINE#         215
  C:6760H         LINE#         216
  C:6760H         LINE#         217
  C:6763H         LINE#         218
  C:6766H         LINE#         219
  C:676BH         LINE#         220
  C:6772H         LINE#         221
  C:6775H         LINE#         222
  C:6777H         LINE#         223
BL51 BANKED LINKER/LOCATER V6.22                                                      05/05/2015  10:51:30  PAGE 27


  -------         ENDPROC       _AT24C02_RD
  -------         PROC          _AT24C02_RDDAT
  D:0004H         SYMBOL        address
  D:0001H         SYMBOL        dat
  X:0414H         SYMBOL        bytenum
  C:6312H         LINE#         224
  C:6314H         LINE#         225
  C:6314H         LINE#         226
  C:631AH         LINE#         227
  C:631AH         LINE#         228
  C:631AH         LINE#         229
  C:631AH         LINE#         230
  C:631DH         LINE#         231
  C:6320H         LINE#         232
  C:6325H         LINE#         233
  C:6328H         LINE#         234
  C:6332H         LINE#         235
  C:6332H         LINE#         236
  C:633BH         LINE#         237
  C:6342H         LINE#         238
  C:6344H         LINE#         239
  C:634DH         LINE#         240
  C:6350H         LINE#         241
  C:6350H         LINE#         242
  -------         ENDPROC       _AT24C02_RDDAT
  -------         PROC          FLUSH_24C02
  -------         DO            
  X:0407H         SYMBOL        i
  -------         ENDDO         
  C:6243H         LINE#         244
  C:6243H         LINE#         245
  C:6243H         LINE#         247
  C:6256H         LINE#         248
  C:6265H         LINE#         249
  C:6265H         LINE#         250
  C:626AH         LINE#         251
  C:627FH         LINE#         252
  C:6282H         LINE#         253
  C:628AH         LINE#         254
  -------         ENDPROC       FLUSH_24C02
  -------         PROC          _GET_PKG_ADD
  X:040BH         SYMBOL        package
  -------         DO            
  X:040CH         SYMBOL        ret
  -------         ENDDO         
  C:628BH         LINE#         258
  C:6290H         LINE#         259
  C:6290H         LINE#         261
  C:6292H         LINE#         262
  C:6292H         LINE#         263
  C:62A0H         LINE#         264
  C:62A2H         LINE#         265
  C:62B2H         LINE#         266
  C:62B2H         LINE#         267
  C:62B7H         LINE#         268
  C:62B9H         LINE#         270
  C:62B9H         LINE#         271
BL51 BANKED LINKER/LOCATER V6.22                                                      05/05/2015  10:51:30  PAGE 28


  C:62C1H         LINE#         272
  C:62C1H         LINE#         273
  C:62CFH         LINE#         274
  -------         ENDPROC       _GET_PKG_ADD
  -------         PROC          _GET_PKG_CNT
  X:040BH         SYMBOL        package
  D:0005H         SYMBOL        mode
  -------         DO            
  X:040CH         SYMBOL        ret
  -------         ENDDO         
  C:5D01H         LINE#         279
  C:5D06H         LINE#         280
  C:5D06H         LINE#         282
  C:5D09H         LINE#         283
  C:5D09H         LINE#         284
  C:5D0CH         LINE#         285
  C:5D0CH         LINE#         286
  C:5D1AH         LINE#         287
  C:5D1CH         LINE#         288
  C:5D2CH         LINE#         289
  C:5D2CH         LINE#         290
  C:5D31H         LINE#         291
  C:5D33H         LINE#         293
  C:5D33H         LINE#         294
  C:5D38H         LINE#         295
  C:5D38H         LINE#         296
  C:5D3AH         LINE#         298
  C:5D3AH         LINE#         299
  C:5D40H         LINE#         300
  C:5D40H         LINE#         301
  C:5D4EH         LINE#         302
  C:5D50H         LINE#         303
  C:5D60H         LINE#         304
  C:5D60H         LINE#         305
  C:5D65H         LINE#         306
  C:5D67H         LINE#         308
  C:5D67H         LINE#         309
  C:5D6FH         LINE#         310
  C:5D6FH         LINE#         311
  C:5D6FH         LINE#         312
  C:5D7DH         LINE#         313
  -------         ENDPROC       _GET_PKG_CNT
  -------         ENDMOD        24C02

  -------         MODULE        OLED
  C:0000H         SYMBOL        _ICE_DUMMY_
  D:0080H         PUBLIC        P0
  X:0000H         PUBLIC        OLED_GRAM_TMP
  D:0090H         PUBLIC        P1
  D:00A0H         PUBLIC        P2
  D:00B0H         PUBLIC        P3
  D:00C0H         PUBLIC        P4
  D:00C8H         PUBLIC        P5
  D:00A8H         PUBLIC        IE
  C:64BAH         PUBLIC        _OLED_Fill
  C:02B3H         PUBLIC        asc2_1206
  D:00B8H         PUBLIC        IP
BL51 BANKED LINKER/LOCATER V6.22                                                      05/05/2015  10:51:30  PAGE 29


  C:4E87H         PUBLIC        _Disp_Menu_0
  C:0727H         PUBLIC        asc2_1608
  C:50B3H         PUBLIC        _Disp_Menu_1
  C:5AB0H         PUBLIC        _OLED_Draw_RectangleFill
  C:57FEH         PUBLIC        OLED_Init
  C:49AAH         PUBLIC        _OLED_DrawLine
  C:6518H         PUBLIC        _ByteMirro
  C:5A0FH         PUBLIC        _OLED_DrawPoint
  D:00D8H         PUBLIC        CCON
  C:4C5BH         PUBLIC        _OLED_ShowString
  C:656EH         PUBLIC        _OLED_WR_Byte
  C:51EAH         PUBLIC        _OLED_ShowChar
  C:0079H         PUBLIC        F7x5
  C:5BE7H         PUBLIC        _OLED_ShowFont16
  C:6002H         PUBLIC        _OLED_DrawBar
  C:0D17H         PUBLIC        Hzk
  X:0200H         PUBLIC        OLED_GRAM
  C:5F42H         PUBLIC        _OLED_DrawRectangle
  C:1137H         PUBLIC        logo
  C:1337H         PUBLIC        _OLED_ShowAdd
  D:0098H         PUBLIC        SCON
  B:00A0H.3       PUBLIC        P23
  D:0088H         PUBLIC        TCON
  B:00A0H.4       PUBLIC        P24
  B:00A0H.5       PUBLIC        P25
  B:00A0H.6       PUBLIC        P26
  B:00A0H.7       PUBLIC        P27
  C:61FAH         PUBLIC        _mypow
  C:52E1H         PUBLIC        _OLED_DrawICON
  D:00F0H         PUBLIC        B
  C:62D0H         PUBLIC        OLED_Refresh_Gram
  C:667CH         PUBLIC        _OLED_Set_Pos
  D:00E0H         PUBLIC        ACC
  C:63D1H         PUBLIC        _OLED_Draw_HLine
  C:5DF5H         PUBLIC        _OLED_DrawTriangle
  C:6635H         PUBLIC        _OLED_Draw_RLine
  C:6746H         PUBLIC        _delay_ms
  C:54B4H         PUBLIC        _OLED_Draw_LineS
  C:4FA2H         PUBLIC        _OLED_DrawSetBar
  C:5672H         PUBLIC        _OLED_ShowNum
  C:10B7H         PUBLIC        test_ico
  C:1037H         PUBLIC        cut_ico
  C:0FB7H         PUBLIC        set_ico
  C:6164H         PUBLIC        _OLED_Draw_Square
  C:58B2H         PUBLIC        _OLED_DrawCircle
  C:642FH         PUBLIC        OLED_Clear
  C:559EH         PUBLIC        _Disp_Menu_Main
  C:61AFH         PUBLIC        _OLED_Draw_SquareFill
  C:5739H         PUBLIC        _OLED_DrawBMP
  C:2C9DH         PUBLIC        _OLED_Draw_WindowsDraw
  D:00D0H         PUBLIC        PSW
  -------         PROC          _BYTEMIRRO
  D:0007H         SYMBOL        dat
  C:6518H         LINE#         36
  C:6518H         LINE#         37
  C:6518H         LINE#         38
  C:6527H         LINE#         39
BL51 BANKED LINKER/LOCATER V6.22                                                      05/05/2015  10:51:30  PAGE 30


  C:6537H         LINE#         40
  C:6543H         LINE#         41
  C:6543H         LINE#         42
  -------         ENDPROC       _BYTEMIRRO
  -------         PROC          _DELAY_MS
  D:0006H         SYMBOL        ms
  -------         DO            
  D:0004H         SYMBOL        a
  -------         ENDDO         
  C:6746H         LINE#         44
  C:6746H         LINE#         45
  C:6746H         LINE#         47
  C:674AH         LINE#         48
  C:674AH         LINE#         49
  C:674EH         LINE#         50
  C:6758H         LINE#         51
  C:675DH         LINE#         52
  C:675FH         LINE#         54
  -------         ENDPROC       _DELAY_MS
  -------         PROC          _OLED_WR_BYTE
  D:0007H         SYMBOL        dat
  D:0005H         SYMBOL        cmd
  -------         DO            
  D:0006H         SYMBOL        i
  -------         ENDDO         
  C:656EH         LINE#         76
  C:656EH         LINE#         77
  C:656EH         LINE#         79
  C:6571H         LINE#         80
  C:6575H         LINE#         82
  C:6577H         LINE#         83
  C:6579H         LINE#         84
  C:657BH         LINE#         85
  C:657BH         LINE#         86
  C:657DH         LINE#         87
  C:6581H         LINE#         88
  C:6581H         LINE#         89
  C:6583H         LINE#         90
  C:6585H         LINE#         92
  C:6587H         LINE#         93
  C:6589H         LINE#         94
  C:658DH         LINE#         95
  C:6592H         LINE#         96
  C:6594H         LINE#         97
  C:6596H         LINE#         98
  -------         ENDPROC       _OLED_WR_BYTE
  -------         PROC          _OLED_SET_POS
  D:0004H         SYMBOL        x
  D:0005H         SYMBOL        y
  C:667CH         LINE#         101
  C:667EH         LINE#         102
  C:667EH         LINE#         103
  C:6687H         LINE#         104
  C:6693H         LINE#         105
  -------         ENDPROC       _OLED_SET_POS
  -------         PROC          OLED_REFRESH_GRAM
  -------         DO            
BL51 BANKED LINKER/LOCATER V6.22                                                      05/05/2015  10:51:30  PAGE 31


  D:0004H         SYMBOL        i
  D:0003H         SYMBOL        n
  -------         ENDDO         
  C:62D0H         LINE#         123
  C:62D0H         LINE#         124
  C:62D0H         LINE#         126
  C:62D2H         LINE#         127
  C:62D2H         LINE#         128
  C:62DBH         LINE#         129
  C:62E0H         LINE#         130
  C:62E5H         LINE#         131
  C:630CH         LINE#         132
  C:6311H         LINE#         133
  -------         ENDPROC       OLED_REFRESH_GRAM
  C:6428H         SYMBOL        L?0252
  -------         PROC          L?0251
  -------         ENDPROC       L?0251
  C:6428H         SYMBOL        L?0252
  -------         PROC          OLED_CLEAR
  -------         DO            
  D:0007H         SYMBOL        i
  D:0006H         SYMBOL        n
  -------         ENDDO         
  C:642FH         LINE#         136
  C:642FH         LINE#         137
  C:642FH         LINE#         139
  C:6458H         LINE#         141
  -------         ENDPROC       OLED_CLEAR
  C:5A09H         SYMBOL        L?0248
  -------         PROC          L?0247
  -------         ENDPROC       L?0247
  C:5A09H         SYMBOL        L?0248
  -------         PROC          _OLED_DRAWPOINT
  D:0007H         SYMBOL        x
  D:0005H         SYMBOL        y
  D:0003H         SYMBOL        t
  -------         DO            
  X:0437H         SYMBOL        pos
  D:0006H         SYMBOL        bx
  X:0438H         SYMBOL        temp
  -------         ENDDO         
  C:5A0FH         LINE#         146
  C:5A0FH         LINE#         147
  C:5A0FH         LINE#         148
  C:5A14H         LINE#         149
  C:5A25H         LINE#         150
  C:5A34H         LINE#         151
  C:5A38H         LINE#         152
  C:5A4CH         LINE#         153
  C:5A7CH         LINE#         154
  C:5AAAH         LINE#         155
  -------         ENDPROC       _OLED_DRAWPOINT
  -------         PROC          L?0253
  -------         ENDPROC       L?0253
  -------         PROC          _OLED_DRAWLINE
  X:042CH         SYMBOL        x1
  D:0001H         SYMBOL        y1
BL51 BANKED LINKER/LOCATER V6.22                                                      05/05/2015  10:51:30  PAGE 32


  X:042EH         SYMBOL        x2
  X:042FH         SYMBOL        y2
  X:0430H         SYMBOL        t
  -------         DO            
  X:0431H         SYMBOL        dy
  X:0433H         SYMBOL        dx
  X:0435H         SYMBOL        dirx
  X:0436H         SYMBOL        diry
  D:0004H         SYMBOL        move
  -------         ENDDO         
  C:49AAH         LINE#         162
  C:49B6H         LINE#         163
  C:49B6H         LINE#         167
  C:49C7H         LINE#         168
  C:49DAH         LINE#         169
  C:49EAH         LINE#         170
  C:49EAH         LINE#         171
  C:49F7H         LINE#         172
  C:49FDH         LINE#         173
  C:49FFH         LINE#         175
  C:49FFH         LINE#         176
  C:4A05H         LINE#         177
  C:4A05H         LINE#         178
  C:4A15H         LINE#         179
  C:4A15H         LINE#         180
  C:4A22H         LINE#         181
  C:4A26H         LINE#         182
  C:4A28H         LINE#         184
  C:4A28H         LINE#         185
  C:4A2EH         LINE#         186
  C:4A2EH         LINE#         189
  C:4A3DH         LINE#         190
  C:4A57H         LINE#         191
  C:4A57H         LINE#         192
  C:4A66H         LINE#         193
  C:4A75H         LINE#         194
  C:4A75H         LINE#         195
  C:4A7DH         LINE#         196
  C:4A7DH         LINE#         197
  C:4A83H         LINE#         198
  C:4A8DH         LINE#         199
  C:4A8DH         LINE#         200
  C:4A98H         LINE#         201
  C:4A9FH         LINE#         202
  C:4AAEH         LINE#         203
  C:4AB0H         LINE#         204
  C:4AB0H         LINE#         206
  C:4AB0H         LINE#         207
  C:4AC1H         LINE#         208
  C:4AC8H         LINE#         209
  C:4AC8H         LINE#         210
  C:4AD0H         LINE#         211
  C:4AD0H         LINE#         212
  C:4ADBH         LINE#         213
  C:4AE5H         LINE#         214
  C:4AE5H         LINE#         215
  C:4AEBH         LINE#         216
BL51 BANKED LINKER/LOCATER V6.22                                                      05/05/2015  10:51:30  PAGE 33


  C:4AF2H         LINE#         217
  C:4B01H         LINE#         218
  C:4B03H         LINE#         219
  C:4B03H         LINE#         220
  -------         ENDPROC       _OLED_DRAWLINE
  -------         PROC          L?0250
  -------         ENDPROC       L?0250
  -------         PROC          _OLED_DRAW_HLINE
  D:0004H         SYMBOL        x0
  D:0001H         SYMBOL        y0
  D:0002H         SYMBOL        x1
  X:0435H         SYMBOL        t
  -------         DO            
  D:0007H         SYMBOL        temp
  -------         ENDDO         
  C:63D1H         LINE#         232
  C:63D7H         LINE#         233
  C:63D7H         LINE#         235
  C:63DCH         LINE#         236
  C:63DCH         LINE#         237
  C:63DEH         LINE#         238
  C:63E0H         LINE#         239
  C:63E2H         LINE#         240
  C:63E2H         LINE#         242
  C:63E2H         LINE#         243
  C:63EEH         LINE#         244
  C:63EFH         LINE#         245
  C:63EFH         LINE#         246
  C:63F4H         LINE#         247
  -------         ENDPROC       _OLED_DRAW_HLINE
  -------         PROC          _OLED_DRAW_RLINE
  D:0001H         SYMBOL        x0
  D:0004H         SYMBOL        y0
  D:0002H         SYMBOL        y1
  X:0434H         SYMBOL        t
  -------         DO            
  D:0007H         SYMBOL        temp
  -------         ENDDO         
  C:6635H         LINE#         258
  C:663BH         LINE#         259
  C:663BH         LINE#         261
  C:6640H         LINE#         262
  C:6640H         LINE#         263
  C:6642H         LINE#         264
  C:6644H         LINE#         265
  C:6646H         LINE#         266
  C:6646H         LINE#         268
  C:6646H         LINE#         269
  C:6652H         LINE#         270
  C:6653H         LINE#         271
  C:6653H         LINE#         272
  C:6658H         LINE#         273
  -------         ENDPROC       _OLED_DRAW_RLINE
  C:5F3DH         SYMBOL        L?0255
  -------         PROC          L?0254
  -------         ENDPROC       L?0254
  C:5F3DH         SYMBOL        L?0255
BL51 BANKED LINKER/LOCATER V6.22                                                      05/05/2015  10:51:30  PAGE 34


  -------         PROC          _OLED_DRAWRECTANGLE
  X:042CH         SYMBOL        x1
  X:042DH         SYMBOL        y1
  X:042EH         SYMBOL        x2
  X:042FH         SYMBOL        y2
  X:0430H         SYMBOL        t
  C:5F42H         LINE#         284
  C:5F4DH         LINE#         285
  C:5F58H         LINE#         286
  C:5F72H         LINE#         287
  C:5F88H         LINE#         288
  -------         ENDPROC       _OLED_DRAWRECTANGLE
  C:5AABH         SYMBOL        L?0257
  -------         PROC          L?0256
  -------         ENDPROC       L?0256
  C:5AABH         SYMBOL        L?0257
  -------         PROC          _OLED_DRAW_RECTANGLEFILL
  X:042CH         SYMBOL        x0
  X:042DH         SYMBOL        y0
  X:042EH         SYMBOL        x1
  X:042FH         SYMBOL        y1
  X:0430H         SYMBOL        t
  -------         DO            
  X:0431H         SYMBOL        i
  -------         ENDDO         
  C:5AB0H         LINE#         300
  C:5ABFH         LINE#         301
  C:5ABFH         LINE#         304
  C:5AC4H         LINE#         305
  C:5ACDH         LINE#         306
  C:5AD5H         LINE#         307
  C:5ADAH         LINE#         308
  C:5ADAH         LINE#         309
  C:5AE8H         LINE#         310
  C:5AEDH         LINE#         311
  C:5AF2H         LINE#         312
  C:5AF7H         LINE#         313
  C:5AF7H         LINE#         316
  C:5B04H         LINE#         317
  C:5B19H         LINE#         319
  C:5B19H         LINE#         320
  C:5B25H         LINE#         321
  C:5B25H         LINE#         323
  C:5B25H         LINE#         325
  C:5B33H         LINE#         326
  C:5B48H         LINE#         327
  C:5B4EH         LINE#         328
  C:5B50H         LINE#         329
  -------         ENDPROC       _OLED_DRAW_RECTANGLEFILL
  -------         PROC          _OLED_DRAW_SQUARE
  X:04D6H         SYMBOL        x0
  D:0001H         SYMBOL        y0
  D:0006H         SYMBOL        with
  X:04D9H         SYMBOL        t
  C:6164H         LINE#         339
  C:616DH         LINE#         340
  C:616DH         LINE#         341
BL51 BANKED LINKER/LOCATER V6.22                                                      05/05/2015  10:51:30  PAGE 35


  C:6170H         LINE#         342
  C:6186H         LINE#         343
  C:6199H         LINE#         344
  C:61AEH         LINE#         345
  -------         ENDPROC       _OLED_DRAW_SQUARE
  -------         PROC          _OLED_DRAW_SQUAREFILL
  X:04DAH         SYMBOL        x0
  D:0001H         SYMBOL        y0
  D:0006H         SYMBOL        with
  X:04DDH         SYMBOL        t
  C:61AFH         LINE#         355
  C:61B8H         LINE#         356
  C:61B8H         LINE#         357
  C:61BBH         LINE#         358
  C:61D1H         LINE#         359
  C:61E4H         LINE#         360
  C:61F9H         LINE#         361
  -------         ENDPROC       _OLED_DRAW_SQUAREFILL
  -------         PROC          _OLED_DRAW_LINES
  X:04B3H         SYMBOL        points
  X:04B6H         SYMBOL        no
  X:04B7H         SYMBOL        t
  -------         DO            
  X:04B8H         SYMBOL        x0
  D:0004H         SYMBOL        y0
  X:04B9H         SYMBOL        x1
  X:04BAH         SYMBOL        y1
  X:04BBH         SYMBOL        i
  -------         ENDDO         
  C:54B4H         LINE#         370
  C:54C2H         LINE#         371
  C:54C2H         LINE#         376
  C:54C7H         LINE#         377
  C:54CEH         LINE#         378
  C:54E5H         LINE#         379
  C:54F4H         LINE#         380
  C:5503H         LINE#         381
  C:5503H         LINE#         384
  C:551AH         LINE#         385
  C:552EH         LINE#         386
  C:5541H         LINE#         387
  C:5558H         LINE#         388
  C:556FH         LINE#         389
  C:558AH         LINE#         390
  C:5592H         LINE#         391
  C:5597H         LINE#         392
  C:559DH         LINE#         393
[...]
  C:33DAH         LINE#         1011
  -------         ENDPROC       SHOWINFO
  -------         PROC          _CUTRUN
  X:0405H         SYMBOL        package
  -------         DO            
  X:0406H         SYMBOL        Done
  -------         ENDDO         
  C:39B8H         LINE#         1013
  C:39BDH         LINE#         1014
  C:39BDH         LINE#         1016
  C:39C0H         LINE#         1019
  C:39C9H         LINE#         1021
  C:39E0H         LINE#         1022
  C:3A12H         LINE#         1023
  C:3A3FH         LINE#         1025
  C:3A71H         LINE#         1026
  C:3A9EH         LINE#         1028
  C:3ACBH         LINE#         1029
  C:3AF1H         LINE#         1030
  C:3AF4H         LINE#         1031
  C:3B07H         LINE#         1032
  C:3B10H         LINE#         1033
  C:3B10H         LINE#         1034
  C:3B1EH         LINE#         1035
  C:3B1EH         LINE#         1036
  C:3B20H         LINE#         1037
  C:3B25H         LINE#         1038
  C:3B28H         LINE#         1040
  C:3B31H         LINE#         1042
  C:3B39H         LINE#         1044
  C:3B42H         LINE#         1046
  C:3B42H         LINE#         1047
  C:3B4FH         LINE#         1048
  C:3B4FH         LINE#         1049
  C:3B51H         LINE#         1050
BL51 BANKED LINKER/LOCATER V6.22                                                      05/05/2015  10:51:30  PAGE 62


  C:3B56H         LINE#         1051
  C:3B59H         LINE#         1052
  C:3B59H         LINE#         1053
  C:3B67H         LINE#         1054
  C:3B67H         LINE#         1055
  C:3B69H         LINE#         1056
  C:3B6EH         LINE#         1057
  C:3B72H         LINE#         1058
  C:3B72H         LINE#         1059
  C:3B7DH         LINE#         1060
  C:3B7DH         LINE#         1061
  C:3B7FH         LINE#         1062
  C:3B84H         LINE#         1063
  C:3BA3H         LINE#         1064
  C:3BA6H         LINE#         1065
  C:3BD4H         LINE#         1066
  C:3BD7H         LINE#         1067
  C:3BD7H         LINE#         1068
  C:3BEBH         LINE#         1069
  C:3BEBH         LINE#         1070
  C:3BEDH         LINE#         1071
  C:3BF2H         LINE#         1072
  C:3C14H         LINE#         1073
  C:3C17H         LINE#         1074
  C:3C45H         LINE#         1075
  C:3C48H         LINE#         1076
  C:3C48H         LINE#         1077
  C:3C4BH         LINE#         1078
  -------         ENDPROC       _CUTRUN
  -------         ENDMOD        CD4052

  -------         MODULE        ISR
  C:0000H         SYMBOL        _ICE_DUMMY_
  C:66BBH         PUBLIC        DsDecode
  D:0080H         PUBLIC        P0
  D:00B2H         PUBLIC        P3M0
  D:0090H         PUBLIC        P1
  D:00B1H         PUBLIC        P3M1
  D:00A0H         PUBLIC        P2
  D:00CAH         PUBLIC        P5M0
  D:00B0H         PUBLIC        P3
  D:00C9H         PUBLIC        P5M1
  D:00C0H         PUBLIC        P4
  D:00C8H         PUBLIC        P5
  D:00A8H         PUBLIC        IE
  X:04A2H         PUBLIC        Decodecnt
  D:00B8H         PUBLIC        IP
  B:00B0H.2       PUBLIC        INT0
  D:00D8H         PUBLIC        CCON
  C:672BH         PUBLIC        T0_isr
  D:0098H         PUBLIC        SCON
  C:53C6H         PUBLIC        T1_isr
  B:00C0H.1       PUBLIC        P41
  D:0089H         PUBLIC        TMOD
  D:0088H         PUBLIC        TCON
  B:0080H.7       PUBLIC        P07
  B:00C0H.5       PUBLIC        P45
BL51 BANKED LINKER/LOCATER V6.22                                                      05/05/2015  10:51:30  PAGE 63


  B:00C8H.5       PUBLIC        P55
  B:00C0H.6       PUBLIC        P46
  C:682FH         PUBLIC        timerInit
  B:00C0H.7       PUBLIC        P47
  D:00F0H         PUBLIC        B
  D:008EH         PUBLIC        AUXR
  D:00E0H         PUBLIC        ACC
  B:00A8H.1       PUBLIC        ET0
  B:00A8H.3       PUBLIC        ET1
  B:0088H.5       PUBLIC        TF0
  C:680EH         PUBLIC        Timer0Init
  B:0088H.7       PUBLIC        TF1
  C:468BH         PUBLIC        INT0_isr
  C:67FBH         PUBLIC        Timer1Init
  D:008CH         PUBLIC        TH0
  B:00A8H.0       PUBLIC        EX0
  B:0088H.0       PUBLIC        IT0
  D:008DH         PUBLIC        TH1
  D:008AH         PUBLIC        TL0
  D:008BH         PUBLIC        TL1
  B:0088H.4       PUBLIC        TR0
  B:0088H.6       PUBLIC        TR1
  X:04A4H         PUBLIC        ReIRcode
  C:686CH         PUBLIC        Int0Init
  D:00D0H         PUBLIC        PSW
  C:6790H         PUBLIC        EnDecode
  -------         PROC          ENDECODE
  C:6790H         LINE#         34
  C:6790H         LINE#         35
  C:6790H         LINE#         36
  C:6792H         LINE#         37
  C:6799H         LINE#         38
  C:67A1H         LINE#         39
  C:67A3H         LINE#         40
  C:67A5H         LINE#         41
  C:67A7H         LINE#         43
  -------         ENDPROC       ENDECODE
  -------         PROC          DSDECODE
  C:66BBH         LINE#         44
  C:66BBH         LINE#         45
  C:66BBH         LINE#         46
  C:66BDH         LINE#         47
  C:66BFH         LINE#         48
  C:66C6H         LINE#         49
  C:66CEH         LINE#         50
  C:66D0H         LINE#         51
  C:66D8H         LINE#         53
  -------         ENDPROC       DSDECODE
  -------         PROC          TIMER0INIT
  C:680EH         LINE#         54
  C:680EH         LINE#         55
  C:680EH         LINE#         56
  C:6810H         LINE#         57
  C:6813H         LINE#         58
  C:6816H         LINE#         59
  C:6819H         LINE#         60
  C:681CH         LINE#         61
BL51 BANKED LINKER/LOCATER V6.22                                                      05/05/2015  10:51:30  PAGE 64


  C:681EH         LINE#         62
  -------         ENDPROC       TIMER0INIT
  -------         PROC          TIMER1INIT
  C:67FBH         LINE#         64
  C:67FBH         LINE#         65
  C:67FBH         LINE#         66
  C:67FDH         LINE#         67
  C:6800H         LINE#         68
  C:6803H         LINE#         69
  C:6806H         LINE#         70
  C:6809H         LINE#         71
  C:680BH         LINE#         72
  C:680DH         LINE#         73
  -------         ENDPROC       TIMER1INIT
  -------         PROC          INT0INIT
  C:686CH         LINE#         74
  C:686CH         LINE#         75
  C:686CH         LINE#         77
  C:686FH         LINE#         78
  C:6872H         LINE#         79
  C:6874H         LINE#         80
  C:6876H         LINE#         81
  -------         ENDPROC       INT0INIT
  -------         PROC          TIMERINIT
  C:682FH         LINE#         83
  C:682FH         LINE#         84
  C:682FH         LINE#         85
  C:6832H         LINE#         86
  C:6835H         LINE#         87
  C:6837H         LINE#         88
  C:683AH         LINE#         89
  -------         ENDPROC       TIMERINIT
  -------         PROC          INT0_ISR
  -------         DO            
  X:0490H         SYMBOL        CountL
  X:0492H         SYMBOL        CountH
  X:0494H         SYMBOL        IR_BitCnt
  X:0495H         SYMBOL        sync
  X:0496H         SYMBOL        step
  X:0497H         SYMBOL        IR_tmp
  -------         ENDDO         
  C:468BH         LINE#         91
  C:46A6H         LINE#         98
  C:46AFH         LINE#         99
  C:46AFH         LINE#         100
  C:46B2H         LINE#         101
  C:46B2H         LINE#         102
  C:46B7H         LINE#         103
  C:46B7H         LINE#         104
  C:46BDH         LINE#         105
  C:46C2H         LINE#         106
  C:46C4H         LINE#         107
  C:46C9H         LINE#         108
  C:46C9H         LINE#         109
  C:46D9H         LINE#         110
  C:46E0H         LINE#         111
  C:46E4H         LINE#         112
BL51 BANKED LINKER/LOCATER V6.22                                                      05/05/2015  10:51:30  PAGE 65


  C:46F1H         LINE#         113
  C:46F1H         LINE#         114
  C:470AH         LINE#         115
  C:470AH         LINE#         116
  C:4710H         LINE#         117
  C:4719H         LINE#         122
  C:4719H         LINE#         124
  C:4719H         LINE#         126
  C:4719H         LINE#         128
  C:4719H         LINE#         129
  C:471FH         LINE#         130
  C:471FH         LINE#         131
  C:4729H         LINE#         132
  C:4729H         LINE#         134
  C:4735H         LINE#         135
  C:473CH         LINE#         136
  C:4742H         LINE#         137
  C:4745H         LINE#         139
  C:4745H         LINE#         140
  C:4749H         LINE#         141
  C:474DH         LINE#         142
  C:474DH         LINE#         143
  C:474DH         LINE#         144
  C:4750H         LINE#         146
  C:4750H         LINE#         148
  C:4753H         LINE#         149
  C:4753H         LINE#         150
  C:4763H         LINE#         151
  C:476AH         LINE#         152
  C:4776H         LINE#         153
  C:4776H         LINE#         154
  C:4779H         LINE#         155
  C:477FH         LINE#         156
  C:477FH         LINE#         157
  C:4791H         LINE#         158
  C:4798H         LINE#         159
  C:47B1H         LINE#         160
  C:47BEH         LINE#         161
  C:47BEH         LINE#         162
  C:47D5H         LINE#         163
  C:47D5H         LINE#         164
  C:47DDH         LINE#         165
  C:47DDH         LINE#         166
  C:47F1H         LINE#         167
  C:47FBH         LINE#         168
  C:4800H         LINE#         169
  C:4800H         LINE#         170
  C:4800H         LINE#         171
  C:4800H         LINE#         173
  -------         ENDPROC       INT0_ISR
  -------         PROC          T0_ISR
  C:672BH         LINE#         176
  C:6731H         LINE#         178
  C:673FH         LINE#         179
  -------         ENDPROC       T0_ISR
  -------         PROC          T1_ISR
  -------         DO            
BL51 BANKED LINKER/LOCATER V6.22                                                      05/05/2015  10:51:30  PAGE 66


  X:049BH         SYMBOL        cnt
  X:049CH         SYMBOL        keycnt
  X:049DH         SYMBOL        beepcnt
  X:049EH         SYMBOL        popcnt
  X:04A0H         SYMBOL        cutcnt
  -------         ENDDO         
  C:53C6H         LINE#         182
  C:53E3H         LINE#         187
  C:53E9H         LINE#         188
  C:53EFH         LINE#         189
  C:53F5H         LINE#         190
  C:53F5H         LINE#         191
  C:53F7H         LINE#         192
  C:53F9H         LINE#         193
  C:53F9H         LINE#         194
  C:5402H         LINE#         195
  C:5402H         LINE#         196
  C:5405H         LINE#         197
  C:540AH         LINE#         198
  C:540AH         LINE#         199
  C:5411H         LINE#         200
  C:5411H         LINE#         201
  C:5413H         LINE#         202
  C:5420H         LINE#         203
  C:5420H         LINE#         204
  C:5422H         LINE#         205
  C:5424H         LINE#         206
  C:5428H         LINE#         207
  C:5428H         LINE#         208
  C:5428H         LINE#         209
  C:542FH         LINE#         210
  C:542FH         LINE#         211
  C:5444H         LINE#         212
  C:5444H         LINE#         213
  C:5446H         LINE#         214
  C:5448H         LINE#         215
  C:544DH         LINE#         216
  C:5453H         LINE#         217
  C:5453H         LINE#         218
  C:5453H         LINE#         219
  C:545AH         LINE#         220
  C:545AH         LINE#         221
  C:5476H         LINE#         222
  C:5476H         LINE#         223
  C:547DH         LINE#         224
  C:5481H         LINE#         225
  C:5493H         LINE#         226
  C:5496H         LINE#         227
  C:5499H         LINE#         228
  C:5499H         LINE#         229
  C:5499H         LINE#         230
  -------         ENDPROC       T1_ISR
  -------         ENDMOD        ISR

  -------         MODULE        KEY
  C:0000H         SYMBOL        _ICE_DUMMY_
  D:0080H         PUBLIC        P0
BL51 BANKED LINKER/LOCATER V6.22                                                      05/05/2015  10:51:30  PAGE 67


  D:0090H         PUBLIC        P1
  D:00A0H         PUBLIC        P2
  D:00B0H         PUBLIC        P3
  D:00C0H         PUBLIC        P4
  D:00C8H         PUBLIC        P5
  C:65C0H         PUBLIC        _CheckKey
  D:00A8H         PUBLIC        IE
  D:00B8H         PUBLIC        IP
  X:04DFH         PUBLIC        Key_back
  D:00D8H         PUBLIC        CCON
  X:04E0H         PUBLIC        keyCounter
  C:5B51H         PUBLIC        KeyScan
  B:00A0H.0       PUBLIC        P20
  D:0098H         PUBLIC        SCON
  D:0088H         PUBLIC        TCON
  B:00C0H.2       PUBLIC        P42
  B:00C0H.3       PUBLIC        P43
  B:00C0H.4       PUBLIC        P44
  B:00B0H.7       PUBLIC        P37
  D:00F0H         PUBLIC        B
  D:00E0H         PUBLIC        ACC
  X:04E1H         PUBLIC        Key_change
  D:00D0H         PUBLIC        PSW
  -------         PROC          _CHECKKEY
  D:0001H         SYMBOL        flag
  C:65C0H         LINE#         10
  C:65C0H         LINE#         11
  C:65C0H         LINE#         13
  C:65C3H         LINE#         14
  C:65C3H         LINE#         15
  C:65C5H         LINE#         16
  C:65C7H         LINE#         17
  C:65CAH         LINE#         18
  C:65CAH         LINE#         19
  C:65CCH         LINE#         20
  C:65CEH         LINE#         21
  C:65D1H         LINE#         22
  C:65D1H         LINE#         23
  C:65D3H         LINE#         24
  C:65D5H         LINE#         25
  C:65D8H         LINE#         26
  C:65D8H         LINE#         27
  C:65DAH         LINE#         28
  C:65DCH         LINE#         29
  C:65DFH         LINE#         30
  C:65DFH         LINE#         31
  C:65E1H         LINE#         32
  C:65E3H         LINE#         34
  C:65E8H         LINE#         35
  -------         ENDPROC       _CHECKKEY
  -------         PROC          KEYSCAN
  -------         DO            
  X:04DEH         SYMBOL        keyValue
  X:0401H         SYMBOL        keyTmp
  D:0007H         SYMBOL        key_return
  -------         ENDDO         
  C:5B51H         LINE#         42
BL51 BANKED LINKER/LOCATER V6.22                                                      05/05/2015  10:51:30  PAGE 68


  C:5B51H         LINE#         43
  C:5B51H         LINE#         45
  C:5B57H         LINE#         46
  C:5B58H         LINE#         47
  C:5B61H         LINE#         48
  C:5B69H         LINE#         49
  C:5B69H         LINE#         50
  C:5B73H         LINE#         51
  C:5B73H         LINE#         52
  C:5B7AH         LINE#         53
  C:5B7CH         LINE#         54
  C:5B82H         LINE#         55
  C:5B82H         LINE#         56
  C:5B89H         LINE#         57
  C:5B89H         LINE#         59
  C:5B8EH         LINE#         60
  C:5B93H         LINE#         61
  C:5B95H         LINE#         62
  C:5BA2H         LINE#         63
  C:5BA2H         LINE#         64
  C:5BA7H         LINE#         65
  C:5BACH         LINE#         66
  C:5BAFH         LINE#         67
  C:5BB1H         LINE#         69
  C:5BB1H         LINE#         70
  C:5BB7H         LINE#         71
  C:5BBCH         LINE#         72
  C:5BBCH         LINE#         73
  C:5BBEH         LINE#         74
  C:5BC0H         LINE#         75
  C:5BC4H         LINE#         76
  C:5BC4H         LINE#         77
  C:5BCBH         LINE#         78
  C:5BCDH         LINE#         79
  C:5BD4H         LINE#         80
  C:5BD4H         LINE#         81
  C:5BDBH         LINE#         82
  C:5BE1H         LINE#         83
  C:5BE1H         LINE#         85
  C:5BE1H         LINE#         89
  C:5BE6H         LINE#         92
  -------         ENDPROC       KEYSCAN
  -------         ENDMOD        KEY

  -------         MODULE        ?C?COPY
  C:2977H         PUBLIC        ?C?COPY
  -------         ENDMOD        ?C?COPY

  -------         MODULE        ?C?CLDPTR
  C:299DH         PUBLIC        ?C?CLDPTR
  -------         ENDMOD        ?C?CLDPTR

  -------         MODULE        ?C?CLDOPTR
  C:29B6H         PUBLIC        ?C?CLDOPTR
  -------         ENDMOD        ?C?CLDOPTR

  -------         MODULE        ?C?CSTPTR
BL51 BANKED LINKER/LOCATER V6.22                                                      05/05/2015  10:51:30  PAGE 69


  C:29E3H         PUBLIC        ?C?CSTPTR
  -------         ENDMOD        ?C?CSTPTR

  -------         MODULE        ?C?IMUL
  C:29F5H         PUBLIC        ?C?IMUL
  -------         ENDMOD        ?C?IMUL

  -------         MODULE        ?C?UIDIV
  C:2A07H         PUBLIC        ?C?UIDIV
  -------         ENDMOD        ?C?UIDIV

  -------         MODULE        ?C?IILDX
  C:2A5CH         PUBLIC        ?C?IILDX
  -------         ENDMOD        ?C?IILDX

  -------         MODULE        ?C?ILDIX
  C:2A72H         PUBLIC        ?C?ILDIX
  -------         ENDMOD        ?C?ILDIX

  -------         MODULE        ?C?LMUL
  C:2A88H         PUBLIC        ?C?LMUL
  -------         ENDMOD        ?C?LMUL

  -------         MODULE        ?C?ULDIV
  C:2B13H         PUBLIC        ?C?ULDIV
  -------         ENDMOD        ?C?ULDIV

  -------         MODULE        ?C?ULCMP
  C:2BA5H         PUBLIC        ?C?ULCMP
  -------         ENDMOD        ?C?ULCMP

  -------         MODULE        ?C?ULSHR
  C:2BB6H         PUBLIC        ?C?ULSHR
  -------         ENDMOD        ?C?ULSHR

  -------         MODULE        ?C?LSHL
  C:2BC9H         PUBLIC        ?C?LSHL
  -------         ENDMOD        ?C?LSHL

  -------         MODULE        ?C?LSTXDATA
  C:2BDCH         PUBLIC        ?C?LSTXDATA
  -------         ENDMOD        ?C?LSTXDATA

  -------         MODULE        ?C?LSTKXDATA
  C:2BE8H         PUBLIC        ?C?LSTKXDATA
  -------         ENDMOD        ?C?LSTKXDATA

  -------         MODULE        ?C?PLDOPTR
  C:2C19H         PUBLIC        ?C?PLDOPTR
  -------         ENDMOD        ?C?PLDOPTR

  -------         MODULE        ?C?LIMUL
  C:2C49H         PUBLIC        ?C?LIMUL
  -------         ENDMOD        ?C?LIMUL

  -------         MODULE        ?C?PLDIDATA
  C:2C76H         PUBLIC        ?C?PLDIDATA
BL51 BANKED LINKER/LOCATER V6.22                                                      05/05/2015  10:51:30  PAGE 70


  -------         ENDMOD        ?C?PLDIDATA

  -------         MODULE        ?C?PLDXDATA
  C:2C7FH         PUBLIC        ?C?PLDXDATA
  -------         ENDMOD        ?C?PLDXDATA

  -------         MODULE        ?C?PLDPDATA
  C:2C88H         PUBLIC        ?C?PLDPDATA
  -------         ENDMOD        ?C?PLDPDATA

  -------         MODULE        ?C?PLDCODE
  C:2C91H         PUBLIC        ?C?PLDCODE
  -------         ENDMOD        ?C?PLDCODE

*** WARNING L16: UNCALLED SEGMENT, IGNORED FOR OVERLAY PROCESS
    SEGMENT: ?PR?INITADDNO?MAIN

*** WARNING L16: UNCALLED SEGMENT, IGNORED FOR OVERLAY PROCESS
    SEGMENT: ?PR?_OLED_DRAW_SQUARE?OLED

*** WARNING L16: UNCALLED SEGMENT, IGNORED FOR OVERLAY PROCESS
    SEGMENT: ?PR?_OLED_DRAW_SQUAREFILL?OLED

*** WARNING L16: UNCALLED SEGMENT, IGNORED FOR OVERLAY PROCESS
    SEGMENT: ?PR?_OLED_DRAW_LINES?OLED

*** WARNING L16: UNCALLED SEGMENT, IGNORED FOR OVERLAY PROCESS
    SEGMENT: ?PR?_OLED_DRAWCIRCLE?OLED

*** WARNING L16: UNCALLED SEGMENT, IGNORED FOR OVERLAY PROCESS
    SEGMENT: ?PR?_OLED_FILL?OLED

*** WARNING L16: UNCALLED SEGMENT, IGNORED FOR OVERLAY PROCESS
    SEGMENT: ?PR?_OLED_SHOWNUM?OLED

*** WARNING L16: UNCALLED SEGMENT, IGNORED FOR OVERLAY PROCESS
    SEGMENT: ?PR?_OLED_SHOWFONT16?OLED

*** WARNING L16: UNCALLED SEGMENT, IGNORED FOR OVERLAY PROCESS
    SEGMENT: ?PR?INIT595?_595

Program Size: data=9.2 xdata=1250 code=26766
LINK/LOCATE RUN COMPLETE.  9 WARNING(S),  0 ERROR(S)
