BL51 BANKED LINKER/LOCATER V6.22                                                        04/24/2015  19:30:26  PAGE 1


BL51 BANKED LINKER/LOCATER V6.22, INVOKED BY:
C:\KEIL\C51\BIN\BL51.EXE .\output\main.obj, .\output\24c02.obj, .\output\oled.obj, .\output\Uart.obj, .\output\_595.obj,
>>  .\output\cd4052.obj, .\output\isr.obj, .\output\Key.obj TO .\output\BurnCob PRINT (.\list\BurnCob.m51) RAMSIZE (256)
>> 


MEMORY MODEL: LARGE


INPUT MODULES INCLUDED:
  .\output\main.obj (MAIN)
  .\output\24c02.obj (24C02)
  .\output\oled.obj (OLED)
  .\output\Uart.obj (UART)
  .\output\_595.obj (_595)
  .\output\cd4052.obj (CD4052)
  .\output\isr.obj (ISR)
  .\output\Key.obj (KEY)
  C:\KEIL\C51\LIB\C51L.LIB (?C_STARTUP)
  C:\KEIL\C51\LIB\C51L.LIB (?C?COPY)
  C:\KEIL\C51\LIB\C51L.LIB (?C?CLDPTR)
  C:\KEIL\C51\LIB\C51L.LIB (?C?CLDOPTR)
  C:\KEIL\C51\LIB\C51L.LIB (?C?CSTPTR)
  C:\KEIL\C51\LIB\C51L.LIB (?C?IMUL)
  C:\KEIL\C51\LIB\C51L.LIB (?C?IILDX)
  C:\KEIL\C51\LIB\C51L.LIB (?C?ILDIX)
  C:\KEIL\C51\LIB\C51L.LIB (?C?LMUL)
  C:\KEIL\C51\LIB\C51L.LIB (?C?ULDIV)
  C:\KEIL\C51\LIB\C51L.LIB (?C?ULCMP)
  C:\KEIL\C51\LIB\C51L.LIB (?C?ULSHR)
  C:\KEIL\C51\LIB\C51L.LIB (?C?LSHL)
  C:\KEIL\C51\LIB\C51L.LIB (?C?LSTXDATA)
  C:\KEIL\C51\LIB\C51L.LIB (?C?LSTKXDATA)
  C:\KEIL\C51\LIB\C51L.LIB (?C?PLDOPTR)
  C:\KEIL\C51\LIB\C51L.LIB (?C?LIMUL)
  C:\KEIL\C51\LIB\C51L.LIB (?C_INIT)
  C:\KEIL\C51\LIB\C51L.LIB (?C?PLDIDATA)
  C:\KEIL\C51\LIB\C51L.LIB (?C?PLDXDATA)
  C:\KEIL\C51\LIB\C51L.LIB (?C?PLDPDATA)
  C:\KEIL\C51\LIB\C51L.LIB (?C?PLDCODE)


LINK MAP OF MODULE:  .\output\BurnCob (MAIN)


            TYPE    BASE      LENGTH    RELOCATION   SEGMENT NAME
            -----------------------------------------------------

            * * * * * * *   D A T A   M E M O R Y   * * * * * * *
            REG     0000H     0008H     ABSOLUTE     "REG BANK 0"
                    0008H     0018H                  *** GAP ***
            BIT     0020H.0   0000H.1   UNIT         ?BI?24C02
            BIT     0020H.1   0000H.1   UNIT         _BIT_GROUP_
                    0020H.2   0000H.6                *** GAP ***
            IDATA   0021H     0001H     UNIT         ?STACK

            * * * * * * *  X D A T A   M E M O R Y  * * * * * * *
            XDATA   0000H     0400H     UNIT         ?XD?OLED
BL51 BANKED LINKER/LOCATER V6.22                                                      04/24/2015  19:30:26  PAGE 2


            XDATA   0400H     0034H     UNIT         ?XD?CD4052
            XDATA   0434H     0030H     UNIT         _XDATA_GROUP_
            XDATA   0464H     001EH     UNIT         ?XD?MAIN
            XDATA   0482H     0018H     UNIT         ?XD?ISR
            XDATA   049AH     000BH     UNIT         ?XD?_OLED_SHOWNUM?OLED
            XDATA   04A5H     0009H     UNIT         ?XD?_OLED_DRAW_LINES?OLED
            XDATA   04AEH     0006H     UNIT         ?XD?_MYPOW?OLED
            XDATA   04B4H     0006H     UNIT         ?XD?_OLED_SHOWFONT16?OLED
            XDATA   04BAH     0005H     UNIT         ?XD?_OLED_DRAWCIRCLE?OLED
            XDATA   04BFH     0005H     UNIT         ?XD?_OLED_FILL?OLED
            XDATA   04C4H     0004H     UNIT         ?XD?INITADDNO?MAIN
            XDATA   04C8H     0004H     UNIT         ?XD?_OLED_DRAW_SQUARE?OLED
            XDATA   04CCH     0004H     UNIT         ?XD?_OLED_DRAW_SQUAREFILL?OLED
            XDATA   04D0H     0004H     UNIT         ?XD?KEY

            * * * * * * *   C O D E   M E M O R Y   * * * * * * *
            CODE    0000H     0003H     ABSOLUTE     
            CODE    0003H     0003H     ABSOLUTE     
            CODE    0006H     0001H     UNIT         ?PR?LOOKINFO?MAIN
                    0007H     0004H                  *** GAP ***
            CODE    000BH     0003H     ABSOLUTE     
            CODE    000EH     000DH     UNIT         ?PR?DELAY_5US?24C02
            CODE    001BH     0003H     ABSOLUTE     
                    001EH     0005H                  *** GAP ***
            CODE    0023H     0003H     ABSOLUTE     
            CODE    0026H     130FH     UNIT         ?CO?OLED
            CODE    1335H     0BD4H     UNIT         ?PR?_OLED_SHOWADD?OLED
            CODE    1F09H     0496H     UNIT         ?PR?COMPAREADD?CD4052
            CODE    239FH     0432H     UNIT         ?PR?_OLED_DRAW_WINDOWSDRAW?OLED
            CODE    27D1H     03A1H     UNIT         ?C?LIB_CODE
            CODE    2B72H     0380H     UNIT         ?PR?SHOWINFO?CD4052
            CODE    2EF2H     0319H     UNIT         ?PR?BURNCHECK?CD4052
            CODE    320BH     0281H     UNIT         ?PR?_CUTRUN?CD4052
            CODE    348CH     025DH     UNIT         ?PR?SET_MODE?MAIN
            CODE    36E9H     0234H     UNIT         ?PR?TEST_MODE?MAIN
            CODE    391DH     0203H     UNIT         ?CO?MAIN
            CODE    3B20H     01D2H     UNIT         ?PR?_DECODE?CD4052
            CODE    3CF2H     01AAH     UNIT         ?PR?GETPADRES?CD4052
            CODE    3E9CH     018BH     UNIT         ?PR?INT0_ISR?ISR
            CODE    4027H     0166H     UNIT         ?PR?_OLED_DRAWLINE?OLED
            CODE    418DH     0143H     UNIT         ?PR?_PNMASK?CD4052
            CODE    42D0H     0123H     UNIT         ?PR?CUT_MODE?MAIN
            CODE    43F3H     0123H     UNIT         ?PR?_OLED_SHOWSTRING?OLED
            CODE    4516H     011BH     UNIT         ?PR?_DISP_MENU_0?OLED
            CODE    4631H     0111H     UNIT         ?PR?_DISP_MENU_1?OLED
            CODE    4742H     00F9H     UNIT         ?PR?_OLED_DRAWICON?OLED
            CODE    483BH     00F5H     UNIT         ?PR?_OLED_SHOWCHAR?OLED
            CODE    4930H     00EEH     UNIT         ?PR?T1_ISR?ISR
            CODE    4A1EH     00EAH     UNIT         ?PR?_OLED_DRAW_LINES?OLED
            CODE    4B08H     00D4H     UNIT         ?PR?_DISP_MENU_MAIN?OLED
            CODE    4BDCH     00C7H     UNIT         ?PR?_OLED_SHOWNUM?OLED
            CODE    4CA3H     00C5H     UNIT         ?PR?_OLED_DRAWBMP?OLED
            CODE    4D68H     00B4H     UNIT         ?PR?OLED_INIT?OLED
            CODE    4E1CH     00A9H     UNIT         ?PR?_OLED_DRAWCIRCLE?OLED
            CODE    4EC5H     00A9H     UNIT         ?PR?PN_MIRRO?CD4052
            CODE    4F6EH     00A7H     UNIT         ?PR?_OLED_DRAWPOINT?OLED
            CODE    5015H     00A1H     UNIT         ?PR?_OLED_DRAW_RECTANGLEFILL?OLED
BL51 BANKED LINKER/LOCATER V6.22                                                      04/24/2015  19:30:26  PAGE 3


            CODE    50B6H     0096H     UNIT         ?PR?KEYSCAN?KEY
            CODE    514CH     008EH     UNIT         ?PR?_OLED_SHOWFONT16?OLED
            CODE    51DAH     008CH     UNIT         ?C_C51STARTUP
            CODE    5266H     007DH     UNIT         ?PR?_GET_PKG_CNT?24C02
            CODE    52E3H     006AH     UNIT         ?PR?_OLED_DRAWBAR?OLED
            CODE    534DH     0063H     UNIT         ?PR?PRINTINFO?MAIN
            CODE    53B0H     0062H     UNIT         ?PR?_UART_BAUDSET?UART
            CODE    5412H     005EH     UNIT         ?PR?INITADDNO?MAIN
            CODE    5470H     005EH     UNIT         ?PR?_OLED_DRAWRECTANGLE?OLED
            CODE    54CEH     0057H     UNIT         ?PR?_SIGNOUT?CD4052
            CODE    5525H     0055H     UNIT         ?CO?CD4052
            CODE    557AH     0053H     UNIT         ?PR?_INIT_WINDOWS?MAIN
            CODE    55CDH     0050H     UNIT         ?PR?_OLED_DRAW_SQUARE?OLED
            CODE    561DH     0050H     UNIT         ?PR?_OLED_DRAW_SQUAREFILL?OLED
            CODE    566DH     0049H     UNIT         ?PR?_MYPOW?OLED
            CODE    56B6H     0048H     UNIT         ?PR?FLUSH_24C02?24C02
            CODE    56FEH     0045H     UNIT         ?PR?_GET_PKG_ADD?24C02
            CODE    5743H     0043H     UNIT         ?PR?SYSINIT?MAIN
            CODE    5786H     0042H     UNIT         ?PR?OLED_REFRESH_GRAM?OLED
            CODE    57C8H     003FH     UNIT         ?PR?_AT24C02_RDDAT?24C02
            CODE    5807H     003CH     UNIT         ?PR?_I2C_SENTBYTE?24C02
            CODE    5843H     0038H     UNIT         ?PR?MAIN?MAIN
            CODE    587BH     0034H     UNIT         ?PR?IOINIT?MAIN
            CODE    58AFH     0034H     UNIT         ?PR?_OLED_DRAW_HLINE?OLED
            CODE    58E3H     0033H     UNIT         ?PR?_SEND_STRING?UART
            CODE    5916H     0031H     UNIT         ?PR?OLED_CLEAR?OLED
            CODE    5947H     0031H     UNIT         ?PR?_ADC2RES?CD4052
            CODE    5978H     0030H     UNIT         ?C_INITSEG
            CODE    59A8H     0030H     UNIT         ?PR?_OLED_FILL?OLED
            CODE    59D8H     002EH     UNIT         ?PR?_I2C_RCVBYTE?24C02
            CODE    5A06H     002CH     UNIT         ?PR?_BYTEMIRRO?OLED
            CODE    5A32H     002BH     UNIT         ?PR?_STARTCUT?CD4052
            CODE    5A5DH     002AH     UNIT         ?PR?_AT24C02_WRDAT?24C02
            CODE    5A87H     0029H     UNIT         ?PR?_OLED_WR_BYTE?OLED
            CODE    5AB0H     0029H     UNIT         ?PR?_HEX2DAT?CD4052
            CODE    5AD9H     0029H     UNIT         ?PR?_CHECKKEY?KEY
            CODE    5B02H     0024H     UNIT         ?PR?OLEDINIT?MAIN
            CODE    5B26H     0024H     UNIT         ?PR?_OLED_DRAW_RLINE?OLED
            CODE    5B4AH     0023H     UNIT         ?PR?_GETADCRESULT?CD4052
            CODE    5B6DH     0020H     UNIT         ?PR?_OLED_SET_POS?OLED
            CODE    5B8DH     001FH     UNIT         ?PR?I2C_START?24C02
            CODE    5BACH     001CH     UNIT         ?PR?_COBCUTING?CD4052
            CODE    5BC8H     001BH     UNIT         ?PR?_PRINTF_U8?UART
            CODE    5BE3H     001BH     UNIT         ?PR?_STORGE595?_595
            CODE    5BFEH     001BH     UNIT         ?PR?T0_ISR?ISR
            CODE    5C19H     001AH     UNIT         ?PR?_DELAY_MS?OLED
            CODE    5C33H     0018H     UNIT         ?PR?_AT24C02_RD?24C02
            CODE    5C4BH     0018H     UNIT         ?PR?UART1_INTERRUPT?UART
            CODE    5C63H     0018H     UNIT         ?PR?ENDECODE?ISR
            CODE    5C7BH     0018H     UNIT         ?PR?DSDECODE?ISR
            CODE    5C93H     0017H     UNIT         ?PR?_PUT_CHAR?UART
            CODE    5CAAH     0014H     UNIT         ?PR?_AT24C02_WR?24C02
            CODE    5CBEH     0014H     UNIT         ?PR?_GET_HEX_DATA?UART
            CODE    5CD2H     0014H     UNIT         ?PR?_WRITE595?_595
            CODE    5CE6H     0013H     UNIT         ?PR?TIMER1INIT?ISR
            CODE    5CF9H     0011H     UNIT         ?PR?TIMER0INIT?ISR
            CODE    5D0AH     0010H     UNIT         ?PR?I2C_STOP?24C02
BL51 BANKED LINKER/LOCATER V6.22                                                      04/24/2015  19:30:26  PAGE 4


            CODE    5D1AH     000EH     UNIT         ?PR?TIMERINIT?ISR
            CODE    5D28H     000DH     UNIT         ?PR?INITSIGN?CD4052
            CODE    5D35H     000CH     UNIT         ?PR?INITADC?CD4052
            CODE    5D41H     000BH     UNIT         ?PR?DELAY_10MS?24C02
            CODE    5D4CH     000BH     UNIT         ?PR?UARTINIT?UART
            CODE    5D57H     000BH     UNIT         ?PR?INT0INIT?ISR
            CODE    5D62H     0009H     UNIT         ?PR?INIT595?_595
            CODE    5D6BH     0008H     UNIT         ?PR?DELAY_10US?24C02
            CODE    5D73H     0008H     UNIT         ?PR?_PUT_BYTE?UART



OVERLAY MAP OF MODULE:   .\output\BurnCob (MAIN)


SEGMENT                                      BIT_GROUP          XDATA_GROUP
  +--> CALLED SEGMENT                     START    LENGTH     START    LENGTH
-----------------------------------------------------------------------------
?PR?UART1_INTERRUPT?UART                  -----    -----      0434H    0001H

*** NEW ROOT ***************************************************

?PR?T1_ISR?ISR                            -----    -----      -----    -----
  +--> ?PR?KEYSCAN?KEY
  +--> ?PR?OLED_REFRESH_GRAM?OLED
  +--> ?PR?DSDECODE?ISR

?PR?KEYSCAN?KEY                           -----    -----      0435H    0001H
  +--> ?PR?_CHECKKEY?KEY

?PR?OLED_REFRESH_GRAM?OLED                -----    -----      -----    -----
  +--> ?PR?_OLED_WR_BYTE?OLED

*** NEW ROOT ***************************************************

?C_C51STARTUP                             -----    -----      -----    -----
  +--> ?PR?MAIN?MAIN
  +--> ?C_INITSEG

?PR?MAIN?MAIN                             -----    -----      -----    -----
  +--> ?PR?SYSINIT?MAIN
  +--> ?PR?PRINTINFO?MAIN
  +--> ?PR?OLED_CLEAR?OLED
  +--> ?PR?SET_MODE?MAIN
  +--> ?PR?CUT_MODE?MAIN
  +--> ?PR?TEST_MODE?MAIN

?PR?SYSINIT?MAIN                          -----    -----      -----    -----
  +--> ?PR?IOINIT?MAIN
  +--> ?PR?INITADC?CD4052
  +--> ?PR?INITSIGN?CD4052
  +--> ?PR?UARTINIT?UART
  +--> ?PR?OLEDINIT?MAIN
  +--> ?PR?TIMERINIT?ISR

?PR?UARTINIT?UART                         -----    -----      -----    -----
  +--> ?PR?_UART_BAUDSET?UART
BL51 BANKED LINKER/LOCATER V6.22                                                      04/24/2015  19:30:26  PAGE 5



?PR?_UART_BAUDSET?UART                    -----    -----      0436H    0004H

?PR?OLEDINIT?MAIN                         -----    -----      -----    -----
  +--> ?PR?OLED_INIT?OLED
  +--> ?PR?OLED_CLEAR?OLED
  +--> ?PR?_OLED_DRAWBMP?OLED
  +--> ?PR?_OLED_DRAWBAR?OLED
  +--> ?PR?OLED_REFRESH_GRAM?OLED

?PR?OLED_INIT?OLED                        -----    -----      -----    -----
  +--> ?PR?_DELAY_MS?OLED
  +--> ?PR?_OLED_WR_BYTE?OLED
  +--> ?PR?OLED_CLEAR?OLED
  +--> ?PR?_OLED_SET_POS?OLED

?PR?_OLED_SET_POS?OLED                    -----    -----      -----    -----
  +--> ?PR?_OLED_WR_BYTE?OLED

?PR?_OLED_DRAWBMP?OLED                    -----    -----      0436H    0009H
  +--> ?CO?OLED
  +--> ?PR?_OLED_DRAWPOINT?OLED

?PR?_OLED_DRAWPOINT?OLED                  -----    -----      0462H    0002H

?PR?_OLED_DRAWBAR?OLED                    -----    -----      0436H    0006H
  +--> ?PR?_OLED_DRAWRECTANGLE?OLED
  +--> ?PR?_OLED_DRAW_RECTANGLEFILL?OLED
  +--> ?PR?OLED_REFRESH_GRAM?OLED
  +--> ?PR?DELAY_10MS?24C02

?PR?_OLED_DRAWRECTANGLE?OLED              -----    -----      0457H    0005H
  +--> ?PR?_OLED_DRAW_HLINE?OLED
  +--> ?PR?_OLED_DRAW_RLINE?OLED

?PR?_OLED_DRAW_HLINE?OLED                 -----    -----      045DH    0004H
  +--> ?PR?_OLED_DRAWPOINT?OLED

?PR?_OLED_DRAW_RLINE?OLED                 -----    -----      045CH    0004H
  +--> ?PR?_OLED_DRAWPOINT?OLED

?PR?_OLED_DRAW_RECTANGLEFILL?OLED         -----    -----      0457H    0006H
  +--> ?PR?_OLED_DRAW_HLINE?OLED

?PR?TIMERINIT?ISR                         -----    -----      -----    -----
  +--> ?PR?TIMER0INIT?ISR
  +--> ?PR?TIMER1INIT?ISR
  +--> ?PR?INT0INIT?ISR
  +--> ?PR?ENDECODE?ISR

?PR?PRINTINFO?MAIN                        -----    -----      -----    -----
  +--> ?CO?MAIN
  +--> ?PR?_SEND_STRING?UART

?PR?_SEND_STRING?UART                     -----    -----      0436H    0003H
  +--> ?PR?_PUT_CHAR?UART

BL51 BANKED LINKER/LOCATER V6.22                                                      04/24/2015  19:30:26  PAGE 6


?PR?_PUT_CHAR?UART                        -----    -----      -----    -----
  +--> ?PR?_PUT_BYTE?UART

?PR?SET_MODE?MAIN                         -----    -----      0436H    0005H
  +--> ?PR?_DISP_MENU_MAIN?OLED
  +--> ?CO?MAIN
  +--> ?PR?_OLED_SHOWSTRING?OLED
  +--> ?PR?_DISP_MENU_0?OLED
  +--> ?PR?OLED_CLEAR?OLED
  +--> ?PR?OLED_REFRESH_GRAM?OLED
  +--> ?PR?FLUSH_24C02?24C02

?PR?_DISP_MENU_MAIN?OLED                  -----    -----      043CH    0001H
  +--> ?PR?_OLED_SHOWCHAR?OLED
  +--> ?CO?OLED
  +--> ?PR?_OLED_DRAWICON?OLED

?PR?_OLED_SHOWCHAR?OLED                   -----    -----      0457H    0007H
  +--> ?CO?OLED
  +--> ?PR?_BYTEMIRRO?OLED
  +--> ?PR?_OLED_DRAWPOINT?OLED

?PR?_OLED_DRAWICON?OLED                   -----    -----      043DH    000EH
  +--> ?CO?OLED
  +--> ?PR?_OLED_DRAWPOINT?OLED

?PR?_OLED_SHOWSTRING?OLED                 -----    -----      044EH    0007H
  +--> ?CO?OLED
  +--> ?PR?OLED_CLEAR?OLED
  +--> ?PR?_OLED_SHOWCHAR?OLED

?PR?_DISP_MENU_0?OLED                     -----    -----      043BH    0001H
  +--> ?CO?OLED
  +--> ?PR?_OLED_SHOWSTRING?OLED

?PR?FLUSH_24C02?24C02                     -----    -----      043BH    0001H
  +--> ?PR?_OLED_DRAWRECTANGLE?OLED
  +--> ?PR?_AT24C02_WR?24C02
  +--> ?PR?_OLED_DRAW_RECTANGLEFILL?OLED
  +--> ?PR?OLED_REFRESH_GRAM?OLED

?PR?_AT24C02_WR?24C02                     -----    -----      -----    -----
  +--> ?PR?I2C_START?24C02
  +--> ?PR?_I2C_SENTBYTE?24C02
  +--> ?PR?I2C_STOP?24C02

?PR?I2C_START?24C02                       -----    -----      -----    -----
  +--> ?PR?DELAY_10US?24C02

?PR?_I2C_SENTBYTE?24C02                   -----    -----      -----    -----
  +--> ?PR?I2C_START?24C02
  +--> ?PR?DELAY_5US?24C02

?PR?I2C_STOP?24C02                        -----    -----      -----    -----
  +--> ?PR?DELAY_10US?24C02

?PR?CUT_MODE?MAIN                         -----    -----      0436H    0003H
BL51 BANKED LINKER/LOCATER V6.22                                                      04/24/2015  19:30:26  PAGE 7


  +--> ?PR?_DISP_MENU_MAIN?OLED
  +--> ?PR?_DISP_MENU_1?OLED
  +--> ?PR?OLED_CLEAR?OLED
  +--> ?PR?_CUTRUN?CD4052
  +--> ?PR?OLED_REFRESH_GRAM?OLED

?PR?_DISP_MENU_1?OLED                     -----    -----      0439H    0001H
  +--> ?CO?OLED
  +--> ?PR?_OLED_SHOWSTRING?OLED

?PR?_CUTRUN?CD4052                        -----    -----      0439H    0002H
  +--> ?PR?_GET_PKG_ADD?24C02
  +--> ?CO?CD4052
  +--> ?PR?_OLED_SHOWSTRING?OLED
  +--> ?PR?_HEX2DAT?CD4052
  +--> ?PR?_OLED_SHOWCHAR?OLED
  +--> ?PR?OLED_REFRESH_GRAM?OLED
  +--> ?PR?INITSIGN?CD4052
  +--> ?PR?_STARTCUT?CD4052
  +--> ?PR?SHOWINFO?CD4052
  +--> ?PR?OLED_CLEAR?OLED
  +--> ?PR?_OLED_SHOWADD?OLED

?PR?_GET_PKG_ADD?24C02                    -----    -----      043FH    0005H
  +--> ?PR?_AT24C02_RDDAT?24C02

?PR?_AT24C02_RDDAT?24C02                  -----    -----      0444H    0005H
  +--> ?PR?_I2C_SENTBYTE?24C02
  +--> ?PR?I2C_START?24C02
  +--> ?PR?_I2C_RCVBYTE?24C02
  +--> ?PR?I2C_STOP?24C02

?PR?_I2C_RCVBYTE?24C02                    -----    -----      -----    -----
  +--> ?PR?DELAY_5US?24C02

?PR?_STARTCUT?CD4052                      -----    -----      -----    -----
  +--> ?PR?_PNMASK?CD4052
  +--> ?PR?_COBCUTING?CD4052
  +--> ?PR?GETPADRES?CD4052
  +--> ?PR?OLED_CLEAR?OLED
  +--> ?PR?COMPAREADD?CD4052

?PR?_COBCUTING?CD4052                     -----    -----      043BH    0004H
  +--> ?PR?_STORGE595?_595

?PR?_STORGE595?_595                       -----    -----      -----    -----
  +--> ?PR?_WRITE595?_595

?PR?GETPADRES?CD4052                      -----    -----      043BH    0001H
  +--> ?PR?DELAY_10MS?24C02
  +--> ?PR?_ADC2RES?CD4052
  +--> ?PR?_GETADCRESULT?CD4052
  +--> ?PR?_PRINTF_U8?UART

?PR?_ADC2RES?CD4052                       -----    -----      -----    -----
  +--> ?PR?_GETADCRESULT?CD4052

BL51 BANKED LINKER/LOCATER V6.22                                                      04/24/2015  19:30:26  PAGE 8


?PR?_PRINTF_U8?UART                       -----    -----      -----    -----
  +--> ?PR?_PUT_CHAR?UART
  +--> ?PR?_GET_HEX_DATA?UART

?PR?_GET_HEX_DATA?UART                    -----    -----      -----    -----
  +--> ?PR?_PUT_CHAR?UART

?PR?COMPAREADD?CD4052                     -----    -----      043BH    0009H
  +--> ?PR?BURNCHECK?CD4052
  +--> ?PR?_HEX2DAT?CD4052
  +--> ?PR?_OLED_SHOWCHAR?OLED
  +--> ?CO?CD4052
  +--> ?PR?_OLED_SHOWSTRING?OLED
  +--> ?PR?OLED_REFRESH_GRAM?OLED
  +--> ?PR?_AT24C02_RDDAT?24C02
  +--> ?PR?_AT24C02_WRDAT?24C02
  +--> ?PR?_DECODE?CD4052

?PR?BURNCHECK?CD4052                      0020H.1  0000H.1    -----    -----
  +--> ?PR?_OLED_SHOWADD?OLED
  +--> ?PR?OLED_REFRESH_GRAM?OLED

?PR?_OLED_SHOWADD?OLED                    -----    -----      0444H    000AH
  +--> ?CO?OLED
  +--> ?PR?_OLED_SHOWSTRING?OLED
  +--> ?PR?_OLED_DRAWLINE?OLED
  +--> ?PR?_OLED_SHOWCHAR?OLED

?PR?_OLED_DRAWLINE?OLED                   -----    -----      0457H    000BH
  +--> ?PR?_OLED_DRAWPOINT?OLED

?PR?_AT24C02_WRDAT?24C02                  -----    -----      0444H    0005H
  +--> ?PR?_I2C_SENTBYTE?24C02
  +--> ?PR?I2C_STOP?24C02
  +--> ?PR?DELAY_10MS?24C02

?PR?_DECODE?CD4052                        -----    -----      0444H    000AH
  +--> ?PR?ENDECODE?ISR
  +--> ?PR?DELAY_10MS?24C02
  +--> ?CO?CD4052
  +--> ?PR?_INIT_WINDOWS?MAIN
  +--> ?PR?_OLED_DRAW_WINDOWSDRAW?OLED
  +--> ?PR?_HEX2DAT?CD4052
  +--> ?PR?_OLED_SHOWCHAR?OLED
  +--> ?PR?OLED_REFRESH_GRAM?OLED
  +--> ?PR?PN_MIRRO?CD4052
  +--> ?PR?_SIGNOUT?CD4052

?PR?_INIT_WINDOWS?MAIN                    -----    -----      044EH    000DH

?PR?_OLED_DRAW_WINDOWSDRAW?OLED           -----    -----      044EH    0009H
  +--> ?PR?_OLED_DRAW_RECTANGLEFILL?OLED
  +--> ?PR?_OLED_DRAWRECTANGLE?OLED
  +--> ?PR?_OLED_DRAW_HLINE?OLED
  +--> ?PR?_OLED_DRAW_RLINE?OLED
  +--> ?PR?_OLED_DRAWLINE?OLED
  +--> ?PR?_OLED_SHOWCHAR?OLED
BL51 BANKED LINKER/LOCATER V6.22                                                      04/24/2015  19:30:26  PAGE 9



?PR?PN_MIRRO?CD4052                       -----    -----      044EH    0009H

?PR?_SIGNOUT?CD4052                       -----    -----      044EH    0005H

?PR?SHOWINFO?CD4052                       -----    -----      043BH    0004H
  +--> ?CO?CD4052
  +--> ?PR?_INIT_WINDOWS?MAIN
  +--> ?PR?_OLED_DRAW_WINDOWSDRAW?OLED
  +--> ?PR?_GET_PKG_CNT?24C02
  +--> ?PR?_OLED_SHOWSTRING?OLED
  +--> ?PR?_HEX2DAT?CD4052
  +--> ?PR?_OLED_SHOWCHAR?OLED
  +--> ?PR?_GET_PKG_ADD?24C02
  +--> ?PR?OLED_REFRESH_GRAM?OLED

?PR?_GET_PKG_CNT?24C02                    -----    -----      043FH    0005H
  +--> ?PR?_AT24C02_RDDAT?24C02

?PR?TEST_MODE?MAIN                        -----    -----      0436H    0006H
  +--> ?PR?DSDECODE?ISR
  +--> ?PR?_DISP_MENU_MAIN?OLED
  +--> ?PR?OLED_REFRESH_GRAM?OLED
  +--> ?PR?_HEX2DAT?CD4052
  +--> ?PR?_OLED_SHOWCHAR?OLED
  +--> ?PR?ENDECODE?ISR
  +--> ?PR?OLED_CLEAR?OLED
  +--> ?CO?MAIN
  +--> ?PR?_OLED_SHOWSTRING?OLED



SYMBOL TABLE OF MODULE:  .\output\BurnCob (MAIN)

  VALUE           TYPE          NAME
  ----------------------------------

  -------         MODULE        MAIN
  C:0000H         SYMBOL        _ICE_DUMMY_
  D:0093H         PUBLIC        P0M1
  D:0092H         PUBLIC        P1M0
  C:5412H         PUBLIC        initAddNo
  D:0096H         PUBLIC        P2M0
  D:0091H         PUBLIC        P1M1
  D:0080H         PUBLIC        P0
  X:0464H         PUBLIC        NG_COUNT
  D:00B2H         PUBLIC        P3M0
  D:0095H         PUBLIC        P2M1
  D:0090H         PUBLIC        P1
  D:00B4H         PUBLIC        P4M0
  D:00B1H         PUBLIC        P3M1
  D:00A0H         PUBLIC        P2
  D:00CAH         PUBLIC        P5M0
  D:00B3H         PUBLIC        P4M1
  D:00B0H         PUBLIC        P3
  D:00C9H         PUBLIC        P5M1
  D:00C0H         PUBLIC        P4
BL51 BANKED LINKER/LOCATER V6.22                                                      04/24/2015  19:30:26  PAGE 10


  D:00C8H         PUBLIC        P5
  X:0468H         PUBLIC        OK_COUNT
  B:00A8H.7       PUBLIC        EA
  D:00A8H         PUBLIC        IE
  D:00B8H         PUBLIC        IP
  D:00D8H         PUBLIC        CCON
  X:046CH         PUBLIC        MODE
  C:5843H         PUBLIC        main
  C:557AH         PUBLIC        _init_windows
  D:0098H         PUBLIC        SCON
  B:00C0H.1       PUBLIC        P41
  D:0088H         PUBLIC        TCON
  B:0080H.7       PUBLIC        P07
  B:00C8H.5       PUBLIC        P55
  B:00C0H.6       PUBLIC        P46
  B:00C0H.7       PUBLIC        P47
  C:5B02H         PUBLIC        oledInit
  C:534DH         PUBLIC        printInfo
  D:00F0H         PUBLIC        B
  D:00E0H         PUBLIC        ACC
  X:046DH         PUBLIC        AddNo
  C:36E9H         PUBLIC        test_mode
  X:0471H         PUBLIC        Cutflag
  C:42D0H         PUBLIC        cut_mode
  C:348CH         PUBLIC        set_mode
  X:0472H         PUBLIC        PKG
  C:0006H         PUBLIC        lookinfo
  C:587BH         PUBLIC        ioInit
  X:0473H         PUBLIC        POP
  C:5743H         PUBLIC        sysInit
  X:0474H         PUBLIC        windemo
  X:0481H         PUBLIC        BeepFlag
  D:00D0H         PUBLIC        PSW
  D:0094H         PUBLIC        P0M0
  -------         PROC          _INIT_WINDOWS
  D:0007H         SYMBOL        x
  D:0005H         SYMBOL        y
  D:0003H         SYMBOL        with
  X:0451H         SYMBOL        height
  X:0452H         SYMBOL        title
  X:0455H         SYMBOL        text
  X:0458H         SYMBOL        state
  C:557AH         LINE#         22
  C:557AH         LINE#         23
  C:557AH         LINE#         24
  C:557FH         LINE#         25
  C:5582H         LINE#         26
  C:5585H         LINE#         27
  C:558DH         LINE#         28
  C:55A2H         LINE#         29
  C:55B7H         LINE#         30
  C:55CCH         LINE#         31
  -------         ENDPROC       _INIT_WINDOWS
  -------         PROC          PRINTINFO
  C:534DH         LINE#         33
  C:534DH         LINE#         34
  C:534DH         LINE#         35
BL51 BANKED LINKER/LOCATER V6.22                                                      04/24/2015  19:30:26  PAGE 11


  C:5356H         LINE#         36
  C:535FH         LINE#         37
  C:5368H         LINE#         38
  C:5371H         LINE#         39
  C:537AH         LINE#         40
  C:5383H         LINE#         41
  C:538CH         LINE#         42
  C:5395H         LINE#         43
  C:539EH         LINE#         44
  C:53A7H         LINE#         45
  -------         ENDPROC       PRINTINFO
  -------         PROC          INITADDNO
  -------         DO            
  X:04C4H         SYMBOL        tmp
  -------         ENDDO         
  C:5412H         LINE#         49
  C:5412H         LINE#         50
  C:5412H         LINE#         52
  C:5423H         LINE#         53
  C:5454H         LINE#         54
  C:5454H         LINE#         55
  C:545EH         LINE#         56
  C:546FH         LINE#         57
  C:546FH         LINE#         58
  -------         ENDPROC       INITADDNO
  -------         PROC          OLEDINIT
  C:5B02H         LINE#         59
  C:5B02H         LINE#         60
  C:5B02H         LINE#         61
  C:5B05H         LINE#         62
  C:5B08H         LINE#         74
  C:5B10H         LINE#         75
  C:5B23H         LINE#         77
  -------         ENDPROC       OLEDINIT
  -------         PROC          IOINIT
  C:587BH         LINE#         80
  C:587BH         LINE#         81
  C:587BH         LINE#         82
  C:587EH         LINE#         83
  C:5880H         LINE#         84
  C:5882H         LINE#         85
  C:5884H         LINE#         86
  C:5886H         LINE#         87
  C:5888H         LINE#         88
  C:588AH         LINE#         89
  C:588CH         LINE#         90
  C:588EH         LINE#         91
  C:5890H         LINE#         92
  C:5892H         LINE#         93
  C:5894H         LINE#         95
  C:5897H         LINE#         97
  C:589AH         LINE#         98
  C:589CH         LINE#         100
  C:589FH         LINE#         101
  C:58A2H         LINE#         103
  C:58A5H         LINE#         104
  C:58A8H         LINE#         106
BL51 BANKED LINKER/LOCATER V6.22                                                      04/24/2015  19:30:26  PAGE 12


  C:58ABH         LINE#         107
  C:58AEH         LINE#         108
  -------         ENDPROC       IOINIT
  -------         PROC          SYSINIT
  C:5743H         LINE#         110
  C:5743H         LINE#         111
  C:5743H         LINE#         112
  C:5746H         LINE#         113
  C:5749H         LINE#         114
  C:574CH         LINE#         115
  C:574FH         LINE#         116
  C:5752H         LINE#         117
  C:5755H         LINE#         118
  C:575AH         LINE#         119
  C:5764H         LINE#         120
  C:576EH         LINE#         121
  C:5770H         LINE#         122
  C:5772H         LINE#         123
  C:5777H         LINE#         124
  C:577CH         LINE#         125
  C:5781H         LINE#         126
  C:5783H         LINE#         127
  C:5785H         LINE#         128
  -------         ENDPROC       SYSINIT
  -------         PROC          SET_MODE
  -------         DO            
  X:0436H         SYMBOL        Done
  X:0437H         SYMBOL        InMode
  X:0438H         SYMBOL        menucnt
  X:0439H         SYMBOL        Eraseflag
  X:043AH         SYMBOL        YesNo
  -------         ENDDO         
  C:348CH         LINE#         129
  C:348CH         LINE#         130
  C:348CH         LINE#         136
  C:3491H         LINE#         137
  C:3495H         LINE#         138
  C:3499H         LINE#         139
  C:349DH         LINE#         140
  C:34A1H         LINE#         141
  C:34A5H         LINE#         142
  C:34A8H         LINE#         143
  C:34B1H         LINE#         144
  C:34B1H         LINE#         145
  C:34B7H         LINE#         146
  C:34B7H         LINE#         147
  C:34D2H         LINE#         148
  C:34D2H         LINE#         149
  C:34D2H         LINE#         150
  C:34D7H         LINE#         151
  C:34DCH         LINE#         152
  C:34E2H         LINE#         153
  C:34E2H         LINE#         154
  C:34EAH         LINE#         155
  C:34EAH         LINE#         156
  C:34F5H         LINE#         157
  C:34F7H         LINE#         158
BL51 BANKED LINKER/LOCATER V6.22                                                      04/24/2015  19:30:26  PAGE 13


  C:351BH         LINE#         159
  C:3536H         LINE#         160
  C:3536H         LINE#         161
  C:3539H         LINE#         163
  C:3539H         LINE#         164
  C:3546H         LINE#         165
  C:3549H         LINE#         166
  C:3551H         LINE#         167
  C:3551H         LINE#         168
  C:3551H         LINE#         169
  C:3554H         LINE#         171
  C:3554H         LINE#         172
  C:355AH         LINE#         173
  C:355FH         LINE#         174
  C:355FH         LINE#         175
  C:3562H         LINE#         176
  C:3562H         LINE#         177
  C:3567H         LINE#         178
  C:356CH         LINE#         179
  C:3572H         LINE#         180
  C:3572H         LINE#         181
  C:357AH         LINE#         182
  C:357AH         LINE#         183
  C:3585H         LINE#         184
  C:3588H         LINE#         185
  C:35ACH         LINE#         186
  C:35C7H         LINE#         187
  C:35C7H         LINE#         188
  C:35CAH         LINE#         190
  C:35CAH         LINE#         191
  C:35D7H         LINE#         192
  C:35D9H         LINE#         193
  C:35E1H         LINE#         194
  C:35E1H         LINE#         195
  C:35E1H         LINE#         196
  C:35E4H         LINE#         198
  C:35E4H         LINE#         199
  C:35EAH         LINE#         200
  C:35EEH         LINE#         201
  C:35EEH         LINE#         202
  C:35F1H         LINE#         203
  C:35F1H         LINE#         204
  C:35F6H         LINE#         205
  C:35FBH         LINE#         206
  C:3604H         LINE#         207
  C:3604H         LINE#         208
  C:360DH         LINE#         209
  C:360DH         LINE#         210
  C:3613H         LINE#         211
  C:3613H         LINE#         213
  C:3617H         LINE#         214
  C:3617H         LINE#         215
  C:361AH         LINE#         216
  C:3631H         LINE#         217
  C:3634H         LINE#         218
  C:3637H         LINE#         219
  C:363AH         LINE#         220
BL51 BANKED LINKER/LOCATER V6.22                                                      04/24/2015  19:30:26  PAGE 14


  C:3651H         LINE#         221
  C:3654H         LINE#         223
  C:3654H         LINE#         225
  C:3657H         LINE#         226
  C:365FH         LINE#         227
  C:3662H         LINE#         228
  C:3667H         LINE#         229
  C:3669H         LINE#         230
  C:366CH         LINE#         232
  C:366CH         LINE#         233
  C:3672H         LINE#         234
  C:3675H         LINE#         235
  C:368CH         LINE#         236
  C:36A3H         LINE#         237
  C:36B9H         LINE#         238
  C:36BCH         LINE#         239
  C:36BCH         LINE#         241
  C:36BCH         LINE#         259
  C:36BFH         LINE#         261
  C:36BFH         LINE#         262
  C:36C2H         LINE#         263
  C:36CAH         LINE#         264
  C:36CDH         LINE#         265
  C:36D0H         LINE#         266
  C:36D0H         LINE#         267
  C:36D2H         LINE#         268
  C:36D2H         LINE#         269
  C:36D7H         LINE#         270
  C:36DCH         LINE#         271
  C:36DFH         LINE#         272
  C:36E5H         LINE#         273
  C:36E8H         LINE#         274
  C:36E8H         LINE#         276
  C:36E8H         LINE#         277
  C:36E8H         LINE#         279
  -------         ENDPROC       SET_MODE
  -------         PROC          CUT_MODE
  -------         DO            
  X:0436H         SYMBOL        Done
  X:0437H         SYMBOL        InMode
  X:0438H         SYMBOL        menucnt
  -------         ENDDO         
  C:42D0H         LINE#         280
  C:42D0H         LINE#         281
  C:42D0H         LINE#         285
  C:42D5H         LINE#         286
  C:42D9H         LINE#         287
  C:42DDH         LINE#         288
  C:42E2H         LINE#         289
  C:42E5H         LINE#         290
  C:42EEH         LINE#         291
  C:42EEH         LINE#         292
  C:42F4H         LINE#         293
  C:42F4H         LINE#         294
  C:4309H         LINE#         295
  C:4309H         LINE#         296
  C:4309H         LINE#         297
BL51 BANKED LINKER/LOCATER V6.22                                                      04/24/2015  19:30:26  PAGE 15


  C:430EH         LINE#         298
  C:4313H         LINE#         299
  C:4319H         LINE#         300
  C:4319H         LINE#         301
  C:4324H         LINE#         302
  C:4327H         LINE#         303
  C:432FH         LINE#         304
  C:432FH         LINE#         305
  C:4332H         LINE#         307
  C:4332H         LINE#         308
  C:4337H         LINE#         309
  C:433CH         LINE#         310
  C:433CH         LINE#         311
  C:433EH         LINE#         312
  C:433EH         LINE#         313
  C:4343H         LINE#         314
  C:4348H         LINE#         315
  C:434EH         LINE#         316
  C:434EH         LINE#         317
  C:4359H         LINE#         318
  C:435BH         LINE#         319
  C:4363H         LINE#         320
  C:4363H         LINE#         321
  C:4365H         LINE#         323
  C:4365H         LINE#         324
  C:436BH         LINE#         325
  C:4370H         LINE#         326
  C:4370H         LINE#         327
  C:4373H         LINE#         328
  C:4373H         LINE#         329
  C:4378H         LINE#         330
  C:437DH         LINE#         331
  C:4383H         LINE#         332
  C:4383H         LINE#         333
  C:4388H         LINE#         334
  C:4388H         LINE#         335
  C:438BH         LINE#         336
  C:4392H         LINE#         338
  C:4392H         LINE#         340
  C:4392H         LINE#         367
  C:4395H         LINE#         368
  C:439FH         LINE#         369
  C:43A9H         LINE#         370
  C:43B3H         LINE#         371
  C:43B8H         LINE#         372
  C:43BBH         LINE#         373
  C:43C3H         LINE#         374
  C:43C6H         LINE#         375
  C:43C6H         LINE#         376
  C:43C9H         LINE#         378
  C:43C9H         LINE#         379
  C:43CCH         LINE#         380
  C:43D4H         LINE#         381
  C:43D7H         LINE#         382
  C:43DAH         LINE#         383
  C:43DAH         LINE#         384
  C:43DCH         LINE#         385
BL51 BANKED LINKER/LOCATER V6.22                                                      04/24/2015  19:30:26  PAGE 16


  C:43DCH         LINE#         386
  C:43E1H         LINE#         387
  C:43E6H         LINE#         388
  C:43E9H         LINE#         389
  C:43EFH         LINE#         390
  C:43F2H         LINE#         391
  C:43F2H         LINE#         393
  C:43F2H         LINE#         394
  C:43F2H         LINE#         395
  -------         ENDPROC       CUT_MODE
  -------         PROC          TEST_MODE
  -------         DO            
  X:0436H         SYMBOL        Done
  X:0437H         SYMBOL        InMode
  X:0438H         SYMBOL        IRtmp
  -------         ENDDO         
  C:36E9H         LINE#         396
  C:36E9H         LINE#         397
  C:36E9H         LINE#         401
  C:36F3H         LINE#         402
  C:36F8H         LINE#         403
  C:36FCH         LINE#         404
  C:36FFH         LINE#         405
  C:3704H         LINE#         406
  C:3707H         LINE#         407
  C:3710H         LINE#         408
  C:3710H         LINE#         409
  C:3717H         LINE#         410
  C:3717H         LINE#         412
  C:372FH         LINE#         413
  C:372FH         LINE#         414
  C:3743H         LINE#         415
  C:3743H         LINE#         416
  C:375AH         LINE#         417
  C:375AH         LINE#         418
  C:3786H         LINE#         419
  C:37B4H         LINE#         421
  C:37E7H         LINE#         422
  C:3815H         LINE#         424
  C:3843H         LINE#         425
  C:386AH         LINE#         426
  C:386DH         LINE#         427
  C:386DH         LINE#         428
  C:386DH         LINE#         430
  C:3876H         LINE#         431
  C:3876H         LINE#         432
  C:388EH         LINE#         433
  C:388EH         LINE#         434
  C:388EH         LINE#         435
  C:3893H         LINE#         436
  C:3898H         LINE#         437
  C:38A1H         LINE#         438
  C:38A1H         LINE#         440
  C:38A1H         LINE#         442
  C:38A1H         LINE#         443
  C:38A7H         LINE#         444
  C:38ABH         LINE#         445
BL51 BANKED LINKER/LOCATER V6.22                                                      04/24/2015  19:30:26  PAGE 17


  C:38ABH         LINE#         446
  C:38AEH         LINE#         447
  C:38AEH         LINE#         448
  C:38B3H         LINE#         449
  C:38B8H         LINE#         450
  C:38C1H         LINE#         451
  C:38C1H         LINE#         453
  C:38C1H         LINE#         455
  C:38C1H         LINE#         456
  C:38C6H         LINE#         457
  C:38CBH         LINE#         458
  C:38CBH         LINE#         459
  C:38CEH         LINE#         460
  C:38CEH         LINE#         461
  C:38D3H         LINE#         462
  C:38D8H         LINE#         463
  C:38E1H         LINE#         464
  C:38E1H         LINE#         466
  C:38E1H         LINE#         468
  C:38E1H         LINE#         477
  C:38E4H         LINE#         478
  C:38E7H         LINE#         479
  C:38FEH         LINE#         480
  C:3901H         LINE#         481
  C:3904H         LINE#         482
  C:3904H         LINE#         483
  C:3906H         LINE#         484
  C:3906H         LINE#         485
  C:390BH         LINE#         486
  C:3910H         LINE#         487
  C:3913H         LINE#         488
  C:3919H         LINE#         489
  C:391CH         LINE#         490
  C:391CH         LINE#         492
  C:391CH         LINE#         493
  C:391CH         LINE#         494
  -------         ENDPROC       TEST_MODE
  -------         PROC          LOOKINFO
  C:0006H         LINE#         496
  C:0006H         LINE#         497
  C:0006H         LINE#         499
  -------         ENDPROC       LOOKINFO
  -------         PROC          MAIN
  C:5843H         LINE#         501
  C:5843H         LINE#         502
  C:5843H         LINE#         503
  C:5845H         LINE#         504
  C:5848H         LINE#         505
  C:584AH         LINE#         507
  C:584DH         LINE#         509
  C:584FH         LINE#         510
  C:5851H         LINE#         511
  C:585BH         LINE#         512
  C:585EH         LINE#         513
  C:585EH         LINE#         514
  C:585EH         LINE#         515
  C:586CH         LINE#         516
BL51 BANKED LINKER/LOCATER V6.22                                                      04/24/2015  19:30:26  PAGE 18


  C:586CH         LINE#         517
  C:586CH         LINE#         518
  C:586FH         LINE#         519
  C:5871H         LINE#         520
  C:5871H         LINE#         521
  C:5874H         LINE#         522
  C:5876H         LINE#         523
  C:5876H         LINE#         524
  C:5879H         LINE#         525
  -------         ENDPROC       MAIN
  -------         ENDMOD        MAIN

  -------         MODULE        24C02
  C:0000H         SYMBOL        _ICE_DUMMY_
  D:0080H         PUBLIC        P0
  D:0090H         PUBLIC        P1
  D:00A0H         PUBLIC        P2
  D:00B0H         PUBLIC        P3
  D:00C0H         PUBLIC        P4
  D:00C8H         PUBLIC        P5
  C:5A5DH         PUBLIC        _at24c02_wrdat
  D:00A8H         PUBLIC        IE
  C:56FEH         PUBLIC        _Get_Pkg_Add
  C:5B8DH         PUBLIC        i2c_start
  C:0013H         PUBLIC        delay_5us
  C:56B6H         PUBLIC        Flush_24c02
  D:00B8H         PUBLIC        IP
  D:00D8H         PUBLIC        CCON
  C:5D0AH         PUBLIC        i2c_stop
  B:00A0H.1       PUBLIC        P21
  B:00A0H.2       PUBLIC        P22
  D:0098H         PUBLIC        SCON
  C:5D41H         PUBLIC        delay_10ms
  D:0088H         PUBLIC        TCON
  C:5C33H         PUBLIC        _at24c02_rd
  C:5D6BH         PUBLIC        delay_10us
  D:00F0H         PUBLIC        B
  D:00E0H         PUBLIC        ACC
  C:5CAAH         PUBLIC        _at24c02_wr
  B:0020H.0       PUBLIC        ACK
  C:5813H         PUBLIC        _i2c_sentbyte
  C:59D8H         PUBLIC        _i2c_rcvbyte
  C:5266H         PUBLIC        _Get_Pkg_CNT
  C:57C8H         PUBLIC        _at24c02_rddat
  D:00D0H         PUBLIC        PSW
  -------         PROC          DELAY_10US
  -------         DO            
  D:0007H         SYMBOL        i
  -------         ENDDO         
  C:5D6BH         LINE#         8
  C:5D6BH         LINE#         9
  C:5D6BH         LINE#         11
  C:5D6CH         LINE#         12
  C:5D6DH         LINE#         13
  C:5D6EH         LINE#         14
  C:5D70H         LINE#         15
  C:5D72H         LINE#         16
BL51 BANKED LINKER/LOCATER V6.22                                                      04/24/2015  19:30:26  PAGE 19


  -------         ENDPROC       DELAY_10US
  C:000EH         SYMBOL        L?0070
  -------         PROC          L?0069
  -------         ENDPROC       L?0069
  C:000EH         SYMBOL        L?0070
  -------         PROC          DELAY_5US
  -------         DO            
  D:0007H         SYMBOL        i
  -------         ENDDO         
  C:0013H         LINE#         20
  C:0013H         LINE#         21
  C:0013H         LINE#         23
  C:0014H         LINE#         24
  C:0015H         LINE#         25
  C:0016H         LINE#         26
  C:0018H         LINE#         27
  C:001AH         LINE#         28
  -------         ENDPROC       DELAY_5US
  -------         PROC          DELAY_10MS
  -------         DO            
  D:0007H         SYMBOL        i
  D:0006H         SYMBOL        j
  -------         ENDDO         
  C:5D41H         LINE#         32
  C:5D41H         LINE#         33
  C:5D41H         LINE#         36
  C:5D42H         LINE#         37
  C:5D43H         LINE#         38
  C:5D45H         LINE#         39
  C:5D47H         LINE#         41
  C:5D47H         LINE#         42
  C:5D49H         LINE#         43
  C:5D49H         LINE#         44
  C:5D4BH         LINE#         45
  -------         ENDPROC       DELAY_10MS
  -------         PROC          I2C_START
  C:5B8DH         LINE#         56
  C:5B8DH         LINE#         57
  C:5B8DH         LINE#         58
  C:5B90H         LINE#         59
  C:5B92H         LINE#         60
  C:5B95H         LINE#         61
  C:5B97H         LINE#         62
  C:5B9AH         LINE#         63
  C:5BA0H         LINE#         64
  C:5BA0H         LINE#         65
  C:5BA2H         LINE#         66
  C:5BA5H         LINE#         67
  C:5BA7H         LINE#         68
  C:5BAAH         LINE#         69
  C:5BAAH         LINE#         70
  C:5BAAH         LINE#         72
  C:5BAAH         LINE#         73
  C:5BABH         LINE#         74
  C:5BABH         LINE#         75
  -------         ENDPROC       I2C_START
  -------         PROC          I2C_STOP
BL51 BANKED LINKER/LOCATER V6.22                                                      04/24/2015  19:30:26  PAGE 20


  C:5D0AH         LINE#         87
  C:5D0AH         LINE#         88
  C:5D0AH         LINE#         89
  C:5D0DH         LINE#         90
  C:5D0FH         LINE#         91
  C:5D12H         LINE#         92
  C:5D14H         LINE#         93
  C:5D17H         LINE#         94
  C:5D19H         LINE#         95
  -------         ENDPROC       I2C_STOP
  C:5809H         SYMBOL        L?0067
  C:580EH         SYMBOL        L?0068
  -------         PROC          L?0066
  -------         ENDPROC       L?0066
  C:5809H         SYMBOL        L?0067
  C:580EH         SYMBOL        L?0068
  -------         PROC          _I2C_SENTBYTE
  D:0006H         SYMBOL        byt
  -------         DO            
  D:0005H         SYMBOL        i
  -------         ENDDO         
  C:5813H         LINE#         103
  C:5815H         LINE#         104
  C:5815H         LINE#         107
  C:5817H         LINE#         108
  C:5817H         LINE#         109
  C:581AH         LINE#         110
  C:581EH         LINE#         111
  C:581EH         LINE#         112
  C:5820H         LINE#         113
  C:5822H         LINE#         115
  C:5822H         LINE#         116
  C:5824H         LINE#         117
  C:5824H         LINE#         119
  C:5824H         LINE#         120
  C:5824H         LINE#         121
  C:5827H         LINE#         122
  C:5829H         LINE#         124
  C:582DH         LINE#         125
  C:5832H         LINE#         126
  C:5835H         LINE#         127
  C:5837H         LINE#         128
  C:5837H         LINE#         129
  C:5837H         LINE#         130
  C:583AH         LINE#         131
  C:583EH         LINE#         132
  C:5840H         LINE#         134
  C:5842H         LINE#         135
  -------         ENDPROC       _I2C_SENTBYTE
  -------         PROC          _I2C_RCVBYTE
  D:0006H         SYMBOL        ack_chack
  -------         DO            
  D:0004H         SYMBOL        i
  D:0005H         SYMBOL        temp
  -------         ENDDO         
  C:59D8H         LINE#         142
  C:59DAH         LINE#         143
BL51 BANKED LINKER/LOCATER V6.22                                                      04/24/2015  19:30:26  PAGE 21


  C:59DAH         LINE#         144
  C:59DCH         LINE#         146
  C:59DFH         LINE#         147
  C:59E1H         LINE#         149
  C:59E2H         LINE#         150
  C:59E2H         LINE#         151
  C:59E6H         LINE#         152
  C:59E6H         LINE#         153
  C:59E6H         LINE#         154
  C:59E9H         LINE#         155
  C:59ECH         LINE#         156
  C:59EDH         LINE#         157
  C:59EFH         LINE#         158
  C:59F4H         LINE#         160
  C:59F7H         LINE#         161
  C:59F9H         LINE#         162
  C:59FCH         LINE#         163
  C:59FCH         LINE#         164
  C:59FEH         LINE#         165
  C:59FEH         LINE#         167
  C:59FEH         LINE#         168
  C:59FEH         LINE#         169
  C:5A01H         LINE#         170
  C:5A03H         LINE#         172
  C:5A05H         LINE#         173
  -------         ENDPROC       _I2C_RCVBYTE
  -------         PROC          _AT24C02_WR
  D:0003H         SYMBOL        address
  D:0004H         SYMBOL        dat
  C:5CAAH         LINE#         180
  C:5CAEH         LINE#         181
  C:5CAEH         LINE#         182
  C:5CB1H         LINE#         183
  C:5CB6H         LINE#         184
  C:5CB8H         LINE#         185
  C:5CBBH         LINE#         186
  -------         ENDPROC       _AT24C02_WR
  -------         PROC          _AT24C02_WRDAT
  D:0004H         SYMBOL        address
  D:0001H         SYMBOL        dat
  X:0448H         SYMBOL        bytenum
  C:5A5DH         LINE#         190
  C:5A5DH         LINE#         191
  C:5A5DH         LINE#         192
  C:5A5DH         LINE#         193
  C:5A5DH         LINE#         194
  C:5A60H         LINE#         195
  C:5A6AH         LINE#         196
  C:5A6AH         LINE#         197
  C:5A71H         LINE#         198
  C:5A78H         LINE#         199
  C:5A79H         LINE#         200
  C:5A80H         LINE#         203
  C:5A83H         LINE#         204
  C:5A86H         LINE#         205
  -------         ENDPROC       _AT24C02_WRDAT
  -------         PROC          _AT24C02_RD
BL51 BANKED LINKER/LOCATER V6.22                                                      04/24/2015  19:30:26  PAGE 22


  D:0004H         SYMBOL        address
  -------         DO            
  D:0006H         SYMBOL        temp
  -------         ENDDO         
  C:5C33H         LINE#         212
  C:5C33H         LINE#         213
  C:5C33H         LINE#         215
  C:5C33H         LINE#         216
  C:5C33H         LINE#         217
  C:5C36H         LINE#         218
  C:5C39H         LINE#         219
  C:5C3EH         LINE#         220
  C:5C45H         LINE#         221
  C:5C48H         LINE#         222
  C:5C4AH         LINE#         223
  -------         ENDPROC       _AT24C02_RD
  -------         PROC          _AT24C02_RDDAT
  D:0004H         SYMBOL        address
  D:0001H         SYMBOL        dat
  X:0448H         SYMBOL        bytenum
  C:57C8H         LINE#         224
  C:57CAH         LINE#         225
  C:57CAH         LINE#         226
  C:57D0H         LINE#         227
  C:57D0H         LINE#         228
  C:57D0H         LINE#         229
  C:57D0H         LINE#         230
  C:57D3H         LINE#         231
  C:57D6H         LINE#         232
  C:57DBH         LINE#         233
  C:57DEH         LINE#         234
  C:57E8H         LINE#         235
  C:57E8H         LINE#         236
  C:57F1H         LINE#         237
  C:57F8H         LINE#         238
  C:57FAH         LINE#         239
  C:5803H         LINE#         240
  C:5806H         LINE#         241
  C:5806H         LINE#         242
  -------         ENDPROC       _AT24C02_RDDAT
  -------         PROC          FLUSH_24C02
  -------         DO            
  X:043BH         SYMBOL        i
  -------         ENDDO         
  C:56B6H         LINE#         244
  C:56B6H         LINE#         245
  C:56B6H         LINE#         247
  C:56C9H         LINE#         248
  C:56D8H         LINE#         249
  C:56D8H         LINE#         250
  C:56DDH         LINE#         251
  C:56F2H         LINE#         252
  C:56F5H         LINE#         253
  C:56FDH         LINE#         254
  -------         ENDPROC       FLUSH_24C02
  -------         PROC          _GET_PKG_ADD
  X:043FH         SYMBOL        package
BL51 BANKED LINKER/LOCATER V6.22                                                      04/24/2015  19:30:26  PAGE 23


  -------         DO            
  X:0440H         SYMBOL        ret
  -------         ENDDO         
  C:56FEH         LINE#         258
  C:5703H         LINE#         259
  C:5703H         LINE#         261
  C:5705H         LINE#         262
  C:5705H         LINE#         263
  C:5713H         LINE#         264
  C:5715H         LINE#         265
  C:5725H         LINE#         266
  C:5725H         LINE#         267
  C:572AH         LINE#         268
  C:572CH         LINE#         270
  C:572CH         LINE#         271
  C:5734H         LINE#         272
  C:5734H         LINE#         273
  C:5742H         LINE#         274
  -------         ENDPROC       _GET_PKG_ADD
  -------         PROC          _GET_PKG_CNT
  X:043FH         SYMBOL        package
  D:0005H         SYMBOL        mode
  -------         DO            
  X:0440H         SYMBOL        ret
  -------         ENDDO         
  C:5266H         LINE#         279
  C:526BH         LINE#         280
  C:526BH         LINE#         282
  C:526EH         LINE#         283
  C:526EH         LINE#         284
  C:5271H         LINE#         285
  C:5271H         LINE#         286
  C:527FH         LINE#         287
  C:5281H         LINE#         288
  C:5291H         LINE#         289
  C:5291H         LINE#         290
  C:5296H         LINE#         291
  C:5298H         LINE#         293
  C:5298H         LINE#         294
  C:529DH         LINE#         295
  C:529DH         LINE#         296
  C:529FH         LINE#         298
  C:529FH         LINE#         299
  C:52A5H         LINE#         300
  C:52A5H         LINE#         301
  C:52B3H         LINE#         302
  C:52B5H         LINE#         303
  C:52C5H         LINE#         304
  C:52C5H         LINE#         305
  C:52CAH         LINE#         306
  C:52CCH         LINE#         308
  C:52CCH         LINE#         309
  C:52D4H         LINE#         310
  C:52D4H         LINE#         311
  C:52D4H         LINE#         312
  C:52E2H         LINE#         313
  -------         ENDPROC       _GET_PKG_CNT
BL51 BANKED LINKER/LOCATER V6.22                                                      04/24/2015  19:30:26  PAGE 24


  -------         ENDMOD        24C02

  -------         MODULE        OLED
  C:0000H         SYMBOL        _ICE_DUMMY_
  D:0080H         PUBLIC        P0
  X:0000H         PUBLIC        OLED_GRAM_TMP
  D:0090H         PUBLIC        P1
  D:00A0H         PUBLIC        P2
  D:00B0H         PUBLIC        P3
  D:00C0H         PUBLIC        P4
  D:00C8H         PUBLIC        P5
  D:00A8H         PUBLIC        IE
  C:59A8H         PUBLIC        _OLED_Fill
  C:02B1H         PUBLIC        asc2_1206
  D:00B8H         PUBLIC        IP
  C:4516H         PUBLIC        _Disp_Menu_0
  C:0725H         PUBLIC        asc2_1608
  C:4631H         PUBLIC        _Disp_Menu_1
  C:5015H         PUBLIC        _OLED_Draw_RectangleFill
  C:4D68H         PUBLIC        OLED_Init
  C:4033H         PUBLIC        _OLED_DrawLine
  C:5A06H         PUBLIC        _ByteMirro
  C:4F79H         PUBLIC        _OLED_DrawPoint
  D:00D8H         PUBLIC        CCON
  C:4407H         PUBLIC        _OLED_ShowString
  C:5A87H         PUBLIC        _OLED_WR_Byte
  C:484DH         PUBLIC        _OLED_ShowChar
  C:0077H         PUBLIC        F7x5
  C:514CH         PUBLIC        _OLED_ShowFont16
  C:52E3H         PUBLIC        _OLED_DrawBar
  C:0D15H         PUBLIC        Hzk
  X:0200H         PUBLIC        OLED_GRAM
  C:5470H         PUBLIC        _OLED_DrawRectangle
  C:1135H         PUBLIC        logo
  C:1335H         PUBLIC        _OLED_ShowAdd
  D:0098H         PUBLIC        SCON
  B:00A0H.3       PUBLIC        P23
  D:0088H         PUBLIC        TCON
  B:00A0H.4       PUBLIC        P24
  B:00A0H.5       PUBLIC        P25
  B:00A0H.6       PUBLIC        P26
  B:00A0H.7       PUBLIC        P27
  C:566DH         PUBLIC        _mypow
  C:4756H         PUBLIC        _OLED_DrawICON
  D:00F0H         PUBLIC        B
  C:5786H         PUBLIC        OLED_Refresh_Gram
  C:5B6DH         PUBLIC        _OLED_Set_Pos
  D:00E0H         PUBLIC        ACC
  C:58BFH         PUBLIC        _OLED_Draw_HLine
  C:5B26H         PUBLIC        _OLED_Draw_RLine
  C:5C19H         PUBLIC        _delay_ms
  C:4A1EH         PUBLIC        _OLED_Draw_LineS
  C:4BDCH         PUBLIC        _OLED_ShowNum
  C:10B5H         PUBLIC        test_ico
  C:1035H         PUBLIC        cut_ico
  C:0FB5H         PUBLIC        set_ico
  C:55CDH         PUBLIC        _OLED_Draw_Square
BL51 BANKED LINKER/LOCATER V6.22                                                      04/24/2015  19:30:26  PAGE 25


  C:4E1CH         PUBLIC        _OLED_DrawCircle
  C:591DH         PUBLIC        OLED_Clear
  C:4B08H         PUBLIC        _Disp_Menu_Main
  C:561DH         PUBLIC        _OLED_Draw_SquareFill
  C:4CA3H         PUBLIC        _OLED_DrawBMP
  C:239FH         PUBLIC        _OLED_Draw_WindowsDraw
  D:00D0H         PUBLIC        PSW
  -------         PROC          _BYTEMIRRO
  D:0007H         SYMBOL        dat
  C:5A06H         LINE#         35
  C:5A06H         LINE#         36
  C:5A06H         LINE#         37
  C:5A15H         LINE#         38
  C:5A25H         LINE#         39
  C:5A31H         LINE#         40
  C:5A31H         LINE#         41
  -------         ENDPROC       _BYTEMIRRO
  -------         PROC          _DELAY_MS
  D:0006H         SYMBOL        ms
  -------         DO            
  D:0004H         SYMBOL        a
  -------         ENDDO         
  C:5C19H         LINE#         43
  C:5C19H         LINE#         44
  C:5C19H         LINE#         46
  C:5C1DH         LINE#         47
  C:5C1DH         LINE#         48
  C:5C21H         LINE#         49
  C:5C2BH         LINE#         50
  C:5C30H         LINE#         51
  C:5C32H         LINE#         53
  -------         ENDPROC       _DELAY_MS
  -------         PROC          _OLED_WR_BYTE
  D:0007H         SYMBOL        dat
  D:0005H         SYMBOL        cmd
  -------         DO            
  D:0006H         SYMBOL        i
  -------         ENDDO         
  C:5A87H         LINE#         75
  C:5A87H         LINE#         76
  C:5A87H         LINE#         78
  C:5A8AH         LINE#         79
  C:5A8EH         LINE#         81
  C:5A90H         LINE#         82
  C:5A92H         LINE#         83
  C:5A94H         LINE#         84
  C:5A94H         LINE#         85
  C:5A96H         LINE#         86
  C:5A9AH         LINE#         87
  C:5A9AH         LINE#         88
  C:5A9CH         LINE#         89
  C:5A9EH         LINE#         91
  C:5AA0H         LINE#         92
  C:5AA2H         LINE#         93
  C:5AA6H         LINE#         94
  C:5AABH         LINE#         95
  C:5AADH         LINE#         96
BL51 BANKED LINKER/LOCATER V6.22                                                      04/24/2015  19:30:26  PAGE 26


  C:5AAFH         LINE#         97
  -------         ENDPROC       _OLED_WR_BYTE
  -------         PROC          _OLED_SET_POS
  D:0004H         SYMBOL        x
  D:0005H         SYMBOL        y
  C:5B6DH         LINE#         100
  C:5B6FH         LINE#         101
  C:5B6FH         LINE#         102
  C:5B78H         LINE#         103
  C:5B84H         LINE#         104
  -------         ENDPROC       _OLED_SET_POS
  -------         PROC          OLED_REFRESH_GRAM
  -------         DO            
  D:0004H         SYMBOL        i
  D:0003H         SYMBOL        n
  -------         ENDDO         
  C:5786H         LINE#         122
  C:5786H         LINE#         123
  C:5786H         LINE#         125
  C:5788H         LINE#         126
  C:5788H         LINE#         127
  C:5791H         LINE#         128
  C:5796H         LINE#         129
  C:579BH         LINE#         130
  C:57C2H         LINE#         131
  C:57C7H         LINE#         132
  -------         ENDPROC       OLED_REFRESH_GRAM
  C:5916H         SYMBOL        L?0249
  -------         PROC          L?0248
  -------         ENDPROC       L?0248
  C:5916H         SYMBOL        L?0249
  -------         PROC          OLED_CLEAR
  -------         DO            
  D:0007H         SYMBOL        i
  D:0006H         SYMBOL        n
  -------         ENDDO         
  C:591DH         LINE#         135
  C:591DH         LINE#         136
  C:591DH         LINE#         138
  C:5946H         LINE#         140
  -------         ENDPROC       OLED_CLEAR
  C:4F73H         SYMBOL        L?0245
  -------         PROC          L?0244
  -------         ENDPROC       L?0244
  C:4F73H         SYMBOL        L?0245
  -------         PROC          _OLED_DRAWPOINT
  D:0007H         SYMBOL        x
  D:0005H         SYMBOL        y
  D:0003H         SYMBOL        t
  -------         DO            
  X:0462H         SYMBOL        pos
  D:0006H         SYMBOL        bx
  X:0463H         SYMBOL        temp
  -------         ENDDO         
  C:4F79H         LINE#         145
  C:4F79H         LINE#         146
  C:4F79H         LINE#         147
BL51 BANKED LINKER/LOCATER V6.22                                                      04/24/2015  19:30:26  PAGE 27


  C:4F7EH         LINE#         148
  C:4F8FH         LINE#         149
  C:4F9EH         LINE#         150
  C:4FA2H         LINE#         151
  C:4FB6H         LINE#         152
  C:4FE6H         LINE#         153
  C:5014H         LINE#         154
  -------         ENDPROC       _OLED_DRAWPOINT
  -------         PROC          L?0250
  -------         ENDPROC       L?0250
  -------         PROC          _OLED_DRAWLINE
  X:0457H         SYMBOL        x1
  D:0001H         SYMBOL        y1
  X:0459H         SYMBOL        x2
  X:045AH         SYMBOL        y2
  X:045BH         SYMBOL        t
  -------         DO            
  X:045CH         SYMBOL        dy
  X:045EH         SYMBOL        dx
  X:0460H         SYMBOL        dirx
  X:0461H         SYMBOL        diry
  D:0004H         SYMBOL        move
  -------         ENDDO         
  C:4033H         LINE#         161
  C:403FH         LINE#         162
  C:403FH         LINE#         166
  C:4050H         LINE#         167
  C:4063H         LINE#         168
  C:4073H         LINE#         169
  C:4073H         LINE#         170
  C:4080H         LINE#         171
  C:4086H         LINE#         172
  C:4088H         LINE#         174
  C:4088H         LINE#         175
  C:408EH         LINE#         176
  C:408EH         LINE#         177
  C:409EH         LINE#         178
  C:409EH         LINE#         179
  C:40ABH         LINE#         180
  C:40AFH         LINE#         181
  C:40B1H         LINE#         183
  C:40B1H         LINE#         184
  C:40B7H         LINE#         185
  C:40B7H         LINE#         188
  C:40C6H         LINE#         189
  C:40E0H         LINE#         190
  C:40E0H         LINE#         191
  C:40EFH         LINE#         192
  C:40FEH         LINE#         193
  C:40FEH         LINE#         194
  C:4106H         LINE#         195
  C:4106H         LINE#         196
  C:410CH         LINE#         197
  C:4116H         LINE#         198
  C:4116H         LINE#         199
  C:4121H         LINE#         200
  C:4128H         LINE#         201
BL51 BANKED LINKER/LOCATER V6.22                                                      04/24/2015  19:30:26  PAGE 28


  C:4137H         LINE#         202
  C:4139H         LINE#         203
  C:4139H         LINE#         205
  C:4139H         LINE#         206
  C:414AH         LINE#         207
  C:4151H         LINE#         208
  C:4151H         LINE#         209
  C:4159H         LINE#         210
  C:4159H         LINE#         211
  C:4164H         LINE#         212
  C:416EH         LINE#         213
  C:416EH         LINE#         214
  C:4174H         LINE#         215
  C:417BH         LINE#         216
  C:418AH         LINE#         217
  C:418CH         LINE#         218
  C:418CH         LINE#         219
  -------         ENDPROC       _OLED_DRAWLINE
  -------         PROC          L?0247
  -------         ENDPROC       L?0247
  -------         PROC          _OLED_DRAW_HLINE
  D:0004H         SYMBOL        x0
  D:0001H         SYMBOL        y0
  D:0002H         SYMBOL        x1
  X:0460H         SYMBOL        t
  -------         DO            
  D:0007H         SYMBOL        temp
  -------         ENDDO         
  C:58BFH         LINE#         231
  C:58C5H         LINE#         232
  C:58C5H         LINE#         234
  C:58CAH         LINE#         235
  C:58CAH         LINE#         236
  C:58CCH         LINE#         237
  C:58CEH         LINE#         238
  C:58D0H         LINE#         239
  C:58D0H         LINE#         241
  C:58D0H         LINE#         242
  C:58DCH         LINE#         243
  C:58DDH         LINE#         244
  C:58DDH         LINE#         245
  C:58E2H         LINE#         246
  -------         ENDPROC       _OLED_DRAW_HLINE
  -------         PROC          _OLED_DRAW_RLINE
  D:0001H         SYMBOL        x0
  D:0004H         SYMBOL        y0
  D:0002H         SYMBOL        y1
  X:045FH         SYMBOL        t
  -------         DO            
  D:0007H         SYMBOL        temp
  -------         ENDDO         
  C:5B26H         LINE#         257
  C:5B2CH         LINE#         258
  C:5B2CH         LINE#         260
  C:5B31H         LINE#         261
  C:5B31H         LINE#         262
  C:5B33H         LINE#         263
BL51 BANKED LINKER/LOCATER V6.22                                                      04/24/2015  19:30:26  PAGE 29


  C:5B35H         LINE#         264
  C:5B37H         LINE#         265
  C:5B37H         LINE#         267
  C:5B37H         LINE#         268
  C:5B43H         LINE#         269
  C:5B44H         LINE#         270
  C:5B44H         LINE#         271
  C:5B49H         LINE#         272
  -------         ENDPROC       _OLED_DRAW_RLINE
  -------         PROC          _OLED_DRAWRECTANGLE
  X:0457H         SYMBOL        x1
  X:0458H         SYMBOL        y1
  X:0459H         SYMBOL        x2
  X:045AH         SYMBOL        y2
  X:045BH         SYMBOL        t
  C:5470H         LINE#         283
  C:547BH         LINE#         284
  C:5486H         LINE#         285
  C:54A0H         LINE#         286
  C:54B6H         LINE#         287
  -------         ENDPROC       _OLED_DRAWRECTANGLE
  -------         PROC          _OLED_DRAW_RECTANGLEFILL
  X:0457H         SYMBOL        x0
  X:0458H         SYMBOL        y0
  X:0459H         SYMBOL        x1
  X:045AH         SYMBOL        y1
  X:045BH         SYMBOL        t
  -------         DO            
  X:045CH         SYMBOL        i
  -------         ENDDO         
  C:5015H         LINE#         299
  C:5024H         LINE#         300
  C:5024H         LINE#         303
  C:5029H         LINE#         304
  C:5032H         LINE#         305
  C:503AH         LINE#         306
  C:503FH         LINE#         307
  C:503FH         LINE#         308
  C:504DH         LINE#         309
  C:5052H         LINE#         310
  C:5057H         LINE#         311
  C:505CH         LINE#         312
  C:505CH         LINE#         315
  C:5069H         LINE#         316
  C:507EH         LINE#         318
  C:507EH         LINE#         319
  C:508AH         LINE#         320
  C:508AH         LINE#         322
  C:508AH         LINE#         324
  C:5098H         LINE#         325
  C:50ADH         LINE#         326
  C:50B3H         LINE#         327
  C:50B5H         LINE#         328
  -------         ENDPROC       _OLED_DRAW_RECTANGLEFILL
  -------         PROC          _OLED_DRAW_SQUARE
  X:04C8H         SYMBOL        x0
  D:0001H         SYMBOL        y0
BL51 BANKED LINKER/LOCATER V6.22                                                      04/24/2015  19:30:26  PAGE 30


  D:0006H         SYMBOL        with
  X:04CBH         SYMBOL        t
  C:55CDH         LINE#         338
  C:55D6H         LINE#         339
  C:55D6H         LINE#         340
  C:55D9H         LINE#         341
  C:55EFH         LINE#         342
  C:5602H         LINE#         343
  C:561CH         LINE#         344
  -------         ENDPROC       _OLED_DRAW_SQUARE
  -------         PROC          _OLED_DRAW_SQUAREFILL
  X:04CCH         SYMBOL        x0
  D:0001H         SYMBOL        y0
  D:0006H         SYMBOL        with
  X:04CFH         SYMBOL        t
  C:561DH         LINE#         354
  C:5626H         LINE#         355
  C:5626H         LINE#         356
  C:5629H         LINE#         357
  C:563FH         LINE#         358
  C:5652H         LINE#         359
  C:566CH         LINE#         360
  -------         ENDPROC       _OLED_DRAW_SQUAREFILL
  -------         PROC          _OLED_DRAW_LINES
  X:04A5H         SYMBOL        points
  X:04A8H         SYMBOL        no
  X:04A9H         SYMBOL        t
  -------         DO            
  X:04AAH         SYMBOL        x0
  D:0004H         SYMBOL        y0
  X:04ABH         SYMBOL        x1
  X:04ACH         SYMBOL        y1
  X:04ADH         SYMBOL        i
  -------         ENDDO         
  C:4A1EH         LINE#         369
  C:4A2CH         LINE#         370
  C:4A2CH         LINE#         375
  C:4A31H         LINE#         376
  C:4A38H         LINE#         377
  C:4A4FH         LINE#         378
  C:4A5EH         LINE#         379
  C:4A6DH         LINE#         380
  C:4A6DH         LINE#         383
  C:4A84H         LINE#         384
  C:4A98H         LINE#         385
  C:4AABH         LINE#         386
  C:4AC2H         LINE#         387
  C:4AD9H         LINE#         388
  C:4AF4H         LINE#         389
  C:4AFCH         LINE#         390
  C:4B01H         LINE#         391
  C:4B07H         LINE#         392
  -------         ENDPROC       _OLED_DRAW_LINES
  -------         PROC          _OLED_DRAWCIRCLE
  X:04BAH         SYMBOL        x
  X:04BBH         SYMBOL        y
  D:0002H         SYMBOL        r
BL51 BANKED LINKER/LOCATER V6.22                                                      04/24/2015  19:30:26  PAGE 31


  X:04BEH         SYMBOL        t
  -------         DO            
  D:0004H         SYMBOL        xc
  D:0001H         SYMBOL        yc
  D:0002H         SYMBOL        p
  -------         ENDDO         
  C:4E1CH         LINE#         398
  C:4E24H         LINE#         399
  C:4E24H         LINE#         400
  C:4E26H         LINE#         403
  C:4E2AH         LINE#         404
  C:4E33H         LINE#         405
  C:4E3BH         LINE#         406
  C:4E3BH         LINE#         407
  C:4E47H         LINE#         408
  C:4E4FH         LINE#         409
  C:4E5CH         LINE#         410
  C:4E65H         LINE#         411
  C:4E71H         LINE#         412
  C:4E7EH         LINE#         413
  C:4E8BH         LINE#         414
  C:4E99H         LINE#         415
  C:4EA1H         LINE#         416
  C:4EB0H         LINE#         418
  C:4EC1H         LINE#         419
  C:4EC4H         LINE#         420
  -------         ENDPROC       _OLED_DRAWCIRCLE
  -------         PROC          _OLED_DRAW_WINDOWSDRAW
  X:044EH         SYMBOL        win
  -------         DO            
  X:0451H         SYMBOL        str
  X:0454H         SYMBOL        bak
  X:0455H         SYMBOL        bak1
  X:0456H         SYMBOL        bak2
  -------         ENDDO         
  C:239FH         LINE#         427
  C:23AAH         LINE#         428
  C:23AAH         LINE#         432
  C:23CFH         LINE#         433
  C:23E7H         LINE#         434
  C:2412H         LINE#         437
  C:2458H         LINE#         438
  C:249FH         LINE#         439
  C:24B9H         LINE#         443
  C:24E5H         LINE#         444
  C:250BH         LINE#         445
  C:2531H         LINE#         449
  C:2549H         LINE#         450
  C:2565H         LINE#         451
  C:257AH         LINE#         452
  C:2585H         LINE#         453
  C:2591H         LINE#         455
  C:2591H         LINE#         456
  C:25B7H         LINE#         457
  C:25C7H         LINE#         459
  C:25F0H         LINE#         460
  C:25F7H         LINE#         461
BL51 BANKED LINKER/LOCATER V6.22                                                      04/24/2015  19:30:26  PAGE 32


  C:25F9H         LINE#         462
  C:25F9H         LINE#         465
  C:2611H         LINE#         466
  C:262DH         LINE#         467
  C:2642H         LINE#         468
  C:264EH         LINE#         469
  C:265AH         LINE#         471
  C:265AH         LINE#         472
  C:2680H         LINE#         473
  C:2690H         LINE#         475
  C:26B9H         LINE#         476
  C:26C0H         LINE#         477
  C:26C2H         LINE#         478
  C:26C2H         LINE#         481
  C:26DAH         LINE#         482
  C:26F3H         LINE#         484
  C:2715H         LINE#         486
  C:2731H         LINE#         487
  C:2746H         LINE#         488
  C:275AH         LINE#         489
  C:2766H         LINE#         491
  C:2766H         LINE#         492
  C:278CH         LINE#         493
  C:279CH         LINE#         495
  C:27C5H         LINE#         496
  C:27CCH         LINE#         497
  C:27CEH         LINE#         498
  C:27CEH         LINE#         500
  C:27D0H         LINE#         502
  -------         ENDPROC       _OLED_DRAW_WINDOWSDRAW
  -------         PROC          _OLED_FILL
  D:0007H         SYMBOL        x1
  X:04C0H         SYMBOL        y1
  D:0001H         SYMBOL        x2
  X:04C2H         SYMBOL        y2
  X:04C3H         SYMBOL        dot
  -------         DO            
  D:0004H         SYMBOL        x
  D:0002H         SYMBOL        y
  -------         ENDDO         
  C:59A8H         LINE#         507
  C:59AFH         LINE#         508
  C:59AFH         LINE#         510
  C:59B6H         LINE#         511
  C:59B6H         LINE#         512
  C:59D2H         LINE#         513
  C:59D5H         LINE#         514
  -------         ENDPROC       _OLED_FILL
  C:4840H         SYMBOL        L?0240
  -------         PROC          L?0239
  -------         ENDPROC       L?0239
  C:4840H         SYMBOL        L?0240
  -------         PROC          _OLED_SHOWCHAR
  X:0457H         SYMBOL        x
  D:0001H         SYMBOL        y
  X:0459H         SYMBOL        chr
  X:045AH         SYMBOL        size
BL51 BANKED LINKER/LOCATER V6.22                                                      04/24/2015  19:30:26  PAGE 33


  X:045BH         SYMBOL        mode
  -------         DO            
  X:045CH         SYMBOL        temp
  D:0004H         SYMBOL        t
  D:0002H         SYMBOL        t1
  X:045DH         SYMBOL        y0
  -------         ENDDO         
  C:484DH         LINE#         527
  C:4859H         LINE#         528
  C:4859H         LINE#         530
  C:485EH         LINE#         531
  C:4865H         LINE#         532
  C:4874H         LINE#         533
  C:4874H         LINE#         534
  C:48A1H         LINE#         535
  C:48BAH         LINE#         536
  C:48D9H         LINE#         537
  C:48DBH         LINE#         538
  C:48DBH         LINE#         539
  C:48F0H         LINE#         540
  C:4906H         LINE#         541
  C:490DH         LINE#         542
  C:490EH         LINE#         543
  C:491CH         LINE#         544
  C:491CH         LINE#         545
  C:491EH         LINE#         546
  C:4924H         LINE#         547
  C:4926H         LINE#         548
  C:4926H         LINE#         549
  C:492BH         LINE#         550
  C:492FH         LINE#         551
  -------         ENDPROC       _OLED_SHOWCHAR
  -------         PROC          _MYPOW
  X:04AEH         SYMBOL        m
  X:04AFH         SYMBOL        n
  -------         DO            
  X:04B0H         SYMBOL        result
  -------         ENDDO         
  C:566DH         LINE#         553
  C:5675H         LINE#         554
  C:5675H         LINE#         555
  C:567DH         LINE#         556
  C:56A7H         LINE#         557
  C:56B5H         LINE#         558
  -------         ENDPROC       _MYPOW
  -------         PROC          _OLED_SHOWNUM
  X:049AH         SYMBOL        x
  X:049BH         SYMBOL        y
  X:049CH         SYMBOL        num
  X:04A0H         SYMBOL        len
  X:04A1H         SYMBOL        size
  -------         DO            
  X:04A2H         SYMBOL        t
  X:04A3H         SYMBOL        temp
  X:04A4H         SYMBOL        enshow
  -------         ENDDO         
  C:4BDCH         LINE#         569
BL51 BANKED LINKER/LOCATER V6.22                                                      04/24/2015  19:30:26  PAGE 34


  C:4BE4H         LINE#         570
  C:4BE4H         LINE#         572
  C:4BE9H         LINE#         573
  C:4BFEH         LINE#         574
  C:4BFEH         LINE#         575
  C:4C2FH         LINE#         576
  C:4C42H         LINE#         577
  C:4C42H         LINE#         578
  C:4C46H         LINE#         579
  C:4C46H         LINE#         580
  C:4C65H         LINE#         581
  C:4C67H         LINE#         582
  C:4C6DH         LINE#         584
  C:4C6DH         LINE#         585
  C:4C99H         LINE#         586
  C:4CA2H         LINE#         587
  -------         ENDPROC       _OLED_SHOWNUM
  C:43F7H         SYMBOL        L?0242
  C:43F9H         SYMBOL        L?0243
  -------         PROC          L?0241
  -------         ENDPROC       L?0241
  C:43F7H         SYMBOL        L?0242
  C:43F9H         SYMBOL        L?0243
  -------         PROC          _OLED_SHOWSTRING
  X:044EH         SYMBOL        x
  X:044FH         SYMBOL        y
  X:0450H         SYMBOL        p
  X:0453H         SYMBOL        size
  X:0454H         SYMBOL        mode
  C:4407H         LINE#         595
  C:4418H         LINE#         596
  C:4418H         LINE#         598
  C:442BH         LINE#         599
  C:442BH         LINE#         600
  C:4433H         LINE#         601
  C:4433H         LINE#         602
  C:4443H         LINE#         603
  C:444FH         LINE#         604
  C:4475H         LINE#         605
  C:447CH         LINE#         606
  C:447FH         LINE#         607
  C:4487H         LINE#         608
  C:4487H         LINE#         609
  C:4497H         LINE#         610
  C:44A3H         LINE#         611
  C:44BDH         LINE#         612
  C:44BDH         LINE#         613
  C:44BFH         LINE#         615
  C:44BFH         LINE#         616
  C:44CFH         LINE#         617
  C:44DBH         LINE#         618
  C:4501H         LINE#         619
  C:4508H         LINE#         620
  C:4508H         LINE#         621
  C:4512H         LINE#         622
  C:4515H         LINE#         623
  -------         ENDPROC       _OLED_SHOWSTRING
BL51 BANKED LINKER/LOCATER V6.22                                                      04/24/2015  19:30:26  PAGE 35


  -------         PROC          _OLED_SHOWFONT16
  X:04B4H         SYMBOL        x
  D:0001H         SYMBOL        y
  X:04B6H         SYMBOL        fno
  X:04B7H         SYMBOL        mode
  -------         DO            
  X:04B8H         SYMBOL        temp
  D:0004H         SYMBOL        t
  D:0002H         SYMBOL        t1
  X:04B9H         SYMBOL        y0
  -------         ENDDO         
  C:514CH         LINE#         636
  C:5158H         LINE#         637
  C:5158H         LINE#         639
  C:515DH         LINE#         640
  C:515FH         LINE#         641
  C:515FH         LINE#         642
  C:5163H         LINE#         643
  C:5185H         LINE#         644
  C:5187H         LINE#         645
  C:5187H         LINE#         646
  C:519CH         LINE#         647
  C:51B2H         LINE#         648
  C:51B9H         LINE#         649
  C:51BAH         LINE#         650
  C:51C4H         LINE#         651
  C:51C4H         LINE#         652
  C:51C6H         LINE#         653
  C:51CCH         LINE#         654
  C:51CEH         LINE#         655
  C:51CEH         LINE#         656
  C:51D3H         LINE#         657
  C:51D9H         LINE#         658
  -------         ENDPROC       _OLED_SHOWFONT16
  -------         PROC          _OLED_DRAWBAR
  X:0436H         SYMBOL        x1
  X:0437H         SYMBOL        y1
  X:0438H         SYMBOL        x2
  X:0439H         SYMBOL        y2
  X:043AH         SYMBOL        t
  -------         DO            
  X:043BH         SYMBOL        i
[...]
  -------         ENDPROC       SHOWINFO
  -------         PROC          _CUTRUN
  X:0439H         SYMBOL        package
  -------         DO            
  X:043AH         SYMBOL        Done
  -------         ENDDO         
  C:320BH         LINE#         982
  C:3210H         LINE#         983
  C:3210H         LINE#         985
  C:3213H         LINE#         988
  C:321CH         LINE#         990
  C:3233H         LINE#         991
  C:3265H         LINE#         992
  C:3292H         LINE#         994
BL51 BANKED LINKER/LOCATER V6.22                                                      04/24/2015  19:30:26  PAGE 56


  C:32C4H         LINE#         995
  C:32F1H         LINE#         997
  C:331EH         LINE#         998
  C:3344H         LINE#         999
  C:3347H         LINE#         1000
  C:335AH         LINE#         1001
  C:3363H         LINE#         1002
  C:3363H         LINE#         1003
  C:3370H         LINE#         1004
  C:3370H         LINE#         1005
  C:3372H         LINE#         1006
  C:3377H         LINE#         1007
  C:337AH         LINE#         1008
  C:3382H         LINE#         1010
  C:3382H         LINE#         1011
  C:338FH         LINE#         1012
  C:338FH         LINE#         1013
  C:3391H         LINE#         1014
  C:3396H         LINE#         1015
  C:3399H         LINE#         1016
  C:3399H         LINE#         1017
  C:33A7H         LINE#         1018
  C:33A7H         LINE#         1019
  C:33A9H         LINE#         1020
  C:33AEH         LINE#         1021
  C:33B2H         LINE#         1022
  C:33B2H         LINE#         1023
  C:33BDH         LINE#         1024
  C:33BDH         LINE#         1025
  C:33BFH         LINE#         1026
  C:33C4H         LINE#         1027
  C:33E3H         LINE#         1028
  C:33E6H         LINE#         1029
  C:3414H         LINE#         1030
  C:3417H         LINE#         1031
  C:3417H         LINE#         1032
  C:342BH         LINE#         1033
  C:342BH         LINE#         1034
  C:342DH         LINE#         1035
  C:3432H         LINE#         1036
  C:3454H         LINE#         1037
  C:3457H         LINE#         1038
  C:3485H         LINE#         1039
  C:3488H         LINE#         1040
  C:3488H         LINE#         1041
  C:348BH         LINE#         1042
  -------         ENDPROC       _CUTRUN
  -------         ENDMOD        CD4052

  -------         MODULE        ISR
  C:0000H         SYMBOL        _ICE_DUMMY_
  C:5C7BH         PUBLIC        DsDecode
  D:0080H         PUBLIC        P0
  D:00B2H         PUBLIC        P3M0
  D:0090H         PUBLIC        P1
  D:00B1H         PUBLIC        P3M1
  D:00A0H         PUBLIC        P2
BL51 BANKED LINKER/LOCATER V6.22                                                      04/24/2015  19:30:26  PAGE 57


  D:00B0H         PUBLIC        P3
  D:00C0H         PUBLIC        P4
  D:00C8H         PUBLIC        P5
  D:00A8H         PUBLIC        IE
  X:0494H         PUBLIC        Decodecnt
  D:00B8H         PUBLIC        IP
  B:00B0H.2       PUBLIC        INT0
  D:00D8H         PUBLIC        CCON
  C:5BFEH         PUBLIC        T0_isr
  D:0098H         PUBLIC        SCON
  C:4930H         PUBLIC        T1_isr
  B:00C0H.1       PUBLIC        P41
  D:0089H         PUBLIC        TMOD
  D:0088H         PUBLIC        TCON
  B:0080H.7       PUBLIC        P07
  B:00C0H.5       PUBLIC        P45
  B:00C8H.5       PUBLIC        P55
  B:00C0H.6       PUBLIC        P46
  C:5D1AH         PUBLIC        timerInit
  B:00C0H.7       PUBLIC        P47
  D:00F0H         PUBLIC        B
  D:008EH         PUBLIC        AUXR
  D:00E0H         PUBLIC        ACC
  B:00A8H.1       PUBLIC        ET0
  B:00A8H.3       PUBLIC        ET1
  B:0088H.5       PUBLIC        TF0
  C:5CF9H         PUBLIC        Timer0Init
  B:0088H.7       PUBLIC        TF1
  C:3E9CH         PUBLIC        INT0_isr
  C:5CE6H         PUBLIC        Timer1Init
  D:008CH         PUBLIC        TH0
  B:00A8H.0       PUBLIC        EX0
  B:0088H.0       PUBLIC        IT0
  D:008DH         PUBLIC        TH1
  D:008AH         PUBLIC        TL0
  D:008BH         PUBLIC        TL1
  B:0088H.4       PUBLIC        TR0
  B:0088H.6       PUBLIC        TR1
  X:0496H         PUBLIC        ReIRcode
  C:5D57H         PUBLIC        Int0Init
  D:00D0H         PUBLIC        PSW
  C:5C63H         PUBLIC        EnDecode
  -------         PROC          ENDECODE
  C:5C63H         LINE#         34
  C:5C63H         LINE#         35
  C:5C63H         LINE#         36
  C:5C65H         LINE#         37
  C:5C6CH         LINE#         38
  C:5C74H         LINE#         39
  C:5C76H         LINE#         40
  C:5C78H         LINE#         41
  C:5C7AH         LINE#         43
  -------         ENDPROC       ENDECODE
  -------         PROC          DSDECODE
  C:5C7BH         LINE#         44
  C:5C7BH         LINE#         45
  C:5C7BH         LINE#         46
BL51 BANKED LINKER/LOCATER V6.22                                                      04/24/2015  19:30:26  PAGE 58


  C:5C7DH         LINE#         47
  C:5C7FH         LINE#         48
  C:5C86H         LINE#         49
  C:5C8EH         LINE#         50
  C:5C90H         LINE#         51
  C:5C92H         LINE#         53
  -------         ENDPROC       DSDECODE
  -------         PROC          TIMER0INIT
  C:5CF9H         LINE#         54
  C:5CF9H         LINE#         55
  C:5CF9H         LINE#         56
  C:5CFBH         LINE#         57
  C:5CFEH         LINE#         58
  C:5D01H         LINE#         59
  C:5D04H         LINE#         60
  C:5D07H         LINE#         61
  C:5D09H         LINE#         62
  -------         ENDPROC       TIMER0INIT
  -------         PROC          TIMER1INIT
  C:5CE6H         LINE#         64
  C:5CE6H         LINE#         65
  C:5CE6H         LINE#         66
  C:5CE8H         LINE#         67
  C:5CEBH         LINE#         68
  C:5CEEH         LINE#         69
  C:5CF1H         LINE#         70
  C:5CF4H         LINE#         71
  C:5CF6H         LINE#         72
  C:5CF8H         LINE#         73
  -------         ENDPROC       TIMER1INIT
  -------         PROC          INT0INIT
  C:5D57H         LINE#         74
  C:5D57H         LINE#         75
  C:5D57H         LINE#         77
  C:5D5AH         LINE#         78
  C:5D5DH         LINE#         79
  C:5D5FH         LINE#         80
  C:5D61H         LINE#         81
  -------         ENDPROC       INT0INIT
  -------         PROC          TIMERINIT
  C:5D1AH         LINE#         83
  C:5D1AH         LINE#         84
  C:5D1AH         LINE#         85
  C:5D1DH         LINE#         86
  C:5D20H         LINE#         87
  C:5D22H         LINE#         88
  C:5D25H         LINE#         89
  -------         ENDPROC       TIMERINIT
  -------         PROC          INT0_ISR
  -------         DO            
  X:0482H         SYMBOL        CountL
  X:0484H         SYMBOL        CountH
  X:0486H         SYMBOL        IR_BitCnt
  X:0487H         SYMBOL        sync
  X:0488H         SYMBOL        step
  X:0489H         SYMBOL        IR_tmp
  -------         ENDDO         
BL51 BANKED LINKER/LOCATER V6.22                                                      04/24/2015  19:30:26  PAGE 59


  C:3E9CH         LINE#         91
  C:3EB7H         LINE#         98
  C:3EC0H         LINE#         99
  C:3EC0H         LINE#         100
  C:3EC3H         LINE#         101
  C:3EC3H         LINE#         102
  C:3EC8H         LINE#         103
  C:3EC8H         LINE#         104
  C:3ECEH         LINE#         105
  C:3ED3H         LINE#         106
  C:3ED5H         LINE#         107
  C:3EDAH         LINE#         108
  C:3EDAH         LINE#         109
  C:3EEAH         LINE#         110
  C:3EF1H         LINE#         111
  C:3EF5H         LINE#         112
  C:3F02H         LINE#         113
  C:3F02H         LINE#         114
  C:3F1BH         LINE#         115
  C:3F1BH         LINE#         116
  C:3F21H         LINE#         117
  C:3F27H         LINE#         121
  C:3F27H         LINE#         122
  C:3F27H         LINE#         123
  C:3F27H         LINE#         125
  C:3F27H         LINE#         126
  C:3F2DH         LINE#         127
  C:3F2DH         LINE#         128
  C:3F37H         LINE#         129
  C:3F37H         LINE#         131
  C:3F43H         LINE#         132
  C:3F4AH         LINE#         133
  C:3F50H         LINE#         134
  C:3F53H         LINE#         136
  C:3F53H         LINE#         137
  C:3F57H         LINE#         138
  C:3F5BH         LINE#         139
  C:3F5BH         LINE#         140
  C:3F5BH         LINE#         141
  C:3F5EH         LINE#         143
  C:3F5EH         LINE#         145
  C:3F61H         LINE#         146
  C:3F61H         LINE#         147
  C:3F71H         LINE#         148
  C:3F78H         LINE#         149
  C:3F84H         LINE#         150
  C:3F84H         LINE#         151
  C:3F87H         LINE#         152
  C:3F8DH         LINE#         153
  C:3F8DH         LINE#         154
  C:3F9FH         LINE#         155
  C:3FA6H         LINE#         156
  C:3FBFH         LINE#         157
  C:3FCCH         LINE#         158
  C:3FCCH         LINE#         159
  C:3FE3H         LINE#         160
  C:3FE3H         LINE#         161
BL51 BANKED LINKER/LOCATER V6.22                                                      04/24/2015  19:30:26  PAGE 60


  C:3FEBH         LINE#         162
  C:3FEBH         LINE#         163
  C:3FFFH         LINE#         164
  C:4009H         LINE#         165
  C:400EH         LINE#         166
  C:400EH         LINE#         167
  C:400EH         LINE#         168
  C:400EH         LINE#         170
  -------         ENDPROC       INT0_ISR
  -------         PROC          T0_ISR
  C:5BFEH         LINE#         173
  C:5C04H         LINE#         175
  C:5C12H         LINE#         176
  -------         ENDPROC       T0_ISR
  -------         PROC          T1_ISR
  -------         DO            
  X:048DH         SYMBOL        cnt
  X:048EH         SYMBOL        keycnt
  X:048FH         SYMBOL        beepcnt
  X:0490H         SYMBOL        popcnt
  X:0492H         SYMBOL        cutcnt
  -------         ENDDO         
  C:4930H         LINE#         179
  C:494DH         LINE#         184
  C:4953H         LINE#         185
  C:4959H         LINE#         186
  C:495FH         LINE#         187
  C:495FH         LINE#         188
  C:4961H         LINE#         189
  C:4963H         LINE#         190
  C:4963H         LINE#         191
  C:496CH         LINE#         192
  C:496CH         LINE#         193
  C:496FH         LINE#         194
  C:4974H         LINE#         195
  C:4974H         LINE#         196
  C:497BH         LINE#         197
  C:497BH         LINE#         198
  C:497DH         LINE#         199
  C:498AH         LINE#         200
  C:498AH         LINE#         201
  C:498CH         LINE#         202
  C:498EH         LINE#         203
  C:4992H         LINE#         204
  C:4992H         LINE#         205
  C:4992H         LINE#         206
  C:4999H         LINE#         207
  C:4999H         LINE#         208
  C:49AEH         LINE#         209
  C:49AEH         LINE#         210
  C:49B0H         LINE#         211
  C:49B2H         LINE#         212
  C:49B7H         LINE#         213
  C:49BDH         LINE#         214
  C:49BDH         LINE#         215
  C:49BDH         LINE#         216
  C:49C4H         LINE#         217
BL51 BANKED LINKER/LOCATER V6.22                                                      04/24/2015  19:30:26  PAGE 61


  C:49C4H         LINE#         218
  C:49E0H         LINE#         219
  C:49E0H         LINE#         220
  C:49E7H         LINE#         221
  C:49EBH         LINE#         222
  C:49FDH         LINE#         223
  C:4A00H         LINE#         224
  C:4A03H         LINE#         225
  C:4A03H         LINE#         226
  C:4A03H         LINE#         227
  -------         ENDPROC       T1_ISR
  -------         ENDMOD        ISR

  -------         MODULE        KEY
  C:0000H         SYMBOL        _ICE_DUMMY_
  D:0080H         PUBLIC        P0
  D:0090H         PUBLIC        P1
  D:00A0H         PUBLIC        P2
  D:00B0H         PUBLIC        P3
  D:00C0H         PUBLIC        P4
  D:00C8H         PUBLIC        P5
  C:5AD9H         PUBLIC        _CheckKey
  D:00A8H         PUBLIC        IE
  D:00B8H         PUBLIC        IP
  X:04D1H         PUBLIC        Key_back
  D:00D8H         PUBLIC        CCON
  X:04D2H         PUBLIC        keyCounter
  C:50B6H         PUBLIC        KeyScan
  B:00A0H.0       PUBLIC        P20
  D:0098H         PUBLIC        SCON
  D:0088H         PUBLIC        TCON
  B:00C0H.2       PUBLIC        P42
  B:00C0H.3       PUBLIC        P43
  B:00C0H.4       PUBLIC        P44
  B:00B0H.7       PUBLIC        P37
  D:00F0H         PUBLIC        B
  D:00E0H         PUBLIC        ACC
  X:04D3H         PUBLIC        Key_change
  D:00D0H         PUBLIC        PSW
  -------         PROC          _CHECKKEY
  D:0001H         SYMBOL        flag
  C:5AD9H         LINE#         10
  C:5AD9H         LINE#         11
  C:5AD9H         LINE#         13
  C:5ADCH         LINE#         14
  C:5ADCH         LINE#         15
  C:5ADEH         LINE#         16
  C:5AE0H         LINE#         17
  C:5AE3H         LINE#         18
  C:5AE3H         LINE#         19
  C:5AE5H         LINE#         20
  C:5AE7H         LINE#         21
  C:5AEAH         LINE#         22
  C:5AEAH         LINE#         23
  C:5AECH         LINE#         24
  C:5AEEH         LINE#         25
  C:5AF1H         LINE#         26
BL51 BANKED LINKER/LOCATER V6.22                                                      04/24/2015  19:30:26  PAGE 62


  C:5AF1H         LINE#         27
  C:5AF3H         LINE#         28
  C:5AF5H         LINE#         29
  C:5AF8H         LINE#         30
  C:5AF8H         LINE#         31
  C:5AFAH         LINE#         32
  C:5AFCH         LINE#         34
  C:5B01H         LINE#         35
  -------         ENDPROC       _CHECKKEY
  -------         PROC          KEYSCAN
  -------         DO            
  X:04D0H         SYMBOL        keyValue
  X:0435H         SYMBOL        keyTmp
  D:0007H         SYMBOL        key_return
  -------         ENDDO         
  C:50B6H         LINE#         42
  C:50B6H         LINE#         43
  C:50B6H         LINE#         45
  C:50BCH         LINE#         46
  C:50BDH         LINE#         47
  C:50C6H         LINE#         48
  C:50CEH         LINE#         49
  C:50CEH         LINE#         50
  C:50D8H         LINE#         51
  C:50D8H         LINE#         52
  C:50DFH         LINE#         53
  C:50E1H         LINE#         54
  C:50E7H         LINE#         55
  C:50E7H         LINE#         56
  C:50EEH         LINE#         57
  C:50EEH         LINE#         59
  C:50F3H         LINE#         60
  C:50F8H         LINE#         61
  C:50FAH         LINE#         62
  C:5107H         LINE#         63
  C:5107H         LINE#         64
  C:510CH         LINE#         65
  C:5111H         LINE#         66
  C:5114H         LINE#         67
  C:5116H         LINE#         69
  C:5116H         LINE#         70
  C:511CH         LINE#         71
  C:5121H         LINE#         72
  C:5121H         LINE#         73
  C:5123H         LINE#         74
  C:5125H         LINE#         75
  C:5129H         LINE#         76
  C:5129H         LINE#         77
  C:5130H         LINE#         78
  C:5132H         LINE#         79
  C:5139H         LINE#         80
  C:5139H         LINE#         81
  C:5140H         LINE#         82
  C:5146H         LINE#         83
  C:5146H         LINE#         85
  C:5146H         LINE#         89
  C:514BH         LINE#         92
BL51 BANKED LINKER/LOCATER V6.22                                                      04/24/2015  19:30:26  PAGE 63


  -------         ENDPROC       KEYSCAN
  -------         ENDMOD        KEY

  -------         MODULE        ?C?COPY
  C:28A1H         PUBLIC        ?C?COPY
  -------         ENDMOD        ?C?COPY

  -------         MODULE        ?C?CLDPTR
  C:28C7H         PUBLIC        ?C?CLDPTR
  -------         ENDMOD        ?C?CLDPTR

  -------         MODULE        ?C?CLDOPTR
  C:28E0H         PUBLIC        ?C?CLDOPTR
  -------         ENDMOD        ?C?CLDOPTR

  -------         MODULE        ?C?CSTPTR
  C:290DH         PUBLIC        ?C?CSTPTR
  -------         ENDMOD        ?C?CSTPTR

  -------         MODULE        ?C?IMUL
  C:291FH         PUBLIC        ?C?IMUL
  -------         ENDMOD        ?C?IMUL

  -------         MODULE        ?C?IILDX
  C:2931H         PUBLIC        ?C?IILDX
  -------         ENDMOD        ?C?IILDX

  -------         MODULE        ?C?ILDIX
  C:2947H         PUBLIC        ?C?ILDIX
  -------         ENDMOD        ?C?ILDIX

  -------         MODULE        ?C?LMUL
  C:295DH         PUBLIC        ?C?LMUL
  -------         ENDMOD        ?C?LMUL

  -------         MODULE        ?C?ULDIV
  C:29E8H         PUBLIC        ?C?ULDIV
  -------         ENDMOD        ?C?ULDIV

  -------         MODULE        ?C?ULCMP
  C:2A7AH         PUBLIC        ?C?ULCMP
  -------         ENDMOD        ?C?ULCMP

  -------         MODULE        ?C?ULSHR
  C:2A8BH         PUBLIC        ?C?ULSHR
  -------         ENDMOD        ?C?ULSHR

  -------         MODULE        ?C?LSHL
  C:2A9EH         PUBLIC        ?C?LSHL
  -------         ENDMOD        ?C?LSHL

  -------         MODULE        ?C?LSTXDATA
  C:2AB1H         PUBLIC        ?C?LSTXDATA
  -------         ENDMOD        ?C?LSTXDATA

  -------         MODULE        ?C?LSTKXDATA
  C:2ABDH         PUBLIC        ?C?LSTKXDATA
BL51 BANKED LINKER/LOCATER V6.22                                                      04/24/2015  19:30:26  PAGE 64


  -------         ENDMOD        ?C?LSTKXDATA

  -------         MODULE        ?C?PLDOPTR
  C:2AEEH         PUBLIC        ?C?PLDOPTR
  -------         ENDMOD        ?C?PLDOPTR

  -------         MODULE        ?C?LIMUL
  C:2B1EH         PUBLIC        ?C?LIMUL
  -------         ENDMOD        ?C?LIMUL

  -------         MODULE        ?C?PLDIDATA
  C:2B4BH         PUBLIC        ?C?PLDIDATA
  -------         ENDMOD        ?C?PLDIDATA

  -------         MODULE        ?C?PLDXDATA
  C:2B54H         PUBLIC        ?C?PLDXDATA
  -------         ENDMOD        ?C?PLDXDATA

  -------         MODULE        ?C?PLDPDATA
  C:2B5DH         PUBLIC        ?C?PLDPDATA
  -------         ENDMOD        ?C?PLDPDATA

  -------         MODULE        ?C?PLDCODE
  C:2B66H         PUBLIC        ?C?PLDCODE
  -------         ENDMOD        ?C?PLDCODE

*** WARNING L16: UNCALLED SEGMENT, IGNORED FOR OVERLAY PROCESS
    SEGMENT: ?PR?INITADDNO?MAIN

*** WARNING L16: UNCALLED SEGMENT, IGNORED FOR OVERLAY PROCESS
    SEGMENT: ?PR?LOOKINFO?MAIN

*** WARNING L16: UNCALLED SEGMENT, IGNORED FOR OVERLAY PROCESS
    SEGMENT: ?PR?_AT24C02_RD?24C02

*** WARNING L16: UNCALLED SEGMENT, IGNORED FOR OVERLAY PROCESS
    SEGMENT: ?PR?_OLED_DRAW_SQUARE?OLED

*** WARNING L16: UNCALLED SEGMENT, IGNORED FOR OVERLAY PROCESS
    SEGMENT: ?PR?_OLED_DRAW_SQUAREFILL?OLED

*** WARNING L16: UNCALLED SEGMENT, IGNORED FOR OVERLAY PROCESS
    SEGMENT: ?PR?_OLED_DRAW_LINES?OLED

*** WARNING L16: UNCALLED SEGMENT, IGNORED FOR OVERLAY PROCESS
    SEGMENT: ?PR?_OLED_DRAWCIRCLE?OLED

*** WARNING L16: UNCALLED SEGMENT, IGNORED FOR OVERLAY PROCESS
    SEGMENT: ?PR?_OLED_FILL?OLED

*** WARNING L16: UNCALLED SEGMENT, IGNORED FOR OVERLAY PROCESS
    SEGMENT: ?PR?_OLED_SHOWNUM?OLED

*** WARNING L16: UNCALLED SEGMENT, IGNORED FOR OVERLAY PROCESS
    SEGMENT: ?PR?_OLED_SHOWFONT16?OLED

*** WARNING L16: UNCALLED SEGMENT, IGNORED FOR OVERLAY PROCESS
BL51 BANKED LINKER/LOCATER V6.22                                                      04/24/2015  19:30:26  PAGE 65


    SEGMENT: ?PR?INIT595?_595

Program Size: data=9.2 xdata=1236 code=23922
LINK/LOCATE RUN COMPLETE.  11 WARNING(S),  0 ERROR(S)
