BL51 BANKED LINKER/LOCATER V6.22                                                        05/06/2015  14:06:26  PAGE 1


BL51 BANKED LINKER/LOCATER V6.22, INVOKED BY:
C:\KEIL\C51\BIN\BL51.EXE .\output\main.obj, .\output\24c02.obj, .\output\oled.obj, .\output\Uart.obj, .\output\_595.obj,
>>  .\output\cd4052.obj, .\output\isr.obj, .\output\Key.obj TO .\output\BurnCob PRINT (.\list\BurnCob.m51) RAMSIZE (256)
>> 


MEMORY MODEL: LARGE


INPUT MODULES INCLUDED:
  .\output\main.obj (MAIN)
  .\output\24c02.obj (24C02)
  .\output\oled.obj (OLED)
  .\output\Uart.obj (UART)
  .\output\_595.obj (_595)
  .\output\cd4052.obj (CD4052)
  .\output\isr.obj (ISR)
  .\output\Key.obj (KEY)
  C:\KEIL\C51\LIB\C51L.LIB (?C_STARTUP)
  C:\KEIL\C51\LIB\C51L.LIB (?C?COPY)
  C:\KEIL\C51\LIB\C51L.LIB (?C?CLDPTR)
  C:\KEIL\C51\LIB\C51L.LIB (?C?CLDOPTR)
  C:\KEIL\C51\LIB\C51L.LIB (?C?CSTPTR)
  C:\KEIL\C51\LIB\C51L.LIB (?C?IMUL)
  C:\KEIL\C51\LIB\C51L.LIB (?C?UIDIV)
  C:\KEIL\C51\LIB\C51L.LIB (?C?IILDX)
  C:\KEIL\C51\LIB\C51L.LIB (?C?ILDIX)
  C:\KEIL\C51\LIB\C51L.LIB (?C?LMUL)
  C:\KEIL\C51\LIB\C51L.LIB (?C?ULDIV)
  C:\KEIL\C51\LIB\C51L.LIB (?C?ULCMP)
  C:\KEIL\C51\LIB\C51L.LIB (?C?ULSHR)
  C:\KEIL\C51\LIB\C51L.LIB (?C?LSHL)
  C:\KEIL\C51\LIB\C51L.LIB (?C?LSTXDATA)
  C:\KEIL\C51\LIB\C51L.LIB (?C?LSTKXDATA)
  C:\KEIL\C51\LIB\C51L.LIB (?C?PLDOPTR)
  C:\KEIL\C51\LIB\C51L.LIB (?C?LIMUL)
  C:\KEIL\C51\LIB\C51L.LIB (?C_INIT)
  C:\KEIL\C51\LIB\C51L.LIB (?C?PLDIDATA)
  C:\KEIL\C51\LIB\C51L.LIB (?C?PLDXDATA)
  C:\KEIL\C51\LIB\C51L.LIB (?C?PLDPDATA)
  C:\KEIL\C51\LIB\C51L.LIB (?C?PLDCODE)


LINK MAP OF MODULE:  .\output\BurnCob (MAIN)


            TYPE    BASE      LENGTH    RELOCATION   SEGMENT NAME
            -----------------------------------------------------

            * * * * * * *   D A T A   M E M O R Y   * * * * * * *
            REG     0000H     0008H     ABSOLUTE     "REG BANK 0"
                    0008H     0018H                  *** GAP ***
            BIT     0020H.0   0000H.1   UNIT         ?BI?24C02
            BIT     0020H.1   0000H.1   UNIT         _BIT_GROUP_
                    0020H.2   0000H.6                *** GAP ***
            IDATA   0021H     0001H     UNIT         ?STACK

            * * * * * * *  X D A T A   M E M O R Y  * * * * * * *
BL51 BANKED LINKER/LOCATER V6.22                                                      05/06/2015  14:06:26  PAGE 2


            XDATA   0000H     0400H     UNIT         ?XD?OLED
            XDATA   0400H     0034H     UNIT         ?XD?CD4052
            XDATA   0434H     002AH     UNIT         _XDATA_GROUP_
            XDATA   045EH     0023H     UNIT         ?XD?MAIN
            XDATA   0481H     0018H     UNIT         ?XD?ISR
            XDATA   0499H     000BH     UNIT         ?XD?_OLED_SHOWNUM?OLED
            XDATA   04A4H     0009H     UNIT         ?XD?_OLED_DRAW_LINES?OLED
            XDATA   04ADH     0009H     UNIT         ?XD?PN_MIRRO?CD4052
            XDATA   04B6H     0006H     UNIT         ?XD?_MYPOW?OLED
            XDATA   04BCH     0006H     UNIT         ?XD?_OLED_SHOWFONT16?OLED
            XDATA   04C2H     0005H     UNIT         ?XD?_OLED_DRAWCIRCLE?OLED
            XDATA   04C7H     0005H     UNIT         ?XD?_OLED_FILL?OLED
            XDATA   04CCH     0004H     UNIT         ?XD?INITADDNO?MAIN
            XDATA   04D0H     0004H     UNIT         ?XD?_OLED_DRAW_SQUARE?OLED
            XDATA   04D4H     0004H     UNIT         ?XD?_OLED_DRAW_SQUAREFILL?OLED
            XDATA   04D8H     0004H     UNIT         ?XD?KEY

            * * * * * * *   C O D E   M E M O R Y   * * * * * * *
            CODE    0000H     0003H     ABSOLUTE     
            CODE    0003H     0003H     ABSOLUTE     
                    0006H     0005H                  *** GAP ***
            CODE    000BH     0003H     ABSOLUTE     
            CODE    000EH     000DH     UNIT         ?PR?DELAY_5US?24C02
            CODE    001BH     0003H     ABSOLUTE     
                    001EH     0005H                  *** GAP ***
            CODE    0023H     0003H     ABSOLUTE     
            CODE    0026H     0034H     UNIT         ?PR?IOINIT?MAIN
                    005AH     0001H                  *** GAP ***
            CODE    005BH     0003H     ABSOLUTE     
            CODE    005EH     1311H     UNIT         ?CO?OLED
            CODE    136FH     0C46H     UNIT         ?PR?_OLED_SHOWADD?OLED
            CODE    1FB5H     049CH     UNIT         ?PR?COMPAREADD?CD4052
            CODE    2451H     048EH     UNIT         ?CO?MAIN
            CODE    28DFH     03F6H     UNIT         ?C?LIB_CODE
            CODE    2CD5H     03C0H     UNIT         ?PR?_OLED_DRAW_WINDOWSDRAW?OLED
            CODE    3095H     0380H     UNIT         ?PR?SHOWINFO?CD4052
            CODE    3415H     0319H     UNIT         ?PR?BURNCHECK?CD4052
            CODE    372EH     02C2H     UNIT         ?PR?MAIN?MAIN
            CODE    39F0H     028DH     UNIT         ?PR?_CUTRUN?CD4052
            CODE    3C7DH     0245H     UNIT         ?PR?SET_MODE?MAIN
            CODE    3EC2H     023DH     UNIT         ?PR?TEST_MODE?MAIN
            CODE    40FFH     01DAH     UNIT         ?PR?SETLINE?MAIN
            CODE    42D9H     01B1H     UNIT         ?PR?GETPADRES?CD4052
            CODE    448AH     018EH     UNIT         ?PR?INT0_ISR?ISR
            CODE    4618H     0185H     UNIT         ?PR?CHEK4052?MAIN
            CODE    479DH     0166H     UNIT         ?PR?_OLED_DRAWLINE?OLED
            CODE    4903H     0143H     UNIT         ?PR?_PNMASK?CD4052
            CODE    4A46H     0123H     UNIT         ?PR?_OLED_SHOWSTRING?OLED
            CODE    4B69H     011DH     UNIT         ?PR?CUT_MODE?MAIN
            CODE    4C86H     011BH     UNIT         ?PR?_DISP_MENU_0?OLED
            CODE    4DA1H     0111H     UNIT         ?PR?_OLED_DRAWSETBAR?OLED
            CODE    4EB2H     0111H     UNIT         ?PR?_DISP_MENU_1?OLED
            CODE    4FC3H     0109H     UNIT         ?PR?_OLED_SHOWCHAR?OLED
            CODE    50CCH     00F9H     UNIT         ?PR?_OLED_DRAWICON?OLED
            CODE    51C5H     00EEH     UNIT         ?PR?T1_ISR?ISR
            CODE    52B3H     00EAH     UNIT         ?PR?_OLED_DRAW_LINES?OLED
            CODE    539DH     00D4H     UNIT         ?PR?_DISP_MENU_MAIN?OLED
BL51 BANKED LINKER/LOCATER V6.22                                                      05/06/2015  14:06:26  PAGE 3


            CODE    5471H     00C7H     UNIT         ?PR?_OLED_SHOWNUM?OLED
            CODE    5538H     00C5H     UNIT         ?PR?_OLED_DRAWBMP?OLED
            CODE    55FDH     00B4H     UNIT         ?PR?OLED_INIT?OLED
            CODE    56B1H     00A9H     UNIT         ?PR?_OLED_DRAWCIRCLE?OLED
            CODE    575AH     00A9H     UNIT         ?PR?PN_MIRRO?CD4052
            CODE    5803H     00A7H     UNIT         ?PR?_OLED_DRAWPOINT?OLED
            CODE    58AAH     00A6H     UNIT         ?PR?_OLED_DRAW_RECTANGLEFILL?OLED
            CODE    5950H     0096H     UNIT         ?PR?KEYSCAN?KEY
            CODE    59E6H     008EH     UNIT         ?PR?_OLED_SHOWFONT16?OLED
            CODE    5A74H     008CH     UNIT         ?C_C51STARTUP
            CODE    5B00H     007DH     UNIT         ?PR?_GET_PKG_CNT?24C02
            CODE    5B7DH     0079H     UNIT         ?PR?SYSINIT?MAIN
            CODE    5BF6H     0076H     UNIT         ?PR?_OLED_DRAWTRIANGLE?OLED
            CODE    5C6CH     0065H     UNIT         ?CO?CD4052
            CODE    5CD1H     0063H     UNIT         ?PR?PRINTINFO?MAIN
            CODE    5D34H     0063H     UNIT         ?PR?_OLED_DRAWRECTANGLE?OLED
            CODE    5D97H     0062H     UNIT         ?PR?_UART_BAUDSET?UART
            CODE    5DF9H     0060H     UNIT         ?PR?_OLED_DRAWBAR?OLED
            CODE    5E59H     005EH     UNIT         ?PR?INITADDNO?MAIN
            CODE    5EB7H     0053H     UNIT         ?PR?_INIT_WINDOWS?MAIN
            CODE    5F0AH     0051H     UNIT         ?PR?_EXP2?MAIN
            CODE    5F5BH     004BH     UNIT         ?PR?_OLED_DRAW_SQUARE?OLED
            CODE    5FA6H     004BH     UNIT         ?PR?_OLED_DRAW_SQUAREFILL?OLED
            CODE    5FF1H     0049H     UNIT         ?PR?_MYPOW?OLED
            CODE    603AH     0048H     UNIT         ?PR?FLUSH_24C02?24C02
            CODE    6082H     0045H     UNIT         ?PR?_GET_PKG_ADD?24C02
            CODE    60C7H     0042H     UNIT         ?PR?OLED_REFRESH_GRAM?OLED
            CODE    6109H     003FH     UNIT         ?PR?_AT24C02_RDDAT?24C02
            CODE    6148H     003CH     UNIT         ?PR?_I2C_SENTBYTE?24C02
            CODE    6184H     0034H     UNIT         ?PR?_OLED_DRAW_HLINE?OLED
            CODE    61B8H     0033H     UNIT         ?PR?_SEND_STRING?UART
            CODE    61EBH     0031H     UNIT         ?PR?OLED_CLEAR?OLED
            CODE    621CH     0031H     UNIT         ?PR?_ADC2RES?CD4052
            CODE    624DH     0030H     UNIT         ?C_INITSEG
            CODE    627DH     0030H     UNIT         ?PR?_OLED_FILL?OLED
            CODE    62ADH     002EH     UNIT         ?PR?_I2C_RCVBYTE?24C02
            CODE    62DBH     002CH     UNIT         ?PR?_BYTEMIRRO?OLED
            CODE    6307H     002AH     UNIT         ?PR?_AT24C02_WRDAT?24C02
            CODE    6331H     0029H     UNIT         ?PR?_OLED_WR_BYTE?OLED
            CODE    635AH     0029H     UNIT         ?PR?_HEX2DAT?CD4052
            CODE    6383H     0029H     UNIT         ?PR?_STARTCUT?CD4052
            CODE    63ACH     0024H     UNIT         ?PR?OLEDINIT?MAIN
            CODE    63D0H     0024H     UNIT         ?PR?_OLED_DRAW_RLINE?OLED
            CODE    63F4H     0023H     UNIT         ?PR?_GETADCRESULT?CD4052
            CODE    6417H     0022H     UNIT         ?PR?_CHECKKEY?KEY
            CODE    6439H     0020H     UNIT         ?PR?_OLED_SET_POS?OLED
            CODE    6459H     001FH     UNIT         ?PR?I2C_START?24C02
            CODE    6478H     001EH     UNIT         ?PR?DSDECODE?ISR
            CODE    6496H     001BH     UNIT         ?PR?_PRINTF_U8?UART
            CODE    64B1H     001BH     UNIT         ?PR?_STORGE595?_595
            CODE    64CCH     001BH     UNIT         ?PR?_DECODE?CD4052
            CODE    64E7H     001BH     UNIT         ?PR?INT3_ISR?ISR
            CODE    6502H     001BH     UNIT         ?PR?T0_ISR?ISR
            CODE    651DH     001AH     UNIT         ?PR?_DELAY_MS?OLED
            CODE    6537H     0018H     UNIT         ?PR?_AT24C02_RD?24C02
            CODE    654FH     0018H     UNIT         ?PR?UART1_INTERRUPT?UART
            CODE    6567H     0018H     UNIT         ?PR?ENDECODE?ISR
BL51 BANKED LINKER/LOCATER V6.22                                                      05/06/2015  14:06:26  PAGE 4


            CODE    657FH     0017H     UNIT         ?PR?_PUT_CHAR?UART
            CODE    6596H     0016H     UNIT         ?PR?_SIGNOUT?CD4052
            CODE    65ACH     0016H     UNIT         ?PR?_COBCUTING?CD4052
            CODE    65C2H     0014H     UNIT         ?PR?_AT24C02_WR?24C02
            CODE    65D6H     0014H     UNIT         ?PR?_GET_HEX_DATA?UART
            CODE    65EAH     0014H     UNIT         ?PR?_WRITE595?_595
            CODE    65FEH     0013H     UNIT         ?PR?TIMER1INIT?ISR
            CODE    6611H     0011H     UNIT         ?PR?TIMER0INIT?ISR
            CODE    6622H     0010H     UNIT         ?PR?I2C_STOP?24C02
            CODE    6632H     000EH     UNIT         ?PR?TIMERINIT?ISR
            CODE    6640H     000DH     UNIT         ?PR?INITSIGN?CD4052
            CODE    664DH     000CH     UNIT         ?PR?INITADC?CD4052
            CODE    6659H     000BH     UNIT         ?PR?DELAY_10MS?24C02
            CODE    6664H     000BH     UNIT         ?PR?UARTINIT?UART
            CODE    666FH     000BH     UNIT         ?PR?INT0INIT?ISR
            CODE    667AH     000AH     UNIT         ?PR?INT3INIT?ISR
            CODE    6684H     0009H     UNIT         ?PR?INIT595?_595
            CODE    668DH     0008H     UNIT         ?PR?DELAY_10US?24C02
            CODE    6695H     0008H     UNIT         ?PR?_PUT_BYTE?UART



OVERLAY MAP OF MODULE:   .\output\BurnCob (MAIN)


SEGMENT                                      BIT_GROUP          XDATA_GROUP
  +--> CALLED SEGMENT                     START    LENGTH     START    LENGTH
-----------------------------------------------------------------------------
?PR?UART1_INTERRUPT?UART                  -----    -----      0434H    0001H

*** NEW ROOT ***************************************************

?PR?T1_ISR?ISR                            -----    -----      -----    -----
  +--> ?PR?KEYSCAN?KEY
  +--> ?PR?OLED_REFRESH_GRAM?OLED
  +--> ?PR?DSDECODE?ISR

?PR?KEYSCAN?KEY                           -----    -----      0435H    0001H
  +--> ?PR?_CHECKKEY?KEY

?PR?OLED_REFRESH_GRAM?OLED                -----    -----      -----    -----
  +--> ?PR?_OLED_WR_BYTE?OLED

*** NEW ROOT ***************************************************

?C_C51STARTUP                             -----    -----      -----    -----
  +--> ?PR?MAIN?MAIN
  +--> ?C_INITSEG

?PR?MAIN?MAIN                             -----    -----      -----    -----
  +--> ?PR?SYSINIT?MAIN
  +--> ?PR?PRINTINFO?MAIN
  +--> ?CO?MAIN
  +--> ?PR?_SEND_STRING?UART
  +--> ?PR?_PUT_CHAR?UART
  +--> ?PR?_PRINTF_U8?UART
  +--> ?PR?GETPADRES?CD4052
BL51 BANKED LINKER/LOCATER V6.22                                                      05/06/2015  14:06:26  PAGE 5


  +--> ?PR?OLED_CLEAR?OLED
  +--> ?PR?CHEK4052?MAIN
  +--> ?PR?SET_MODE?MAIN
  +--> ?PR?CUT_MODE?MAIN
  +--> ?PR?TEST_MODE?MAIN

?PR?SYSINIT?MAIN                          -----    -----      -----    -----
  +--> ?PR?IOINIT?MAIN
  +--> ?PR?INITADC?CD4052
  +--> ?PR?INITSIGN?CD4052
  +--> ?PR?UARTINIT?UART
  +--> ?PR?OLEDINIT?MAIN
  +--> ?PR?TIMERINIT?ISR
  +--> ?PR?_AT24C02_RD?24C02
  +--> ?PR?_AT24C02_WR?24C02
  +--> ?PR?_EXP2?MAIN

?PR?UARTINIT?UART                         -----    -----      -----    -----
  +--> ?PR?_UART_BAUDSET?UART

?PR?_UART_BAUDSET?UART                    -----    -----      0436H    0004H

?PR?OLEDINIT?MAIN                         -----    -----      -----    -----
  +--> ?PR?OLED_INIT?OLED
  +--> ?PR?OLED_CLEAR?OLED
  +--> ?PR?_OLED_DRAWBMP?OLED
  +--> ?PR?_OLED_DRAWBAR?OLED
  +--> ?PR?OLED_REFRESH_GRAM?OLED

?PR?OLED_INIT?OLED                        -----    -----      -----    -----
  +--> ?PR?_DELAY_MS?OLED
  +--> ?PR?_OLED_WR_BYTE?OLED
  +--> ?PR?OLED_CLEAR?OLED
  +--> ?PR?_OLED_SET_POS?OLED

?PR?_OLED_SET_POS?OLED                    -----    -----      -----    -----
  +--> ?PR?_OLED_WR_BYTE?OLED

?PR?_OLED_DRAWBMP?OLED                    -----    -----      0436H    0009H
  +--> ?CO?OLED
  +--> ?PR?_OLED_DRAWPOINT?OLED

?PR?_OLED_DRAWPOINT?OLED                  -----    -----      045CH    0002H

?PR?_OLED_DRAWBAR?OLED                    -----    -----      0436H    0006H
  +--> ?PR?_OLED_DRAWRECTANGLE?OLED
  +--> ?PR?_OLED_DRAW_RECTANGLEFILL?OLED
  +--> ?PR?OLED_REFRESH_GRAM?OLED
  +--> ?PR?DELAY_10MS?24C02

?PR?_OLED_DRAWRECTANGLE?OLED              -----    -----      0448H    0005H
  +--> ?PR?_OLED_DRAW_HLINE?OLED
  +--> ?PR?_OLED_DRAW_RLINE?OLED

?PR?_OLED_DRAW_HLINE?OLED                 -----    -----      044EH    0004H
  +--> ?PR?_OLED_DRAWPOINT?OLED

BL51 BANKED LINKER/LOCATER V6.22                                                      05/06/2015  14:06:26  PAGE 6


?PR?_OLED_DRAW_RLINE?OLED                 -----    -----      044DH    0004H
  +--> ?PR?_OLED_DRAWPOINT?OLED

?PR?_OLED_DRAW_RECTANGLEFILL?OLED         -----    -----      0448H    0006H
  +--> ?PR?_OLED_DRAW_HLINE?OLED

?PR?TIMERINIT?ISR                         -----    -----      -----    -----
  +--> ?PR?TIMER0INIT?ISR
  +--> ?PR?TIMER1INIT?ISR
  +--> ?PR?INT0INIT?ISR
  +--> ?PR?INT3INIT?ISR

?PR?_AT24C02_RD?24C02                     -----    -----      -----    -----
  +--> ?PR?_I2C_SENTBYTE?24C02
  +--> ?PR?I2C_START?24C02
  +--> ?PR?_I2C_RCVBYTE?24C02
  +--> ?PR?I2C_STOP?24C02

?PR?_I2C_SENTBYTE?24C02                   -----    -----      -----    -----
  +--> ?PR?I2C_START?24C02
  +--> ?PR?DELAY_5US?24C02

?PR?I2C_START?24C02                       -----    -----      -----    -----
  +--> ?PR?DELAY_10US?24C02

?PR?_I2C_RCVBYTE?24C02                    -----    -----      -----    -----
  +--> ?PR?DELAY_5US?24C02

?PR?I2C_STOP?24C02                        -----    -----      -----    -----
  +--> ?PR?DELAY_10US?24C02

?PR?_AT24C02_WR?24C02                     -----    -----      -----    -----
  +--> ?PR?I2C_START?24C02
  +--> ?PR?_I2C_SENTBYTE?24C02
  +--> ?PR?I2C_STOP?24C02

?PR?_EXP2?MAIN                            -----    -----      043DH    0006H

?PR?PRINTINFO?MAIN                        -----    -----      -----    -----
  +--> ?CO?MAIN
  +--> ?PR?_SEND_STRING?UART

?PR?_SEND_STRING?UART                     -----    -----      043DH    0003H
  +--> ?PR?_PUT_CHAR?UART

?PR?_PUT_CHAR?UART                        -----    -----      -----    -----
  +--> ?PR?_PUT_BYTE?UART

?PR?_PRINTF_U8?UART                       -----    -----      -----    -----
  +--> ?PR?_PUT_CHAR?UART
  +--> ?PR?_GET_HEX_DATA?UART

?PR?_GET_HEX_DATA?UART                    -----    -----      -----    -----
  +--> ?PR?_PUT_CHAR?UART

?PR?GETPADRES?CD4052                      -----    -----      -----    -----
  +--> ?PR?DELAY_10MS?24C02
BL51 BANKED LINKER/LOCATER V6.22                                                      05/06/2015  14:06:26  PAGE 7


  +--> ?PR?_ADC2RES?CD4052
  +--> ?PR?_GETADCRESULT?CD4052

?PR?_ADC2RES?CD4052                       -----    -----      -----    -----
  +--> ?PR?_GETADCRESULT?CD4052

?PR?CHEK4052?MAIN                         -----    -----      0436H    0001H
  +--> ?PR?OLED_CLEAR?OLED
  +--> ?CO?MAIN
  +--> ?PR?_SEND_STRING?UART
  +--> ?PR?_OLED_SHOWSTRING?OLED
  +--> ?PR?OLED_REFRESH_GRAM?OLED

?PR?_OLED_SHOWSTRING?OLED                 -----    -----      044EH    0007H
  +--> ?CO?OLED
  +--> ?PR?OLED_CLEAR?OLED
  +--> ?PR?_OLED_SHOWCHAR?OLED

?PR?_OLED_SHOWCHAR?OLED                   -----    -----      0455H    0007H
  +--> ?CO?OLED
  +--> ?PR?_BYTEMIRRO?OLED
  +--> ?PR?_OLED_DRAWPOINT?OLED

?PR?SET_MODE?MAIN                         -----    -----      0436H    0005H
  +--> ?PR?_DISP_MENU_MAIN?OLED
  +--> ?PR?OLED_REFRESH_GRAM?OLED
  +--> ?CO?MAIN
  +--> ?PR?_SEND_STRING?UART
  +--> ?PR?_OLED_SHOWSTRING?OLED
  +--> ?PR?OLED_CLEAR?OLED
  +--> ?PR?FLUSH_24C02?24C02
  +--> ?PR?_DISP_MENU_0?OLED
  +--> ?PR?SETLINE?MAIN

?PR?_DISP_MENU_MAIN?OLED                  -----    -----      043CH    0001H
  +--> ?PR?_OLED_SHOWCHAR?OLED
  +--> ?CO?OLED
  +--> ?PR?_OLED_DRAWICON?OLED

?PR?_OLED_DRAWICON?OLED                   -----    -----      043DH    000EH
  +--> ?CO?OLED
  +--> ?PR?_OLED_DRAWPOINT?OLED

?PR?FLUSH_24C02?24C02                     -----    -----      043BH    0001H
  +--> ?PR?_OLED_DRAWRECTANGLE?OLED
  +--> ?PR?_AT24C02_WR?24C02
  +--> ?PR?_OLED_DRAW_RECTANGLEFILL?OLED
  +--> ?PR?OLED_REFRESH_GRAM?OLED

?PR?_DISP_MENU_0?OLED                     -----    -----      043BH    0001H
  +--> ?CO?OLED
  +--> ?PR?_OLED_SHOWSTRING?OLED

?PR?SETLINE?MAIN                          -----    -----      043BH    0002H
  +--> ?CO?MAIN
  +--> ?PR?_SEND_STRING?UART
  +--> ?PR?_AT24C02_RD?24C02
BL51 BANKED LINKER/LOCATER V6.22                                                      05/06/2015  14:06:26  PAGE 8


  +--> ?PR?_AT24C02_WR?24C02
  +--> ?PR?_EXP2?MAIN
  +--> ?PR?OLED_CLEAR?OLED
  +--> ?PR?_OLED_SHOWCHAR?OLED
  +--> ?PR?_OLED_SHOWSTRING?OLED
  +--> ?PR?_OLED_DRAWSETBAR?OLED
  +--> ?PR?_INIT_WINDOWS?MAIN
  +--> ?PR?_OLED_DRAW_WINDOWSDRAW?OLED
  +--> ?PR?OLED_REFRESH_GRAM?OLED
  +--> ?PR?DELAY_10MS?24C02
  +--> ?PR?_PUT_CHAR?UART

?PR?_OLED_DRAWSETBAR?OLED                 -----    -----      043DH    0008H
  +--> ?PR?_OLED_DRAW_RECTANGLEFILL?OLED
  +--> ?PR?_OLED_DRAWRECTANGLE?OLED
  +--> ?PR?_OLED_DRAWTRIANGLE?OLED
  +--> ?PR?_HEX2DAT?CD4052
  +--> ?PR?_OLED_SHOWCHAR?OLED
  +--> ?PR?OLED_REFRESH_GRAM?OLED

?PR?_OLED_DRAWTRIANGLE?OLED               -----    -----      0445H    0004H
  +--> ?PR?_OLED_DRAWLINE?OLED

?PR?_OLED_DRAWLINE?OLED                   -----    -----      044EH    000BH
  +--> ?PR?_OLED_DRAWPOINT?OLED

?PR?_INIT_WINDOWS?MAIN                    -----    -----      043FH    000DH

?PR?_OLED_DRAW_WINDOWSDRAW?OLED           -----    -----      043FH    0009H
  +--> ?PR?_OLED_DRAW_RECTANGLEFILL?OLED
  +--> ?PR?_OLED_DRAWRECTANGLE?OLED
  +--> ?PR?_OLED_DRAW_HLINE?OLED
  +--> ?PR?_OLED_DRAW_RLINE?OLED
  +--> ?PR?_OLED_DRAWLINE?OLED
  +--> ?PR?_OLED_SHOWCHAR?OLED

?PR?CUT_MODE?MAIN                         -----    -----      0436H    0003H
  +--> ?PR?_DISP_MENU_MAIN?OLED
  +--> ?PR?OLED_REFRESH_GRAM?OLED
  +--> ?CO?MAIN
  +--> ?PR?_SEND_STRING?UART
  +--> ?PR?OLED_CLEAR?OLED
  +--> ?PR?_CUTRUN?CD4052
  +--> ?PR?_DISP_MENU_1?OLED

?PR?_CUTRUN?CD4052                        -----    -----      0439H    0002H
  +--> ?PR?_GET_PKG_ADD?24C02
  +--> ?CO?CD4052
  +--> ?PR?_OLED_SHOWSTRING?OLED
  +--> ?PR?_HEX2DAT?CD4052
  +--> ?PR?_OLED_SHOWCHAR?OLED
  +--> ?PR?OLED_REFRESH_GRAM?OLED
  +--> ?PR?INITSIGN?CD4052
  +--> ?PR?_SEND_STRING?UART
  +--> ?PR?_STARTCUT?CD4052
  +--> ?PR?SHOWINFO?CD4052
  +--> ?PR?OLED_CLEAR?OLED
BL51 BANKED LINKER/LOCATER V6.22                                                      05/06/2015  14:06:26  PAGE 9


  +--> ?PR?_OLED_SHOWADD?OLED

?PR?_GET_PKG_ADD?24C02                    -----    -----      043FH    0005H
  +--> ?PR?_AT24C02_RDDAT?24C02

?PR?_AT24C02_RDDAT?24C02                  -----    -----      0444H    0005H
  +--> ?PR?_I2C_SENTBYTE?24C02
  +--> ?PR?I2C_START?24C02
  +--> ?PR?_I2C_RCVBYTE?24C02
  +--> ?PR?I2C_STOP?24C02

?PR?_STARTCUT?CD4052                      -----    -----      -----    -----
  +--> ?PR?_PNMASK?CD4052
  +--> ?PR?_COBCUTING?CD4052
  +--> ?PR?GETPADRES?CD4052
  +--> ?PR?OLED_CLEAR?OLED
  +--> ?PR?COMPAREADD?CD4052

?PR?_COBCUTING?CD4052                     -----    -----      043BH    0004H
  +--> ?PR?_STORGE595?_595

?PR?_STORGE595?_595                       -----    -----      -----    -----
  +--> ?PR?_WRITE595?_595

?PR?COMPAREADD?CD4052                     -----    -----      043BH    0009H
  +--> ?PR?BURNCHECK?CD4052
  +--> ?PR?_HEX2DAT?CD4052
  +--> ?PR?_OLED_SHOWCHAR?OLED
  +--> ?CO?CD4052
  +--> ?PR?_OLED_SHOWSTRING?OLED
  +--> ?PR?OLED_REFRESH_GRAM?OLED
  +--> ?PR?_AT24C02_RDDAT?24C02
  +--> ?PR?_AT24C02_WRDAT?24C02
  +--> ?PR?_DECODE?CD4052

?PR?BURNCHECK?CD4052                      0020H.1  0000H.1    -----    -----
  +--> ?PR?_OLED_SHOWADD?OLED
  +--> ?PR?OLED_REFRESH_GRAM?OLED

?PR?_OLED_SHOWADD?OLED                    -----    -----      0444H    000AH
  +--> ?CO?OLED
  +--> ?PR?_OLED_SHOWSTRING?OLED
  +--> ?PR?_OLED_DRAWLINE?OLED
  +--> ?PR?_OLED_SHOWCHAR?OLED

?PR?_AT24C02_WRDAT?24C02                  -----    -----      0444H    0005H
  +--> ?PR?_I2C_SENTBYTE?24C02
  +--> ?PR?I2C_STOP?24C02
  +--> ?PR?DELAY_10MS?24C02

?PR?_DECODE?CD4052                        -----    -----      0444H    0004H
  +--> ?PR?_SIGNOUT?CD4052

?PR?_SIGNOUT?CD4052                       -----    -----      0448H    0005H
  +--> ?PR?DELAY_10MS?24C02

?PR?SHOWINFO?CD4052                       -----    -----      043BH    0004H
BL51 BANKED LINKER/LOCATER V6.22                                                      05/06/2015  14:06:26  PAGE 10


  +--> ?CO?CD4052
  +--> ?PR?_INIT_WINDOWS?MAIN
  +--> ?PR?_OLED_DRAW_WINDOWSDRAW?OLED
  +--> ?PR?_GET_PKG_CNT?24C02
  +--> ?PR?_OLED_SHOWSTRING?OLED
  +--> ?PR?_HEX2DAT?CD4052
  +--> ?PR?_OLED_SHOWCHAR?OLED
  +--> ?PR?_GET_PKG_ADD?24C02
  +--> ?PR?OLED_REFRESH_GRAM?OLED

?PR?_GET_PKG_CNT?24C02                    -----    -----      043FH    0005H
  +--> ?PR?_AT24C02_RDDAT?24C02

?PR?_DISP_MENU_1?OLED                     -----    -----      0439H    0001H
  +--> ?CO?OLED
  +--> ?PR?_OLED_SHOWSTRING?OLED

?PR?TEST_MODE?MAIN                        -----    -----      0436H    0006H
  +--> ?PR?DSDECODE?ISR
  +--> ?PR?_DISP_MENU_MAIN?OLED
  +--> ?PR?OLED_REFRESH_GRAM?OLED
  +--> ?CO?MAIN
  +--> ?PR?_SEND_STRING?UART
  +--> ?PR?_HEX2DAT?CD4052
  +--> ?PR?_OLED_SHOWCHAR?OLED
  +--> ?PR?ENDECODE?ISR
  +--> ?PR?OLED_CLEAR?OLED
  +--> ?PR?_OLED_SHOWSTRING?OLED



SYMBOL TABLE OF MODULE:  .\output\BurnCob (MAIN)

  VALUE           TYPE          NAME
  ----------------------------------

  -------         MODULE        MAIN
  C:0000H         SYMBOL        _ICE_DUMMY_
  D:0093H         PUBLIC        P0M1
  D:0092H         PUBLIC        P1M0
  C:5E59H         PUBLIC        initAddNo
  D:0096H         PUBLIC        P2M0
  D:0091H         PUBLIC        P1M1
  D:0080H         PUBLIC        P0
  X:045EH         PUBLIC        NG_COUNT
  D:00B2H         PUBLIC        P3M0
  D:0095H         PUBLIC        P2M1
  D:0090H         PUBLIC        P1
  D:00B4H         PUBLIC        P4M0
  D:00B1H         PUBLIC        P3M1
  D:00A0H         PUBLIC        P2
  D:00CAH         PUBLIC        P5M0
  D:00B3H         PUBLIC        P4M1
  D:00B0H         PUBLIC        P3
  D:00C9H         PUBLIC        P5M1
  D:00C0H         PUBLIC        P4
  D:00C8H         PUBLIC        P5
BL51 BANKED LINKER/LOCATER V6.22                                                      05/06/2015  14:06:26  PAGE 11


  X:0462H         PUBLIC        OK_COUNT
  B:00A8H.7       PUBLIC        EA
  D:00A8H         PUBLIC        IE
  D:00B8H         PUBLIC        IP
  C:5F0AH         PUBLIC        _EXP2
  D:00D8H         PUBLIC        CCON
  X:0466H         PUBLIC        MODE
  C:372EH         PUBLIC        main
  C:5EB7H         PUBLIC        _init_windows
  D:0098H         PUBLIC        SCON
  B:00C0H.1       PUBLIC        P41
  D:0088H         PUBLIC        TCON
  B:0080H.7       PUBLIC        P07
  C:40FFH         PUBLIC        SetLine
  B:00C8H.5       PUBLIC        P55
  B:00C0H.6       PUBLIC        P46
  B:00C0H.7       PUBLIC        P47
  C:63ACH         PUBLIC        oledInit
  C:5CD1H         PUBLIC        printInfo
  D:00F0H         PUBLIC        B
  D:00E0H         PUBLIC        ACC
  X:0467H         PUBLIC        AddNo
  C:3EC2H         PUBLIC        test_mode
  X:046BH         PUBLIC        Cutflag
  X:046CH         PUBLIC        Maxline
  C:4B69H         PUBLIC        cut_mode
  C:3C7DH         PUBLIC        set_mode
  X:046DH         PUBLIC        PKG
  C:4618H         PUBLIC        chek4052
  C:0026H         PUBLIC        ioInit
  X:046EH         PUBLIC        POP
  C:5B7DH         PUBLIC        sysInit
  X:046FH         PUBLIC        windemo
  X:047CH         PUBLIC        MaxlineHex
  X:0480H         PUBLIC        BeepFlag
  D:00D0H         PUBLIC        PSW
  D:0094H         PUBLIC        P0M0
  -------         PROC          _INIT_WINDOWS
  D:0007H         SYMBOL        x
  D:0005H         SYMBOL        y
  D:0003H         SYMBOL        with
  X:0442H         SYMBOL        height
  X:0443H         SYMBOL        title
  X:0446H         SYMBOL        text
  X:0449H         SYMBOL        state
  C:5EB7H         LINE#         25
  C:5EB7H         LINE#         26
  C:5EB7H         LINE#         27
  C:5EBCH         LINE#         28
  C:5EBFH         LINE#         29
  C:5EC2H         LINE#         30
  C:5ECAH         LINE#         31
  C:5EDFH         LINE#         32
  C:5EF4H         LINE#         33
  C:5F09H         LINE#         34
  -------         ENDPROC       _INIT_WINDOWS
  -------         PROC          PRINTINFO
BL51 BANKED LINKER/LOCATER V6.22                                                      05/06/2015  14:06:26  PAGE 12


  C:5CD1H         LINE#         36
  C:5CD1H         LINE#         37
  C:5CD1H         LINE#         38
  C:5CDAH         LINE#         39
  C:5CE3H         LINE#         40
  C:5CECH         LINE#         41
  C:5CF5H         LINE#         42
  C:5CFEH         LINE#         43
  C:5D07H         LINE#         44
  C:5D10H         LINE#         45
  C:5D19H         LINE#         46
  C:5D22H         LINE#         47
  C:5D2BH         LINE#         48
  -------         ENDPROC       PRINTINFO
  -------         PROC          INITADDNO
  -------         DO            
  X:04CCH         SYMBOL        tmp
  -------         ENDDO         
  C:5E59H         LINE#         52
  C:5E59H         LINE#         53
  C:5E59H         LINE#         55
  C:5E6AH         LINE#         56
  C:5E9BH         LINE#         57
  C:5E9BH         LINE#         58
  C:5EA5H         LINE#         59
  C:5EB6H         LINE#         60
  C:5EB6H         LINE#         61
  -------         ENDPROC       INITADDNO
  -------         PROC          OLEDINIT
  C:63ACH         LINE#         62
  C:63ACH         LINE#         63
  C:63ACH         LINE#         64
  C:63AFH         LINE#         65
  C:63B2H         LINE#         77
  C:63BAH         LINE#         78
  C:63CDH         LINE#         80
  -------         ENDPROC       OLEDINIT
  -------         PROC          IOINIT
  C:0026H         LINE#         83
  C:0026H         LINE#         84
  C:0026H         LINE#         85
  C:0029H         LINE#         86
  C:002BH         LINE#         87
  C:002DH         LINE#         88
  C:002FH         LINE#         89
  C:0031H         LINE#         90
  C:0033H         LINE#         91
  C:0035H         LINE#         92
  C:0037H         LINE#         93
  C:0039H         LINE#         94
  C:003BH         LINE#         95
  C:003DH         LINE#         96
  C:003FH         LINE#         98
  C:0042H         LINE#         100
  C:0045H         LINE#         101
  C:0047H         LINE#         103
  C:004AH         LINE#         104
BL51 BANKED LINKER/LOCATER V6.22                                                      05/06/2015  14:06:26  PAGE 13


  C:004DH         LINE#         106
  C:0050H         LINE#         107
  C:0053H         LINE#         109
  C:0056H         LINE#         110
  C:0059H         LINE#         111
  -------         ENDPROC       IOINIT
  -------         PROC          _EXP2
  X:043DH         SYMBOL        num
  -------         DO            
  X:043EH         SYMBOL        i
  X:043FH         SYMBOL        tmp
  -------         ENDDO         
  C:5F0AH         LINE#         112
  C:5F0FH         LINE#         113
  C:5F0FH         LINE#         116
  C:5F19H         LINE#         117
  C:5F29H         LINE#         118
  C:5F4CH         LINE#         119
  C:5F5AH         LINE#         120
  -------         ENDPROC       _EXP2
  -------         PROC          SYSINIT
  C:5B7DH         LINE#         121
  C:5B7DH         LINE#         122
  C:5B7DH         LINE#         123
  C:5B80H         LINE#         124
  C:5B83H         LINE#         125
  C:5B86H         LINE#         126
  C:5B89H         LINE#         127
  C:5B8CH         LINE#         128
  C:5B8FH         LINE#         129
  C:5B94H         LINE#         130
  C:5B9EH         LINE#         131
  C:5BA8H         LINE#         132
  C:5BAAH         LINE#         133
  C:5BACH         LINE#         134
  C:5BB2H         LINE#         135
  C:5BB8H         LINE#         136
  C:5BBDH         LINE#         137
  C:5BBFH         LINE#         138
  C:5BC7H         LINE#         139
  C:5BD1H         LINE#         140
  C:5BDCH         LINE#         141
  C:5BDCH         LINE#         142
  C:5BE2H         LINE#         143
  C:5BE8H         LINE#         144
  C:5BE8H         LINE#         145
  -------         ENDPROC       SYSINIT
  -------         PROC          SETLINE
  -------         DO            
  X:043BH         SYMBOL        Done
  X:043CH         SYMBOL        Linetmp
  -------         ENDDO         
  C:40FFH         LINE#         147
  C:40FFH         LINE#         148
  C:40FFH         LINE#         151
  C:4104H         LINE#         153
  C:410DH         LINE#         155
BL51 BANKED LINKER/LOCATER V6.22                                                      05/06/2015  14:06:26  PAGE 14


  C:4117H         LINE#         156
  C:411BH         LINE#         157
  C:4126H         LINE#         158
  C:4126H         LINE#         159
  C:412CH         LINE#         160
  C:4132H         LINE#         161
  C:4132H         LINE#         162
  C:413BH         LINE#         163
  C:4144H         LINE#         164
  C:4147H         LINE#         165
  C:415AH         LINE#         166
  C:416DH         LINE#         167
  C:4180H         LINE#         168
  C:4197H         LINE#         169
  C:41A0H         LINE#         170
  C:41A0H         LINE#         171
  C:41BEH         LINE#         173
  C:41C4H         LINE#         174
  C:41C4H         LINE#         175
  C:41E9H         LINE#         176
  C:41E9H         LINE#         177
  C:41E9H         LINE#         178
  C:41E9H         LINE#         179
  C:41EEH         LINE#         180
  C:41F3H         LINE#         181
  C:4200H         LINE#         182
  C:4203H         LINE#         183
  C:4205H         LINE#         184
  C:4205H         LINE#         185
  C:4205H         LINE#         186
  C:420AH         LINE#         187
  C:420FH         LINE#         188
  C:421FH         LINE#         189
  C:421FH         LINE#         190
  C:4222H         LINE#         191
  C:4222H         LINE#         192
  C:4222H         LINE#         193
  C:4227H         LINE#         194
  C:422CH         LINE#         195
  C:4259H         LINE#         196
  C:4262H         LINE#         197
  C:4265H         LINE#         198
  C:426EH         LINE#         199
  C:4277H         LINE#         200
  C:4281H         LINE#         201
  C:4284H         LINE#         202
  C:4287H         LINE#         203
  C:428AH         LINE#         204
  C:428DH         LINE#         206
  C:4296H         LINE#         207
  C:42A4H         LINE#         208
  C:42B4H         LINE#         209
  C:42BDH         LINE#         211
  C:42C0H         LINE#         212
  C:42C2H         LINE#         213
  C:42C2H         LINE#         214
  C:42C2H         LINE#         215
BL51 BANKED LINKER/LOCATER V6.22                                                      05/06/2015  14:06:26  PAGE 15


  C:42C7H         LINE#         216
  C:42CCH         LINE#         217
  C:42CFH         LINE#         218
  C:42D5H         LINE#         219
  C:42D8H         LINE#         220
  C:42D8H         LINE#         221
  C:42D8H         LINE#         222
  C:42D8H         LINE#         223
  -------         ENDPROC       SETLINE
  -------         PROC          SET_MODE
  -------         DO            
  X:0436H         SYMBOL        Done
  X:0437H         SYMBOL        InMode
  X:0438H         SYMBOL        menucnt
  X:0439H         SYMBOL        Eraseflag
  X:043AH         SYMBOL        YesNo
  -------         ENDDO         
  C:3C7DH         LINE#         225
  C:3C7DH         LINE#         226
  C:3C7DH         LINE#         232
  C:3C82H         LINE#         233
  C:3C86H         LINE#         234
  C:3C8AH         LINE#         235
  C:3C8EH         LINE#         236
  C:3C92H         LINE#         237
  C:3C96H         LINE#         238
  C:3C99H         LINE#         240
  C:3CA2H         LINE#         242
  C:3CABH         LINE#         243
  C:3CABH         LINE#         244
  C:3CB1H         LINE#         245
  C:3CB1H         LINE#         246
  C:3CC9H         LINE#         247
  C:3CC9H         LINE#         248
  C:3CC9H         LINE#         249
  C:3CCEH         LINE#         250
  C:3CD3H         LINE#         251
  C:3CD9H         LINE#         252
  C:3CD9H         LINE#         253
  C:3CE1H         LINE#         254
  C:3CE1H         LINE#         255
  C:3CECH         LINE#         256
  C:3CEEH         LINE#         257
  C:3D06H         LINE#         258
  C:3D06H         LINE#         259
  C:3D06H         LINE#         260
  C:3D08H         LINE#         262
  C:3D08H         LINE#         263
  C:3D15H         LINE#         264
  C:3D18H         LINE#         265
  C:3D18H         LINE#         266
  C:3D18H         LINE#         267
  C:3D18H         LINE#         268
  C:3D1BH         LINE#         270
  C:3D1BH         LINE#         271
  C:3D21H         LINE#         272
  C:3D26H         LINE#         273
BL51 BANKED LINKER/LOCATER V6.22                                                      05/06/2015  14:06:26  PAGE 16


  C:3D26H         LINE#         274
  C:3D29H         LINE#         275
  C:3D29H         LINE#         276
  C:3D2EH         LINE#         277
  C:3D33H         LINE#         278
  C:3D39H         LINE#         279
  C:3D39H         LINE#         280
  C:3D41H         LINE#         281
  C:3D41H         LINE#         282
  C:3D4CH         LINE#         283
  C:3D4FH         LINE#         284
  C:3D73H         LINE#         285
  C:3D86H         LINE#         286
  C:3D86H         LINE#         287
  C:3D89H         LINE#         289
  C:3D89H         LINE#         290
  C:3D96H         LINE#         291
  C:3D98H         LINE#         292
  C:3D98H         LINE#         293
  C:3D98H         LINE#         294
  C:3D98H         LINE#         295
  C:3D9BH         LINE#         297
  C:3D9BH         LINE#         298
  C:3DA1H         LINE#         299
  C:3DA5H         LINE#         300
  C:3DA5H         LINE#         301
  C:3DA8H         LINE#         302
  C:3DA8H         LINE#         303
  C:3DADH         LINE#         304
  C:3DB2H         LINE#         305
  C:3DBBH         LINE#         306
  C:3DBBH         LINE#         307
  C:3DC4H         LINE#         308
  C:3DC4H         LINE#         309
  C:3DCAH         LINE#         310
  C:3DCAH         LINE#         312
  C:3DCEH         LINE#         313
  C:3DCEH         LINE#         314
  C:3DD1H         LINE#         315
  C:3DE8H         LINE#         316
  C:3DEBH         LINE#         317
  C:3DEEH         LINE#         318
  C:3DF1H         LINE#         319
  C:3E08H         LINE#         320
  C:3E0BH         LINE#         322
  C:3E14H         LINE#         324
  C:3E14H         LINE#         326
  C:3E17H         LINE#         327
  C:3E1FH         LINE#         328
  C:3E22H         LINE#         329
  C:3E27H         LINE#         330
  C:3E29H         LINE#         331
  C:3E2CH         LINE#         333
  C:3E2CH         LINE#         334
  C:3E32H         LINE#         335
  C:3E35H         LINE#         336
  C:3E4CH         LINE#         337
BL51 BANKED LINKER/LOCATER V6.22                                                      05/06/2015  14:06:26  PAGE 17


  C:3E63H         LINE#         338
  C:3E79H         LINE#         339
  C:3E79H         LINE#         340
  C:3E79H         LINE#         342
  C:3E7BH         LINE#         343
  C:3E84H         LINE#         344
  C:3E84H         LINE#         345
  C:3E87H         LINE#         346
  C:3E8AH         LINE#         347
  C:3E92H         LINE#         348
  C:3E95H         LINE#         349
  C:3E95H         LINE#         359
  C:3E98H         LINE#         361
  C:3E98H         LINE#         362
  C:3E9BH         LINE#         363
  C:3EA3H         LINE#         364
  C:3EA6H         LINE#         365
  C:3EA9H         LINE#         366
  C:3EA9H         LINE#         367
  C:3EABH         LINE#         368
  C:3EABH         LINE#         369
  C:3EB0H         LINE#         370
  C:3EB5H         LINE#         371
  C:3EB8H         LINE#         372
  C:3EBEH         LINE#         373
  C:3EC1H         LINE#         374
  C:3EC1H         LINE#         376
  C:3EC1H         LINE#         377
  C:3EC1H         LINE#         379
  -------         ENDPROC       SET_MODE
  -------         PROC          CUT_MODE
  -------         DO            
  X:0436H         SYMBOL        Done
  X:0437H         SYMBOL        InMode
  X:0438H         SYMBOL        menucnt
  -------         ENDDO         
  C:4B69H         LINE#         380
  C:4B69H         LINE#         381
  C:4B69H         LINE#         385
  C:4B6FH         LINE#         386
  C:4B74H         LINE#         387
  C:4B78H         LINE#         388
  C:4B7DH         LINE#         389
  C:4B80H         LINE#         391
  C:4B89H         LINE#         393
  C:4B92H         LINE#         394
  C:4B92H         LINE#         395
  C:4B98H         LINE#         396
  C:4B98H         LINE#         397
  C:4BADH         LINE#         398
  C:4BADH         LINE#         399
  C:4BADH         LINE#         400
  C:4BB2H         LINE#         401
  C:4BB7H         LINE#         402
  C:4BBDH         LINE#         403
  C:4BBDH         LINE#         404
  C:4BC8H         LINE#         405
BL51 BANKED LINKER/LOCATER V6.22                                                      05/06/2015  14:06:26  PAGE 18


  C:4BCBH         LINE#         406
  C:4BCBH         LINE#         407
  C:4BCBH         LINE#         408
  C:4BCEH         LINE#         410
  C:4BCEH         LINE#         411
  C:4BD3H         LINE#         412
  C:4BD8H         LINE#         413
  C:4BD8H         LINE#         414
  C:4BDAH         LINE#         415
  C:4BDAH         LINE#         416
  C:4BDFH         LINE#         417
  C:4BE4H         LINE#         418
  C:4BEAH         LINE#         419
  C:4BEAH         LINE#         420
  C:4BF5H         LINE#         421
  C:4BF7H         LINE#         422
  C:4BF7H         LINE#         423
  C:4BF7H         LINE#         424
  C:4BF9H         LINE#         426
  C:4BF9H         LINE#         427
  C:4BFFH         LINE#         428
  C:4C04H         LINE#         429
  C:4C04H         LINE#         430
  C:4C06H         LINE#         431
  C:4C06H         LINE#         432
  C:4C0BH         LINE#         433
  C:4C10H         LINE#         434
  C:4C16H         LINE#         435
  C:4C16H         LINE#         436
  C:4C1BH         LINE#         437
  C:4C1BH         LINE#         438
  C:4C1EH         LINE#         439
  C:4C25H         LINE#         441
  C:4C25H         LINE#         443
  C:4C25H         LINE#         470
  C:4C28H         LINE#         471
  C:4C32H         LINE#         472
  C:4C3CH         LINE#         473
  C:4C46H         LINE#         474
  C:4C4BH         LINE#         475
  C:4C4EH         LINE#         476
  C:4C56H         LINE#         477
  C:4C59H         LINE#         478
  C:4C59H         LINE#         479
  C:4C5CH         LINE#         481
  C:4C5CH         LINE#         482
  C:4C5FH         LINE#         483
  C:4C67H         LINE#         484
  C:4C6AH         LINE#         485
  C:4C6DH         LINE#         486
  C:4C6DH         LINE#         487
  C:4C6FH         LINE#         488
  C:4C6FH         LINE#         489
  C:4C74H         LINE#         490
  C:4C79H         LINE#         491
  C:4C7CH         LINE#         492
  C:4C82H         LINE#         493
BL51 BANKED LINKER/LOCATER V6.22                                                      05/06/2015  14:06:26  PAGE 19


  C:4C85H         LINE#         494
  C:4C85H         LINE#         496
  C:4C85H         LINE#         497
  C:4C85H         LINE#         498
  -------         ENDPROC       CUT_MODE
  -------         PROC          TEST_MODE
  -------         DO            
  X:0436H         SYMBOL        Done
  X:0437H         SYMBOL        InMode
  X:0438H         SYMBOL        IRtmp
  -------         ENDDO         
  C:3EC2H         LINE#         499
  C:3EC2H         LINE#         500
  C:3EC2H         LINE#         504
  C:3ECCH         LINE#         505
  C:3ED1H         LINE#         506
  C:3ED5H         LINE#         507
  C:3ED8H         LINE#         508
  C:3EDDH         LINE#         509
  C:3EE0H         LINE#         511
  C:3EE9H         LINE#         513
  C:3EF2H         LINE#         514
  C:3EF2H         LINE#         515
  C:3EF9H         LINE#         516
  C:3EF9H         LINE#         518
  C:3F11H         LINE#         519
  C:3F11H         LINE#         520
  C:3F25H         LINE#         521
  C:3F25H         LINE#         522
  C:3F3CH         LINE#         523
  C:3F3CH         LINE#         524
  C:3F68H         LINE#         525
  C:3F96H         LINE#         527
  C:3FC9H         LINE#         528
  C:3FF7H         LINE#         530
  C:4025H         LINE#         531
  C:404CH         LINE#         532
  C:404FH         LINE#         533
  C:404FH         LINE#         534
  C:404FH         LINE#         536
  C:4058H         LINE#         537
  C:4058H         LINE#         538
  C:4070H         LINE#         539
  C:4070H         LINE#         540
  C:4070H         LINE#         541
  C:4075H         LINE#         542
  C:407AH         LINE#         543
  C:4083H         LINE#         544
  C:4083H         LINE#         546
  C:4083H         LINE#         548
  C:4083H         LINE#         549
  C:4089H         LINE#         550
  C:408DH         LINE#         551
  C:408DH         LINE#         552
  C:4090H         LINE#         553
  C:4090H         LINE#         554
  C:4095H         LINE#         555
BL51 BANKED LINKER/LOCATER V6.22                                                      05/06/2015  14:06:26  PAGE 20


  C:409AH         LINE#         556
  C:40A3H         LINE#         557
  C:40A3H         LINE#         559
  C:40A3H         LINE#         561
  C:40A3H         LINE#         562
  C:40A8H         LINE#         563
  C:40ADH         LINE#         564
  C:40ADH         LINE#         565
  C:40B0H         LINE#         566
  C:40B0H         LINE#         567
  C:40B5H         LINE#         568
  C:40BAH         LINE#         569
  C:40C3H         LINE#         570
  C:40C3H         LINE#         572
  C:40C3H         LINE#         574
  C:40C3H         LINE#         583
  C:40C6H         LINE#         584
  C:40C9H         LINE#         585
  C:40E0H         LINE#         586
  C:40E3H         LINE#         587
  C:40E6H         LINE#         588
  C:40E6H         LINE#         589
  C:40E8H         LINE#         590
  C:40E8H         LINE#         591
  C:40EDH         LINE#         592
  C:40F2H         LINE#         593
  C:40F5H         LINE#         594
  C:40FBH         LINE#         595
  C:40FEH         LINE#         596
  C:40FEH         LINE#         598
  C:40FEH         LINE#         599
  C:40FEH         LINE#         600
  -------         ENDPROC       TEST_MODE
  -------         PROC          CHEK4052
  -------         DO            
  X:0436H         SYMBOL        ret
  -------         ENDDO         
  C:4618H         LINE#         607
  C:4618H         LINE#         608
  C:4618H         LINE#         610
  C:461DH         LINE#         611
  C:4620H         LINE#         612
  C:4698H         LINE#         614
  C:4698H         LINE#         615
  C:469EH         LINE#         616
  C:46A7H         LINE#         617
  C:46BEH         LINE#         618
  C:46BEH         LINE#         619
  C:4736H         LINE#         621
  C:4736H         LINE#         622
  C:473CH         LINE#         623
  C:4745H         LINE#         624
  C:475CH         LINE#         625
  C:475CH         LINE#         626
  C:4762H         LINE#         627
  C:4762H         LINE#         628
  C:4778H         LINE#         629
BL51 BANKED LINKER/LOCATER V6.22                                                      05/06/2015  14:06:26  PAGE 21


  C:477BH         LINE#         630
  C:477BH         LINE#         631
  C:4788H         LINE#         632
  C:4788H         LINE#         633
  C:478AH         LINE#         634
  C:478FH         LINE#         635
  C:4792H         LINE#         636
  C:4797H         LINE#         637
  C:4797H         LINE#         638
  C:479CH         LINE#         639
  -------         ENDPROC       CHEK4052
  -------         PROC          MAIN
  C:372EH         LINE#         641
  C:372EH         LINE#         642
  C:372EH         LINE#         643
  C:3730H         LINE#         644
  C:3733H         LINE#         645
  C:3735H         LINE#         647
  C:3738H         LINE#         650
  C:3741H         LINE#         651
  C:374FH         LINE#         652
  C:375FH         LINE#         653
  C:3768H         LINE#         654
  C:377EH         LINE#         655
  C:3794H         LINE#         656
  C:379FH         LINE#         658
  C:37A2H         LINE#         661
  C:37ABH         LINE#         662
  C:37B4H         LINE#         663
  C:37BCH         LINE#         664
  C:37C5H         LINE#         665
  C:37CEH         LINE#         666
  C:37D6H         LINE#         667
  C:37DFH         LINE#         668
  C:37E8H         LINE#         669
  C:37F0H         LINE#         670
  C:37F9H         LINE#         671
  C:3802H         LINE#         672
  C:380AH         LINE#         673
  C:3813H         LINE#         674
  C:381CH         LINE#         675
  C:3824H         LINE#         676
  C:382DH         LINE#         678
  C:3836H         LINE#         679
  C:383EH         LINE#         680
  C:3847H         LINE#         681
  C:3850H         LINE#         682
  C:3858H         LINE#         683
  C:3861H         LINE#         684
  C:386AH         LINE#         685
  C:3872H         LINE#         686
  C:387BH         LINE#         687
  C:3884H         LINE#         688
  C:388CH         LINE#         689
  C:3895H         LINE#         690
  C:389EH         LINE#         691
  C:38A6H         LINE#         692
BL51 BANKED LINKER/LOCATER V6.22                                                      05/06/2015  14:06:26  PAGE 22


  C:38AFH         LINE#         693
  C:38B8H         LINE#         694
  C:38C0H         LINE#         695
  C:38C9H         LINE#         697
  C:38D2H         LINE#         698
  C:38DAH         LINE#         699
  C:38E3H         LINE#         700
  C:38ECH         LINE#         701
  C:38F4H         LINE#         702
  C:38FDH         LINE#         703
  C:3906H         LINE#         704
  C:390EH         LINE#         705
  C:3917H         LINE#         706
  C:3920H         LINE#         707
  C:3928H         LINE#         708
  C:3931H         LINE#         710
  C:393AH         LINE#         711
  C:3942H         LINE#         712
  C:394BH         LINE#         713
  C:3954H         LINE#         714
  C:395CH         LINE#         715
  C:3965H         LINE#         716
  C:396EH         LINE#         717
  C:3976H         LINE#         718
  C:397FH         LINE#         719
  C:3988H         LINE#         720
  C:3990H         LINE#         721
  C:3999H         LINE#         722
  C:39A2H         LINE#         723
  C:39AAH         LINE#         724
  C:39B3H         LINE#         725
  C:39BCH         LINE#         727
  C:39BEH         LINE#         728
  C:39C0H         LINE#         729
  C:39CAH         LINE#         730
  C:39CDH         LINE#         732
  C:39CDH         LINE#         733
  C:39CDH         LINE#         734
  C:39D3H         LINE#         735
  C:39E1H         LINE#         736
  C:39E1H         LINE#         737
  C:39E1H         LINE#         738
  C:39E4H         LINE#         739
  C:39E6H         LINE#         740
  C:39E6H         LINE#         741
  C:39E9H         LINE#         742
  C:39EBH         LINE#         743
  C:39EBH         LINE#         744
  C:39EEH         LINE#         745
  -------         ENDPROC       MAIN
  -------         ENDMOD        MAIN

  -------         MODULE        24C02
  C:0000H         SYMBOL        _ICE_DUMMY_
  D:0080H         PUBLIC        P0
  D:0090H         PUBLIC        P1
  D:00A0H         PUBLIC        P2
BL51 BANKED LINKER/LOCATER V6.22                                                      05/06/2015  14:06:26  PAGE 23


  D:00B0H         PUBLIC        P3
  D:00C0H         PUBLIC        P4
  D:00C8H         PUBLIC        P5
  C:6307H         PUBLIC        _at24c02_wrdat
  D:00A8H         PUBLIC        IE
  C:6082H         PUBLIC        _Get_Pkg_Add
  C:6459H         PUBLIC        i2c_start
  C:0013H         PUBLIC        delay_5us
  C:603AH         PUBLIC        Flush_24c02
  D:00B8H         PUBLIC        IP
  D:00D8H         PUBLIC        CCON
  C:6622H         PUBLIC        i2c_stop
  B:00A0H.1       PUBLIC        P21
  B:00A0H.2       PUBLIC        P22
  D:0098H         PUBLIC        SCON
  C:6659H         PUBLIC        delay_10ms
  D:0088H         PUBLIC        TCON
  C:6537H         PUBLIC        _at24c02_rd
  C:668DH         PUBLIC        delay_10us
  D:00F0H         PUBLIC        B
  D:00E0H         PUBLIC        ACC
  C:65C2H         PUBLIC        _at24c02_wr
  B:0020H.0       PUBLIC        ACK
  C:6154H         PUBLIC        _i2c_sentbyte
  C:62ADH         PUBLIC        _i2c_rcvbyte
  C:5B00H         PUBLIC        _Get_Pkg_CNT
  C:6109H         PUBLIC        _at24c02_rddat
  D:00D0H         PUBLIC        PSW
  -------         PROC          DELAY_10US
  -------         DO            
  D:0007H         SYMBOL        i
  -------         ENDDO         
  C:668DH         LINE#         8
  C:668DH         LINE#         9
  C:668DH         LINE#         11
  C:668EH         LINE#         12
  C:668FH         LINE#         13
  C:6690H         LINE#         14
  C:6692H         LINE#         15
  C:6694H         LINE#         16
  -------         ENDPROC       DELAY_10US
  C:000EH         SYMBOL        L?0070
  -------         PROC          L?0069
  -------         ENDPROC       L?0069
  C:000EH         SYMBOL        L?0070
  -------         PROC          DELAY_5US
  -------         DO            
  D:0007H         SYMBOL        i
  -------         ENDDO         
  C:0013H         LINE#         20
  C:0013H         LINE#         21
  C:0013H         LINE#         23
  C:0014H         LINE#         24
  C:0015H         LINE#         25
  C:0016H         LINE#         26
  C:0018H         LINE#         27
  C:001AH         LINE#         28
BL51 BANKED LINKER/LOCATER V6.22                                                      05/06/2015  14:06:26  PAGE 24


  -------         ENDPROC       DELAY_5US
  -------         PROC          DELAY_10MS
  -------         DO            
  D:0007H         SYMBOL        i
  D:0006H         SYMBOL        j
  -------         ENDDO         
  C:6659H         LINE#         32
  C:6659H         LINE#         33
  C:6659H         LINE#         36
  C:665AH         LINE#         37
  C:665BH         LINE#         38
  C:665DH         LINE#         39
  C:665FH         LINE#         41
  C:665FH         LINE#         42
  C:6661H         LINE#         43
  C:6661H         LINE#         44
  C:6663H         LINE#         45
  -------         ENDPROC       DELAY_10MS
  -------         PROC          I2C_START
  C:6459H         LINE#         56
  C:6459H         LINE#         57
  C:6459H         LINE#         58
  C:645CH         LINE#         59
  C:645EH         LINE#         60
  C:6461H         LINE#         61
  C:6463H         LINE#         62
  C:6466H         LINE#         63
  C:646CH         LINE#         64
  C:646CH         LINE#         65
  C:646EH         LINE#         66
  C:6471H         LINE#         67
  C:6473H         LINE#         68
  C:6476H         LINE#         69
  C:6476H         LINE#         70
  C:6476H         LINE#         72
  C:6476H         LINE#         73
  C:6477H         LINE#         74
  C:6477H         LINE#         75
  -------         ENDPROC       I2C_START
  -------         PROC          I2C_STOP
  C:6622H         LINE#         87
  C:6622H         LINE#         88
  C:6622H         LINE#         89
  C:6625H         LINE#         90
  C:6627H         LINE#         91
  C:662AH         LINE#         92
  C:662CH         LINE#         93
  C:662FH         LINE#         94
  C:6631H         LINE#         95
  -------         ENDPROC       I2C_STOP
  C:614AH         SYMBOL        L?0067
  C:614FH         SYMBOL        L?0068
  -------         PROC          L?0066
  -------         ENDPROC       L?0066
  C:614AH         SYMBOL        L?0067
  C:614FH         SYMBOL        L?0068
  -------         PROC          _I2C_SENTBYTE
BL51 BANKED LINKER/LOCATER V6.22                                                      05/06/2015  14:06:26  PAGE 25


  D:0006H         SYMBOL        byt
  -------         DO            
  D:0005H         SYMBOL        i
  -------         ENDDO         
  C:6154H         LINE#         103
  C:6156H         LINE#         104
  C:6156H         LINE#         107
  C:6158H         LINE#         108
  C:6158H         LINE#         109
  C:615BH         LINE#         110
  C:615FH         LINE#         111
  C:615FH         LINE#         112
  C:6161H         LINE#         113
  C:6163H         LINE#         115
  C:6163H         LINE#         116
  C:6165H         LINE#         117
  C:6165H         LINE#         119
  C:6165H         LINE#         120
  C:6165H         LINE#         121
  C:6168H         LINE#         122
  C:616AH         LINE#         124
  C:616EH         LINE#         125
  C:6173H         LINE#         126
  C:6176H         LINE#         127
  C:6178H         LINE#         128
  C:6178H         LINE#         129
  C:6178H         LINE#         130
  C:617BH         LINE#         131
  C:617FH         LINE#         132
  C:6181H         LINE#         134
  C:6183H         LINE#         135
  -------         ENDPROC       _I2C_SENTBYTE
  -------         PROC          _I2C_RCVBYTE
  D:0006H         SYMBOL        ack_chack
  -------         DO            
  D:0004H         SYMBOL        i
  D:0005H         SYMBOL        temp
  -------         ENDDO         
  C:62ADH         LINE#         142
  C:62AFH         LINE#         143
  C:62AFH         LINE#         144
  C:62B1H         LINE#         146
  C:62B4H         LINE#         147
  C:62B6H         LINE#         149
  C:62B7H         LINE#         150
  C:62B7H         LINE#         151
  C:62BBH         LINE#         152
  C:62BBH         LINE#         153
  C:62BBH         LINE#         154
  C:62BEH         LINE#         155
  C:62C1H         LINE#         156
  C:62C2H         LINE#         157
  C:62C4H         LINE#         158
  C:62C9H         LINE#         160
  C:62CCH         LINE#         161
  C:62CEH         LINE#         162
  C:62D1H         LINE#         163
BL51 BANKED LINKER/LOCATER V6.22                                                      05/06/2015  14:06:26  PAGE 26


  C:62D1H         LINE#         164
  C:62D3H         LINE#         165
  C:62D3H         LINE#         167
  C:62D3H         LINE#         168
  C:62D3H         LINE#         169
  C:62D6H         LINE#         170
  C:62D8H         LINE#         172
  C:62DAH         LINE#         173
  -------         ENDPROC       _I2C_RCVBYTE
  -------         PROC          _AT24C02_WR
  D:0003H         SYMBOL        address
  D:0004H         SYMBOL        dat
  C:65C2H         LINE#         180
  C:65C6H         LINE#         181
  C:65C6H         LINE#         182
  C:65C9H         LINE#         183
  C:65CEH         LINE#         184
  C:65D0H         LINE#         185
  C:65D3H         LINE#         186
  -------         ENDPROC       _AT24C02_WR
  -------         PROC          _AT24C02_WRDAT
  D:0004H         SYMBOL        address
  D:0001H         SYMBOL        dat
  X:0448H         SYMBOL        bytenum
  C:6307H         LINE#         190
  C:6307H         LINE#         191
  C:6307H         LINE#         192
  C:6307H         LINE#         193
  C:6307H         LINE#         194
  C:630AH         LINE#         195
  C:6314H         LINE#         196
  C:6314H         LINE#         197
  C:631BH         LINE#         198
  C:6322H         LINE#         199
  C:6323H         LINE#         200
  C:632AH         LINE#         203
  C:632DH         LINE#         204
  C:6330H         LINE#         205
  -------         ENDPROC       _AT24C02_WRDAT
  -------         PROC          _AT24C02_RD
  D:0004H         SYMBOL        address
  -------         DO            
  D:0006H         SYMBOL        temp
  -------         ENDDO         
  C:6537H         LINE#         212
  C:6537H         LINE#         213
  C:6537H         LINE#         215
  C:6537H         LINE#         216
  C:6537H         LINE#         217
  C:653AH         LINE#         218
  C:653DH         LINE#         219
  C:6542H         LINE#         220
  C:6549H         LINE#         221
  C:654CH         LINE#         222
  C:654EH         LINE#         223
  -------         ENDPROC       _AT24C02_RD
  -------         PROC          _AT24C02_RDDAT
BL51 BANKED LINKER/LOCATER V6.22                                                      05/06/2015  14:06:26  PAGE 27


  D:0004H         SYMBOL        address
  D:0001H         SYMBOL        dat
  X:0448H         SYMBOL        bytenum
  C:6109H         LINE#         224
  C:610BH         LINE#         225
  C:610BH         LINE#         226
  C:6111H         LINE#         227
  C:6111H         LINE#         228
  C:6111H         LINE#         229
  C:6111H         LINE#         230
  C:6114H         LINE#         231
  C:6117H         LINE#         232
  C:611CH         LINE#         233
  C:611FH         LINE#         234
  C:6129H         LINE#         235
  C:6129H         LINE#         236
  C:6132H         LINE#         237
  C:6139H         LINE#         238
  C:613BH         LINE#         239
  C:6144H         LINE#         240
  C:6147H         LINE#         241
  C:6147H         LINE#         242
  -------         ENDPROC       _AT24C02_RDDAT
  -------         PROC          FLUSH_24C02
  -------         DO            
  X:043BH         SYMBOL        i
  -------         ENDDO         
  C:603AH         LINE#         244
  C:603AH         LINE#         245
  C:603AH         LINE#         247
  C:604DH         LINE#         248
  C:605CH         LINE#         249
  C:605CH         LINE#         250
  C:6061H         LINE#         251
  C:6076H         LINE#         252
  C:6079H         LINE#         253
  C:6081H         LINE#         254
  -------         ENDPROC       FLUSH_24C02
  -------         PROC          _GET_PKG_ADD
  X:043FH         SYMBOL        package
  -------         DO            
  X:0440H         SYMBOL        ret
  -------         ENDDO         
  C:6082H         LINE#         258
  C:6087H         LINE#         259
  C:6087H         LINE#         261
  C:6089H         LINE#         262
  C:6089H         LINE#         263
  C:6097H         LINE#         264
  C:6099H         LINE#         265
  C:60A9H         LINE#         266
  C:60A9H         LINE#         267
  C:60AEH         LINE#         268
  C:60B0H         LINE#         270
  C:60B0H         LINE#         271
  C:60B8H         LINE#         272
  C:60B8H         LINE#         273
BL51 BANKED LINKER/LOCATER V6.22                                                      05/06/2015  14:06:26  PAGE 28


  C:60C6H         LINE#         274
  -------         ENDPROC       _GET_PKG_ADD
  -------         PROC          _GET_PKG_CNT
  X:043FH         SYMBOL        package
  D:0005H         SYMBOL        mode
  -------         DO            
  X:0440H         SYMBOL        ret
  -------         ENDDO         
  C:5B00H         LINE#         279
  C:5B05H         LINE#         280
  C:5B05H         LINE#         282
  C:5B08H         LINE#         283
  C:5B08H         LINE#         284
  C:5B0BH         LINE#         285
  C:5B0BH         LINE#         286
  C:5B19H         LINE#         287
  C:5B1BH         LINE#         288
  C:5B2BH         LINE#         289
  C:5B2BH         LINE#         290
  C:5B30H         LINE#         291
  C:5B32H         LINE#         293
  C:5B32H         LINE#         294
  C:5B37H         LINE#         295
  C:5B37H         LINE#         296
  C:5B39H         LINE#         298
  C:5B39H         LINE#         299
  C:5B3FH         LINE#         300
  C:5B3FH         LINE#         301
  C:5B4DH         LINE#         302
  C:5B4FH         LINE#         303
  C:5B5FH         LINE#         304
  C:5B5FH         LINE#         305
  C:5B64H         LINE#         306
  C:5B66H         LINE#         308
  C:5B66H         LINE#         309
  C:5B6EH         LINE#         310
  C:5B6EH         LINE#         311
  C:5B6EH         LINE#         312
  C:5B7CH         LINE#         313
  -------         ENDPROC       _GET_PKG_CNT
  -------         ENDMOD        24C02

  -------         MODULE        OLED
  C:0000H         SYMBOL        _ICE_DUMMY_
  D:0080H         PUBLIC        P0
  X:0000H         PUBLIC        OLED_GRAM_TMP
  D:0090H         PUBLIC        P1
  D:00A0H         PUBLIC        P2
  D:00B0H         PUBLIC        P3
  D:00C0H         PUBLIC        P4
  D:00C8H         PUBLIC        P5
  D:00A8H         PUBLIC        IE
  C:627DH         PUBLIC        _OLED_Fill
  C:02EBH         PUBLIC        asc2_1206
  D:00B8H         PUBLIC        IP
  C:4C86H         PUBLIC        _Disp_Menu_0
  C:075FH         PUBLIC        asc2_1608
BL51 BANKED LINKER/LOCATER V6.22                                                      05/06/2015  14:06:26  PAGE 29


  C:4EB2H         PUBLIC        _Disp_Menu_1
  C:58AFH         PUBLIC        _OLED_Draw_RectangleFill
  C:55FDH         PUBLIC        OLED_Init
  C:47A9H         PUBLIC        _OLED_DrawLine
  C:62DBH         PUBLIC        _ByteMirro
  C:580EH         PUBLIC        _OLED_DrawPoint
  D:00D8H         PUBLIC        CCON
  C:4A5AH         PUBLIC        _OLED_ShowString
  C:6331H         PUBLIC        _OLED_WR_Byte
  C:4FE9H         PUBLIC        _OLED_ShowChar
  C:00B1H         PUBLIC        F7x5
  C:59E6H         PUBLIC        _OLED_ShowFont16
  C:5DF9H         PUBLIC        _OLED_DrawBar
  C:0D4FH         PUBLIC        Hzk
  X:0200H         PUBLIC        OLED_GRAM
  C:5D39H         PUBLIC        _OLED_DrawRectangle
  C:116FH         PUBLIC        logo
  C:136FH         PUBLIC        _OLED_ShowAdd
  D:0098H         PUBLIC        SCON
  B:00A0H.3       PUBLIC        P23
  D:0088H         PUBLIC        TCON
  B:00A0H.4       PUBLIC        P24
  B:00A0H.5       PUBLIC        P25
  B:00A0H.6       PUBLIC        P26
  B:00A0H.7       PUBLIC        P27
  C:5FF1H         PUBLIC        _mypow
  C:50E0H         PUBLIC        _OLED_DrawICON
  D:00F0H         PUBLIC        B
  C:60C7H         PUBLIC        OLED_Refresh_Gram
  C:6439H         PUBLIC        _OLED_Set_Pos
  D:00E0H         PUBLIC        ACC
  C:6194H         PUBLIC        _OLED_Draw_HLine
  C:5BF6H         PUBLIC        _OLED_DrawTriangle
  C:63D0H         PUBLIC        _OLED_Draw_RLine
  C:651DH         PUBLIC        _delay_ms
  C:52B3H         PUBLIC        _OLED_Draw_LineS
  C:4DA1H         PUBLIC        _OLED_DrawSetBar
  C:5471H         PUBLIC        _OLED_ShowNum
  C:10EFH         PUBLIC        test_ico
  C:106FH         PUBLIC        cut_ico
  C:0FEFH         PUBLIC        set_ico
  C:5F5BH         PUBLIC        _OLED_Draw_Square
  C:56B1H         PUBLIC        _OLED_DrawCircle
  C:61F2H         PUBLIC        OLED_Clear
  C:539DH         PUBLIC        _Disp_Menu_Main
  C:5FA6H         PUBLIC        _OLED_Draw_SquareFill
  C:5538H         PUBLIC        _OLED_DrawBMP
  C:2CD5H         PUBLIC        _OLED_Draw_WindowsDraw
  D:00D0H         PUBLIC        PSW
  -------         PROC          _BYTEMIRRO
  D:0007H         SYMBOL        dat
  C:62DBH         LINE#         36
  C:62DBH         LINE#         37
  C:62DBH         LINE#         38
  C:62EAH         LINE#         39
  C:62FAH         LINE#         40
  C:6306H         LINE#         41
BL51 BANKED LINKER/LOCATER V6.22                                                      05/06/2015  14:06:26  PAGE 30


  C:6306H         LINE#         42
  -------         ENDPROC       _BYTEMIRRO
  -------         PROC          _DELAY_MS
  D:0006H         SYMBOL        ms
  -------         DO            
  D:0004H         SYMBOL        a
  -------         ENDDO         
  C:651DH         LINE#         44
  C:651DH         LINE#         45
  C:651DH         LINE#         47
  C:6521H         LINE#         48
  C:6521H         LINE#         49
  C:6525H         LINE#         50
  C:652FH         LINE#         51
  C:6534H         LINE#         52
  C:6536H         LINE#         54
  -------         ENDPROC       _DELAY_MS
  -------         PROC          _OLED_WR_BYTE
  D:0007H         SYMBOL        dat
  D:0005H         SYMBOL        cmd
  -------         DO            
  D:0006H         SYMBOL        i
  -------         ENDDO         
  C:6331H         LINE#         76
  C:6331H         LINE#         77
  C:6331H         LINE#         79
  C:6334H         LINE#         80
  C:6338H         LINE#         82
  C:633AH         LINE#         83
  C:633CH         LINE#         84
  C:633EH         LINE#         85
  C:633EH         LINE#         86
  C:6340H         LINE#         87
  C:6344H         LINE#         88
  C:6344H         LINE#         89
  C:6346H         LINE#         90
  C:6348H         LINE#         92
  C:634AH         LINE#         93
  C:634CH         LINE#         94
  C:6350H         LINE#         95
  C:6355H         LINE#         96
  C:6357H         LINE#         97
  C:6359H         LINE#         98
  -------         ENDPROC       _OLED_WR_BYTE
  -------         PROC          _OLED_SET_POS
  D:0004H         SYMBOL        x
  D:0005H         SYMBOL        y
  C:6439H         LINE#         101
  C:643BH         LINE#         102
  C:643BH         LINE#         103
  C:6444H         LINE#         104
  C:6450H         LINE#         105
  -------         ENDPROC       _OLED_SET_POS
  -------         PROC          OLED_REFRESH_GRAM
  -------         DO            
  D:0004H         SYMBOL        i
  D:0003H         SYMBOL        n
BL51 BANKED LINKER/LOCATER V6.22                                                      05/06/2015  14:06:26  PAGE 31


  -------         ENDDO         
  C:60C7H         LINE#         123
  C:60C7H         LINE#         124
  C:60C7H         LINE#         126
  C:60C9H         LINE#         127
  C:60C9H         LINE#         128
  C:60D2H         LINE#         129
  C:60D7H         LINE#         130
  C:60DCH         LINE#         131
  C:6103H         LINE#         132
  C:6108H         LINE#         133
  -------         ENDPROC       OLED_REFRESH_GRAM
  C:61EBH         SYMBOL        L?0252
  -------         PROC          L?0251
  -------         ENDPROC       L?0251
  C:61EBH         SYMBOL        L?0252
  -------         PROC          OLED_CLEAR
  -------         DO            
  D:0007H         SYMBOL        i
  D:0006H         SYMBOL        n
  -------         ENDDO         
  C:61F2H         LINE#         136
  C:61F2H         LINE#         137
  C:61F2H         LINE#         139
  C:621BH         LINE#         141
  -------         ENDPROC       OLED_CLEAR
  C:5808H         SYMBOL        L?0248
  -------         PROC          L?0247
  -------         ENDPROC       L?0247
  C:5808H         SYMBOL        L?0248
  -------         PROC          _OLED_DRAWPOINT
  D:0007H         SYMBOL        x
  D:0005H         SYMBOL        y
  D:0003H         SYMBOL        t
  -------         DO            
  X:045CH         SYMBOL        pos
  D:0006H         SYMBOL        bx
  X:045DH         SYMBOL        temp
  -------         ENDDO         
  C:580EH         LINE#         146
  C:580EH         LINE#         147
  C:580EH         LINE#         148
  C:5813H         LINE#         149
  C:5824H         LINE#         150
  C:5833H         LINE#         151
  C:5837H         LINE#         152
  C:584BH         LINE#         153
  C:587BH         LINE#         154
  C:58A9H         LINE#         155
  -------         ENDPROC       _OLED_DRAWPOINT
  -------         PROC          L?0253
  -------         ENDPROC       L?0253
  -------         PROC          _OLED_DRAWLINE
  X:044EH         SYMBOL        x1
  D:0001H         SYMBOL        y1
  X:0450H         SYMBOL        x2
  X:0451H         SYMBOL        y2
BL51 BANKED LINKER/LOCATER V6.22                                                      05/06/2015  14:06:26  PAGE 32


  X:0452H         SYMBOL        t
  -------         DO            
  X:0453H         SYMBOL        dy
  X:0455H         SYMBOL        dx
  X:0457H         SYMBOL        dirx
  X:0458H         SYMBOL        diry
  D:0004H         SYMBOL        move
  -------         ENDDO         
  C:47A9H         LINE#         162
  C:47B5H         LINE#         163
  C:47B5H         LINE#         167
  C:47C6H         LINE#         168
  C:47D9H         LINE#         169
  C:47E9H         LINE#         170
  C:47E9H         LINE#         171
  C:47F6H         LINE#         172
  C:47FCH         LINE#         173
  C:47FEH         LINE#         175
  C:47FEH         LINE#         176
  C:4804H         LINE#         177
  C:4804H         LINE#         178
  C:4814H         LINE#         179
  C:4814H         LINE#         180
  C:4821H         LINE#         181
  C:4825H         LINE#         182
  C:4827H         LINE#         184
  C:4827H         LINE#         185
  C:482DH         LINE#         186
  C:482DH         LINE#         189
  C:483CH         LINE#         190
  C:4856H         LINE#         191
  C:4856H         LINE#         192
  C:4865H         LINE#         193
  C:4874H         LINE#         194
  C:4874H         LINE#         195
  C:487CH         LINE#         196
  C:487CH         LINE#         197
  C:4882H         LINE#         198
  C:488CH         LINE#         199
  C:488CH         LINE#         200
  C:4897H         LINE#         201
  C:489EH         LINE#         202
  C:48ADH         LINE#         203
  C:48AFH         LINE#         204
  C:48AFH         LINE#         206
  C:48AFH         LINE#         207
  C:48C0H         LINE#         208
  C:48C7H         LINE#         209
  C:48C7H         LINE#         210
  C:48CFH         LINE#         211
  C:48CFH         LINE#         212
  C:48DAH         LINE#         213
  C:48E4H         LINE#         214
  C:48E4H         LINE#         215
  C:48EAH         LINE#         216
  C:48F1H         LINE#         217
  C:4900H         LINE#         218
BL51 BANKED LINKER/LOCATER V6.22                                                      05/06/2015  14:06:26  PAGE 33


  C:4902H         LINE#         219
  C:4902H         LINE#         220
  -------         ENDPROC       _OLED_DRAWLINE
  -------         PROC          L?0250
  -------         ENDPROC       L?0250
  -------         PROC          _OLED_DRAW_HLINE
  D:0004H         SYMBOL        x0
  D:0001H         SYMBOL        y0
  D:0002H         SYMBOL        x1
  X:0451H         SYMBOL        t
  -------         DO            
  D:0007H         SYMBOL        temp
  -------         ENDDO         
  C:6194H         LINE#         232
  C:619AH         LINE#         233
  C:619AH         LINE#         235
  C:619FH         LINE#         236
  C:619FH         LINE#         237
  C:61A1H         LINE#         238
  C:61A3H         LINE#         239
  C:61A5H         LINE#         240
  C:61A5H         LINE#         242
  C:61A5H         LINE#         243
  C:61B1H         LINE#         244
  C:61B2H         LINE#         245
  C:61B2H         LINE#         246
  C:61B7H         LINE#         247
  -------         ENDPROC       _OLED_DRAW_HLINE
  -------         PROC          _OLED_DRAW_RLINE
  D:0001H         SYMBOL        x0
  D:0004H         SYMBOL        y0
  D:0002H         SYMBOL        y1
  X:0450H         SYMBOL        t
  -------         DO            
  D:0007H         SYMBOL        temp
  -------         ENDDO         
  C:63D0H         LINE#         258
  C:63D6H         LINE#         259
  C:63D6H         LINE#         261
  C:63DBH         LINE#         262
  C:63DBH         LINE#         263
  C:63DDH         LINE#         264
  C:63DFH         LINE#         265
  C:63E1H         LINE#         266
  C:63E1H         LINE#         268
  C:63E1H         LINE#         269
  C:63EDH         LINE#         270
  C:63EEH         LINE#         271
  C:63EEH         LINE#         272
  C:63F3H         LINE#         273
  -------         ENDPROC       _OLED_DRAW_RLINE
  C:5D34H         SYMBOL        L?0255
  -------         PROC          L?0254
  -------         ENDPROC       L?0254
  C:5D34H         SYMBOL        L?0255
  -------         PROC          _OLED_DRAWRECTANGLE
  X:0448H         SYMBOL        x1
BL51 BANKED LINKER/LOCATER V6.22                                                      05/06/2015  14:06:26  PAGE 34


  X:0449H         SYMBOL        y1
  X:044AH         SYMBOL        x2
  X:044BH         SYMBOL        y2
  X:044CH         SYMBOL        t
  C:5D39H         LINE#         284
  C:5D44H         LINE#         285
  C:5D4FH         LINE#         286
  C:5D69H         LINE#         287
  C:5D7FH         LINE#         288
  -------         ENDPROC       _OLED_DRAWRECTANGLE
  C:58AAH         SYMBOL        L?0257
  -------         PROC          L?0256
  -------         ENDPROC       L?0256
  C:58AAH         SYMBOL        L?0257
  -------         PROC          _OLED_DRAW_RECTANGLEFILL
  X:0448H         SYMBOL        x0
  X:0449H         SYMBOL        y0
  X:044AH         SYMBOL        x1
  X:044BH         SYMBOL        y1
  X:044CH         SYMBOL        t
  -------         DO            
  X:044DH         SYMBOL        i
  -------         ENDDO         
  C:58AFH         LINE#         300
  C:58BEH         LINE#         301
  C:58BEH         LINE#         304
  C:58C3H         LINE#         305
  C:58CCH         LINE#         306
  C:58D4H         LINE#         307
  C:58D9H         LINE#         308
  C:58D9H         LINE#         309
  C:58E7H         LINE#         310
  C:58ECH         LINE#         311
  C:58F1H         LINE#         312
  C:58F6H         LINE#         313
  C:58F6H         LINE#         316
  C:5903H         LINE#         317
  C:5918H         LINE#         319
  C:5918H         LINE#         320
  C:5924H         LINE#         321
  C:5924H         LINE#         323
  C:5924H         LINE#         325
  C:5932H         LINE#         326
  C:5947H         LINE#         327
  C:594DH         LINE#         328
  C:594FH         LINE#         329
  -------         ENDPROC       _OLED_DRAW_RECTANGLEFILL
  -------         PROC          _OLED_DRAW_SQUARE
  X:04D0H         SYMBOL        x0
  D:0001H         SYMBOL        y0
  D:0006H         SYMBOL        with
  X:04D3H         SYMBOL        t
  C:5F5BH         LINE#         339
  C:5F64H         LINE#         340
  C:5F64H         LINE#         341
  C:5F67H         LINE#         342
  C:5F7DH         LINE#         343
BL51 BANKED LINKER/LOCATER V6.22                                                      05/06/2015  14:06:26  PAGE 35


  C:5F90H         LINE#         344
  C:5FA5H         LINE#         345
  -------         ENDPROC       _OLED_DRAW_SQUARE
  -------         PROC          _OLED_DRAW_SQUAREFILL
  X:04D4H         SYMBOL        x0
  D:0001H         SYMBOL        y0
  D:0006H         SYMBOL        with
  X:04D7H         SYMBOL        t
  C:5FA6H         LINE#         355
  C:5FAFH         LINE#         356
  C:5FAFH         LINE#         357
  C:5FB2H         LINE#         358
  C:5FC8H         LINE#         359
  C:5FDBH         LINE#         360
  C:5FF0H         LINE#         361
  -------         ENDPROC       _OLED_DRAW_SQUAREFILL
  -------         PROC          _OLED_DRAW_LINES
  X:04A4H         SYMBOL        points
  X:04A7H         SYMBOL        no
  X:04A8H         SYMBOL        t
  -------         DO            
  X:04A9H         SYMBOL        x0
  D:0004H         SYMBOL        y0
  X:04AAH         SYMBOL        x1
  X:04ABH         SYMBOL        y1
  X:04ACH         SYMBOL        i
  -------         ENDDO         
  C:52B3H         LINE#         370
  C:52C1H         LINE#         371
  C:52C1H         LINE#         376
  C:52C6H         LINE#         377
  C:52CDH         LINE#         378
  C:52E4H         LINE#         379
  C:52F3H         LINE#         380
  C:5302H         LINE#         381
  C:5302H         LINE#         384
  C:5319H         LINE#         385
  C:532DH         LINE#         386
  C:5340H         LINE#         387
  C:5357H         LINE#         388
  C:536EH         LINE#         389
  C:5389H         LINE#         390
[...]
  C:3B3FH         LINE#         1038
  C:3B48H         LINE#         1039
  C:3B48H         LINE#         1041
  C:3B4FH         LINE#         1042
  C:3B4FH         LINE#         1044
  C:3B52H         LINE#         1045
BL51 BANKED LINKER/LOCATER V6.22                                                      05/06/2015  14:06:26  PAGE 61


  C:3B56H         LINE#         1046
  C:3B59H         LINE#         1048
  C:3B62H         LINE#         1050
  C:3B6AH         LINE#         1052
  C:3B73H         LINE#         1054
  C:3B73H         LINE#         1055
  C:3B80H         LINE#         1056
  C:3B80H         LINE#         1057
  C:3B82H         LINE#         1058
  C:3B87H         LINE#         1059
  C:3B8AH         LINE#         1060
  C:3B8AH         LINE#         1061
  C:3B98H         LINE#         1062
  C:3B98H         LINE#         1063
  C:3B9AH         LINE#         1064
  C:3B9FH         LINE#         1065
  C:3BA3H         LINE#         1066
  C:3BA3H         LINE#         1067
  C:3BAEH         LINE#         1068
  C:3BAEH         LINE#         1069
  C:3BB0H         LINE#         1070
  C:3BB5H         LINE#         1071
  C:3BD4H         LINE#         1072
  C:3BD7H         LINE#         1073
  C:3C05H         LINE#         1074
  C:3C08H         LINE#         1075
  C:3C08H         LINE#         1076
  C:3C1CH         LINE#         1077
  C:3C1CH         LINE#         1078
  C:3C1EH         LINE#         1079
  C:3C23H         LINE#         1080
  C:3C45H         LINE#         1081
  C:3C48H         LINE#         1082
  C:3C76H         LINE#         1083
  C:3C79H         LINE#         1084
  C:3C79H         LINE#         1085
  C:3C7CH         LINE#         1086
  -------         ENDPROC       _CUTRUN
  -------         ENDMOD        CD4052

  -------         MODULE        ISR
  C:0000H         SYMBOL        _ICE_DUMMY_
  C:6478H         PUBLIC        DsDecode
  D:0080H         PUBLIC        P0
  D:00B2H         PUBLIC        P3M0
  D:0090H         PUBLIC        P1
  D:00B1H         PUBLIC        P3M1
  D:00A0H         PUBLIC        P2
  D:00CAH         PUBLIC        P5M0
  D:00B0H         PUBLIC        P3
  D:00C9H         PUBLIC        P5M1
  D:00C0H         PUBLIC        P4
  D:00C8H         PUBLIC        P5
  D:00A8H         PUBLIC        IE
  X:0493H         PUBLIC        Decodecnt
  D:00B8H         PUBLIC        IP
  B:00B0H.2       PUBLIC        INT0
BL51 BANKED LINKER/LOCATER V6.22                                                      05/06/2015  14:06:26  PAGE 62


  D:00D8H         PUBLIC        CCON
  C:6502H         PUBLIC        T0_isr
  D:0098H         PUBLIC        SCON
  C:51C5H         PUBLIC        T1_isr
  B:00C0H.1       PUBLIC        P41
  D:0089H         PUBLIC        TMOD
  D:0088H         PUBLIC        TCON
  B:0080H.7       PUBLIC        P07
  B:00C0H.5       PUBLIC        P45
  B:00C8H.5       PUBLIC        P55
  B:00C0H.6       PUBLIC        P46
  C:6632H         PUBLIC        timerInit
  B:00C0H.7       PUBLIC        P47
  D:00F0H         PUBLIC        B
  D:008EH         PUBLIC        AUXR
  D:00E0H         PUBLIC        ACC
  B:00A8H.1       PUBLIC        ET0
  B:00A8H.3       PUBLIC        ET1
  B:0088H.5       PUBLIC        TF0
  C:6611H         PUBLIC        Timer0Init
  B:0088H.7       PUBLIC        TF1
  C:448AH         PUBLIC        INT0_isr
  C:65FEH         PUBLIC        Timer1Init
  D:008CH         PUBLIC        TH0
  B:00A8H.0       PUBLIC        EX0
  B:0088H.0       PUBLIC        IT0
  D:008DH         PUBLIC        TH1
  C:64E7H         PUBLIC        INT3_isr
  D:008AH         PUBLIC        TL0
  D:008BH         PUBLIC        TL1
  B:0088H.4       PUBLIC        TR0
  B:0088H.6       PUBLIC        TR1
  X:0495H         PUBLIC        ReIRcode
  C:666FH         PUBLIC        Int0Init
  C:667AH         PUBLIC        Int3Init
  D:008FH         PUBLIC        INT_CLKO
  D:00D0H         PUBLIC        PSW
  C:6567H         PUBLIC        EnDecode
  -------         PROC          ENDECODE
  C:6567H         LINE#         34
  C:6567H         LINE#         35
  C:6567H         LINE#         36
  C:6569H         LINE#         37
  C:6570H         LINE#         38
  C:6578H         LINE#         39
  C:657AH         LINE#         40
  C:657CH         LINE#         41
  C:657EH         LINE#         43
  -------         ENDPROC       ENDECODE
  -------         PROC          DSDECODE
  C:6478H         LINE#         44
  C:6478H         LINE#         45
  C:6478H         LINE#         46
  C:647AH         LINE#         47
  C:647CH         LINE#         48
  C:6483H         LINE#         49
  C:648BH         LINE#         50
BL51 BANKED LINKER/LOCATER V6.22                                                      05/06/2015  14:06:26  PAGE 63


  C:648DH         LINE#         51
  C:6495H         LINE#         53
  -------         ENDPROC       DSDECODE
  -------         PROC          TIMER0INIT
  C:6611H         LINE#         54
  C:6611H         LINE#         55
  C:6611H         LINE#         56
  C:6613H         LINE#         57
  C:6616H         LINE#         58
  C:6619H         LINE#         59
  C:661CH         LINE#         60
  C:661FH         LINE#         61
  C:6621H         LINE#         62
  -------         ENDPROC       TIMER0INIT
  -------         PROC          TIMER1INIT
  C:65FEH         LINE#         64
  C:65FEH         LINE#         65
  C:65FEH         LINE#         66
  C:6600H         LINE#         67
  C:6603H         LINE#         68
  C:6606H         LINE#         69
  C:6609H         LINE#         70
  C:660CH         LINE#         71
  C:660EH         LINE#         72
  C:6610H         LINE#         73
  -------         ENDPROC       TIMER1INIT
  -------         PROC          INT0INIT
  C:666FH         LINE#         74
  C:666FH         LINE#         75
  C:666FH         LINE#         77
  C:6672H         LINE#         78
  C:6675H         LINE#         79
  C:6677H         LINE#         80
  C:6679H         LINE#         81
  -------         ENDPROC       INT0INIT
  -------         PROC          INT3INIT
  C:667AH         LINE#         83
  C:667AH         LINE#         84
  C:667AH         LINE#         86
  C:667DH         LINE#         87
  C:6680H         LINE#         88
  C:6683H         LINE#         89
  -------         ENDPROC       INT3INIT
  -------         PROC          TIMERINIT
  C:6632H         LINE#         91
  C:6632H         LINE#         92
  C:6632H         LINE#         93
  C:6635H         LINE#         94
  C:6638H         LINE#         95
  C:663AH         LINE#         96
  C:663DH         LINE#         97
  -------         ENDPROC       TIMERINIT
  -------         PROC          INT3_ISR
  C:64E7H         LINE#         101
  C:64EFH         LINE#         104
  C:64F6H         LINE#         105
  C:64F6H         LINE#         106
BL51 BANKED LINKER/LOCATER V6.22                                                      05/06/2015  14:06:26  PAGE 64


  C:64F9H         LINE#         107
  C:64F9H         LINE#         109
  -------         ENDPROC       INT3_ISR
  -------         PROC          INT0_ISR
  -------         DO            
  X:0481H         SYMBOL        CountL
  X:0483H         SYMBOL        CountH
  X:0485H         SYMBOL        IR_BitCnt
  X:0486H         SYMBOL        sync
  X:0487H         SYMBOL        step
  X:0488H         SYMBOL        IR_tmp
  -------         ENDDO         
  C:448AH         LINE#         110
  C:44A5H         LINE#         117
  C:44AEH         LINE#         118
  C:44AEH         LINE#         119
  C:44B1H         LINE#         120
  C:44B1H         LINE#         121
  C:44B6H         LINE#         122
  C:44B6H         LINE#         123
  C:44BCH         LINE#         124
  C:44C1H         LINE#         125
  C:44C3H         LINE#         126
  C:44C8H         LINE#         127
  C:44C8H         LINE#         128
  C:44D8H         LINE#         129
  C:44DFH         LINE#         130
  C:44E3H         LINE#         131
  C:44F0H         LINE#         132
  C:44F0H         LINE#         133
  C:4509H         LINE#         134
  C:4509H         LINE#         135
  C:450FH         LINE#         136
  C:4518H         LINE#         141
  C:4518H         LINE#         143
  C:4518H         LINE#         145
  C:4518H         LINE#         147
  C:4518H         LINE#         148
  C:451EH         LINE#         149
  C:451EH         LINE#         150
  C:4528H         LINE#         151
  C:4528H         LINE#         153
  C:4534H         LINE#         154
  C:453BH         LINE#         155
  C:4541H         LINE#         156
  C:4544H         LINE#         158
  C:4544H         LINE#         159
  C:4548H         LINE#         160
  C:454CH         LINE#         161
  C:454CH         LINE#         162
  C:454CH         LINE#         163
  C:454FH         LINE#         165
  C:454FH         LINE#         167
  C:4552H         LINE#         168
  C:4552H         LINE#         169
  C:4562H         LINE#         170
  C:4569H         LINE#         171
BL51 BANKED LINKER/LOCATER V6.22                                                      05/06/2015  14:06:26  PAGE 65


  C:4575H         LINE#         172
  C:4575H         LINE#         173
  C:4578H         LINE#         174
  C:457EH         LINE#         175
  C:457EH         LINE#         176
  C:4590H         LINE#         177
  C:4597H         LINE#         178
  C:45B0H         LINE#         179
  C:45BDH         LINE#         180
  C:45BDH         LINE#         181
  C:45D4H         LINE#         182
  C:45D4H         LINE#         183
  C:45DCH         LINE#         184
  C:45DCH         LINE#         185
  C:45F0H         LINE#         186
  C:45FAH         LINE#         187
  C:45FFH         LINE#         188
  C:45FFH         LINE#         189
  C:45FFH         LINE#         190
  C:45FFH         LINE#         192
  -------         ENDPROC       INT0_ISR
  -------         PROC          T0_ISR
  C:6502H         LINE#         195
  C:6508H         LINE#         197
  C:6516H         LINE#         198
  -------         ENDPROC       T0_ISR
  -------         PROC          T1_ISR
  -------         DO            
  X:048CH         SYMBOL        cnt
  X:048DH         SYMBOL        keycnt
  X:048EH         SYMBOL        beepcnt
  X:048FH         SYMBOL        popcnt
  X:0491H         SYMBOL        cutcnt
  -------         ENDDO         
  C:51C5H         LINE#         201
  C:51E2H         LINE#         206
  C:51E8H         LINE#         207
  C:51EEH         LINE#         208
  C:51F4H         LINE#         209
  C:51F4H         LINE#         210
  C:51F6H         LINE#         211
  C:51F8H         LINE#         212
  C:51F8H         LINE#         213
  C:5201H         LINE#         214
  C:5201H         LINE#         215
  C:5204H         LINE#         216
  C:5209H         LINE#         217
  C:5209H         LINE#         218
  C:5210H         LINE#         219
  C:5210H         LINE#         220
  C:5212H         LINE#         221
  C:521FH         LINE#         222
  C:521FH         LINE#         223
  C:5221H         LINE#         224
  C:5223H         LINE#         225
  C:5227H         LINE#         226
  C:5227H         LINE#         227
BL51 BANKED LINKER/LOCATER V6.22                                                      05/06/2015  14:06:26  PAGE 66


  C:5227H         LINE#         228
  C:522EH         LINE#         229
  C:522EH         LINE#         230
  C:5243H         LINE#         231
  C:5243H         LINE#         232
  C:5245H         LINE#         233
  C:5247H         LINE#         234
  C:524CH         LINE#         235
  C:5252H         LINE#         236
  C:5252H         LINE#         237
  C:5252H         LINE#         238
  C:5259H         LINE#         239
  C:5259H         LINE#         240
  C:5275H         LINE#         241
  C:5275H         LINE#         242
  C:527CH         LINE#         243
  C:5280H         LINE#         244
  C:5292H         LINE#         245
  C:5295H         LINE#         246
  C:5298H         LINE#         247
  C:5298H         LINE#         248
  C:5298H         LINE#         249
  -------         ENDPROC       T1_ISR
  -------         ENDMOD        ISR

  -------         MODULE        KEY
  C:0000H         SYMBOL        _ICE_DUMMY_
  D:0080H         PUBLIC        P0
  D:0090H         PUBLIC        P1
  D:00A0H         PUBLIC        P2
  D:00B0H         PUBLIC        P3
  D:00C0H         PUBLIC        P4
  D:00C8H         PUBLIC        P5
  C:6417H         PUBLIC        _CheckKey
  D:00A8H         PUBLIC        IE
  D:00B8H         PUBLIC        IP
  X:04D9H         PUBLIC        Key_back
  D:00D8H         PUBLIC        CCON
  X:04DAH         PUBLIC        keyCounter
  C:5950H         PUBLIC        KeyScan
  B:00A0H.0       PUBLIC        P20
  D:0098H         PUBLIC        SCON
  D:0088H         PUBLIC        TCON
  B:00C0H.2       PUBLIC        P42
  B:00C0H.3       PUBLIC        P43
  B:00C0H.4       PUBLIC        P44
  D:00F0H         PUBLIC        B
  D:00E0H         PUBLIC        ACC
  X:04DBH         PUBLIC        Key_change
  D:00D0H         PUBLIC        PSW
  -------         PROC          _CHECKKEY
  D:0001H         SYMBOL        flag
  C:6417H         LINE#         10
  C:6417H         LINE#         11
  C:6417H         LINE#         13
  C:641AH         LINE#         14
  C:641AH         LINE#         15
BL51 BANKED LINKER/LOCATER V6.22                                                      05/06/2015  14:06:26  PAGE 67


  C:641CH         LINE#         16
  C:641EH         LINE#         17
  C:6421H         LINE#         18
  C:6421H         LINE#         19
  C:6423H         LINE#         20
  C:6425H         LINE#         21
  C:6428H         LINE#         22
  C:6428H         LINE#         23
  C:642AH         LINE#         24
  C:642CH         LINE#         25
  C:642FH         LINE#         26
  C:642FH         LINE#         27
  C:6431H         LINE#         28
  C:6433H         LINE#         34
  C:6438H         LINE#         35
  -------         ENDPROC       _CHECKKEY
  -------         PROC          KEYSCAN
  -------         DO            
  X:04D8H         SYMBOL        keyValue
  X:0435H         SYMBOL        keyTmp
  D:0007H         SYMBOL        key_return
  -------         ENDDO         
  C:5950H         LINE#         42
  C:5950H         LINE#         43
  C:5950H         LINE#         45
  C:5956H         LINE#         46
  C:5957H         LINE#         47
  C:5960H         LINE#         48
  C:5968H         LINE#         49
  C:5968H         LINE#         50
  C:5972H         LINE#         51
  C:5972H         LINE#         52
  C:5979H         LINE#         53
  C:597BH         LINE#         54
  C:5981H         LINE#         55
  C:5981H         LINE#         56
  C:5988H         LINE#         57
  C:5988H         LINE#         59
  C:598DH         LINE#         60
  C:5992H         LINE#         61
  C:5994H         LINE#         62
  C:59A1H         LINE#         63
  C:59A1H         LINE#         64
  C:59A6H         LINE#         65
  C:59ABH         LINE#         66
  C:59AEH         LINE#         67
  C:59B0H         LINE#         69
  C:59B0H         LINE#         70
  C:59B6H         LINE#         71
  C:59BBH         LINE#         72
  C:59BBH         LINE#         73
  C:59BDH         LINE#         74
  C:59BFH         LINE#         75
  C:59C3H         LINE#         76
  C:59C3H         LINE#         77
  C:59CAH         LINE#         78
  C:59CCH         LINE#         79
BL51 BANKED LINKER/LOCATER V6.22                                                      05/06/2015  14:06:26  PAGE 68


  C:59D3H         LINE#         80
  C:59D3H         LINE#         81
  C:59DAH         LINE#         82
  C:59E0H         LINE#         83
  C:59E0H         LINE#         85
  C:59E0H         LINE#         87
  C:59E5H         LINE#         90
  -------         ENDPROC       KEYSCAN
  -------         ENDMOD        KEY

  -------         MODULE        ?C?COPY
  C:29AFH         PUBLIC        ?C?COPY
  -------         ENDMOD        ?C?COPY

  -------         MODULE        ?C?CLDPTR
  C:29D5H         PUBLIC        ?C?CLDPTR
  -------         ENDMOD        ?C?CLDPTR

  -------         MODULE        ?C?CLDOPTR
  C:29EEH         PUBLIC        ?C?CLDOPTR
  -------         ENDMOD        ?C?CLDOPTR

  -------         MODULE        ?C?CSTPTR
  C:2A1BH         PUBLIC        ?C?CSTPTR
  -------         ENDMOD        ?C?CSTPTR

  -------         MODULE        ?C?IMUL
  C:2A2DH         PUBLIC        ?C?IMUL
  -------         ENDMOD        ?C?IMUL

  -------         MODULE        ?C?UIDIV
  C:2A3FH         PUBLIC        ?C?UIDIV
  -------         ENDMOD        ?C?UIDIV

  -------         MODULE        ?C?IILDX
  C:2A94H         PUBLIC        ?C?IILDX
  -------         ENDMOD        ?C?IILDX

  -------         MODULE        ?C?ILDIX
  C:2AAAH         PUBLIC        ?C?ILDIX
  -------         ENDMOD        ?C?ILDIX

  -------         MODULE        ?C?LMUL
  C:2AC0H         PUBLIC        ?C?LMUL
  -------         ENDMOD        ?C?LMUL

  -------         MODULE        ?C?ULDIV
  C:2B4BH         PUBLIC        ?C?ULDIV
  -------         ENDMOD        ?C?ULDIV

  -------         MODULE        ?C?ULCMP
  C:2BDDH         PUBLIC        ?C?ULCMP
  -------         ENDMOD        ?C?ULCMP

  -------         MODULE        ?C?ULSHR
  C:2BEEH         PUBLIC        ?C?ULSHR
  -------         ENDMOD        ?C?ULSHR
BL51 BANKED LINKER/LOCATER V6.22                                                      05/06/2015  14:06:26  PAGE 69



  -------         MODULE        ?C?LSHL
  C:2C01H         PUBLIC        ?C?LSHL
  -------         ENDMOD        ?C?LSHL

  -------         MODULE        ?C?LSTXDATA
  C:2C14H         PUBLIC        ?C?LSTXDATA
  -------         ENDMOD        ?C?LSTXDATA

  -------         MODULE        ?C?LSTKXDATA
  C:2C20H         PUBLIC        ?C?LSTKXDATA
  -------         ENDMOD        ?C?LSTKXDATA

  -------         MODULE        ?C?PLDOPTR
  C:2C51H         PUBLIC        ?C?PLDOPTR
  -------         ENDMOD        ?C?PLDOPTR

  -------         MODULE        ?C?LIMUL
  C:2C81H         PUBLIC        ?C?LIMUL
  -------         ENDMOD        ?C?LIMUL

  -------         MODULE        ?C?PLDIDATA
  C:2CAEH         PUBLIC        ?C?PLDIDATA
  -------         ENDMOD        ?C?PLDIDATA

  -------         MODULE        ?C?PLDXDATA
  C:2CB7H         PUBLIC        ?C?PLDXDATA
  -------         ENDMOD        ?C?PLDXDATA

  -------         MODULE        ?C?PLDPDATA
  C:2CC0H         PUBLIC        ?C?PLDPDATA
  -------         ENDMOD        ?C?PLDPDATA

  -------         MODULE        ?C?PLDCODE
  C:2CC9H         PUBLIC        ?C?PLDCODE
  -------         ENDMOD        ?C?PLDCODE

*** WARNING L16: UNCALLED SEGMENT, IGNORED FOR OVERLAY PROCESS
    SEGMENT: ?PR?INITADDNO?MAIN

*** WARNING L16: UNCALLED SEGMENT, IGNORED FOR OVERLAY PROCESS
    SEGMENT: ?PR?_OLED_DRAW_SQUARE?OLED

*** WARNING L16: UNCALLED SEGMENT, IGNORED FOR OVERLAY PROCESS
    SEGMENT: ?PR?_OLED_DRAW_SQUAREFILL?OLED

*** WARNING L16: UNCALLED SEGMENT, IGNORED FOR OVERLAY PROCESS
    SEGMENT: ?PR?_OLED_DRAW_LINES?OLED

*** WARNING L16: UNCALLED SEGMENT, IGNORED FOR OVERLAY PROCESS
    SEGMENT: ?PR?_OLED_DRAWCIRCLE?OLED

*** WARNING L16: UNCALLED SEGMENT, IGNORED FOR OVERLAY PROCESS
    SEGMENT: ?PR?_OLED_FILL?OLED

*** WARNING L16: UNCALLED SEGMENT, IGNORED FOR OVERLAY PROCESS
    SEGMENT: ?PR?_OLED_SHOWNUM?OLED
BL51 BANKED LINKER/LOCATER V6.22                                                      05/06/2015  14:06:26  PAGE 70



*** WARNING L16: UNCALLED SEGMENT, IGNORED FOR OVERLAY PROCESS
    SEGMENT: ?PR?_OLED_SHOWFONT16?OLED

*** WARNING L16: UNCALLED SEGMENT, IGNORED FOR OVERLAY PROCESS
    SEGMENT: ?PR?INIT595?_595

*** WARNING L16: UNCALLED SEGMENT, IGNORED FOR OVERLAY PROCESS
    SEGMENT: ?PR?PN_MIRRO?CD4052

Program Size: data=9.2 xdata=1244 code=26258
LINK/LOCATE RUN COMPLETE.  10 WARNING(S),  0 ERROR(S)
