C51 COMPILER V9.00   ISR                                                                   04/10/2015 17:00:30 PAGE 1   


C51 COMPILER V9.00, COMPILATION OF MODULE ISR
OBJECT MODULE PLACED IN .\output\isr.obj
COMPILER INVOKED BY: C:\Keil\C51\BIN\C51.EXE isr\isr.c LARGE BROWSE INCDIR(.\main;.\eeprom;.\oled;.\uart;.\74hc595;.\cd4
                    -052;.\isr;.\Key) DEBUG OBJECTEXTEND PRINT(.\list\isr.lst) OBJECT(.\output\isr.obj)

line level    source

   1          #include "main.h"
   2          #include "isr.h"
   3          #include "uart.h"
   4          #define GET_FREQ
   5          #ifdef GET_FREQ
   6          u16 OscFreq;
   7          #endif
   8          #define D_TIMER0   40        //40us
   9          #define SYNCMAX    750           //30ms---->3000/4=750
  10          #define SYNCMIN    125           //5ms---->500/4=125
  11          #define D_HIGHMAX  30            //970us ---->970/40 = 24 
  12          #define D_IR_BIT_NUMBER   24    //◊∞‘ÿŒª¬Î ˝
  13          
  14          u16 Decodecnt;
  15          u32 ReIRcode;   //∂¡µΩµƒµÿ÷∑¬
  16          void Timer0Init(void)           //40us@11.0592MHz       //”√¿¥Ω‚¬Î
  17          {
  18   1              Timer0_Stop();                  //πÿ∂® ±∆˜0
  19   1              AUXR |= 0x80;                   //∂® ±∆˜ ±÷”1Tƒ£ Ω
  20   1              TMOD &= 0xF0;                   //…Ë÷√∂® ±∆˜ƒ£ Ω
  21   1              TL0 = 0x46;                             //…Ë÷√∂® ±≥ı÷µ
  22   1              TH0 = 0xFE;                             //…Ë÷√∂® ±≥ı÷µ
  23   1              TF0 = 0;                                //«Â≥˝TF0±Í÷æ
  24   1      }
  25          
  26          void Timer1Init(void)           //5∫¡√Î@11.0592MHz       ”√¿¥…®√Ë∞¥º¸µ»
  27          {
  28   1              Timer1_Stop();                  //πÿ∂® ±∆˜1
  29   1              AUXR |= 0x40;                   //∂® ±∆˜ ±÷”1Tƒ£ Ω
  30   1              TMOD &= 0x0F;                   //…Ë÷√∂® ±∆˜ƒ£ Ω
  31   1              TL1 = 0x00;                             //…Ë÷√∂® ±≥ı÷µ
  32   1              TH1 = 0x28;                             //…Ë÷√∂® ±≥ı÷µ
  33   1              TF1 = 0;                                //«Â≥˝TF1±Í÷æ
  34   1              Timer1_Run();                   //ø™∂® ±∆˜1
  35   1      }
  36          void Int0Init(void)
  37          {
  38   1          //≈‰÷√int0 ‰»Îƒ£ Ω  P3.2    XXXX,XHXX
  39   1              P3M1 |= 0x04;
  40   1              P3M0 &= ~0x04;
  41   1          INT0 = 0;
  42   1              IT0 = 0;                // 1£∫œ¬Ωµ—ÿ÷–∂œ    0£∫‘ –Ì…œ…˝—ÿ∫Õœ¬Ωµ—ÿ÷–∂œ
  43   1      }
  44          
  45          void timerInit(void)
  46          {
  47   1              Timer0Init();          //º∆ ˝≤ª÷–∂œ
  48   1              Timer1Init();              //º∆ ˝÷–∂œ
  49   1              Timer1_InterruptEnable();//ø™∂® ±∆˜1÷–∂œ
  50   1      }
  51          /****************************************************************************************
  52          //                 |````|
  53          //SYNC: ___|    |_____________________________________________________________...
  54          //          4clk                         124clk
C51 COMPILER V9.00   ISR                                                                   04/10/2015 17:00:30 PAGE 2   

  55          //
  56          //
  57          //           |````|                        |                      |````````````|        |               1clk = 8 osclk
  58          //0:   __|    |____________|        1:  __|                        |____|
  59          //        4clk    12clk                     12clk     4clk
  60          //Datalength:
  61          //Minlength:1.31ms @300k/13V    Maxlength:3.01ms @430k/4v
  62          //bit:[0:19] addcode    bit:[20:23] keycode
  63          ****************************************************************************************/
  64          void EnDecode(void)
  65          {
  66   1         EX0 = 1;                 //ø™int0÷–∂œ
  67   1         Decodecnt = 0;                       //∏¥Œªº∆ ˝∆˜
  68   1         ReIRcode = 0;
  69   1         Timer0_Run();                        //ø™∂® ±∆˜
  70   1         Timer1_InterruptEnable();//ø™∂® ±∆˜1÷–∂œ
  71   1      
  72   1        //ø™÷–∂œ ø™∂® ±∆˜ ≤∂ªÒIRcode
  73   1      }
  74          void DsDecode(void)
  75          {
  76   1         EX0 = 0;
  77   1         Timer0_Stop();
  78   1         Decodecnt = 0;                       //∏¥Œªº∆ ˝∆˜
  79   1         ReIRcode = 0;
  80   1        //πÿ÷–∂œ πÿ∂® ±∆˜ Ω⁄ °◊ ‘¥
  81   1      }
  82          
  83          void INT0_isr() interrupt INT0_VECTOR  //Õ‚≤ø÷–∂œ0 ”√¿¥ºÏ≤‚“£øÿ¬Î
  84          {
  85   1          static u16 CountL , CountH;
  86   1              static u8 IR_BitCnt;    
  87   1              static u8 sync = 0;
  88   1              static u8 step = 0;
  89   1              if(!sync)
  90   1              {
  91   2                      if(INT0) //…œ…˝—ÿ
  92   2                      {
  93   3                if(step==0)  //∆ ºŒª÷√£¨µ⁄“ª∏ˆ…œ…˝—ÿ∏¥Œªº∆ ˝∆˜
  94   3                        {
  95   4                                      Decodecnt = 0;
  96   4                                      step = 1;          //step = 1;
  97   4                        }
  98   3                        else if(step==2)     //ºÏ≤‚µΩ¡Àµ⁄∂˛∏ˆ…œ…˝—ÿ£¨ø…“‘ªÒ»°µÕµÁ∆Ω≥÷–¯ ±º‰
  99   3                        {               
 100   4                                 CountL = Decodecnt;   //ªÒ»°µΩµÕµÁ∆Ωµƒ ±º‰
 101   4                                 Decodecnt = 0;
 102   4                                 step = 0;
 103   4                                 if(CountL > CountH)   //œ»≈–∂œµÕµÁ∆Ω ±º‰¥Û”⁄∏ﬂµÁ∆Ω ±º‰
 104   4                                 {
 105   5                                    if((CountL >= SYNCMIN)&&(CountL <= SYNCMAX))//ΩÿªÒÕ¨≤Ω¬Î
 106   5                                        {
 107   6                                          sync = 1;
 108   6                                              IR_BitCnt = D_IR_BIT_NUMBER;    //◊∞‘ÿŒª¬Î ˝
 109   6      #ifdef GET_FREQ
 110   6                                          OscFreq =  1000/(CountL*40/124/8);       //kHz
 111   6      #endif
 112   6                                        }
 113   5                                 }
 114   4                        }
 115   3      
 116   3                      } 
C51 COMPILER V9.00   ISR                                                                   04/10/2015 17:00:30 PAGE 3   

 117   2                      if(!INT0) //œ¬Ωµ—ÿ
 118   2                      {
 119   3                        if(step == 1)      //Àµ√˜“—ºÏ≤‚µΩ¡À“ª∏ˆ…œ…˝—ÿ
 120   3                        {
 121   4                                CountH = Decodecnt;   //ªÒ»°µΩ∏ﬂµÁ∆Ωµƒ ±º‰
 122   4                                Decodecnt = 0;
 123   4                                step = 2;
 124   4                        }
 125   3                        else                      //µ⁄“ª¥ŒºÏ≤‚µƒ «œ¬Ωµ—ÿ£¨∏¥Œªº∆ ˝∆˜£¨≤Ω ˝∏¥Œª
 126   3                        {
 127   4                                Decodecnt = 0;
 128   4                                step = 0;               
 129   4                        }
 130   3                      }
 131   2              }
 132   1              else //“—Õ¨≤Ω£¨∂¡»° ˝æ›
 133   1              {
 134   2                
 135   2                  if(!INT0) //œ¬Ωµ—ÿ
 136   2                  {
 137   3                 CountH = Decodecnt;   //ªÒ»°∏ﬂµÁ∆Ω ±º‰
 138   3                         Decodecnt = 0;
 139   3                         if(CountH > D_HIGHMAX) // ˝æ›≥¨ ±
 140   3                         sync = 0;
 141   3                  }
 142   2                  else if(INT0) //…œ…˝—ÿ
 143   2                  {
 144   3                 CountL = Decodecnt;   //ªÒ»°µÕµÁ∆Ω ±º‰
 145   3                         Decodecnt = 0;
 146   3                         ReIRcode >>= 1; //Ω” ’1bit
 147   3                         if(CountL < CountH)
 148   3                         {
 149   4                               ReIRcode |= 0x00800000;
 150   4                         } 
 151   3                         if(--IR_BitCnt == 0)                         //≈–∂œΩ” ’ «∑ÒÕÍ≥…
 152   3                         {
 153   4                               sync= 0;                       //«Â≥˝Õ¨≤Ω¬Î                
 154   4                         }                                               
 155   3                  }
 156   2              }
 157   1                                       
 158   1      }
 159          
 160          
 161          void T0_isr() interrupt TIMER0_VECTOR //∂® ±∆˜0÷–∂œ     40us
 162          {
 163   1         Decodecnt++;               
 164   1      }
 165          
 166          
 167          void T1_isr() interrupt TIMER1_VECTOR  //∂® ±∆˜1÷–∂œ”√¿¥◊ˆ µ ± ¬º˛¥¶¿Ì  5ms…®√Ë“ª¥Œ
 168          {
 169   1              static u8 cnt;
 170   1              cnt++;
 171   1              if(cnt >= 100)//∞Î√Î
 172   1              {
 173   2                cnt =0;
 174   2                LED0=!LED0;
 175   2              }                  
 176   1      }


C51 COMPILER V9.00   ISR                                                                   04/10/2015 17:00:30 PAGE 4   

MODULE INFORMATION:   STATIC OVERLAYABLE
   CODE SIZE        =    567    ----
   CONSTANT SIZE    =   ----    ----
   XDATA SIZE       =     16    ----
   PDATA SIZE       =   ----    ----
   DATA SIZE        =   ----    ----
   IDATA SIZE       =   ----    ----
   BIT SIZE         =   ----    ----
END OF MODULE INFORMATION.


C51 COMPILATION COMPLETE.  0 WARNING(S),  0 ERROR(S)
